[ROUND-METRICS] Epoch 0 Avg_ProposeAll_Consensus_Wall: 3.685000 seconds
[ROUND-METRICS] Epoch 0 Arrival_To_Resume_Time veh0: 5.500000 seconds
[ROUND-METRICS] Epoch 0 Arrival_To_Resume_Time veh1: 6.100000 seconds
[ROUND-METRICS] Epoch 0 Arrival_To_Resume_Time veh2: 8.700000 seconds
[ROUND-METRICS] Epoch 0 Arrival_To_Resume_Time veh3: 10.500000 seconds
[ROUND-METRICS] Epoch 0 Arrival_To_Resume_Time veh4: 5.300000 seconds
[ROUND-METRICS] Epoch 0 Arrival_To_Resume_Time veh5: 7.100000 seconds
[ROUND-METRICS] Epoch 0 Arrival_To_Resume_Time veh6: 8.700000 seconds
[ROUND-METRICS] Epoch 0 Arrival_To_Resume_Time veh7: 10.500000 seconds
[ROUND-METRICS] Epoch 0 Arrival_To_Resume_Time veh8: 2.450000 seconds
[ROUND-METRICS] Epoch 0 Arrival_To_Resume_Time veh9: 3.100000 seconds
[ROUND-METRICS] Epoch 0 Arrival_To_Resume_Time veh10: 4.100000 seconds
[ROUND-METRICS] Epoch 0 Arrival_To_Resume_Time veh11: 11.500000 seconds
[ROUND-METRICS] Epoch 0 Arrival_To_Resume_Time veh12: 2.450000 seconds
[ROUND-METRICS] Epoch 0 Arrival_To_Resume_Time veh13: 7.900000 seconds
[ROUND-METRICS] Epoch 0 Arrival_To_Resume_Time veh14: 9.700000 seconds
[ROUND-METRICS] Epoch 0 Arrival_To_Resume_Time veh15: 12.300000 seconds
[ROUND-METRICS] Epoch 0 Avg_Messages_Sent_PerReplica: 25.188 (count=16)
[ROUND-METRICS] Epoch 0 Avg_Messages_Received_PerReplica: 82.312 (count=16)
[ROUND-METRICS] Epoch 0 Avg_Arrival_To_Resume_Time: 7.243750 seconds (goCars=16)
[ROUND-METRICS] Epoch 0 Avg_StopSign_Failures: 0.000 (count)
[ROUND-METRICS] Epoch 1 Avg_StopSign_Failures: 0.000 (count)
[ROUND-METRICS] Epoch 2 Avg_StopSign_Failures: 0.000 (count)
[ROUND-METRICS] Epoch 3 Avg_StopSign_Failures: 0.000 (count)
[RUN-METRICS] Throughput_User_Definition: 0.496875 seconds_per_vehicle
[RUN-METRICS] Throughput_Vehicles_Per_Second: 2.012579 vehicles_per_second
[RUN-METRICS] Wait_Intersection_All_Mean: 7.950000 seconds
[RUN-METRICS] Wait_Intersection_All_P95: 12.300000 seconds
[RUN-METRICS] Wait_Intersection_Normal_Mean: 8.140000 seconds
[RUN-METRICS] Wait_Intersection_Ambulance_Mean: 5.100000 seconds
[RUN-METRICS] Arrival_To_Resume_Mean: 7.243750 seconds
[RUN-METRICS] Resume_To_Depart_Mean: 0.706250 seconds
[RUN-METRICS] Jains_Fairness_All: 0.863363
[RUN-METRICS] Jains_Fairness_Normal: 0.867825
[RUN-METRICS] Ambulance_Priority_Gain: 3.040000 seconds
[RUN-METRICS] Ambulance_Priority_Ratio: 0.626536
[RUN-METRICS] Byzantine_Injections_Total: 10
[RUN-METRICS] Byzantine_Injections_Epoch0: 10
[RUN-METRICS] Byzantine_Injections_Epoch1: 0
[RUN-METRICS] Byzantine_Injections_Epoch2: 0
[RUN-METRICS] Byzantine_Injections_Epoch3: 0
[RUN-METRICS] Delivery_Ratio: 0.218054
[RUN-METRICS] Estimated_Loss_Rate: 0.781946
[RUN-METRICS] Fallback_Count: 0
[RUN-METRICS] Fallback_Rate: 0.000000
[ROUND-METRICS] Epoch 0 Throughput_User_Definition: 0.496875 seconds_per_vehicle
[ROUND-METRICS] Epoch 0 Throughput_Vehicles_Per_Second: 2.012579 vehicles_per_second
[ROUND-METRICS] Epoch 0 Wait_Normal_Mean: 8.140000 seconds
[ROUND-METRICS] Epoch 0 Wait_Ambulance_Mean: 5.100000 seconds
