[ROUND-METRICS] Epoch 0 Avg_ProposeAll_Consensus_Wall: 0.172000 seconds
[ROUND-METRICS] Epoch 0 Arrival_To_Resume_Time veh0: 0.050000 seconds
[ROUND-METRICS] Epoch 0 Arrival_To_Resume_Time veh2: 9.100000 seconds
[ROUND-METRICS] Epoch 0 Arrival_To_Resume_Time veh3: 13.900000 seconds
[ROUND-METRICS] Epoch 0 Avg_Messages_Sent_PerReplica: 13.000 (count=3)
[ROUND-METRICS] Epoch 0 Avg_Messages_Received_PerReplica: 13.667 (count=3)
[ROUND-METRICS] Epoch 0 Avg_Arrival_To_Resume_Time: 7.683333 seconds (goCars=3)
[ROUND-METRICS] Epoch 0 Avg_StopSign_Failures: 1.000 (count)
[RUN-METRICS] Throughput_User_Definition: 2.588889 seconds_per_vehicle
[RUN-METRICS] Throughput_Vehicles_Per_Second: 0.386266 vehicles_per_second
[RUN-METRICS] Wait_Intersection_All_Mean: 7.766667 seconds
[RUN-METRICS] Wait_Intersection_All_P95: 13.520000 seconds
[RUN-METRICS] Wait_Intersection_Normal_Mean: 7.766667 seconds
[RUN-METRICS] Arrival_To_Resume_Mean: 7.683333 seconds
[RUN-METRICS] Resume_To_Depart_Mean: 0.083333 seconds
[RUN-METRICS] Jains_Fairness_All: 0.644801
[RUN-METRICS] Jains_Fairness_Normal: 0.644801
[RUN-METRICS] Byzantine_Injections_Total: 0
[RUN-METRICS] Byzantine_Injections_Epoch0: 0
[RUN-METRICS] Delivery_Ratio: 0.360062
[RUN-METRICS] Estimated_Loss_Rate: 0.639938
[RUN-METRICS] Fallback_Count: 1
[RUN-METRICS] Fallback_Rate: 0.250000
[ROUND-METRICS] Epoch 0 Throughput_User_Definition: 2.588889 seconds_per_vehicle
[ROUND-METRICS] Epoch 0 Throughput_Vehicles_Per_Second: 0.386266 vehicles_per_second
[ROUND-METRICS] Epoch 0 Wait_Normal_Mean: 7.766667 seconds
