[ROUND-METRICS] Epoch 0 Avg_ProposeAll_Consensus_Wall: 2.528000 seconds
[ROUND-METRICS] Epoch 0 Arrival_To_Resume_Time veh0: 2.550000 seconds
[ROUND-METRICS] Epoch 0 Arrival_To_Resume_Time veh1: 3.900000 seconds
[ROUND-METRICS] Epoch 0 Arrival_To_Resume_Time veh2: 6.500000 seconds
[ROUND-METRICS] Epoch 0 Arrival_To_Resume_Time veh3: 7.300000 seconds
[ROUND-METRICS] Epoch 0 Arrival_To_Resume_Time veh4: 2.350000 seconds
[ROUND-METRICS] Epoch 0 Arrival_To_Resume_Time veh5: 3.900000 seconds
[ROUND-METRICS] Epoch 0 Arrival_To_Resume_Time veh6: 7.300000 seconds
[ROUND-METRICS] Epoch 0 Arrival_To_Resume_Time veh7: 9.100000 seconds
[ROUND-METRICS] Epoch 0 Arrival_To_Resume_Time veh8: 3.100000 seconds
[ROUND-METRICS] Epoch 0 Arrival_To_Resume_Time veh9: 4.700000 seconds
[ROUND-METRICS] Epoch 0 Arrival_To_Resume_Time veh10: 5.500000 seconds
[ROUND-METRICS] Epoch 0 Arrival_To_Resume_Time veh11: 8.300000 seconds
[ROUND-METRICS] Epoch 0 Arrival_To_Resume_Time veh12: 3.100000 seconds
[ROUND-METRICS] Epoch 0 Arrival_To_Resume_Time veh13: 5.500000 seconds
[ROUND-METRICS] Epoch 0 Arrival_To_Resume_Time veh14: 8.300000 seconds
[ROUND-METRICS] Epoch 0 Arrival_To_Resume_Time veh15: 9.900000 seconds
[ROUND-METRICS] Epoch 0 Avg_Messages_Sent_PerReplica: 26.312 (count=16)
[ROUND-METRICS] Epoch 0 Avg_Messages_Received_PerReplica: 60.625 (count=16)
[ROUND-METRICS] Epoch 0 Avg_Arrival_To_Resume_Time: 5.706250 seconds (goCars=16)
[ROUND-METRICS] Epoch 0 Avg_StopSign_Failures: 0.000 (count)
[ROUND-METRICS] Epoch 1 Avg_StopSign_Failures: 0.000 (count)
[ROUND-METRICS] Epoch 2 Avg_StopSign_Failures: 0.000 (count)
[ROUND-METRICS] Epoch 3 Avg_StopSign_Failures: 0.000 (count)
[RUN-METRICS] Throughput_User_Definition: 0.401562 seconds_per_vehicle
[RUN-METRICS] Throughput_Vehicles_Per_Second: 2.490272 vehicles_per_second
[RUN-METRICS] Wait_Intersection_All_Mean: 6.425000 seconds
[RUN-METRICS] Wait_Intersection_All_P95: 10.100000 seconds
[RUN-METRICS] Wait_Intersection_Normal_Mean: 6.425000 seconds
[RUN-METRICS] Arrival_To_Resume_Mean: 5.706250 seconds
[RUN-METRICS] Resume_To_Depart_Mean: 0.718750 seconds
[RUN-METRICS] Jains_Fairness_All: 0.874219
[RUN-METRICS] Jains_Fairness_Normal: 0.874219
[RUN-METRICS] Byzantine_Injections_Total: 0
[RUN-METRICS] Byzantine_Injections_Epoch0: 0
[RUN-METRICS] Byzantine_Injections_Epoch1: 0
[RUN-METRICS] Byzantine_Injections_Epoch2: 0
[RUN-METRICS] Byzantine_Injections_Epoch3: 0
[RUN-METRICS] Delivery_Ratio: 0.153950
[RUN-METRICS] Estimated_Loss_Rate: 0.846050
[RUN-METRICS] Fallback_Count: 0
[RUN-METRICS] Fallback_Rate: 0.000000
[ROUND-METRICS] Epoch 0 Throughput_User_Definition: 0.401562 seconds_per_vehicle
[ROUND-METRICS] Epoch 0 Throughput_Vehicles_Per_Second: 2.490272 vehicles_per_second
[ROUND-METRICS] Epoch 0 Wait_Normal_Mean: 6.425000 seconds
