[ROUND-METRICS] Epoch 0 Arrival_To_Resume_Time veh0: 8.050000 seconds
[ROUND-METRICS] Epoch 0 Arrival_To_Resume_Time veh1: 7.400000 seconds
[ROUND-METRICS] Epoch 0 Arrival_To_Resume_Time veh2: 10.000000 seconds
[ROUND-METRICS] Epoch 0 Arrival_To_Resume_Time veh3: 8.400000 seconds
[ROUND-METRICS] Epoch 0 Arrival_To_Resume_Time veh4: 8.000000 seconds
[ROUND-METRICS] Epoch 0 Arrival_To_Resume_Time veh5: 10.400000 seconds
[ROUND-METRICS] Epoch 0 Arrival_To_Resume_Time veh6: 9.800000 seconds
[ROUND-METRICS] Epoch 0 Arrival_To_Resume_Time veh7: 8.200000 seconds
[ROUND-METRICS] Epoch 0 Arrival_To_Resume_Time veh8: 9.800000 seconds
[ROUND-METRICS] Epoch 0 Arrival_To_Resume_Time veh9: 10.000000 seconds
[ROUND-METRICS] Epoch 0 Arrival_To_Resume_Time veh10: 9.000000 seconds
[ROUND-METRICS] Epoch 0 Arrival_To_Resume_Time veh11: 11.000000 seconds
[ROUND-METRICS] Epoch 0 Arrival_To_Resume_Time veh12: 13.400000 seconds
[ROUND-METRICS] Epoch 0 Arrival_To_Resume_Time veh13: 13.400000 seconds
[ROUND-METRICS] Epoch 0 Arrival_To_Resume_Time veh14: 12.800000 seconds
[ROUND-METRICS] Epoch 0 Arrival_To_Resume_Time veh15: 13.800000 seconds
[ROUND-METRICS] Epoch 0 Avg_Messages_Sent_PerReplica: 83.938 (count=16)
[ROUND-METRICS] Epoch 0 Avg_Messages_Received_PerReplica: 142.312 (count=16)
[ROUND-METRICS] Epoch 0 Avg_Arrival_To_Resume_Time: 10.215625 seconds (goCars=16)
[ROUND-METRICS] Epoch 0 Avg_StopSign_Failures: 0.000 (count)
[ROUND-METRICS] Epoch 1 Avg_StopSign_Failures: 0.000 (count)
[ROUND-METRICS] Epoch 2 Avg_StopSign_Failures: 0.000 (count)
[ROUND-METRICS] Epoch 3 Avg_StopSign_Failures: 0.000 (count)
[RUN-METRICS] Throughput_User_Definition: 0.681250 seconds_per_vehicle
[RUN-METRICS] Throughput_Vehicles_Per_Second: 1.467890 vehicles_per_second
[RUN-METRICS] Wait_Intersection_All_Mean: 10.900000 seconds
[RUN-METRICS] Wait_Intersection_All_P95: 14.100000 seconds
[RUN-METRICS] Wait_Intersection_Normal_Mean: 10.900000 seconds
[RUN-METRICS] Arrival_To_Resume_Mean: 10.215625 seconds
[RUN-METRICS] Resume_To_Depart_Mean: 0.684375 seconds
[RUN-METRICS] Jains_Fairness_All: 0.967863
[RUN-METRICS] Jains_Fairness_Normal: 0.967863
[RUN-METRICS] Byzantine_Injections_Total: 1
[RUN-METRICS] Byzantine_Injections_Epoch0: 1
[RUN-METRICS] Byzantine_Injections_Epoch1: 0
[RUN-METRICS] Byzantine_Injections_Epoch2: 0
[RUN-METRICS] Byzantine_Injections_Epoch3: 0
[RUN-METRICS] Delivery_Ratio: 0.115910
[RUN-METRICS] Estimated_Loss_Rate: 0.884090
[RUN-METRICS] Fallback_Count: 0
[RUN-METRICS] Fallback_Rate: 0.000000
[ROUND-METRICS] Epoch 0 Throughput_User_Definition: 0.681250 seconds_per_vehicle
[ROUND-METRICS] Epoch 0 Throughput_Vehicles_Per_Second: 1.467890 vehicles_per_second
[ROUND-METRICS] Epoch 0 Wait_Normal_Mean: 10.900000 seconds
