[ROUND-METRICS] Epoch 0 Avg_ProposeAll_Consensus_Wall: 32.279000 seconds
[ROUND-METRICS] Epoch 0 Arrival_To_Resume_Time veh0: 7.000000 seconds
[ROUND-METRICS] Epoch 0 Arrival_To_Resume_Time veh1: 6.600000 seconds
[ROUND-METRICS] Epoch 0 Arrival_To_Resume_Time veh2: 5.200000 seconds
[ROUND-METRICS] Epoch 0 Arrival_To_Resume_Time veh3: 4.000000 seconds
[ROUND-METRICS] Epoch 0 Arrival_To_Resume_Time veh4: 6.400000 seconds
[ROUND-METRICS] Epoch 0 Arrival_To_Resume_Time veh5: 9.200000 seconds
[ROUND-METRICS] Epoch 0 Arrival_To_Resume_Time veh6: 6.600000 seconds
[ROUND-METRICS] Epoch 0 Arrival_To_Resume_Time veh7: 5.050000 seconds
[ROUND-METRICS] Epoch 0 Avg_Messages_Sent_PerReplica: 34.500 (count=8)
[ROUND-METRICS] Epoch 0 Avg_Messages_Received_PerReplica: 95.000 (count=8)
[ROUND-METRICS] Epoch 0 Avg_Arrival_To_Resume_Time: 6.256250 seconds (goCars=8)
[ROUND-METRICS] Epoch 0 Avg_StopSign_Failures: 0.000 (count)
[ROUND-METRICS] Epoch 1 Avg_StopSign_Failures: 0.000 (count)
[RUN-METRICS] Throughput_User_Definition: 0.866406 seconds_per_vehicle
[RUN-METRICS] Throughput_Vehicles_Per_Second: 1.154193 vehicles_per_second
[RUN-METRICS] Wait_Intersection_All_Mean: 6.931250 seconds
[RUN-METRICS] Wait_Intersection_All_P95: 9.030000 seconds
[RUN-METRICS] Wait_Intersection_Normal_Mean: 7.235714 seconds
[RUN-METRICS] Wait_Intersection_Ambulance_Mean: 4.800000 seconds
[RUN-METRICS] Arrival_To_Resume_Mean: 6.256250 seconds
[RUN-METRICS] Resume_To_Depart_Mean: 0.675000 seconds
[RUN-METRICS] Jains_Fairness_All: 0.958825
[RUN-METRICS] Jains_Fairness_Normal: 0.970054
[RUN-METRICS] Ambulance_Priority_Gain: 2.435714 seconds
[RUN-METRICS] Ambulance_Priority_Ratio: 0.663376
[RUN-METRICS] Byzantine_Injections_Total: 1
[RUN-METRICS] Byzantine_Injections_Epoch0: 1
[RUN-METRICS] Byzantine_Injections_Epoch1: 0
[RUN-METRICS] Delivery_Ratio: 0.405695
[RUN-METRICS] Estimated_Loss_Rate: 0.594305
[RUN-METRICS] Fallback_Count: 0
[RUN-METRICS] Fallback_Rate: 0.000000
[ROUND-METRICS] Epoch 0 Throughput_User_Definition: 0.866406 seconds_per_vehicle
[ROUND-METRICS] Epoch 0 Throughput_Vehicles_Per_Second: 1.154193 vehicles_per_second
[ROUND-METRICS] Epoch 0 Wait_Normal_Mean: 7.235714 seconds
[ROUND-METRICS] Epoch 0 Wait_Ambulance_Mean: 4.800000 seconds
