[ROUND-METRICS] Epoch 0 Avg_ProposeAll_Consensus_Wall: 131.884000 seconds
[ROUND-METRICS] Epoch 0 Arrival_To_Resume_Time veh0: 18.100000 seconds
[ROUND-METRICS] Epoch 0 Arrival_To_Resume_Time veh1: 20.300000 seconds
[ROUND-METRICS] Epoch 0 Arrival_To_Resume_Time veh2: 21.900000 seconds
[ROUND-METRICS] Epoch 0 Arrival_To_Resume_Time veh3: 18.700000 seconds
[ROUND-METRICS] Epoch 0 Arrival_To_Resume_Time veh4: 20.300000 seconds
[ROUND-METRICS] Epoch 0 Arrival_To_Resume_Time veh5: 22.700000 seconds
[ROUND-METRICS] Epoch 0 Arrival_To_Resume_Time veh6: 19.500000 seconds
[ROUND-METRICS] Epoch 0 Arrival_To_Resume_Time veh7: 21.100000 seconds
[ROUND-METRICS] Epoch 0 Arrival_To_Resume_Time veh8: 23.500000 seconds
[ROUND-METRICS] Epoch 0 Arrival_To_Resume_Time veh9: 15.050000 seconds
[ROUND-METRICS] Epoch 0 Arrival_To_Resume_Time veh10: 15.700000 seconds
[ROUND-METRICS] Epoch 0 Arrival_To_Resume_Time veh11: 16.700000 seconds
[ROUND-METRICS] Epoch 0 Avg_Messages_Sent_PerReplica: 209.000 (count=12)
[ROUND-METRICS] Epoch 0 Avg_Messages_Received_PerReplica: 330.833 (count=12)
[ROUND-METRICS] Epoch 0 Avg_Arrival_To_Resume_Time: 19.462500 seconds (goCars=12)
[ROUND-METRICS] Epoch 0 Avg_StopSign_Failures: 0.000 (count)
[ROUND-METRICS] Epoch 1 Avg_StopSign_Failures: 0.000 (count)
[ROUND-METRICS] Epoch 2 Avg_StopSign_Failures: 0.000 (count)
[RUN-METRICS] Throughput_User_Definition: 1.681944 seconds_per_vehicle
[RUN-METRICS] Throughput_Vehicles_Per_Second: 0.594550 vehicles_per_second
[RUN-METRICS] Wait_Intersection_All_Mean: 20.183333 seconds
[RUN-METRICS] Wait_Intersection_All_P95: 23.860000 seconds
[RUN-METRICS] Wait_Intersection_Normal_Mean: 20.409091 seconds
[RUN-METRICS] Wait_Intersection_Ambulance_Mean: 17.700000 seconds
[RUN-METRICS] Arrival_To_Resume_Mean: 19.462500 seconds
[RUN-METRICS] Resume_To_Depart_Mean: 0.720833 seconds
[RUN-METRICS] Jains_Fairness_All: 0.983258
[RUN-METRICS] Jains_Fairness_Normal: 0.983576
[RUN-METRICS] Ambulance_Priority_Gain: 2.709091 seconds
[RUN-METRICS] Ambulance_Priority_Ratio: 0.867261
[RUN-METRICS] Byzantine_Injections_Total: 9
[RUN-METRICS] Byzantine_Injections_Epoch0: 9
[RUN-METRICS] Byzantine_Injections_Epoch1: 0
[RUN-METRICS] Byzantine_Injections_Epoch2: 0
[RUN-METRICS] Delivery_Ratio: 0.158180
[RUN-METRICS] Estimated_Loss_Rate: 0.841820
[RUN-METRICS] Fallback_Count: 0
[RUN-METRICS] Fallback_Rate: 0.000000
[ROUND-METRICS] Epoch 0 Throughput_User_Definition: 1.681944 seconds_per_vehicle
[ROUND-METRICS] Epoch 0 Throughput_Vehicles_Per_Second: 0.594550 vehicles_per_second
[ROUND-METRICS] Epoch 0 Wait_Normal_Mean: 20.409091 seconds
[ROUND-METRICS] Epoch 0 Wait_Ambulance_Mean: 17.700000 seconds
