[ROUND-METRICS] Epoch 0 Avg_ProposeAll_Consensus_Wall: 0.501000 seconds
[ROUND-METRICS] Epoch 0 Arrival_To_Resume_Time veh0: 5.000000 seconds
[ROUND-METRICS] Epoch 0 Arrival_To_Resume_Time veh1: 5.550000 seconds
[ROUND-METRICS] Epoch 0 Arrival_To_Resume_Time veh2: 5.000000 seconds
[ROUND-METRICS] Epoch 0 Arrival_To_Resume_Time veh3: 5.550000 seconds
[ROUND-METRICS] Epoch 0 Arrival_To_Resume_Time veh4: 1.750000 seconds
[ROUND-METRICS] Epoch 0 Arrival_To_Resume_Time veh5: 1.700000 seconds
[ROUND-METRICS] Epoch 0 Arrival_To_Resume_Time veh6: 0.050000 seconds
[ROUND-METRICS] Epoch 0 Arrival_To_Resume_Time veh7: 1.750000 seconds
[ROUND-METRICS] Epoch 0 Avg_Messages_Sent_PerReplica: 18.625 (count=8)
[ROUND-METRICS] Epoch 0 Avg_Messages_Received_PerReplica: 34.250 (count=8)
[ROUND-METRICS] Epoch 0 Avg_Arrival_To_Resume_Time: 3.293750 seconds (goCars=8)
[ROUND-METRICS] Epoch 0 Avg_StopSign_Failures: 0.000 (count)
[ROUND-METRICS] Epoch 1 Avg_StopSign_Failures: 0.000 (count)
[RUN-METRICS] Throughput_User_Definition: 0.471094 seconds_per_vehicle
[RUN-METRICS] Throughput_Vehicles_Per_Second: 2.122720 vehicles_per_second
[RUN-METRICS] Wait_Intersection_All_Mean: 3.768750 seconds
[RUN-METRICS] Wait_Intersection_All_P95: 6.350000 seconds
[RUN-METRICS] Wait_Intersection_Normal_Mean: 4.042857 seconds
[RUN-METRICS] Wait_Intersection_Ambulance_Mean: 1.850000 seconds
[RUN-METRICS] Arrival_To_Resume_Mean: 3.293750 seconds
[RUN-METRICS] Resume_To_Depart_Mean: 0.475000 seconds
[RUN-METRICS] Jains_Fairness_All: 0.728418
[RUN-METRICS] Jains_Fairness_Normal: 0.749904
[RUN-METRICS] Ambulance_Priority_Gain: 2.192857 seconds
[RUN-METRICS] Ambulance_Priority_Ratio: 0.457597
[RUN-METRICS] Byzantine_Injections_Total: 0
[RUN-METRICS] Byzantine_Injections_Epoch0: 0
[RUN-METRICS] Byzantine_Injections_Epoch1: 0
[RUN-METRICS] Delivery_Ratio: 0.265931
[RUN-METRICS] Estimated_Loss_Rate: 0.734069
[RUN-METRICS] Fallback_Count: 0
[RUN-METRICS] Fallback_Rate: 0.000000
[ROUND-METRICS] Epoch 0 Throughput_User_Definition: 0.471094 seconds_per_vehicle
[ROUND-METRICS] Epoch 0 Throughput_Vehicles_Per_Second: 2.122720 vehicles_per_second
[ROUND-METRICS] Epoch 0 Wait_Normal_Mean: 4.042857 seconds
[ROUND-METRICS] Epoch 0 Wait_Ambulance_Mean: 1.850000 seconds
