[ROUND-METRICS] Epoch 0 Avg_ProposeAll_Consensus_Wall: 30.854000 seconds
[ROUND-METRICS] Epoch 0 Arrival_To_Resume_Time veh0: 6.100000 seconds
[ROUND-METRICS] Epoch 0 Arrival_To_Resume_Time veh1: 7.500000 seconds
[ROUND-METRICS] Epoch 0 Arrival_To_Resume_Time veh2: 10.100000 seconds
[ROUND-METRICS] Epoch 0 Arrival_To_Resume_Time veh3: 6.700000 seconds
[ROUND-METRICS] Epoch 0 Arrival_To_Resume_Time veh4: 7.500000 seconds
[ROUND-METRICS] Epoch 0 Arrival_To_Resume_Time veh5: 10.100000 seconds
[ROUND-METRICS] Epoch 0 Arrival_To_Resume_Time veh6: 5.150000 seconds
[ROUND-METRICS] Epoch 0 Arrival_To_Resume_Time veh7: 8.500000 seconds
[ROUND-METRICS] Epoch 0 Arrival_To_Resume_Time veh8: 11.100000 seconds
[ROUND-METRICS] Epoch 0 Arrival_To_Resume_Time veh9: 5.150000 seconds
[ROUND-METRICS] Epoch 0 Arrival_To_Resume_Time veh10: 9.300000 seconds
[ROUND-METRICS] Epoch 0 Arrival_To_Resume_Time veh11: 11.100000 seconds
[ROUND-METRICS] Epoch 0 Avg_Messages_Sent_PerReplica: 40.000 (count=12)
[ROUND-METRICS] Epoch 0 Avg_Messages_Received_PerReplica: 102.417 (count=12)
[ROUND-METRICS] Epoch 0 Avg_Arrival_To_Resume_Time: 8.191667 seconds (goCars=12)
[ROUND-METRICS] Epoch 0 Avg_StopSign_Failures: 0.000 (count)
[ROUND-METRICS] Epoch 1 Avg_StopSign_Failures: 0.000 (count)
[ROUND-METRICS] Epoch 2 Avg_StopSign_Failures: 0.000 (count)
[RUN-METRICS] Throughput_User_Definition: 0.737500 seconds_per_vehicle
[RUN-METRICS] Throughput_Vehicles_Per_Second: 1.355932 vehicles_per_second
[RUN-METRICS] Wait_Intersection_All_Mean: 8.850000 seconds
[RUN-METRICS] Wait_Intersection_All_P95: 11.790000 seconds
[RUN-METRICS] Wait_Intersection_Normal_Mean: 9.136364 seconds
[RUN-METRICS] Wait_Intersection_Ambulance_Mean: 5.700000 seconds
[RUN-METRICS] Arrival_To_Resume_Mean: 8.191667 seconds
[RUN-METRICS] Resume_To_Depart_Mean: 0.658333 seconds
[RUN-METRICS] Jains_Fairness_All: 0.945962
[RUN-METRICS] Jains_Fairness_Normal: 0.955398
[RUN-METRICS] Ambulance_Priority_Gain: 3.436364 seconds
[RUN-METRICS] Ambulance_Priority_Ratio: 0.623881
[RUN-METRICS] Byzantine_Injections_Total: 1
[RUN-METRICS] Byzantine_Injections_Epoch0: 1
[RUN-METRICS] Byzantine_Injections_Epoch1: 0
[RUN-METRICS] Byzantine_Injections_Epoch2: 0
[RUN-METRICS] Delivery_Ratio: 0.236198
[RUN-METRICS] Estimated_Loss_Rate: 0.763802
[RUN-METRICS] Fallback_Count: 0
[RUN-METRICS] Fallback_Rate: 0.000000
[ROUND-METRICS] Epoch 0 Throughput_User_Definition: 0.737500 seconds_per_vehicle
[ROUND-METRICS] Epoch 0 Throughput_Vehicles_Per_Second: 1.355932 vehicles_per_second
[ROUND-METRICS] Epoch 0 Wait_Normal_Mean: 9.136364 seconds
[ROUND-METRICS] Epoch 0 Wait_Ambulance_Mean: 5.700000 seconds
