[ROUND-METRICS] Epoch 0 Avg_ProposeAll_Consensus_Wall: 5.306000 seconds
[ROUND-METRICS] Epoch 0 Arrival_To_Resume_Time veh0: 11.200000 seconds
[ROUND-METRICS] Epoch 0 Arrival_To_Resume_Time veh1: 11.200000 seconds
[ROUND-METRICS] Epoch 0 Arrival_To_Resume_Time veh2: 10.400000 seconds
[ROUND-METRICS] Epoch 0 Arrival_To_Resume_Time veh3: 12.000000 seconds
[ROUND-METRICS] Epoch 0 Arrival_To_Resume_Time veh4: 10.200000 seconds
[ROUND-METRICS] Epoch 0 Arrival_To_Resume_Time veh5: 9.000000 seconds
[ROUND-METRICS] Epoch 0 Arrival_To_Resume_Time veh6: 7.150000 seconds
[ROUND-METRICS] Epoch 0 Arrival_To_Resume_Time veh7: 2.600000 seconds
[ROUND-METRICS] Epoch 0 Arrival_To_Resume_Time veh8: 1.700000 seconds
[ROUND-METRICS] Epoch 0 Arrival_To_Resume_Time veh9: 8.350000 seconds
[ROUND-METRICS] Epoch 0 Arrival_To_Resume_Time veh10: 7.400000 seconds
[ROUND-METRICS] Epoch 0 Arrival_To_Resume_Time veh11: 5.800000 seconds
[ROUND-METRICS] Epoch 0 Avg_Messages_Sent_PerReplica: 49.583 (count=12)
[ROUND-METRICS] Epoch 0 Avg_Messages_Received_PerReplica: 177.333 (count=12)
[ROUND-METRICS] Epoch 0 Avg_Arrival_To_Resume_Time: 8.083333 seconds (goCars=12)
[ROUND-METRICS] Epoch 0 Avg_StopSign_Failures: 0.000 (count)
[ROUND-METRICS] Epoch 1 Avg_StopSign_Failures: 0.000 (count)
[ROUND-METRICS] Epoch 2 Avg_StopSign_Failures: 0.000 (count)
[RUN-METRICS] Throughput_User_Definition: 0.731944 seconds_per_vehicle
[RUN-METRICS] Throughput_Vehicles_Per_Second: 1.366224 vehicles_per_second
[RUN-METRICS] Wait_Intersection_All_Mean: 8.783333 seconds
[RUN-METRICS] Wait_Intersection_All_P95: 12.270000 seconds
[RUN-METRICS] Wait_Intersection_Normal_Mean: 9.418182 seconds
[RUN-METRICS] Wait_Intersection_Ambulance_Mean: 1.800000 seconds
[RUN-METRICS] Arrival_To_Resume_Mean: 8.083333 seconds
[RUN-METRICS] Resume_To_Depart_Mean: 0.700000 seconds
[RUN-METRICS] Jains_Fairness_All: 0.878900
[RUN-METRICS] Jains_Fairness_Normal: 0.929190
[RUN-METRICS] Ambulance_Priority_Gain: 7.618182 seconds
[RUN-METRICS] Ambulance_Priority_Ratio: 0.191120
[RUN-METRICS] Byzantine_Injections_Total: 1
[RUN-METRICS] Byzantine_Injections_Epoch0: 1
[RUN-METRICS] Byzantine_Injections_Epoch1: 0
[RUN-METRICS] Byzantine_Injections_Epoch2: 0
[RUN-METRICS] Delivery_Ratio: 0.338488
[RUN-METRICS] Estimated_Loss_Rate: 0.661512
[RUN-METRICS] Fallback_Count: 0
[RUN-METRICS] Fallback_Rate: 0.000000
[ROUND-METRICS] Epoch 0 Throughput_User_Definition: 0.731944 seconds_per_vehicle
[ROUND-METRICS] Epoch 0 Throughput_Vehicles_Per_Second: 1.366224 vehicles_per_second
[ROUND-METRICS] Epoch 0 Wait_Normal_Mean: 9.418182 seconds
[ROUND-METRICS] Epoch 0 Wait_Ambulance_Mean: 1.800000 seconds
