[ROUND-METRICS] Epoch 0 Avg_ProposeAll_Consensus_Wall: 1.815000 seconds
[ROUND-METRICS] Epoch 0 Arrival_To_Resume_Time veh0: 3.700000 seconds
[ROUND-METRICS] Epoch 0 Arrival_To_Resume_Time veh1: 4.300000 seconds
[ROUND-METRICS] Epoch 0 Arrival_To_Resume_Time veh2: 5.300000 seconds
[ROUND-METRICS] Epoch 0 Arrival_To_Resume_Time veh3: 3.500000 seconds
[ROUND-METRICS] Epoch 0 Arrival_To_Resume_Time veh4: 4.300000 seconds
[ROUND-METRICS] Epoch 0 Arrival_To_Resume_Time veh5: 5.300000 seconds
[ROUND-METRICS] Epoch 0 Arrival_To_Resume_Time veh6: 0.650000 seconds
[ROUND-METRICS] Epoch 0 Arrival_To_Resume_Time veh7: 1.300000 seconds
[ROUND-METRICS] Epoch 0 Arrival_To_Resume_Time veh8: 2.300000 seconds
[ROUND-METRICS] Epoch 0 Arrival_To_Resume_Time veh9: 0.650000 seconds
[ROUND-METRICS] Epoch 0 Arrival_To_Resume_Time veh10: 1.300000 seconds
[ROUND-METRICS] Epoch 0 Arrival_To_Resume_Time veh11: 2.300000 seconds
[ROUND-METRICS] Epoch 0 Avg_Messages_Sent_PerReplica: 28.000 (count=12)
[ROUND-METRICS] Epoch 0 Avg_Messages_Received_PerReplica: 85.333 (count=12)
[ROUND-METRICS] Epoch 0 Avg_Arrival_To_Resume_Time: 2.908333 seconds (goCars=12)
[ROUND-METRICS] Epoch 0 Avg_StopSign_Failures: 0.000 (count)
[ROUND-METRICS] Epoch 1 Avg_StopSign_Failures: 0.000 (count)
[ROUND-METRICS] Epoch 2 Avg_StopSign_Failures: 0.000 (count)
[RUN-METRICS] Throughput_User_Definition: 0.454545 seconds_per_vehicle
[RUN-METRICS] Throughput_Vehicles_Per_Second: 2.200000 vehicles_per_second
[RUN-METRICS] Wait_Intersection_All_Mean: 3.809091 seconds
[RUN-METRICS] Wait_Intersection_All_P95: 6.300000 seconds
[RUN-METRICS] Wait_Intersection_Normal_Mean: 3.950000 seconds
[RUN-METRICS] Wait_Intersection_Ambulance_Mean: 2.400000 seconds
[RUN-METRICS] Arrival_To_Resume_Mean: 2.908333 seconds
[RUN-METRICS] Resume_To_Depart_Mean: 0.695455 seconds
[RUN-METRICS] Jains_Fairness_All: 0.837844
[RUN-METRICS] Jains_Fairness_Normal: 0.844611
[RUN-METRICS] Ambulance_Priority_Gain: 1.550000 seconds
[RUN-METRICS] Ambulance_Priority_Ratio: 0.607595
[RUN-METRICS] Byzantine_Injections_Total: 0
[RUN-METRICS] Byzantine_Injections_Epoch0: 0
[RUN-METRICS] Byzantine_Injections_Epoch1: 0
[RUN-METRICS] Byzantine_Injections_Epoch2: 0
[ROUND-METRICS] Epoch 0 Throughput_User_Definition: 0.454545 seconds_per_vehicle
[ROUND-METRICS] Epoch 0 Throughput_Vehicles_Per_Second: 2.200000 vehicles_per_second
[ROUND-METRICS] Epoch 0 Wait_Normal_Mean: 3.950000 seconds
[ROUND-METRICS] Epoch 0 Wait_Ambulance_Mean: 2.400000 seconds
