[ROUND-METRICS] Epoch 0 Avg_Messages_Sent_PerReplica: 544.550 (count=20)
[ROUND-METRICS] Epoch 0 Avg_Messages_Received_PerReplica: 2606.400 (count=20)
[ROUND-METRICS] Epoch 0 Avg_StopSign_Failures: 0.000 (count)
[ROUND-METRICS] Epoch 1 Avg_StopSign_Failures: 0.000 (count)
[ROUND-METRICS] Epoch 2 Avg_StopSign_Failures: 0.000 (count)
[ROUND-METRICS] Epoch 3 Avg_StopSign_Failures: 0.000 (count)
[ROUND-METRICS] Epoch 4 Avg_StopSign_Failures: 0.000 (count)
[RUN-METRICS] Throughput_User_Definition: 1.014000 seconds_per_vehicle
[RUN-METRICS] Throughput_Vehicles_Per_Second: 0.986193 vehicles_per_second
[RUN-METRICS] Wait_Intersection_All_Mean: 20.280000 seconds
[RUN-METRICS] Wait_Intersection_All_P95: 26.640000 seconds
[RUN-METRICS] Wait_Intersection_Normal_Mean: 20.478947 seconds
[RUN-METRICS] Wait_Intersection_Ambulance_Mean: 16.500000 seconds
[RUN-METRICS] Stop_To_Resume_Mean: 18.859350 seconds
[RUN-METRICS] Resume_To_Depart_Mean: 1.420650 seconds
[RUN-METRICS] Jains_Fairness_All: 0.973747
[RUN-METRICS] Jains_Fairness_Normal: 0.974712
[RUN-METRICS] Ambulance_Priority_Gain: 3.978947 seconds
[RUN-METRICS] Ambulance_Priority_Ratio: 0.805705
[RUN-METRICS] Byzantine_Injections_Total: 0
[RUN-METRICS] Byzantine_Injections_Epoch0: 0
[RUN-METRICS] Byzantine_Injections_Epoch1: 0
[RUN-METRICS] Byzantine_Injections_Epoch2: 0
[RUN-METRICS] Byzantine_Injections_Epoch3: 0
[RUN-METRICS] Byzantine_Injections_Epoch4: 0
[RUN-METRICS] Delivery_Ratio: 0.261613
[RUN-METRICS] Estimated_Loss_Rate: 0.738387
[RUN-METRICS] Fallback_Count: 0
[RUN-METRICS] Fallback_Rate: 0.000000
[ROUND-METRICS] Epoch 0 Throughput_User_Definition: 1.014000 seconds_per_vehicle
[ROUND-METRICS] Epoch 0 Throughput_Vehicles_Per_Second: 0.986193 vehicles_per_second
[ROUND-METRICS] Epoch 0 Wait_Normal_Mean: 20.478947 seconds
[ROUND-METRICS] Epoch 0 Wait_Ambulance_Mean: 16.500000 seconds
