[ROUND-METRICS] Epoch 0 Avg_ProposeAll_Consensus_Wall: 0.288000 seconds
[ROUND-METRICS] Epoch 0 Arrival_To_Resume_Time veh0: 0.050000 seconds
[ROUND-METRICS] Epoch 0 Arrival_To_Resume_Time veh1: 0.050000 seconds
[ROUND-METRICS] Epoch 0 Arrival_To_Resume_Time veh2: 8.900000 seconds
[ROUND-METRICS] Epoch 0 Arrival_To_Resume_Time veh3: 13.700000 seconds
[ROUND-METRICS] Epoch 0 Avg_Messages_Sent_PerReplica: 12.000 (count=4)
[ROUND-METRICS] Epoch 0 Avg_Messages_Received_PerReplica: 13.000 (count=4)
[ROUND-METRICS] Epoch 0 Avg_Arrival_To_Resume_Time: 5.675000 seconds (goCars=4)
[ROUND-METRICS] Epoch 0 Avg_StopSign_Failures: 0.000 (count)
[RUN-METRICS] Throughput_User_Definition: 1.437500 seconds_per_vehicle
[RUN-METRICS] Throughput_Vehicles_Per_Second: 0.695652 vehicles_per_second
[RUN-METRICS] Wait_Intersection_All_Mean: 5.750000 seconds
[RUN-METRICS] Wait_Intersection_All_P95: 13.080000 seconds
[RUN-METRICS] Wait_Intersection_Normal_Mean: 5.750000 seconds
[RUN-METRICS] Arrival_To_Resume_Mean: 5.675000 seconds
[RUN-METRICS] Resume_To_Depart_Mean: 0.075000 seconds
[RUN-METRICS] Jains_Fairness_All: 0.487180
[RUN-METRICS] Jains_Fairness_Normal: 0.487180
[RUN-METRICS] Byzantine_Injections_Total: 2
[RUN-METRICS] Byzantine_Injections_Epoch0: 2
[RUN-METRICS] Delivery_Ratio: 0.369697
[RUN-METRICS] Estimated_Loss_Rate: 0.630303
[RUN-METRICS] Fallback_Count: 0
[RUN-METRICS] Fallback_Rate: 0.000000
[ROUND-METRICS] Epoch 0 Throughput_User_Definition: 1.437500 seconds_per_vehicle
[ROUND-METRICS] Epoch 0 Throughput_Vehicles_Per_Second: 0.695652 vehicles_per_second
[ROUND-METRICS] Epoch 0 Wait_Normal_Mean: 5.750000 seconds
