[ROUND-METRICS] Epoch 0 Avg_Messages_Sent_PerReplica: 652.050 (count=20)
[ROUND-METRICS] Epoch 0 Avg_Messages_Received_PerReplica: 2514.150 (count=20)
[ROUND-METRICS] Epoch 0 Avg_StopSign_Failures: 0.000 (count)
[ROUND-METRICS] Epoch 1 Avg_StopSign_Failures: 0.000 (count)
[ROUND-METRICS] Epoch 2 Avg_StopSign_Failures: 0.000 (count)
[ROUND-METRICS] Epoch 3 Avg_StopSign_Failures: 0.000 (count)
[ROUND-METRICS] Epoch 4 Avg_StopSign_Failures: 0.000 (count)
[RUN-METRICS] Throughput_User_Definition: 0.582742 seconds_per_vehicle
[RUN-METRICS] Throughput_Vehicles_Per_Second: 1.716024 vehicles_per_second
[RUN-METRICS] Wait_Intersection_All_Mean: 11.654850 seconds
[RUN-METRICS] Wait_Intersection_All_P95: 14.725600 seconds
[RUN-METRICS] Wait_Intersection_Normal_Mean: 11.654850 seconds
[RUN-METRICS] Stop_To_Resume_Mean: 10.205050 seconds
[RUN-METRICS] Resume_To_Depart_Mean: 1.449800 seconds
[RUN-METRICS] Jains_Fairness_All: 0.972747
[RUN-METRICS] Jains_Fairness_Normal: 0.972747
[RUN-METRICS] Byzantine_Injections_Total: 0
[RUN-METRICS] Byzantine_Injections_Epoch0: 0
[RUN-METRICS] Byzantine_Injections_Epoch1: 0
[RUN-METRICS] Byzantine_Injections_Epoch2: 0
[RUN-METRICS] Byzantine_Injections_Epoch3: 0
[RUN-METRICS] Byzantine_Injections_Epoch4: 0
[RUN-METRICS] Delivery_Ratio: 0.203416
[RUN-METRICS] Estimated_Loss_Rate: 0.796584
[RUN-METRICS] Fallback_Count: 0
[RUN-METRICS] Fallback_Rate: 0.000000
[ROUND-METRICS] Epoch 0 Throughput_User_Definition: 0.582742 seconds_per_vehicle
[ROUND-METRICS] Epoch 0 Throughput_Vehicles_Per_Second: 1.716024 vehicles_per_second
[ROUND-METRICS] Epoch 0 Wait_Normal_Mean: 11.654850 seconds
