[ROUND-METRICS] Epoch 0 Avg_ProposeAll_Consensus_Wall: 54.429000 seconds
[ROUND-METRICS] Epoch 0 Arrival_To_Resume_Time veh0: 9.300000 seconds
[ROUND-METRICS] Epoch 0 Arrival_To_Resume_Time veh1: 9.900000 seconds
[ROUND-METRICS] Epoch 0 Arrival_To_Resume_Time veh2: 11.700000 seconds
[ROUND-METRICS] Epoch 0 Arrival_To_Resume_Time veh3: 15.500000 seconds
[ROUND-METRICS] Epoch 0 Arrival_To_Resume_Time veh4: 9.900000 seconds
[ROUND-METRICS] Epoch 0 Arrival_To_Resume_Time veh5: 11.700000 seconds
[ROUND-METRICS] Epoch 0 Arrival_To_Resume_Time veh6: 13.500000 seconds
[ROUND-METRICS] Epoch 0 Arrival_To_Resume_Time veh7: 16.300000 seconds
[ROUND-METRICS] Epoch 0 Arrival_To_Resume_Time veh8: 7.400000 seconds
[ROUND-METRICS] Epoch 0 Arrival_To_Resume_Time veh9: 8.100000 seconds
[ROUND-METRICS] Epoch 0 Arrival_To_Resume_Time veh10: 14.500000 seconds
[ROUND-METRICS] Epoch 0 Arrival_To_Resume_Time veh11: 17.100000 seconds
[ROUND-METRICS] Epoch 0 Arrival_To_Resume_Time veh12: 10.900000 seconds
[ROUND-METRICS] Epoch 0 Arrival_To_Resume_Time veh13: 12.700000 seconds
[ROUND-METRICS] Epoch 0 Arrival_To_Resume_Time veh14: 14.500000 seconds
[ROUND-METRICS] Epoch 0 Arrival_To_Resume_Time veh15: 17.900000 seconds
[ROUND-METRICS] Epoch 0 Avg_Messages_Sent_PerReplica: 60.812 (count=16)
[ROUND-METRICS] Epoch 0 Avg_Messages_Received_PerReplica: 148.938 (count=16)
[ROUND-METRICS] Epoch 0 Avg_Arrival_To_Resume_Time: 12.556250 seconds (goCars=16)
[ROUND-METRICS] Epoch 0 Avg_StopSign_Failures: 0.000 (count)
[ROUND-METRICS] Epoch 1 Avg_StopSign_Failures: 0.000 (count)
[ROUND-METRICS] Epoch 2 Avg_StopSign_Failures: 0.000 (count)
[ROUND-METRICS] Epoch 3 Avg_StopSign_Failures: 0.000 (count)
[RUN-METRICS] Throughput_User_Definition: 0.828125 seconds_per_vehicle
[RUN-METRICS] Throughput_Vehicles_Per_Second: 1.207547 vehicles_per_second
[RUN-METRICS] Wait_Intersection_All_Mean: 13.250000 seconds
[RUN-METRICS] Wait_Intersection_All_P95: 17.900000 seconds
[RUN-METRICS] Wait_Intersection_Normal_Mean: 13.540000 seconds
[RUN-METRICS] Wait_Intersection_Ambulance_Mean: 8.900000 seconds
[RUN-METRICS] Arrival_To_Resume_Mean: 12.556250 seconds
[RUN-METRICS] Resume_To_Depart_Mean: 0.693750 seconds
[RUN-METRICS] Jains_Fairness_All: 0.947910
[RUN-METRICS] Jains_Fairness_Normal: 0.953478
[RUN-METRICS] Ambulance_Priority_Gain: 4.640000 seconds
[RUN-METRICS] Ambulance_Priority_Ratio: 0.657312
[RUN-METRICS] Byzantine_Injections_Total: 1
[RUN-METRICS] Byzantine_Injections_Epoch0: 1
[RUN-METRICS] Byzantine_Injections_Epoch1: 0
[RUN-METRICS] Byzantine_Injections_Epoch2: 0
[RUN-METRICS] Byzantine_Injections_Epoch3: 0
[RUN-METRICS] Delivery_Ratio: 0.176788
[RUN-METRICS] Estimated_Loss_Rate: 0.823212
[RUN-METRICS] Fallback_Count: 0
[RUN-METRICS] Fallback_Rate: 0.000000
[ROUND-METRICS] Epoch 0 Throughput_User_Definition: 0.828125 seconds_per_vehicle
[ROUND-METRICS] Epoch 0 Throughput_Vehicles_Per_Second: 1.207547 vehicles_per_second
[ROUND-METRICS] Epoch 0 Wait_Normal_Mean: 13.540000 seconds
[ROUND-METRICS] Epoch 0 Wait_Ambulance_Mean: 8.900000 seconds
