[ROUND-METRICS] Epoch 0 Avg_ProposeAll_Consensus_Wall: 4.666000 seconds
[ROUND-METRICS] Epoch 0 Arrival_To_Resume_Time veh0: 6.600000 seconds
[ROUND-METRICS] Epoch 0 Arrival_To_Resume_Time veh1: 5.400000 seconds
[ROUND-METRICS] Epoch 0 Arrival_To_Resume_Time veh2: 7.400000 seconds
[ROUND-METRICS] Epoch 0 Arrival_To_Resume_Time veh3: 8.200000 seconds
[ROUND-METRICS] Epoch 0 Arrival_To_Resume_Time veh4: 6.200000 seconds
[ROUND-METRICS] Epoch 0 Arrival_To_Resume_Time veh5: 9.800000 seconds
[ROUND-METRICS] Epoch 0 Arrival_To_Resume_Time veh6: 8.000000 seconds
[ROUND-METRICS] Epoch 0 Arrival_To_Resume_Time veh7: 4.450000 seconds
[ROUND-METRICS] Epoch 0 Avg_Messages_Sent_PerReplica: 37.750 (count=8)
[ROUND-METRICS] Epoch 0 Avg_Messages_Received_PerReplica: 117.625 (count=8)
[ROUND-METRICS] Epoch 0 Avg_Arrival_To_Resume_Time: 7.006250 seconds (goCars=8)
[ROUND-METRICS] Epoch 0 Avg_StopSign_Failures: 0.000 (count)
[ROUND-METRICS] Epoch 1 Avg_StopSign_Failures: 0.000 (count)
[RUN-METRICS] Throughput_User_Definition: 0.960156 seconds_per_vehicle
[RUN-METRICS] Throughput_Vehicles_Per_Second: 1.041497 vehicles_per_second
[RUN-METRICS] Wait_Intersection_All_Mean: 7.681250 seconds
[RUN-METRICS] Wait_Intersection_All_P95: 9.840000 seconds
[RUN-METRICS] Wait_Intersection_Normal_Mean: 7.292857 seconds
[RUN-METRICS] Wait_Intersection_Ambulance_Mean: 10.400000 seconds
[RUN-METRICS] Arrival_To_Resume_Mean: 7.006250 seconds
[RUN-METRICS] Resume_To_Depart_Mean: 0.675000 seconds
[RUN-METRICS] Jains_Fairness_All: 0.962501
[RUN-METRICS] Jains_Fairness_Normal: 0.973990
[RUN-METRICS] Ambulance_Priority_Gain: -3.107143 seconds
[RUN-METRICS] Ambulance_Priority_Ratio: 1.426053
[RUN-METRICS] Byzantine_Injections_Total: 1
[RUN-METRICS] Byzantine_Injections_Epoch0: 1
[RUN-METRICS] Byzantine_Injections_Epoch1: 0
[RUN-METRICS] Delivery_Ratio: 0.492634
[RUN-METRICS] Estimated_Loss_Rate: 0.507366
[RUN-METRICS] Fallback_Count: 0
[RUN-METRICS] Fallback_Rate: 0.000000
[ROUND-METRICS] Epoch 0 Throughput_User_Definition: 0.960156 seconds_per_vehicle
[ROUND-METRICS] Epoch 0 Throughput_Vehicles_Per_Second: 1.041497 vehicles_per_second
[ROUND-METRICS] Epoch 0 Wait_Normal_Mean: 7.292857 seconds
[ROUND-METRICS] Epoch 0 Wait_Ambulance_Mean: 10.400000 seconds
