[ROUND-METRICS] Epoch 0 Avg_ProposeAll_Consensus_Wall: 2.468000 seconds
[ROUND-METRICS] Epoch 0 Arrival_To_Resume_Time veh0: 4.300000 seconds
[ROUND-METRICS] Epoch 0 Arrival_To_Resume_Time veh1: 4.900000 seconds
[ROUND-METRICS] Epoch 0 Arrival_To_Resume_Time veh2: 6.700000 seconds
[ROUND-METRICS] Epoch 0 Arrival_To_Resume_Time veh3: 4.100000 seconds
[ROUND-METRICS] Epoch 0 Arrival_To_Resume_Time veh4: 5.900000 seconds
[ROUND-METRICS] Epoch 0 Arrival_To_Resume_Time veh5: 7.700000 seconds
[ROUND-METRICS] Epoch 0 Arrival_To_Resume_Time veh6: 2.350000 seconds
[ROUND-METRICS] Epoch 0 Arrival_To_Resume_Time veh7: 3.100000 seconds
[ROUND-METRICS] Epoch 0 Arrival_To_Resume_Time veh8: 8.500000 seconds
[ROUND-METRICS] Epoch 0 Arrival_To_Resume_Time veh9: 2.350000 seconds
[ROUND-METRICS] Epoch 0 Arrival_To_Resume_Time veh10: 3.100000 seconds
[ROUND-METRICS] Epoch 0 Arrival_To_Resume_Time veh11: 9.300000 seconds
[ROUND-METRICS] Epoch 0 Avg_Messages_Sent_PerReplica: 20.083 (count=12)
[ROUND-METRICS] Epoch 0 Avg_Messages_Received_PerReplica: 54.917 (count=12)
[ROUND-METRICS] Epoch 0 Avg_Arrival_To_Resume_Time: 5.191667 seconds (goCars=12)
[ROUND-METRICS] Epoch 0 Avg_StopSign_Failures: 0.000 (count)
[ROUND-METRICS] Epoch 1 Avg_StopSign_Failures: 0.000 (count)
[ROUND-METRICS] Epoch 2 Avg_StopSign_Failures: 0.000 (count)
[RUN-METRICS] Throughput_User_Definition: 0.491667 seconds_per_vehicle
[RUN-METRICS] Throughput_Vehicles_Per_Second: 2.033898 vehicles_per_second
[RUN-METRICS] Wait_Intersection_All_Mean: 5.900000 seconds
[RUN-METRICS] Wait_Intersection_All_P95: 9.460000 seconds
[RUN-METRICS] Wait_Intersection_Normal_Mean: 6.081818 seconds
[RUN-METRICS] Wait_Intersection_Ambulance_Mean: 3.900000 seconds
[RUN-METRICS] Arrival_To_Resume_Mean: 5.191667 seconds
[RUN-METRICS] Resume_To_Depart_Mean: 0.708333 seconds
[RUN-METRICS] Jains_Fairness_All: 0.864701
[RUN-METRICS] Jains_Fairness_Normal: 0.869630
[RUN-METRICS] Ambulance_Priority_Gain: 2.181818 seconds
[RUN-METRICS] Ambulance_Priority_Ratio: 0.641256
[RUN-METRICS] Byzantine_Injections_Total: 6
[RUN-METRICS] Byzantine_Injections_Epoch0: 6
[RUN-METRICS] Byzantine_Injections_Epoch1: 0
[RUN-METRICS] Byzantine_Injections_Epoch2: 0
[RUN-METRICS] Delivery_Ratio: 0.250085
[RUN-METRICS] Estimated_Loss_Rate: 0.749915
[RUN-METRICS] Fallback_Count: 0
[RUN-METRICS] Fallback_Rate: 0.000000
[ROUND-METRICS] Epoch 0 Throughput_User_Definition: 0.491667 seconds_per_vehicle
[ROUND-METRICS] Epoch 0 Throughput_Vehicles_Per_Second: 2.033898 vehicles_per_second
[ROUND-METRICS] Epoch 0 Wait_Normal_Mean: 6.081818 seconds
[ROUND-METRICS] Epoch 0 Wait_Ambulance_Mean: 3.900000 seconds
