[ROUND-METRICS] Epoch 0 Avg_Messages_Sent_PerReplica: 239.750 (count=4)
[ROUND-METRICS] Epoch 0 Avg_Messages_Received_PerReplica: 178.750 (count=4)
[ROUND-METRICS] Epoch 0 Avg_StopSign_Failures: 0.000 (count)
[RUN-METRICS] Throughput_User_Definition: 2.612500 seconds_per_vehicle
[RUN-METRICS] Throughput_Vehicles_Per_Second: 0.382775 vehicles_per_second
[RUN-METRICS] Wait_Intersection_All_Mean: 10.450000 seconds
[RUN-METRICS] Wait_Intersection_All_P95: 11.990000 seconds
[RUN-METRICS] Wait_Intersection_Normal_Mean: 10.450000 seconds
[RUN-METRICS] Stop_To_Resume_Mean: 9.075750 seconds
[RUN-METRICS] Resume_To_Depart_Mean: 1.374250 seconds
[RUN-METRICS] Jains_Fairness_All: 0.987811
[RUN-METRICS] Jains_Fairness_Normal: 0.987811
[RUN-METRICS] Byzantine_Injections_Total: 0
[RUN-METRICS] Byzantine_Injections_Epoch0: 0
[RUN-METRICS] Delivery_Ratio: 0.261927
[RUN-METRICS] Estimated_Loss_Rate: 0.738073
[RUN-METRICS] Fallback_Count: 0
[RUN-METRICS] Fallback_Rate: 0.000000
[ROUND-METRICS] Epoch 0 Throughput_User_Definition: 2.612500 seconds_per_vehicle
[ROUND-METRICS] Epoch 0 Throughput_Vehicles_Per_Second: 0.382775 vehicles_per_second
[ROUND-METRICS] Epoch 0 Wait_Normal_Mean: 10.450000 seconds
