[ROUND-METRICS] Epoch 0 Avg_ProposeAll_Consensus_Wall: 376.615000 seconds
[ROUND-METRICS] Epoch 0 Arrival_To_Resume_Time veh0: 4.500000 seconds
[ROUND-METRICS] Epoch 0 Arrival_To_Resume_Time veh1: 3.800000 seconds
[ROUND-METRICS] Epoch 0 Arrival_To_Resume_Time veh2: 5.300000 seconds
[ROUND-METRICS] Epoch 0 Arrival_To_Resume_Time veh3: 5.300000 seconds
[ROUND-METRICS] Epoch 0 Avg_Messages_Sent_PerReplica: 28.250 (count=4)
[ROUND-METRICS] Epoch 0 Avg_Messages_Received_PerReplica: 42.000 (count=4)
[ROUND-METRICS] Epoch 0 Avg_Arrival_To_Resume_Time: 4.725000 seconds (goCars=4)
[ROUND-METRICS] Epoch 0 Avg_StopSign_Failures: 0.000 (count)
[RUN-METRICS] Throughput_User_Definition: 1.325000 seconds_per_vehicle
[RUN-METRICS] Throughput_Vehicles_Per_Second: 0.754717 vehicles_per_second
[RUN-METRICS] Wait_Intersection_All_Mean: 5.300000 seconds
[RUN-METRICS] Wait_Intersection_All_P95: 5.900000 seconds
[RUN-METRICS] Wait_Intersection_Normal_Mean: 5.633333 seconds
[RUN-METRICS] Wait_Intersection_Ambulance_Mean: 4.300000 seconds
[RUN-METRICS] Arrival_To_Resume_Mean: 4.725000 seconds
[RUN-METRICS] Resume_To_Depart_Mean: 0.575000 seconds
[RUN-METRICS] Jains_Fairness_All: 0.984578
[RUN-METRICS] Jains_Fairness_Normal: 0.995538
[RUN-METRICS] Ambulance_Priority_Gain: 1.333333 seconds
[RUN-METRICS] Ambulance_Priority_Ratio: 0.763314
[RUN-METRICS] Byzantine_Injections_Total: 1
[RUN-METRICS] Byzantine_Injections_Epoch0: 1
[RUN-METRICS] Delivery_Ratio: 0.515873
[RUN-METRICS] Estimated_Loss_Rate: 0.484127
[RUN-METRICS] Fallback_Count: 0
[RUN-METRICS] Fallback_Rate: 0.000000
[ROUND-METRICS] Epoch 0 Throughput_User_Definition: 1.325000 seconds_per_vehicle
[ROUND-METRICS] Epoch 0 Throughput_Vehicles_Per_Second: 0.754717 vehicles_per_second
[ROUND-METRICS] Epoch 0 Wait_Normal_Mean: 5.633333 seconds
[ROUND-METRICS] Epoch 0 Wait_Ambulance_Mean: 4.300000 seconds
