[ROUND-METRICS] Epoch 0 Avg_ProposeAll_Consensus_Wall: 1.085000 seconds
[ROUND-METRICS] Epoch 0 Arrival_To_Resume_Time veh0: 3.600000 seconds
[ROUND-METRICS] Epoch 0 Arrival_To_Resume_Time veh1: 2.800000 seconds
[ROUND-METRICS] Epoch 0 Arrival_To_Resume_Time veh2: 5.950000 seconds
[ROUND-METRICS] Epoch 0 Arrival_To_Resume_Time veh3: 3.600000 seconds
[ROUND-METRICS] Epoch 0 Arrival_To_Resume_Time veh4: 1.950000 seconds
[ROUND-METRICS] Epoch 0 Arrival_To_Resume_Time veh5: 6.750000 seconds
[ROUND-METRICS] Epoch 0 Arrival_To_Resume_Time veh6: 1.300000 seconds
[ROUND-METRICS] Epoch 0 Arrival_To_Resume_Time veh7: 3.150000 seconds
[ROUND-METRICS] Epoch 0 Arrival_To_Resume_Time veh8: 7.550000 seconds
[ROUND-METRICS] Epoch 0 Arrival_To_Resume_Time veh9: 2.500000 seconds
[ROUND-METRICS] Epoch 0 Arrival_To_Resume_Time veh10: 6.000000 seconds
[ROUND-METRICS] Epoch 0 Arrival_To_Resume_Time veh11: 7.550000 seconds
[ROUND-METRICS] Epoch 0 Avg_Messages_Sent_PerReplica: 19.500 (count=12)
[ROUND-METRICS] Epoch 0 Avg_Messages_Received_PerReplica: 51.417 (count=12)
[ROUND-METRICS] Epoch 0 Avg_Arrival_To_Resume_Time: 4.391667 seconds (goCars=12)
[ROUND-METRICS] Epoch 0 Avg_StopSign_Failures: 0.000 (count)
[ROUND-METRICS] Epoch 1 Avg_StopSign_Failures: 0.000 (count)
[ROUND-METRICS] Epoch 2 Avg_StopSign_Failures: 0.000 (count)
[RUN-METRICS] Throughput_User_Definition: 0.476860 seconds_per_vehicle
[RUN-METRICS] Throughput_Vehicles_Per_Second: 2.097054 vehicles_per_second
[RUN-METRICS] Wait_Intersection_All_Mean: 5.245455 seconds
[RUN-METRICS] Wait_Intersection_All_P95: 8.250000 seconds
[RUN-METRICS] Wait_Intersection_Normal_Mean: 5.450000 seconds
[RUN-METRICS] Wait_Intersection_Ambulance_Mean: 3.200000 seconds
[RUN-METRICS] Arrival_To_Resume_Mean: 4.391667 seconds
[RUN-METRICS] Resume_To_Depart_Mean: 0.572727 seconds
[RUN-METRICS] Jains_Fairness_All: 0.861416
[RUN-METRICS] Jains_Fairness_Normal: 0.870747
[RUN-METRICS] Ambulance_Priority_Gain: 2.250000 seconds
[RUN-METRICS] Ambulance_Priority_Ratio: 0.587156
[RUN-METRICS] Byzantine_Injections_Total: 6
[RUN-METRICS] Byzantine_Injections_Epoch0: 6
[RUN-METRICS] Byzantine_Injections_Epoch1: 0
[RUN-METRICS] Byzantine_Injections_Epoch2: 0
[RUN-METRICS] Delivery_Ratio: 0.241324
[RUN-METRICS] Estimated_Loss_Rate: 0.758676
[RUN-METRICS] Fallback_Count: 0
[RUN-METRICS] Fallback_Rate: 0.000000
[ROUND-METRICS] Epoch 0 Throughput_User_Definition: 0.476860 seconds_per_vehicle
[ROUND-METRICS] Epoch 0 Throughput_Vehicles_Per_Second: 2.097054 vehicles_per_second
[ROUND-METRICS] Epoch 0 Wait_Normal_Mean: 5.450000 seconds
[ROUND-METRICS] Epoch 0 Wait_Ambulance_Mean: 3.200000 seconds
