[ROUND-METRICS] Epoch 0 Avg_ProposeAll_Consensus_Wall: 2.045000 seconds
[ROUND-METRICS] Epoch 0 Arrival_To_Resume_Time veh0: 3.500000 seconds
[ROUND-METRICS] Epoch 0 Arrival_To_Resume_Time veh1: 5.900000 seconds
[ROUND-METRICS] Epoch 0 Arrival_To_Resume_Time veh2: 4.300000 seconds
[ROUND-METRICS] Epoch 0 Arrival_To_Resume_Time veh3: 5.900000 seconds
[ROUND-METRICS] Epoch 0 Arrival_To_Resume_Time veh4: 1.800000 seconds
[ROUND-METRICS] Epoch 0 Arrival_To_Resume_Time veh5: 2.500000 seconds
[ROUND-METRICS] Epoch 0 Arrival_To_Resume_Time veh6: 5.100000 seconds
[ROUND-METRICS] Epoch 0 Arrival_To_Resume_Time veh7: 6.700000 seconds
[ROUND-METRICS] Epoch 0 Avg_Messages_Sent_PerReplica: 16.625 (count=8)
[ROUND-METRICS] Epoch 0 Avg_Messages_Received_PerReplica: 30.250 (count=8)
[ROUND-METRICS] Epoch 0 Avg_Arrival_To_Resume_Time: 4.462500 seconds (goCars=8)
[ROUND-METRICS] Epoch 0 Avg_StopSign_Failures: 0.000 (count)
[ROUND-METRICS] Epoch 1 Avg_StopSign_Failures: 0.000 (count)
[RUN-METRICS] Throughput_User_Definition: 0.640625 seconds_per_vehicle
[RUN-METRICS] Throughput_Vehicles_Per_Second: 1.560976 vehicles_per_second
[RUN-METRICS] Wait_Intersection_All_Mean: 5.125000 seconds
[RUN-METRICS] Wait_Intersection_All_P95: 7.220000 seconds
[RUN-METRICS] Wait_Intersection_Normal_Mean: 5.385714 seconds
[RUN-METRICS] Wait_Intersection_Ambulance_Mean: 3.300000 seconds
[RUN-METRICS] Arrival_To_Resume_Mean: 4.462500 seconds
[RUN-METRICS] Resume_To_Depart_Mean: 0.662500 seconds
[RUN-METRICS] Jains_Fairness_All: 0.902289
[RUN-METRICS] Jains_Fairness_Normal: 0.914642
[RUN-METRICS] Ambulance_Priority_Gain: 2.085714 seconds
[RUN-METRICS] Ambulance_Priority_Ratio: 0.612732
[RUN-METRICS] Byzantine_Injections_Total: 4
[RUN-METRICS] Byzantine_Injections_Epoch0: 4
[RUN-METRICS] Byzantine_Injections_Epoch1: 0
[RUN-METRICS] Delivery_Ratio: 0.262649
[RUN-METRICS] Estimated_Loss_Rate: 0.737351
[RUN-METRICS] Fallback_Count: 0
[RUN-METRICS] Fallback_Rate: 0.000000
[ROUND-METRICS] Epoch 0 Throughput_User_Definition: 0.640625 seconds_per_vehicle
[ROUND-METRICS] Epoch 0 Throughput_Vehicles_Per_Second: 1.560976 vehicles_per_second
[ROUND-METRICS] Epoch 0 Wait_Normal_Mean: 5.385714 seconds
[ROUND-METRICS] Epoch 0 Wait_Ambulance_Mean: 3.300000 seconds
