[ROUND-METRICS] Epoch 0 Avg_ProposeAll_Consensus_Wall: 2.026000 seconds
[ROUND-METRICS] Epoch 0 Arrival_To_Resume_Time veh0: 3.100000 seconds
[ROUND-METRICS] Epoch 0 Arrival_To_Resume_Time veh1: 3.700000 seconds
[ROUND-METRICS] Epoch 0 Arrival_To_Resume_Time veh2: 5.500000 seconds
[ROUND-METRICS] Epoch 0 Arrival_To_Resume_Time veh3: 2.900000 seconds
[ROUND-METRICS] Epoch 0 Arrival_To_Resume_Time veh4: 3.700000 seconds
[ROUND-METRICS] Epoch 0 Arrival_To_Resume_Time veh5: 6.500000 seconds
[ROUND-METRICS] Epoch 0 Arrival_To_Resume_Time veh6: 2.250000 seconds
[ROUND-METRICS] Epoch 0 Arrival_To_Resume_Time veh7: 4.700000 seconds
[ROUND-METRICS] Epoch 0 Arrival_To_Resume_Time veh8: 7.300000 seconds
[ROUND-METRICS] Epoch 0 Arrival_To_Resume_Time veh9: 2.250000 seconds
[ROUND-METRICS] Epoch 0 Arrival_To_Resume_Time veh10: 4.700000 seconds
[ROUND-METRICS] Epoch 0 Arrival_To_Resume_Time veh11: 7.300000 seconds
[ROUND-METRICS] Epoch 0 Avg_Messages_Sent_PerReplica: 22.500 (count=12)
[ROUND-METRICS] Epoch 0 Avg_Messages_Received_PerReplica: 48.167 (count=12)
[ROUND-METRICS] Epoch 0 Avg_Arrival_To_Resume_Time: 4.491667 seconds (goCars=12)
[ROUND-METRICS] Epoch 0 Avg_StopSign_Failures: 0.000 (count)
[ROUND-METRICS] Epoch 1 Avg_StopSign_Failures: 0.000 (count)
[ROUND-METRICS] Epoch 2 Avg_StopSign_Failures: 0.000 (count)
[RUN-METRICS] Throughput_User_Definition: 0.429167 seconds_per_vehicle
[RUN-METRICS] Throughput_Vehicles_Per_Second: 2.330097 vehicles_per_second
[RUN-METRICS] Wait_Intersection_All_Mean: 5.150000 seconds
[RUN-METRICS] Wait_Intersection_All_P95: 7.900000 seconds
[RUN-METRICS] Wait_Intersection_Normal_Mean: 5.372727 seconds
[RUN-METRICS] Wait_Intersection_Ambulance_Mean: 2.700000 seconds
[RUN-METRICS] Arrival_To_Resume_Mean: 4.491667 seconds
[RUN-METRICS] Resume_To_Depart_Mean: 0.658333 seconds
[RUN-METRICS] Jains_Fairness_All: 0.890116
[RUN-METRICS] Jains_Fairness_Normal: 0.906524
[RUN-METRICS] Ambulance_Priority_Gain: 2.672727 seconds
[RUN-METRICS] Ambulance_Priority_Ratio: 0.502538
[RUN-METRICS] Byzantine_Injections_Total: 0
[RUN-METRICS] Byzantine_Injections_Epoch0: 0
[RUN-METRICS] Byzantine_Injections_Epoch1: 0
[RUN-METRICS] Byzantine_Injections_Epoch2: 0
[RUN-METRICS] Delivery_Ratio: 0.195641
[RUN-METRICS] Estimated_Loss_Rate: 0.804359
[RUN-METRICS] Fallback_Count: 0
[RUN-METRICS] Fallback_Rate: 0.000000
[ROUND-METRICS] Epoch 0 Throughput_User_Definition: 0.429167 seconds_per_vehicle
[ROUND-METRICS] Epoch 0 Throughput_Vehicles_Per_Second: 2.330097 vehicles_per_second
[ROUND-METRICS] Epoch 0 Wait_Normal_Mean: 5.372727 seconds
[ROUND-METRICS] Epoch 0 Wait_Ambulance_Mean: 2.700000 seconds
