[ROUND-METRICS] Epoch 0 Avg_ProposeAll_Consensus_Wall: 1.736000 seconds
[ROUND-METRICS] Epoch 0 Arrival_To_Resume_Time veh0: 3.400000 seconds
[ROUND-METRICS] Epoch 0 Arrival_To_Resume_Time veh1: 3.200000 seconds
[ROUND-METRICS] Epoch 0 Arrival_To_Resume_Time veh2: 3.100000 seconds
[ROUND-METRICS] Epoch 0 Arrival_To_Resume_Time veh3: 1.450000 seconds
[ROUND-METRICS] Epoch 0 Arrival_To_Resume_Time veh4: 3.200000 seconds
[ROUND-METRICS] Epoch 0 Arrival_To_Resume_Time veh5: 3.500000 seconds
[ROUND-METRICS] Epoch 0 Arrival_To_Resume_Time veh6: 2.100000 seconds
[ROUND-METRICS] Epoch 0 Arrival_To_Resume_Time veh8: 0.300000 seconds
[ROUND-METRICS] Epoch 0 Arrival_To_Resume_Time veh9: 3.750000 seconds
[ROUND-METRICS] Epoch 0 Arrival_To_Resume_Time veh10: 6.100000 seconds
[ROUND-METRICS] Epoch 0 Arrival_To_Resume_Time veh11: 6.000000 seconds
[ROUND-METRICS] Epoch 0 Avg_Messages_Sent_PerReplica: 22.500 (count=12)
[ROUND-METRICS] Epoch 0 Avg_Messages_Received_PerReplica: 47.083 (count=12)
[ROUND-METRICS] Epoch 0 Avg_Arrival_To_Resume_Time: 3.281818 seconds (goCars=11)
[ROUND-METRICS] Epoch 0 Avg_StopSign_Failures: 0.000 (count)
[ROUND-METRICS] Epoch 1 Avg_StopSign_Failures: 0.000 (count)
[ROUND-METRICS] Epoch 2 Avg_StopSign_Failures: 0.000 (count)
[RUN-METRICS] Throughput_User_Definition: 0.422222 seconds_per_vehicle
[RUN-METRICS] Throughput_Vehicles_Per_Second: 2.368421 vehicles_per_second
[RUN-METRICS] Wait_Intersection_All_Mean: 3.800000 seconds
[RUN-METRICS] Wait_Intersection_All_P95: 6.160000 seconds
[RUN-METRICS] Wait_Intersection_Normal_Mean: 3.987500 seconds
[RUN-METRICS] Wait_Intersection_Ambulance_Mean: 2.300000 seconds
[RUN-METRICS] Arrival_To_Resume_Mean: 3.281818 seconds
[RUN-METRICS] Resume_To_Depart_Mean: 0.350000 seconds
[RUN-METRICS] Jains_Fairness_All: 0.839318
[RUN-METRICS] Jains_Fairness_Normal: 0.850560
[RUN-METRICS] Ambulance_Priority_Gain: 1.687500 seconds
[RUN-METRICS] Ambulance_Priority_Ratio: 0.576803
[RUN-METRICS] Byzantine_Injections_Total: 0
[RUN-METRICS] Byzantine_Injections_Epoch0: 0
[RUN-METRICS] Byzantine_Injections_Epoch1: 0
[RUN-METRICS] Byzantine_Injections_Epoch2: 0
[RUN-METRICS] Delivery_Ratio: 0.191239
[RUN-METRICS] Estimated_Loss_Rate: 0.808761
[RUN-METRICS] Fallback_Count: 0
[RUN-METRICS] Fallback_Rate: 0.000000
[ROUND-METRICS] Epoch 0 Throughput_User_Definition: 0.422222 seconds_per_vehicle
[ROUND-METRICS] Epoch 0 Throughput_Vehicles_Per_Second: 2.368421 vehicles_per_second
[ROUND-METRICS] Epoch 0 Wait_Normal_Mean: 3.987500 seconds
[ROUND-METRICS] Epoch 0 Wait_Ambulance_Mean: 2.300000 seconds
