[ROUND-METRICS] Epoch 0 Avg_Messages_Sent_PerReplica: 649.250 (count=20)
[ROUND-METRICS] Epoch 0 Avg_Messages_Received_PerReplica: 2530.700 (count=20)
[ROUND-METRICS] Epoch 0 Avg_StopSign_Failures: 0.000 (count)
[ROUND-METRICS] Epoch 1 Avg_StopSign_Failures: 0.000 (count)
[ROUND-METRICS] Epoch 2 Avg_StopSign_Failures: 0.000 (count)
[ROUND-METRICS] Epoch 3 Avg_StopSign_Failures: 0.000 (count)
[ROUND-METRICS] Epoch 4 Avg_StopSign_Failures: 0.000 (count)
[RUN-METRICS] Throughput_User_Definition: 2.101750 seconds_per_vehicle
[RUN-METRICS] Throughput_Vehicles_Per_Second: 0.475794 vehicles_per_second
[RUN-METRICS] Wait_Intersection_All_Mean: 42.035000 seconds
[RUN-METRICS] Wait_Intersection_All_P95: 45.420000 seconds
[RUN-METRICS] Wait_Intersection_Normal_Mean: 42.178947 seconds
[RUN-METRICS] Wait_Intersection_Ambulance_Mean: 39.300000 seconds
[RUN-METRICS] Stop_To_Resume_Mean: 40.551700 seconds
[RUN-METRICS] Resume_To_Depart_Mean: 1.483300 seconds
[RUN-METRICS] Jains_Fairness_All: 0.997519
[RUN-METRICS] Jains_Fairness_Normal: 0.997639
[RUN-METRICS] Ambulance_Priority_Gain: 2.878947 seconds
[RUN-METRICS] Ambulance_Priority_Ratio: 0.931744
[RUN-METRICS] Byzantine_Injections_Total: 0
[RUN-METRICS] Byzantine_Injections_Epoch0: 0
[RUN-METRICS] Byzantine_Injections_Epoch1: 0
[RUN-METRICS] Byzantine_Injections_Epoch2: 0
[RUN-METRICS] Byzantine_Injections_Epoch3: 0
[RUN-METRICS] Byzantine_Injections_Epoch4: 0
[RUN-METRICS] Delivery_Ratio: 0.205620
[RUN-METRICS] Estimated_Loss_Rate: 0.794380
[RUN-METRICS] Fallback_Count: 0
[RUN-METRICS] Fallback_Rate: 0.000000
[ROUND-METRICS] Epoch 0 Throughput_User_Definition: 2.101750 seconds_per_vehicle
[ROUND-METRICS] Epoch 0 Throughput_Vehicles_Per_Second: 0.475794 vehicles_per_second
[ROUND-METRICS] Epoch 0 Wait_Normal_Mean: 42.178947 seconds
[ROUND-METRICS] Epoch 0 Wait_Ambulance_Mean: 39.300000 seconds
