[ROUND-METRICS] Epoch 0 Avg_Messages_Sent_PerReplica: 356.125 (count=8)
[ROUND-METRICS] Epoch 0 Avg_Messages_Received_PerReplica: 508.000 (count=8)
[ROUND-METRICS] Epoch 0 Avg_StopSign_Failures: 0.000 (count)
[ROUND-METRICS] Epoch 1 Avg_StopSign_Failures: 0.000 (count)
[RUN-METRICS] Throughput_User_Definition: 0.734406 seconds_per_vehicle
[RUN-METRICS] Throughput_Vehicles_Per_Second: 1.361644 vehicles_per_second
[RUN-METRICS] Wait_Intersection_All_Mean: 5.875250 seconds
[RUN-METRICS] Wait_Intersection_All_P95: 9.005400 seconds
[RUN-METRICS] Wait_Intersection_Normal_Mean: 6.077429 seconds
[RUN-METRICS] Wait_Intersection_Ambulance_Mean: 4.460000 seconds
[RUN-METRICS] Stop_To_Resume_Mean: 3.898875 seconds
[RUN-METRICS] Resume_To_Depart_Mean: 1.976375 seconds
[RUN-METRICS] Jains_Fairness_All: 0.863263
[RUN-METRICS] Jains_Fairness_Normal: 0.861827
[RUN-METRICS] Ambulance_Priority_Gain: 1.617429 seconds
[RUN-METRICS] Ambulance_Priority_Ratio: 0.733863
[RUN-METRICS] Byzantine_Injections_Total: 0
[RUN-METRICS] Byzantine_Injections_Epoch0: 0
[RUN-METRICS] Byzantine_Injections_Epoch1: 0
[RUN-METRICS] Delivery_Ratio: 0.202828
[RUN-METRICS] Estimated_Loss_Rate: 0.797172
[RUN-METRICS] Fallback_Count: 0
[RUN-METRICS] Fallback_Rate: 0.000000
[ROUND-METRICS] Epoch 0 Throughput_User_Definition: 0.734406 seconds_per_vehicle
[ROUND-METRICS] Epoch 0 Throughput_Vehicles_Per_Second: 1.361644 vehicles_per_second
[ROUND-METRICS] Epoch 0 Wait_Normal_Mean: 6.077429 seconds
[ROUND-METRICS] Epoch 0 Wait_Ambulance_Mean: 4.460000 seconds
