[ROUND-METRICS] Epoch 0 Avg_Messages_Sent_PerReplica: 360.875 (count=8)
[ROUND-METRICS] Epoch 0 Avg_Messages_Received_PerReplica: 530.500 (count=8)
[ROUND-METRICS] Epoch 0 Avg_StopSign_Failures: 0.000 (count)
[ROUND-METRICS] Epoch 1 Avg_StopSign_Failures: 0.000 (count)
[RUN-METRICS] Throughput_User_Definition: 0.867063 seconds_per_vehicle
[RUN-METRICS] Throughput_Vehicles_Per_Second: 1.153319 vehicles_per_second
[RUN-METRICS] Wait_Intersection_All_Mean: 6.936500 seconds
[RUN-METRICS] Wait_Intersection_All_P95: 10.733800 seconds
[RUN-METRICS] Wait_Intersection_Normal_Mean: 6.936500 seconds
[RUN-METRICS] Stop_To_Resume_Mean: 4.853125 seconds
[RUN-METRICS] Resume_To_Depart_Mean: 2.083375 seconds
[RUN-METRICS] Jains_Fairness_All: 0.843399
[RUN-METRICS] Jains_Fairness_Normal: 0.843399
[RUN-METRICS] Byzantine_Injections_Total: 0
[RUN-METRICS] Byzantine_Injections_Epoch0: 0
[RUN-METRICS] Byzantine_Injections_Epoch1: 0
[RUN-METRICS] Delivery_Ratio: 0.208889
[RUN-METRICS] Estimated_Loss_Rate: 0.791111
[RUN-METRICS] Fallback_Count: 0
[RUN-METRICS] Fallback_Rate: 0.000000
[ROUND-METRICS] Epoch 0 Throughput_User_Definition: 0.867063 seconds_per_vehicle
[ROUND-METRICS] Epoch 0 Throughput_Vehicles_Per_Second: 1.153319 vehicles_per_second
[ROUND-METRICS] Epoch 0 Wait_Normal_Mean: 6.936500 seconds
