[ROUND-METRICS] Epoch 0 Avg_ProposeAll_Consensus_Wall: 3.339000 seconds
[ROUND-METRICS] Epoch 0 Arrival_To_Resume_Time veh0: 3.400000 seconds
[ROUND-METRICS] Epoch 0 Arrival_To_Resume_Time veh1: 3.600000 seconds
[ROUND-METRICS] Epoch 0 Arrival_To_Resume_Time veh2: 5.950000 seconds
[ROUND-METRICS] Epoch 0 Arrival_To_Resume_Time veh3: 7.550000 seconds
[ROUND-METRICS] Epoch 0 Arrival_To_Resume_Time veh4: 3.550000 seconds
[ROUND-METRICS] Epoch 0 Arrival_To_Resume_Time veh5: 5.800000 seconds
[ROUND-METRICS] Epoch 0 Arrival_To_Resume_Time veh6: 5.950000 seconds
[ROUND-METRICS] Epoch 0 Arrival_To_Resume_Time veh7: 8.350000 seconds
[ROUND-METRICS] Epoch 0 Arrival_To_Resume_Time veh8: 2.500000 seconds
[ROUND-METRICS] Epoch 0 Arrival_To_Resume_Time veh9: 5.400000 seconds
[ROUND-METRICS] Epoch 0 Arrival_To_Resume_Time veh10: 6.750000 seconds
[ROUND-METRICS] Epoch 0 Arrival_To_Resume_Time veh11: 9.150000 seconds
[ROUND-METRICS] Epoch 0 Arrival_To_Resume_Time veh12: 7.600000 seconds
[ROUND-METRICS] Epoch 0 Arrival_To_Resume_Time veh13: 8.800000 seconds
[ROUND-METRICS] Epoch 0 Arrival_To_Resume_Time veh14: 5.500000 seconds
[ROUND-METRICS] Epoch 0 Arrival_To_Resume_Time veh15: 9.950000 seconds
[ROUND-METRICS] Epoch 0 Avg_Messages_Sent_PerReplica: 23.500 (count=16)
[ROUND-METRICS] Epoch 0 Avg_Messages_Received_PerReplica: 78.875 (count=16)
[ROUND-METRICS] Epoch 0 Avg_Arrival_To_Resume_Time: 6.237500 seconds (goCars=16)
[ROUND-METRICS] Epoch 0 Avg_StopSign_Failures: 0.000 (count)
[ROUND-METRICS] Epoch 1 Avg_StopSign_Failures: 0.000 (count)
[ROUND-METRICS] Epoch 2 Avg_StopSign_Failures: 0.000 (count)
[ROUND-METRICS] Epoch 3 Avg_StopSign_Failures: 0.000 (count)
[RUN-METRICS] Throughput_User_Definition: 0.431250 seconds_per_vehicle
[RUN-METRICS] Throughput_Vehicles_Per_Second: 2.318841 vehicles_per_second
[RUN-METRICS] Wait_Intersection_All_Mean: 6.900000 seconds
[RUN-METRICS] Wait_Intersection_All_P95: 9.950000 seconds
[RUN-METRICS] Wait_Intersection_Normal_Mean: 7.146667 seconds
[RUN-METRICS] Wait_Intersection_Ambulance_Mean: 3.200000 seconds
[RUN-METRICS] Arrival_To_Resume_Mean: 6.237500 seconds
[RUN-METRICS] Resume_To_Depart_Mean: 0.662500 seconds
[RUN-METRICS] Jains_Fairness_All: 0.911153
[RUN-METRICS] Jains_Fairness_Normal: 0.927734
[RUN-METRICS] Ambulance_Priority_Gain: 3.946667 seconds
[RUN-METRICS] Ambulance_Priority_Ratio: 0.447761
[RUN-METRICS] Byzantine_Injections_Total: 10
[RUN-METRICS] Byzantine_Injections_Epoch0: 10
[RUN-METRICS] Byzantine_Injections_Epoch1: 0
[RUN-METRICS] Byzantine_Injections_Epoch2: 0
[RUN-METRICS] Byzantine_Injections_Epoch3: 0
[RUN-METRICS] Delivery_Ratio: 0.225117
[RUN-METRICS] Estimated_Loss_Rate: 0.774883
[RUN-METRICS] Fallback_Count: 0
[RUN-METRICS] Fallback_Rate: 0.000000
[ROUND-METRICS] Epoch 0 Throughput_User_Definition: 0.431250 seconds_per_vehicle
[ROUND-METRICS] Epoch 0 Throughput_Vehicles_Per_Second: 2.318841 vehicles_per_second
[ROUND-METRICS] Epoch 0 Wait_Normal_Mean: 7.146667 seconds
[ROUND-METRICS] Epoch 0 Wait_Ambulance_Mean: 3.200000 seconds
