[ROUND-METRICS] Epoch 0 Avg_Messages_Sent_PerReplica: 355.500 (count=8)
[ROUND-METRICS] Epoch 0 Avg_Messages_Received_PerReplica: 500.375 (count=8)
[ROUND-METRICS] Epoch 0 Avg_StopSign_Failures: 0.000 (count)
[ROUND-METRICS] Epoch 1 Avg_StopSign_Failures: 0.000 (count)
[RUN-METRICS] Throughput_User_Definition: 0.768828 seconds_per_vehicle
[RUN-METRICS] Throughput_Vehicles_Per_Second: 1.300681 vehicles_per_second
[RUN-METRICS] Wait_Intersection_All_Mean: 6.150625 seconds
[RUN-METRICS] Wait_Intersection_All_P95: 9.608850 seconds
[RUN-METRICS] Wait_Intersection_Normal_Mean: 6.364000 seconds
[RUN-METRICS] Wait_Intersection_Ambulance_Mean: 4.657000 seconds
[RUN-METRICS] Stop_To_Resume_Mean: 4.123250 seconds
[RUN-METRICS] Resume_To_Depart_Mean: 2.027375 seconds
[RUN-METRICS] Jains_Fairness_All: 0.858044
[RUN-METRICS] Jains_Fairness_Normal: 0.856446
[RUN-METRICS] Ambulance_Priority_Gain: 1.707000 seconds
[RUN-METRICS] Ambulance_Priority_Ratio: 0.731772
[RUN-METRICS] Byzantine_Injections_Total: 0
[RUN-METRICS] Byzantine_Injections_Epoch0: 0
[RUN-METRICS] Byzantine_Injections_Epoch1: 0
[RUN-METRICS] Delivery_Ratio: 0.200241
[RUN-METRICS] Estimated_Loss_Rate: 0.799759
[RUN-METRICS] Fallback_Count: 0
[RUN-METRICS] Fallback_Rate: 0.000000
[ROUND-METRICS] Epoch 0 Throughput_User_Definition: 0.768828 seconds_per_vehicle
[ROUND-METRICS] Epoch 0 Throughput_Vehicles_Per_Second: 1.300681 vehicles_per_second
[ROUND-METRICS] Epoch 0 Wait_Normal_Mean: 6.364000 seconds
[ROUND-METRICS] Epoch 0 Wait_Ambulance_Mean: 4.657000 seconds
