[ROUND-METRICS] Epoch 0 Avg_Messages_Sent_PerReplica: 354.000 (count=8)
[ROUND-METRICS] Epoch 0 Avg_Messages_Received_PerReplica: 510.375 (count=8)
[ROUND-METRICS] Epoch 0 Avg_StopSign_Failures: 0.000 (count)
[ROUND-METRICS] Epoch 1 Avg_StopSign_Failures: 0.000 (count)
[RUN-METRICS] Throughput_User_Definition: 0.931578 seconds_per_vehicle
[RUN-METRICS] Throughput_Vehicles_Per_Second: 1.073447 vehicles_per_second
[RUN-METRICS] Wait_Intersection_All_Mean: 7.452625 seconds
[RUN-METRICS] Wait_Intersection_All_P95: 10.721250 seconds
[RUN-METRICS] Wait_Intersection_Normal_Mean: 7.899286 seconds
[RUN-METRICS] Wait_Intersection_Ambulance_Mean: 4.326000 seconds
[RUN-METRICS] Stop_To_Resume_Mean: 5.481375 seconds
[RUN-METRICS] Resume_To_Depart_Mean: 1.971250 seconds
[RUN-METRICS] Jains_Fairness_All: 0.906241
[RUN-METRICS] Jains_Fairness_Normal: 0.926211
[RUN-METRICS] Ambulance_Priority_Gain: 3.573286 seconds
[RUN-METRICS] Ambulance_Priority_Ratio: 0.547644
[RUN-METRICS] Byzantine_Injections_Total: 0
[RUN-METRICS] Byzantine_Injections_Epoch0: 0
[RUN-METRICS] Byzantine_Injections_Epoch1: 0
[RUN-METRICS] Delivery_Ratio: 0.205184
[RUN-METRICS] Estimated_Loss_Rate: 0.794816
[RUN-METRICS] Fallback_Count: 0
[RUN-METRICS] Fallback_Rate: 0.000000
[ROUND-METRICS] Epoch 0 Throughput_User_Definition: 0.931578 seconds_per_vehicle
[ROUND-METRICS] Epoch 0 Throughput_Vehicles_Per_Second: 1.073447 vehicles_per_second
[ROUND-METRICS] Epoch 0 Wait_Normal_Mean: 7.899286 seconds
[ROUND-METRICS] Epoch 0 Wait_Ambulance_Mean: 4.326000 seconds
