[ROUND-METRICS] Epoch 0 Avg_ProposeAll_Consensus_Wall: 1.430000 seconds
[ROUND-METRICS] Epoch 0 Arrival_To_Resume_Time veh0: 3.500000 seconds
[ROUND-METRICS] Epoch 0 Arrival_To_Resume_Time veh1: 5.100000 seconds
[ROUND-METRICS] Epoch 0 Arrival_To_Resume_Time veh2: 4.300000 seconds
[ROUND-METRICS] Epoch 0 Arrival_To_Resume_Time veh3: 5.900000 seconds
[ROUND-METRICS] Epoch 0 Arrival_To_Resume_Time veh4: 1.750000 seconds
[ROUND-METRICS] Epoch 0 Arrival_To_Resume_Time veh5: 2.500000 seconds
[ROUND-METRICS] Epoch 0 Arrival_To_Resume_Time veh6: 1.750000 seconds
[ROUND-METRICS] Epoch 0 Arrival_To_Resume_Time veh7: 2.500000 seconds
[ROUND-METRICS] Epoch 0 Avg_Messages_Sent_PerReplica: 15.375 (count=8)
[ROUND-METRICS] Epoch 0 Avg_Messages_Received_PerReplica: 33.250 (count=8)
[ROUND-METRICS] Epoch 0 Avg_Arrival_To_Resume_Time: 3.412500 seconds (goCars=8)
[ROUND-METRICS] Epoch 0 Avg_StopSign_Failures: 0.000 (count)
[ROUND-METRICS] Epoch 1 Avg_StopSign_Failures: 0.000 (count)
[RUN-METRICS] Throughput_User_Definition: 0.628571 seconds_per_vehicle
[RUN-METRICS] Throughput_Vehicles_Per_Second: 1.590909 vehicles_per_second
[RUN-METRICS] Wait_Intersection_All_Mean: 4.357143 seconds
[RUN-METRICS] Wait_Intersection_All_P95: 6.460000 seconds
[RUN-METRICS] Wait_Intersection_Normal_Mean: 4.533333 seconds
[RUN-METRICS] Wait_Intersection_Ambulance_Mean: 3.300000 seconds
[RUN-METRICS] Arrival_To_Resume_Mean: 3.412500 seconds
[RUN-METRICS] Resume_To_Depart_Mean: 0.707143 seconds
[RUN-METRICS] Jains_Fairness_All: 0.900419
[RUN-METRICS] Jains_Fairness_Normal: 0.902024
[RUN-METRICS] Ambulance_Priority_Gain: 1.233333 seconds
[RUN-METRICS] Ambulance_Priority_Ratio: 0.727941
[RUN-METRICS] Byzantine_Injections_Total: 4
[RUN-METRICS] Byzantine_Injections_Epoch0: 4
[RUN-METRICS] Byzantine_Injections_Epoch1: 0
[RUN-METRICS] Delivery_Ratio: 0.311037
[RUN-METRICS] Estimated_Loss_Rate: 0.688963
[RUN-METRICS] Fallback_Count: 0
[RUN-METRICS] Fallback_Rate: 0.000000
[ROUND-METRICS] Epoch 0 Throughput_User_Definition: 0.628571 seconds_per_vehicle
[ROUND-METRICS] Epoch 0 Throughput_Vehicles_Per_Second: 1.590909 vehicles_per_second
[ROUND-METRICS] Epoch 0 Wait_Normal_Mean: 4.533333 seconds
[ROUND-METRICS] Epoch 0 Wait_Ambulance_Mean: 3.300000 seconds
