[ROUND-METRICS] Epoch 0 Avg_ProposeAll_Consensus_Wall: 22.905000 seconds
[ROUND-METRICS] Epoch 0 Arrival_To_Resume_Time veh0: 4.700000 seconds
[ROUND-METRICS] Epoch 0 Arrival_To_Resume_Time veh1: 6.300000 seconds
[ROUND-METRICS] Epoch 0 Arrival_To_Resume_Time veh2: 3.900000 seconds
[ROUND-METRICS] Epoch 0 Arrival_To_Resume_Time veh3: 7.100000 seconds
[ROUND-METRICS] Epoch 0 Arrival_To_Resume_Time veh4: 5.500000 seconds
[ROUND-METRICS] Epoch 0 Arrival_To_Resume_Time veh5: 7.900000 seconds
[ROUND-METRICS] Epoch 0 Arrival_To_Resume_Time veh6: 5.500000 seconds
[ROUND-METRICS] Epoch 0 Arrival_To_Resume_Time veh7: 7.900000 seconds
[ROUND-METRICS] Epoch 0 Avg_Messages_Sent_PerReplica: 37.375 (count=8)
[ROUND-METRICS] Epoch 0 Avg_Messages_Received_PerReplica: 113.375 (count=8)
[ROUND-METRICS] Epoch 0 Avg_Arrival_To_Resume_Time: 6.100000 seconds (goCars=8)
[ROUND-METRICS] Epoch 0 Avg_StopSign_Failures: 0.000 (count)
[ROUND-METRICS] Epoch 1 Avg_StopSign_Failures: 0.000 (count)
[RUN-METRICS] Throughput_User_Definition: 0.685714 seconds_per_vehicle
[RUN-METRICS] Throughput_Vehicles_Per_Second: 1.458333 vehicles_per_second
[RUN-METRICS] Wait_Intersection_All_Mean: 6.471429 seconds
[RUN-METRICS] Wait_Intersection_All_P95: 8.260000 seconds
[RUN-METRICS] Wait_Intersection_Normal_Mean: 6.800000 seconds
[RUN-METRICS] Wait_Intersection_Ambulance_Mean: 4.500000 seconds
[RUN-METRICS] Arrival_To_Resume_Mean: 6.100000 seconds
[RUN-METRICS] Resume_To_Depart_Mean: 0.628571 seconds
[RUN-METRICS] Jains_Fairness_All: 0.962081
[RUN-METRICS] Jains_Fairness_Normal: 0.975322
[RUN-METRICS] Ambulance_Priority_Gain: 2.300000 seconds
[RUN-METRICS] Ambulance_Priority_Ratio: 0.661765
[RUN-METRICS] Byzantine_Injections_Total: 2
[RUN-METRICS] Byzantine_Injections_Epoch0: 2
[RUN-METRICS] Byzantine_Injections_Epoch1: 0
[RUN-METRICS] Delivery_Ratio: 0.439316
[RUN-METRICS] Estimated_Loss_Rate: 0.560684
[RUN-METRICS] Fallback_Count: 0
[RUN-METRICS] Fallback_Rate: 0.000000
[ROUND-METRICS] Epoch 0 Throughput_User_Definition: 0.571429 seconds_per_vehicle
[ROUND-METRICS] Epoch 0 Throughput_Vehicles_Per_Second: 1.750000 vehicles_per_second
[ROUND-METRICS] Epoch 0 Wait_Normal_Mean: 6.800000 seconds
[ROUND-METRICS] Epoch 0 Wait_Ambulance_Mean: 4.500000 seconds
