[ROUND-METRICS] Epoch 0 Avg_Messages_Sent_PerReplica: 223.000 (count=4)
[ROUND-METRICS] Epoch 0 Avg_Messages_Received_PerReplica: 120.000 (count=4)
[ROUND-METRICS] Epoch 0 Avg_StopSign_Failures: 0.000 (count)
[RUN-METRICS] Throughput_User_Definition: 0.675000 seconds_per_vehicle
[RUN-METRICS] Throughput_Vehicles_Per_Second: 1.481481 vehicles_per_second
[RUN-METRICS] Wait_Intersection_All_Mean: 2.700000 seconds
[RUN-METRICS] Wait_Intersection_All_P95: 3.400000 seconds
[RUN-METRICS] Wait_Intersection_Normal_Mean: 2.700000 seconds
[RUN-METRICS] Stop_To_Resume_Mean: 1.091250 seconds
[RUN-METRICS] Resume_To_Depart_Mean: 1.608750 seconds
[RUN-METRICS] Jains_Fairness_All: 0.937018
[RUN-METRICS] Jains_Fairness_Normal: 0.937018
[RUN-METRICS] Byzantine_Injections_Total: 0
[RUN-METRICS] Byzantine_Injections_Epoch0: 0
[RUN-METRICS] Delivery_Ratio: 0.179334
[RUN-METRICS] Estimated_Loss_Rate: 0.820666
[RUN-METRICS] Fallback_Count: 0
[RUN-METRICS] Fallback_Rate: 0.000000
[ROUND-METRICS] Epoch 0 Throughput_User_Definition: 0.675000 seconds_per_vehicle
[ROUND-METRICS] Epoch 0 Throughput_Vehicles_Per_Second: 1.481481 vehicles_per_second
[ROUND-METRICS] Epoch 0 Wait_Normal_Mean: 2.700000 seconds
