[ROUND-METRICS] Epoch 0 Avg_Messages_Sent_PerReplica: 654.800 (count=20)
[ROUND-METRICS] Epoch 0 Avg_Messages_Received_PerReplica: 2519.050 (count=20)
[ROUND-METRICS] Epoch 0 Avg_StopSign_Failures: 0.000 (count)
[ROUND-METRICS] Epoch 1 Avg_StopSign_Failures: 0.000 (count)
[ROUND-METRICS] Epoch 2 Avg_StopSign_Failures: 0.000 (count)
[ROUND-METRICS] Epoch 3 Avg_StopSign_Failures: 0.000 (count)
[ROUND-METRICS] Epoch 4 Avg_StopSign_Failures: 0.000 (count)
[RUN-METRICS] Throughput_User_Definition: 0.687258 seconds_per_vehicle
[RUN-METRICS] Throughput_Vehicles_Per_Second: 1.455059 vehicles_per_second
[RUN-METRICS] Wait_Intersection_All_Mean: 13.745150 seconds
[RUN-METRICS] Wait_Intersection_All_P95: 18.583150 seconds
[RUN-METRICS] Wait_Intersection_Normal_Mean: 14.017684 seconds
[RUN-METRICS] Wait_Intersection_Ambulance_Mean: 8.567000 seconds
[RUN-METRICS] Stop_To_Resume_Mean: 12.047200 seconds
[RUN-METRICS] Resume_To_Depart_Mean: 1.697950 seconds
[RUN-METRICS] Jains_Fairness_All: 0.904665
[RUN-METRICS] Jains_Fairness_Normal: 0.909838
[RUN-METRICS] Ambulance_Priority_Gain: 5.450684 seconds
[RUN-METRICS] Ambulance_Priority_Ratio: 0.611157
[RUN-METRICS] Byzantine_Injections_Total: 0
[RUN-METRICS] Byzantine_Injections_Epoch0: 0
[RUN-METRICS] Byzantine_Injections_Epoch1: 0
[RUN-METRICS] Byzantine_Injections_Epoch2: 0
[RUN-METRICS] Byzantine_Injections_Epoch3: 0
[RUN-METRICS] Byzantine_Injections_Epoch4: 0
[RUN-METRICS] Delivery_Ratio: 0.202691
[RUN-METRICS] Estimated_Loss_Rate: 0.797309
[RUN-METRICS] Fallback_Count: 0
[RUN-METRICS] Fallback_Rate: 0.000000
[ROUND-METRICS] Epoch 0 Throughput_User_Definition: 0.687258 seconds_per_vehicle
[ROUND-METRICS] Epoch 0 Throughput_Vehicles_Per_Second: 1.455059 vehicles_per_second
[ROUND-METRICS] Epoch 0 Wait_Normal_Mean: 14.017684 seconds
[ROUND-METRICS] Epoch 0 Wait_Ambulance_Mean: 8.567000 seconds
