[ROUND-METRICS] Epoch 0 Avg_Messages_Sent_PerReplica: 605.062 (count=16)
[ROUND-METRICS] Epoch 0 Avg_Messages_Received_PerReplica: 2011.312 (count=16)
[ROUND-METRICS] Epoch 0 Avg_StopSign_Failures: 0.000 (count)
[ROUND-METRICS] Epoch 1 Avg_StopSign_Failures: 0.000 (count)
[ROUND-METRICS] Epoch 2 Avg_StopSign_Failures: 0.000 (count)
[ROUND-METRICS] Epoch 3 Avg_StopSign_Failures: 0.000 (count)
[RUN-METRICS] Throughput_User_Definition: 0.620141 seconds_per_vehicle
[RUN-METRICS] Throughput_Vehicles_Per_Second: 1.612537 vehicles_per_second
[RUN-METRICS] Wait_Intersection_All_Mean: 9.922250 seconds
[RUN-METRICS] Wait_Intersection_All_P95: 13.647750 seconds
[RUN-METRICS] Wait_Intersection_Normal_Mean: 10.218133 seconds
[RUN-METRICS] Wait_Intersection_Ambulance_Mean: 5.484000 seconds
[RUN-METRICS] Stop_To_Resume_Mean: 8.289000 seconds
[RUN-METRICS] Resume_To_Depart_Mean: 1.633250 seconds
[RUN-METRICS] Jains_Fairness_All: 0.913273
[RUN-METRICS] Jains_Fairness_Normal: 0.924131
[RUN-METRICS] Ambulance_Priority_Gain: 4.734133 seconds
[RUN-METRICS] Ambulance_Priority_Ratio: 0.536693
[RUN-METRICS] Byzantine_Injections_Total: 0
[RUN-METRICS] Byzantine_Injections_Epoch0: 0
[RUN-METRICS] Byzantine_Injections_Epoch1: 0
[RUN-METRICS] Byzantine_Injections_Epoch2: 0
[RUN-METRICS] Byzantine_Injections_Epoch3: 0
[RUN-METRICS] Delivery_Ratio: 0.221034
[RUN-METRICS] Estimated_Loss_Rate: 0.778966
[RUN-METRICS] Fallback_Count: 0
[RUN-METRICS] Fallback_Rate: 0.000000
[ROUND-METRICS] Epoch 0 Throughput_User_Definition: 0.620141 seconds_per_vehicle
[ROUND-METRICS] Epoch 0 Throughput_Vehicles_Per_Second: 1.612537 vehicles_per_second
[ROUND-METRICS] Epoch 0 Wait_Normal_Mean: 10.218133 seconds
[ROUND-METRICS] Epoch 0 Wait_Ambulance_Mean: 5.484000 seconds
