[ROUND-METRICS] Epoch 0 Avg_ProposeAll_Consensus_Wall: 4.269000 seconds
[ROUND-METRICS] Epoch 0 Arrival_To_Resume_Time veh0: 0.050000 seconds
[ROUND-METRICS] Epoch 0 Arrival_To_Resume_Time veh1: 7.050000 seconds
[ROUND-METRICS] Epoch 0 Arrival_To_Resume_Time veh2: 10.850000 seconds
[ROUND-METRICS] Epoch 0 Arrival_To_Resume_Time veh3: 12.850000 seconds
[ROUND-METRICS] Epoch 0 Avg_Messages_Sent_PerReplica: 28.750 (count=4)
[ROUND-METRICS] Epoch 0 Avg_Messages_Received_PerReplica: 43.250 (count=4)
[ROUND-METRICS] Epoch 0 Avg_Arrival_To_Resume_Time: 7.700000 seconds (goCars=4)
[ROUND-METRICS] Epoch 0 Avg_StopSign_Failures: 0.000 (count)
[RUN-METRICS] Throughput_User_Definition: 2.006250 seconds_per_vehicle
[RUN-METRICS] Throughput_Vehicles_Per_Second: 0.498442 vehicles_per_second
[RUN-METRICS] Wait_Intersection_All_Mean: 8.025000 seconds
[RUN-METRICS] Wait_Intersection_All_P95: 13.415000 seconds
[RUN-METRICS] Wait_Intersection_Normal_Mean: 8.025000 seconds
[RUN-METRICS] Arrival_To_Resume_Mean: 7.700000 seconds
[RUN-METRICS] Resume_To_Depart_Mean: 0.325000 seconds
[RUN-METRICS] Jains_Fairness_All: 0.709903
[RUN-METRICS] Jains_Fairness_Normal: 0.709903
[RUN-METRICS] Byzantine_Injections_Total: 1
[RUN-METRICS] Byzantine_Injections_Epoch0: 1
[RUN-METRICS] Delivery_Ratio: 0.630471
[RUN-METRICS] Estimated_Loss_Rate: 0.369529
[RUN-METRICS] Fallback_Count: 0
[RUN-METRICS] Fallback_Rate: 0.000000
[ROUND-METRICS] Epoch 0 Throughput_User_Definition: 2.006250 seconds_per_vehicle
[ROUND-METRICS] Epoch 0 Throughput_Vehicles_Per_Second: 0.498442 vehicles_per_second
[ROUND-METRICS] Epoch 0 Wait_Normal_Mean: 8.025000 seconds
