[ROUND-METRICS] Epoch 0 Avg_Messages_Sent_PerReplica: 668.150 (count=20)
[ROUND-METRICS] Epoch 0 Avg_Messages_Received_PerReplica: 2624.550 (count=20)
[ROUND-METRICS] Epoch 0 Avg_StopSign_Failures: 0.000 (count)
[ROUND-METRICS] Epoch 1 Avg_StopSign_Failures: 0.000 (count)
[ROUND-METRICS] Epoch 2 Avg_StopSign_Failures: 0.000 (count)
[ROUND-METRICS] Epoch 3 Avg_StopSign_Failures: 0.000 (count)
[ROUND-METRICS] Epoch 4 Avg_StopSign_Failures: 0.000 (count)
[RUN-METRICS] Throughput_User_Definition: 0.601067 seconds_per_vehicle
[RUN-METRICS] Throughput_Vehicles_Per_Second: 1.663707 vehicles_per_second
[RUN-METRICS] Wait_Intersection_All_Mean: 12.021350 seconds
[RUN-METRICS] Wait_Intersection_All_P95: 15.160100 seconds
[RUN-METRICS] Wait_Intersection_Normal_Mean: 12.106684 seconds
[RUN-METRICS] Wait_Intersection_Ambulance_Mean: 10.400000 seconds
[RUN-METRICS] Stop_To_Resume_Mean: 10.529500 seconds
[RUN-METRICS] Resume_To_Depart_Mean: 1.491850 seconds
[RUN-METRICS] Jains_Fairness_All: 0.974557
[RUN-METRICS] Jains_Fairness_Normal: 0.974563
[RUN-METRICS] Ambulance_Priority_Gain: 1.706684 seconds
[RUN-METRICS] Ambulance_Priority_Ratio: 0.859030
[RUN-METRICS] Byzantine_Injections_Total: 0
[RUN-METRICS] Byzantine_Injections_Epoch0: 0
[RUN-METRICS] Byzantine_Injections_Epoch1: 0
[RUN-METRICS] Byzantine_Injections_Epoch2: 0
[RUN-METRICS] Byzantine_Injections_Epoch3: 0
[RUN-METRICS] Byzantine_Injections_Epoch4: 0
[RUN-METRICS] Delivery_Ratio: 0.207080
[RUN-METRICS] Estimated_Loss_Rate: 0.792920
[RUN-METRICS] Fallback_Count: 0
[RUN-METRICS] Fallback_Rate: 0.000000
[ROUND-METRICS] Epoch 0 Throughput_User_Definition: 0.601067 seconds_per_vehicle
[ROUND-METRICS] Epoch 0 Throughput_Vehicles_Per_Second: 1.663707 vehicles_per_second
[ROUND-METRICS] Epoch 0 Wait_Normal_Mean: 12.106684 seconds
[ROUND-METRICS] Epoch 0 Wait_Ambulance_Mean: 10.400000 seconds
