[ROUND-METRICS] Epoch 0 Avg_ProposeAll_Consensus_Wall: 24.316000 seconds
[ROUND-METRICS] Epoch 0 Arrival_To_Resume_Time veh0: 4.250000 seconds
[ROUND-METRICS] Epoch 0 Arrival_To_Resume_Time veh1: 4.700000 seconds
[ROUND-METRICS] Epoch 0 Arrival_To_Resume_Time veh2: 5.700000 seconds
[ROUND-METRICS] Epoch 0 Arrival_To_Resume_Time veh3: 11.900000 seconds
[ROUND-METRICS] Epoch 0 Arrival_To_Resume_Time veh4: 5.700000 seconds
[ROUND-METRICS] Epoch 0 Arrival_To_Resume_Time veh5: 8.500000 seconds
[ROUND-METRICS] Epoch 0 Arrival_To_Resume_Time veh6: 10.100000 seconds
[ROUND-METRICS] Epoch 0 Arrival_To_Resume_Time veh7: 12.700000 seconds
[ROUND-METRICS] Epoch 0 Arrival_To_Resume_Time veh8: 6.900000 seconds
[ROUND-METRICS] Epoch 0 Arrival_To_Resume_Time veh9: 9.300000 seconds
[ROUND-METRICS] Epoch 0 Arrival_To_Resume_Time veh10: 10.900000 seconds
[ROUND-METRICS] Epoch 0 Arrival_To_Resume_Time veh11: 13.500000 seconds
[ROUND-METRICS] Epoch 0 Arrival_To_Resume_Time veh12: 7.700000 seconds
[ROUND-METRICS] Epoch 0 Arrival_To_Resume_Time veh13: 9.300000 seconds
[ROUND-METRICS] Epoch 0 Arrival_To_Resume_Time veh14: 10.900000 seconds
[ROUND-METRICS] Epoch 0 Arrival_To_Resume_Time veh15: 13.500000 seconds
[ROUND-METRICS] Epoch 0 Avg_Messages_Sent_PerReplica: 48.688 (count=16)
[ROUND-METRICS] Epoch 0 Avg_Messages_Received_PerReplica: 204.875 (count=16)
[ROUND-METRICS] Epoch 0 Avg_Arrival_To_Resume_Time: 9.096875 seconds (goCars=16)
[ROUND-METRICS] Epoch 0 Avg_StopSign_Failures: 0.000 (count)
[ROUND-METRICS] Epoch 1 Avg_StopSign_Failures: 0.000 (count)
[ROUND-METRICS] Epoch 2 Avg_StopSign_Failures: 0.000 (count)
[ROUND-METRICS] Epoch 3 Avg_StopSign_Failures: 0.000 (count)
[RUN-METRICS] Throughput_User_Definition: 0.611719 seconds_per_vehicle
[RUN-METRICS] Throughput_Vehicles_Per_Second: 1.634738 vehicles_per_second
[RUN-METRICS] Wait_Intersection_All_Mean: 9.787500 seconds
[RUN-METRICS] Wait_Intersection_All_P95: 14.150000 seconds
[RUN-METRICS] Wait_Intersection_Normal_Mean: 9.993333 seconds
[RUN-METRICS] Wait_Intersection_Ambulance_Mean: 6.700000 seconds
[RUN-METRICS] Arrival_To_Resume_Mean: 9.096875 seconds
[RUN-METRICS] Resume_To_Depart_Mean: 0.690625 seconds
[RUN-METRICS] Jains_Fairness_All: 0.915649
[RUN-METRICS] Jains_Fairness_Normal: 0.919566
[RUN-METRICS] Ambulance_Priority_Gain: 3.293333 seconds
[RUN-METRICS] Ambulance_Priority_Ratio: 0.670447
[RUN-METRICS] Byzantine_Injections_Total: 1
[RUN-METRICS] Byzantine_Injections_Epoch0: 1
[RUN-METRICS] Byzantine_Injections_Epoch1: 0
[RUN-METRICS] Byzantine_Injections_Epoch2: 0
[RUN-METRICS] Byzantine_Injections_Epoch3: 0
[RUN-METRICS] Delivery_Ratio: 0.281695
[RUN-METRICS] Estimated_Loss_Rate: 0.718305
[RUN-METRICS] Fallback_Count: 0
[RUN-METRICS] Fallback_Rate: 0.000000
[ROUND-METRICS] Epoch 0 Throughput_User_Definition: 0.611719 seconds_per_vehicle
[ROUND-METRICS] Epoch 0 Throughput_Vehicles_Per_Second: 1.634738 vehicles_per_second
[ROUND-METRICS] Epoch 0 Wait_Normal_Mean: 9.993333 seconds
[ROUND-METRICS] Epoch 0 Wait_Ambulance_Mean: 6.700000 seconds
