[ROUND-METRICS] Epoch 0 Avg_ProposeAll_Consensus_Wall: 24.859000 seconds
[ROUND-METRICS] Epoch 0 Arrival_To_Resume_Time veh0: 6.100000 seconds
[ROUND-METRICS] Epoch 0 Arrival_To_Resume_Time veh1: 8.300000 seconds
[ROUND-METRICS] Epoch 0 Arrival_To_Resume_Time veh2: 10.700000 seconds
[ROUND-METRICS] Epoch 0 Arrival_To_Resume_Time veh3: 13.300000 seconds
[ROUND-METRICS] Epoch 0 Arrival_To_Resume_Time veh4: 4.100000 seconds
[ROUND-METRICS] Epoch 0 Arrival_To_Resume_Time veh5: 4.900000 seconds
[ROUND-METRICS] Epoch 0 Arrival_To_Resume_Time veh6: 10.700000 seconds
[ROUND-METRICS] Epoch 0 Arrival_To_Resume_Time veh7: 13.300000 seconds
[ROUND-METRICS] Epoch 0 Arrival_To_Resume_Time veh8: 6.700000 seconds
[ROUND-METRICS] Epoch 0 Arrival_To_Resume_Time veh9: 9.100000 seconds
[ROUND-METRICS] Epoch 0 Arrival_To_Resume_Time veh10: 11.500000 seconds
[ROUND-METRICS] Epoch 0 Arrival_To_Resume_Time veh11: 12.300000 seconds
[ROUND-METRICS] Epoch 0 Arrival_To_Resume_Time veh12: 7.500000 seconds
[ROUND-METRICS] Epoch 0 Arrival_To_Resume_Time veh13: 9.900000 seconds
[ROUND-METRICS] Epoch 0 Arrival_To_Resume_Time veh14: 12.300000 seconds
[ROUND-METRICS] Epoch 0 Arrival_To_Resume_Time veh15: 14.100000 seconds
[ROUND-METRICS] Epoch 0 Avg_Messages_Sent_PerReplica: 49.312 (count=16)
[ROUND-METRICS] Epoch 0 Avg_Messages_Received_PerReplica: 205.250 (count=16)
[ROUND-METRICS] Epoch 0 Avg_Arrival_To_Resume_Time: 9.675000 seconds (goCars=16)
[ROUND-METRICS] Epoch 0 Avg_StopSign_Failures: 0.000 (count)
[ROUND-METRICS] Epoch 1 Avg_StopSign_Failures: 0.000 (count)
[ROUND-METRICS] Epoch 2 Avg_StopSign_Failures: 0.000 (count)
[ROUND-METRICS] Epoch 3 Avg_StopSign_Failures: 0.000 (count)
[RUN-METRICS] Throughput_User_Definition: 0.644531 seconds_per_vehicle
[RUN-METRICS] Throughput_Vehicles_Per_Second: 1.551515 vehicles_per_second
[RUN-METRICS] Wait_Intersection_All_Mean: 10.312500 seconds
[RUN-METRICS] Wait_Intersection_All_P95: 14.150000 seconds
[RUN-METRICS] Wait_Intersection_Normal_Mean: 10.620000 seconds
[RUN-METRICS] Wait_Intersection_Ambulance_Mean: 5.700000 seconds
[RUN-METRICS] Arrival_To_Resume_Mean: 9.675000 seconds
[RUN-METRICS] Resume_To_Depart_Mean: 0.637500 seconds
[RUN-METRICS] Jains_Fairness_All: 0.919684
[RUN-METRICS] Jains_Fairness_Normal: 0.930733
[RUN-METRICS] Ambulance_Priority_Gain: 4.920000 seconds
[RUN-METRICS] Ambulance_Priority_Ratio: 0.536723
[RUN-METRICS] Byzantine_Injections_Total: 1
[RUN-METRICS] Byzantine_Injections_Epoch0: 1
[RUN-METRICS] Byzantine_Injections_Epoch1: 0
[RUN-METRICS] Byzantine_Injections_Epoch2: 0
[RUN-METRICS] Byzantine_Injections_Epoch3: 0
[RUN-METRICS] Delivery_Ratio: 0.278556
[RUN-METRICS] Estimated_Loss_Rate: 0.721444
[RUN-METRICS] Fallback_Count: 0
[RUN-METRICS] Fallback_Rate: 0.000000
[ROUND-METRICS] Epoch 0 Throughput_User_Definition: 0.644531 seconds_per_vehicle
[ROUND-METRICS] Epoch 0 Throughput_Vehicles_Per_Second: 1.551515 vehicles_per_second
[ROUND-METRICS] Epoch 0 Wait_Normal_Mean: 10.620000 seconds
[ROUND-METRICS] Epoch 0 Wait_Ambulance_Mean: 5.700000 seconds
