[ROUND-METRICS] Epoch 0 Avg_ProposeAll_Consensus_Wall: 1.868000 seconds
[ROUND-METRICS] Epoch 0 Arrival_To_Resume_Time veh0: 6.300000 seconds
[ROUND-METRICS] Epoch 0 Arrival_To_Resume_Time veh1: 6.900000 seconds
[ROUND-METRICS] Epoch 0 Arrival_To_Resume_Time veh2: 8.700000 seconds
[ROUND-METRICS] Epoch 0 Arrival_To_Resume_Time veh3: 9.700000 seconds
[ROUND-METRICS] Epoch 0 Arrival_To_Resume_Time veh4: 6.100000 seconds
[ROUND-METRICS] Epoch 0 Arrival_To_Resume_Time veh5: 7.900000 seconds
[ROUND-METRICS] Epoch 0 Arrival_To_Resume_Time veh6: 8.700000 seconds
[ROUND-METRICS] Epoch 0 Arrival_To_Resume_Time veh7: 9.700000 seconds
[ROUND-METRICS] Epoch 0 Arrival_To_Resume_Time veh8: 1.800000 seconds
[ROUND-METRICS] Epoch 0 Arrival_To_Resume_Time veh9: 2.500000 seconds
[ROUND-METRICS] Epoch 0 Arrival_To_Resume_Time veh10: 3.500000 seconds
[ROUND-METRICS] Epoch 0 Arrival_To_Resume_Time veh11: 10.900000 seconds
[ROUND-METRICS] Epoch 0 Arrival_To_Resume_Time veh12: 1.800000 seconds
[ROUND-METRICS] Epoch 0 Arrival_To_Resume_Time veh13: 2.500000 seconds
[ROUND-METRICS] Epoch 0 Arrival_To_Resume_Time veh14: 3.500000 seconds
[ROUND-METRICS] Epoch 0 Arrival_To_Resume_Time veh15: 4.700000 seconds
[ROUND-METRICS] Epoch 0 Avg_Messages_Sent_PerReplica: 27.938 (count=16)
[ROUND-METRICS] Epoch 0 Avg_Messages_Received_PerReplica: 68.625 (count=16)
[ROUND-METRICS] Epoch 0 Avg_Arrival_To_Resume_Time: 5.950000 seconds (goCars=16)
[ROUND-METRICS] Epoch 0 Avg_StopSign_Failures: 0.000 (count)
[ROUND-METRICS] Epoch 1 Avg_StopSign_Failures: 0.000 (count)
[ROUND-METRICS] Epoch 2 Avg_StopSign_Failures: 0.000 (count)
[ROUND-METRICS] Epoch 3 Avg_StopSign_Failures: 0.000 (count)
[RUN-METRICS] Throughput_User_Definition: 0.637500 seconds_per_vehicle
[RUN-METRICS] Throughput_Vehicles_Per_Second: 1.568627 vehicles_per_second
[RUN-METRICS] Wait_Intersection_All_Mean: 6.481250 seconds
[RUN-METRICS] Wait_Intersection_All_P95: 10.225000 seconds
[RUN-METRICS] Wait_Intersection_Normal_Mean: 6.593333 seconds
[RUN-METRICS] Wait_Intersection_Ambulance_Mean: 4.800000 seconds
[RUN-METRICS] Arrival_To_Resume_Mean: 5.950000 seconds
[RUN-METRICS] Resume_To_Depart_Mean: 0.531250 seconds
[RUN-METRICS] Jains_Fairness_All: 0.818334
[RUN-METRICS] Jains_Fairness_Normal: 0.816867
[RUN-METRICS] Ambulance_Priority_Gain: 1.793333 seconds
[RUN-METRICS] Ambulance_Priority_Ratio: 0.728008
[RUN-METRICS] Byzantine_Injections_Total: 0
[RUN-METRICS] Byzantine_Injections_Epoch0: 0
[RUN-METRICS] Byzantine_Injections_Epoch1: 0
[RUN-METRICS] Byzantine_Injections_Epoch2: 0
[RUN-METRICS] Byzantine_Injections_Epoch3: 0
[RUN-METRICS] Delivery_Ratio: 0.164331
[RUN-METRICS] Estimated_Loss_Rate: 0.835669
[RUN-METRICS] Fallback_Count: 0
[RUN-METRICS] Fallback_Rate: 0.000000
[ROUND-METRICS] Epoch 0 Throughput_User_Definition: 0.575000 seconds_per_vehicle
[ROUND-METRICS] Epoch 0 Throughput_Vehicles_Per_Second: 1.739130 vehicles_per_second
[ROUND-METRICS] Epoch 0 Wait_Normal_Mean: 6.593333 seconds
[ROUND-METRICS] Epoch 0 Wait_Ambulance_Mean: 4.800000 seconds
