[ROUND-METRICS] Epoch 0 Avg_Messages_Sent_PerReplica: 357.250 (count=8)
[ROUND-METRICS] Epoch 0 Avg_Messages_Received_PerReplica: 525.125 (count=8)
[ROUND-METRICS] Epoch 0 Avg_StopSign_Failures: 0.000 (count)
[ROUND-METRICS] Epoch 1 Avg_StopSign_Failures: 0.000 (count)
[RUN-METRICS] Throughput_User_Definition: 2.548437 seconds_per_vehicle
[RUN-METRICS] Throughput_Vehicles_Per_Second: 0.392397 vehicles_per_second
[RUN-METRICS] Wait_Intersection_All_Mean: 20.387500 seconds
[RUN-METRICS] Wait_Intersection_All_P95: 23.745000 seconds
[RUN-METRICS] Wait_Intersection_Normal_Mean: 20.314286 seconds
[RUN-METRICS] Wait_Intersection_Ambulance_Mean: 20.900000 seconds
[RUN-METRICS] Stop_To_Resume_Mean: 18.993750 seconds
[RUN-METRICS] Resume_To_Depart_Mean: 1.393750 seconds
[RUN-METRICS] Jains_Fairness_All: 0.984565
[RUN-METRICS] Jains_Fairness_Normal: 0.982374
[RUN-METRICS] Ambulance_Priority_Gain: -0.585714 seconds
[RUN-METRICS] Ambulance_Priority_Ratio: 1.028833
[RUN-METRICS] Byzantine_Injections_Total: 0
[RUN-METRICS] Byzantine_Injections_Epoch0: 0
[RUN-METRICS] Byzantine_Injections_Epoch1: 0
[RUN-METRICS] Delivery_Ratio: 0.209304
[RUN-METRICS] Estimated_Loss_Rate: 0.790696
[RUN-METRICS] Fallback_Count: 0
[RUN-METRICS] Fallback_Rate: 0.000000
[ROUND-METRICS] Epoch 0 Throughput_User_Definition: 2.548437 seconds_per_vehicle
[ROUND-METRICS] Epoch 0 Throughput_Vehicles_Per_Second: 0.392397 vehicles_per_second
[ROUND-METRICS] Epoch 0 Wait_Normal_Mean: 20.314286 seconds
[ROUND-METRICS] Epoch 0 Wait_Ambulance_Mean: 20.900000 seconds
