[ROUND-METRICS] Epoch 0 Avg_ProposeAll_Consensus_Wall: 2.342000 seconds
[ROUND-METRICS] Epoch 0 Arrival_To_Resume_Time veh0: 2.650000 seconds
[ROUND-METRICS] Epoch 0 Arrival_To_Resume_Time veh1: 3.800000 seconds
[ROUND-METRICS] Epoch 0 Arrival_To_Resume_Time veh2: 5.200000 seconds
[ROUND-METRICS] Epoch 0 Arrival_To_Resume_Time veh3: 8.600000 seconds
[ROUND-METRICS] Epoch 0 Arrival_To_Resume_Time veh4: 2.600000 seconds
[ROUND-METRICS] Epoch 0 Arrival_To_Resume_Time veh5: 5.200000 seconds
[ROUND-METRICS] Epoch 0 Arrival_To_Resume_Time veh6: 6.000000 seconds
[ROUND-METRICS] Epoch 0 Arrival_To_Resume_Time veh7: 9.400000 seconds
[ROUND-METRICS] Epoch 0 Arrival_To_Resume_Time veh8: 4.400000 seconds
[ROUND-METRICS] Epoch 0 Arrival_To_Resume_Time veh9: 4.800000 seconds
[ROUND-METRICS] Epoch 0 Arrival_To_Resume_Time veh10: 6.800000 seconds
[ROUND-METRICS] Epoch 0 Arrival_To_Resume_Time veh11: 7.600000 seconds
[ROUND-METRICS] Epoch 0 Arrival_To_Resume_Time veh12: 8.600000 seconds
[ROUND-METRICS] Epoch 0 Arrival_To_Resume_Time veh13: 8.200000 seconds
[ROUND-METRICS] Epoch 0 Arrival_To_Resume_Time veh14: 7.400000 seconds
[ROUND-METRICS] Epoch 0 Arrival_To_Resume_Time veh15: 10.200000 seconds
[ROUND-METRICS] Epoch 0 Avg_Messages_Sent_PerReplica: 25.250 (count=16)
[ROUND-METRICS] Epoch 0 Avg_Messages_Received_PerReplica: 96.688 (count=16)
[ROUND-METRICS] Epoch 0 Avg_Arrival_To_Resume_Time: 6.340625 seconds (goCars=16)
[ROUND-METRICS] Epoch 0 Avg_StopSign_Failures: 0.000 (count)
[ROUND-METRICS] Epoch 1 Avg_StopSign_Failures: 0.000 (count)
[ROUND-METRICS] Epoch 2 Avg_StopSign_Failures: 0.000 (count)
[ROUND-METRICS] Epoch 3 Avg_StopSign_Failures: 0.000 (count)
[RUN-METRICS] Throughput_User_Definition: 0.437500 seconds_per_vehicle
[RUN-METRICS] Throughput_Vehicles_Per_Second: 2.285714 vehicles_per_second
[RUN-METRICS] Wait_Intersection_All_Mean: 7.000000 seconds
[RUN-METRICS] Wait_Intersection_All_P95: 10.200000 seconds
[RUN-METRICS] Wait_Intersection_Normal_Mean: 7.000000 seconds
[RUN-METRICS] Arrival_To_Resume_Mean: 6.340625 seconds
[RUN-METRICS] Resume_To_Depart_Mean: 0.659375 seconds
[RUN-METRICS] Jains_Fairness_All: 0.907660
[RUN-METRICS] Jains_Fairness_Normal: 0.907660
[RUN-METRICS] Byzantine_Injections_Total: 10
[RUN-METRICS] Byzantine_Injections_Epoch0: 10
[RUN-METRICS] Byzantine_Injections_Epoch1: 0
[RUN-METRICS] Byzantine_Injections_Epoch2: 0
[RUN-METRICS] Byzantine_Injections_Epoch3: 0
[RUN-METRICS] Delivery_Ratio: 0.255695
[RUN-METRICS] Estimated_Loss_Rate: 0.744305
[RUN-METRICS] Fallback_Count: 0
[RUN-METRICS] Fallback_Rate: 0.000000
[ROUND-METRICS] Epoch 0 Throughput_User_Definition: 0.437500 seconds_per_vehicle
[ROUND-METRICS] Epoch 0 Throughput_Vehicles_Per_Second: 2.285714 vehicles_per_second
[ROUND-METRICS] Epoch 0 Wait_Normal_Mean: 7.000000 seconds
