[ROUND-METRICS] Epoch 0 Avg_StopSign_Failures: 0.000 (count)
[ROUND-METRICS] Epoch 1 Avg_StopSign_Failures: 0.000 (count)
[ROUND-METRICS] Epoch 2 Avg_StopSign_Failures: 0.000 (count)
[RUN-METRICS] Throughput_User_Definition: 1.203472 seconds_per_vehicle
[RUN-METRICS] Throughput_Vehicles_Per_Second: 0.830929 vehicles_per_second
[RUN-METRICS] Wait_Intersection_All_Mean: 14.441667 seconds
[RUN-METRICS] Wait_Intersection_All_P95: 20.700000 seconds
[RUN-METRICS] Wait_Intersection_Normal_Mean: 14.600000 seconds
[RUN-METRICS] Wait_Intersection_Ambulance_Mean: 12.700000 seconds
[RUN-METRICS] Stop_To_Resume_Mean: 12.869000 seconds
[RUN-METRICS] Resume_To_Depart_Mean: 1.572667 seconds
[RUN-METRICS] Jains_Fairness_All: 0.944299
[RUN-METRICS] Jains_Fairness_Normal: 0.942019
[RUN-METRICS] Ambulance_Priority_Gain: 1.900000 seconds
[RUN-METRICS] Ambulance_Priority_Ratio: 0.869863
[RUN-METRICS] Byzantine_Injections_Total: 0
[RUN-METRICS] Byzantine_Injections_Epoch0: 0
[RUN-METRICS] Byzantine_Injections_Epoch1: 0
[RUN-METRICS] Byzantine_Injections_Epoch2: 0
[RUN-METRICS] Fallback_Count: 0
[RUN-METRICS] Fallback_Rate: 0.000000
[ROUND-METRICS] Epoch 0 Throughput_User_Definition: 1.203472 seconds_per_vehicle
[ROUND-METRICS] Epoch 0 Throughput_Vehicles_Per_Second: 0.830929 vehicles_per_second
[ROUND-METRICS] Epoch 0 Wait_Normal_Mean: 14.600000 seconds
[ROUND-METRICS] Epoch 0 Wait_Ambulance_Mean: 12.700000 seconds
