[ROUND-METRICS] Epoch 0 Avg_ProposeAll_Consensus_Wall: 0.222000 seconds
[ROUND-METRICS] Epoch 0 Arrival_To_Resume_Time veh0: 8.900000 seconds
[ROUND-METRICS] Epoch 0 Arrival_To_Resume_Time veh1: 8.900000 seconds
[ROUND-METRICS] Epoch 0 Arrival_To_Resume_Time veh2: 0.050000 seconds
[ROUND-METRICS] Epoch 0 Arrival_To_Resume_Time veh3: 13.700000 seconds
[ROUND-METRICS] Epoch 0 Avg_Messages_Sent_PerReplica: 12.500 (count=4)
[ROUND-METRICS] Epoch 0 Avg_Messages_Received_PerReplica: 13.500 (count=4)
[ROUND-METRICS] Epoch 0 Avg_Arrival_To_Resume_Time: 7.887500 seconds (goCars=4)
[ROUND-METRICS] Epoch 0 Avg_StopSign_Failures: 0.000 (count)
[RUN-METRICS] Throughput_User_Definition: 1.993750 seconds_per_vehicle
[RUN-METRICS] Throughput_Vehicles_Per_Second: 0.501567 vehicles_per_second
[RUN-METRICS] Wait_Intersection_All_Mean: 7.975000 seconds
[RUN-METRICS] Wait_Intersection_All_P95: 13.080000 seconds
[RUN-METRICS] Wait_Intersection_Normal_Mean: 10.600000 seconds
[RUN-METRICS] Wait_Intersection_Ambulance_Mean: 0.100000 seconds
[RUN-METRICS] Arrival_To_Resume_Mean: 7.887500 seconds
[RUN-METRICS] Resume_To_Depart_Mean: 0.087500 seconds
[RUN-METRICS] Jains_Fairness_All: 0.721812
[RUN-METRICS] Jains_Fairness_Normal: 0.956418
[RUN-METRICS] Ambulance_Priority_Gain: 10.500000 seconds
[RUN-METRICS] Ambulance_Priority_Ratio: 0.009434
[RUN-METRICS] Byzantine_Injections_Total: 0
[RUN-METRICS] Byzantine_Injections_Epoch0: 0
[RUN-METRICS] Delivery_Ratio: 0.371843
[RUN-METRICS] Estimated_Loss_Rate: 0.628157
[RUN-METRICS] Fallback_Count: 0
[RUN-METRICS] Fallback_Rate: 0.000000
[ROUND-METRICS] Epoch 0 Throughput_User_Definition: 1.993750 seconds_per_vehicle
[ROUND-METRICS] Epoch 0 Throughput_Vehicles_Per_Second: 0.501567 vehicles_per_second
[ROUND-METRICS] Epoch 0 Wait_Normal_Mean: 10.600000 seconds
[ROUND-METRICS] Epoch 0 Wait_Ambulance_Mean: 0.100000 seconds
