[ROUND-METRICS] Epoch 0 Avg_ProposeAll_Consensus_Wall: 1.656000 seconds
[ROUND-METRICS] Epoch 0 Arrival_To_Resume_Time veh0: 3.900000 seconds
[ROUND-METRICS] Epoch 0 Arrival_To_Resume_Time veh1: 5.500000 seconds
[ROUND-METRICS] Epoch 0 Arrival_To_Resume_Time veh2: 3.900000 seconds
[ROUND-METRICS] Epoch 0 Arrival_To_Resume_Time veh3: 5.500000 seconds
[ROUND-METRICS] Epoch 0 Arrival_To_Resume_Time veh4: 2.250000 seconds
[ROUND-METRICS] Epoch 0 Arrival_To_Resume_Time veh5: 2.900000 seconds
[ROUND-METRICS] Epoch 0 Arrival_To_Resume_Time veh6: 4.700000 seconds
[ROUND-METRICS] Epoch 0 Arrival_To_Resume_Time veh7: 6.300000 seconds
[ROUND-METRICS] Epoch 0 Avg_Messages_Sent_PerReplica: 16.750 (count=8)
[ROUND-METRICS] Epoch 0 Avg_Messages_Received_PerReplica: 34.375 (count=8)
[ROUND-METRICS] Epoch 0 Avg_Arrival_To_Resume_Time: 4.368750 seconds (goCars=8)
[ROUND-METRICS] Epoch 0 Avg_StopSign_Failures: 0.000 (count)
[ROUND-METRICS] Epoch 1 Avg_StopSign_Failures: 0.000 (count)
[RUN-METRICS] Throughput_User_Definition: 0.631250 seconds_per_vehicle
[RUN-METRICS] Throughput_Vehicles_Per_Second: 1.584158 vehicles_per_second
[RUN-METRICS] Wait_Intersection_All_Mean: 5.050000 seconds
[RUN-METRICS] Wait_Intersection_All_P95: 6.820000 seconds
[RUN-METRICS] Wait_Intersection_Normal_Mean: 5.242857 seconds
[RUN-METRICS] Wait_Intersection_Ambulance_Mean: 3.700000 seconds
[RUN-METRICS] Arrival_To_Resume_Mean: 4.368750 seconds
[RUN-METRICS] Resume_To_Depart_Mean: 0.681250 seconds
[RUN-METRICS] Jains_Fairness_All: 0.930069
[RUN-METRICS] Jains_Fairness_Normal: 0.935542
[RUN-METRICS] Ambulance_Priority_Gain: 1.542857 seconds
[RUN-METRICS] Ambulance_Priority_Ratio: 0.705722
[RUN-METRICS] Byzantine_Injections_Total: 4
[RUN-METRICS] Byzantine_Injections_Epoch0: 4
[RUN-METRICS] Byzantine_Injections_Epoch1: 0
[RUN-METRICS] Delivery_Ratio: 0.297484
[RUN-METRICS] Estimated_Loss_Rate: 0.702516
[RUN-METRICS] Fallback_Count: 0
[RUN-METRICS] Fallback_Rate: 0.000000
[ROUND-METRICS] Epoch 0 Throughput_User_Definition: 0.631250 seconds_per_vehicle
[ROUND-METRICS] Epoch 0 Throughput_Vehicles_Per_Second: 1.584158 vehicles_per_second
[ROUND-METRICS] Epoch 0 Wait_Normal_Mean: 5.242857 seconds
[ROUND-METRICS] Epoch 0 Wait_Ambulance_Mean: 3.700000 seconds
