[ROUND-METRICS] Epoch 0 Avg_Order_BFT_Request_RTT_Submitter: 2.564 seconds (submittersCounted=1)
[ROUND-METRICS] Epoch 0 Avg_View_Consensus_Latency_4Cars: 0.3301717432165 seconds (replicasCounted=4)
[ROUND-METRICS] Epoch 0 Avg_Order_Consensus_Latency_4Cars: 0.41730030059175 seconds (replicasCounted=4)
[ROUND-METRICS] Epoch 1 Avg_ResetToViewEnd_4Cars: 8.76377472470975 seconds (replicasCounted=4)
[ROUND-METRICS] Epoch 1 Avg_Order_BFT_Request_RTT_Submitter: 2.741 seconds (submittersCounted=1)
[ROUND-METRICS] Epoch 1 Avg_View_Consensus_Latency_4Cars: 0.26467504829125 seconds (replicasCounted=4)
[ROUND-METRICS] Epoch 1 Avg_Order_Consensus_Latency_4Cars: 0.461105172708 seconds (replicasCounted=4)
========== CONSENSUS METRICS (Replica 0) ==========
[METRICS 0] === VIEW SIGNATURE COLLECTION ===
[METRICS 0] View_Signature_Collection_Start: 0.6
[METRICS 0] View_Signature_Collection_End: 0.707881793691
[METRICS 0] View_Signature_Collection_Duration: 0.107881793691 seconds
[METRICS 0] === VIEW CONSENSUS ===
[METRICS 0] View_Consensus_Start: 0.707881793691
[METRICS 0] View_Consensus_End:   1.041687082423
[METRICS 0] View_Consensus_Latency: 0.333805288732 seconds
[METRICS 0] === ORDER SIGNATURE COLLECTION ===
[METRICS 0] Order_Signature_Collection_Start: 1.05
[METRICS 0] Order_Signature_Collection_End: 1.172209747464
[METRICS 0] Order_Signature_Collection_Duration: 0.122209747464 seconds
[METRICS 0] LaneLeader_Gossip_Duration: 0.170487182087 seconds
[METRICS 0] === ORDER CONSENSUS ===
[METRICS 0] Order_Consensus_Start: 1.342696929551
[METRICS 0] Order_Consensus_End:   1.65
[METRICS 0] Order_Consensus_Latency: 0.307303070449 seconds
[METRICS 0] Order_BFT_Request_RTT: 2.564 seconds
[METRICS 0] === OVERALL ===
[METRICS 0] Total_Consensus_Start: 0.6
[METRICS 0] Total_Consensus_End:   1.65
[METRICS 0] Total_Consensus_Duration: 1.05 seconds
[ROUND-METRICS] Epoch 0 Avg_Order_BFT_Request_RTT_Submitter: 2.564 seconds (submittersCounted=1)
[METRICS 0] Stop_Time: 0.6
[METRICS 0] Projected_Total_Wait: 1.05 seconds
--
========== CONSENSUS METRICS (Replica 2) ==========
[METRICS 2] === VIEW SIGNATURE COLLECTION ===
[METRICS 2] View_Signature_Collection_Start: 0.6
[METRICS 2] View_Signature_Collection_End: 0.729396231875
[METRICS 2] View_Signature_Collection_Duration: 0.129396231875 seconds
[METRICS 2] === VIEW CONSENSUS ===
[METRICS 2] View_Consensus_Start: 0.729396231875
[METRICS 2] View_Consensus_End:   1.045177173899
[METRICS 2] View_Consensus_Latency: 0.315780942024 seconds
[METRICS 2] === ORDER SIGNATURE COLLECTION ===
[METRICS 2] Order_Signature_Collection_Start: 1.05
[METRICS 2] Order_Signature_Collection_End: 1.161418664283
[METRICS 2] Order_Signature_Collection_Duration: 0.111418664283 seconds
[METRICS 2] LaneLeader_Gossip_Duration: 0 seconds
[METRICS 2] === ORDER CONSENSUS ===
[METRICS 2] Order_Consensus_Start: 1.161418664283
[METRICS 2] Order_Consensus_End:   1.65
[METRICS 2] Order_Consensus_Latency: 0.488581335717 seconds
[METRICS 2] Order_BFT_Request_RTT: N/A (no local ORDER submit)
[METRICS 2] === OVERALL ===
[METRICS 2] Total_Consensus_Start: 0.6
[METRICS 2] Total_Consensus_End:   1.65
[METRICS 2] Total_Consensus_Duration: 1.05 seconds
[METRICS 2] Timing_Fallbacks: viewStart=1 orderStart=1 gossipWindow=1
[METRICS 2] Stop_Time: 0.6
[METRICS 2] Projected_Total_Wait: 3.621428571429 seconds
--
========== CONSENSUS METRICS (Replica 4) ==========
[METRICS 4] === VIEW SIGNATURE COLLECTION ===
[METRICS 4] View_Signature_Collection_Start: 0.6
[METRICS 4] View_Signature_Collection_End: 0.707881761384
[METRICS 4] View_Signature_Collection_Duration: 0.107881761384 seconds
[METRICS 4] === VIEW CONSENSUS ===
[METRICS 4] View_Consensus_Start: 0.707881761384
[METRICS 4] View_Consensus_End:   1.041687082423
[METRICS 4] View_Consensus_Latency: 0.333805321039 seconds
[METRICS 4] === ORDER SIGNATURE COLLECTION ===
[METRICS 4] Order_Signature_Collection_Start: 1.05
[METRICS 4] Order_Signature_Collection_End: 1.164922723147
[METRICS 4] Order_Signature_Collection_Duration: 0.114922723147 seconds
[METRICS 4] LaneLeader_Gossip_Duration: 0 seconds
[METRICS 4] === ORDER CONSENSUS ===
[METRICS 4] Order_Consensus_Start: 1.164922723147
[METRICS 4] Order_Consensus_End:   1.65
[METRICS 4] Order_Consensus_Latency: 0.485077276853 seconds
[METRICS 4] Order_BFT_Request_RTT: N/A (no local ORDER submit)
[METRICS 4] === OVERALL ===
[METRICS 4] Total_Consensus_Start: 0.6
[METRICS 4] Total_Consensus_End:   1.65
[METRICS 4] Total_Consensus_Duration: 1.05 seconds
[METRICS 4] Timing_Fallbacks: viewStart=1 orderStart=1 gossipWindow=1
[METRICS 4] Stop_Time: 0.6
[METRICS 4] Projected_Total_Wait: 6.192857142857 seconds
--
========== CONSENSUS METRICS (Replica 6) ==========
[METRICS 6] === VIEW SIGNATURE COLLECTION ===
[METRICS 6] View_Signature_Collection_Start: 0.6
[METRICS 6] View_Signature_Collection_End: 0.707881752828
[METRICS 6] View_Signature_Collection_Duration: 0.107881752828 seconds
[METRICS 6] === VIEW CONSENSUS ===
[METRICS 6] View_Consensus_Start: 0.707881752828
[METRICS 6] View_Consensus_End:   1.045177173899
[METRICS 6] View_Consensus_Latency: 0.337295421071 seconds
[ROUND-METRICS] Epoch 0 Avg_View_Consensus_Latency_4Cars: 0.3301717432165 seconds (replicasCounted=4)
[METRICS 6] === ORDER SIGNATURE COLLECTION ===
[METRICS 6] Order_Signature_Collection_Start: 1.05
[METRICS 6] Order_Signature_Collection_End: 1.261760480652
[METRICS 6] Order_Signature_Collection_Duration: 0.211760480652 seconds
[METRICS 6] LaneLeader_Gossip_Duration: 0 seconds
[METRICS 6] === ORDER CONSENSUS ===
[METRICS 6] Order_Consensus_Start: 1.261760480652
[METRICS 6] Order_Consensus_End:   1.65
[METRICS 6] Order_Consensus_Latency: 0.388239519348 seconds
[METRICS 6] Order_BFT_Request_RTT: N/A (no local ORDER submit)
[METRICS 6] === OVERALL ===
[METRICS 6] Total_Consensus_Start: 0.6
[METRICS 6] Total_Consensus_End:   1.65
[METRICS 6] Total_Consensus_Duration: 1.05 seconds
[METRICS 6] Timing_Fallbacks: viewStart=1 orderStart=1 gossipWindow=1
[ROUND-METRICS] Epoch 0 Avg_Order_Consensus_Latency_4Cars: 0.41730030059175 seconds (replicasCounted=4)
--
========== CONSENSUS METRICS (Replica 1) ==========
[METRICS 1] === VIEW SIGNATURE COLLECTION ===
[METRICS 1] View_Signature_Collection_Start: 10
[METRICS 1] View_Signature_Collection_End: 10.153883201103
[METRICS 1] View_Signature_Collection_Duration: 0.153883201103 seconds
[METRICS 1] === VIEW CONSENSUS ===
[METRICS 1] View_Consensus_Start: 10.153883201103
[METRICS 1] View_Consensus_End:   10.402495893586
[METRICS 1] View_Consensus_Latency: 0.248612692483 seconds
[METRICS 1] === ORDER SIGNATURE COLLECTION ===
[METRICS 1] Order_Signature_Collection_Start: 10.45
[METRICS 1] Order_Signature_Collection_End: 10.686973723102
[METRICS 1] Order_Signature_Collection_Duration: 0.236973723102 seconds
[METRICS 1] LaneLeader_Gossip_Duration: 0.151988557813 seconds
[METRICS 1] === ORDER CONSENSUS ===
[METRICS 1] Order_Consensus_Start: 10.838962280915
[METRICS 1] Order_Consensus_End:   11.15
[METRICS 1] Order_Consensus_Latency: 0.311037719085 seconds
[METRICS 1] Order_BFT_Request_RTT: 2.741 seconds
[METRICS 1] === OVERALL ===
[METRICS 1] Total_Consensus_Start: 10
[METRICS 1] Total_Consensus_End:   11.15
[METRICS 1] Total_Consensus_Duration: 1.15 seconds
[ROUND-METRICS] Epoch 1 Avg_Order_BFT_Request_RTT_Submitter: 2.741 seconds (submittersCounted=1)
[METRICS 1] Stop_Time: 10
[METRICS 1] Projected_Total_Wait: 1.15 seconds
--
========== CONSENSUS METRICS (Replica 3) ==========
[METRICS 3] === VIEW SIGNATURE COLLECTION ===
[METRICS 3] View_Signature_Collection_Start: 10
[METRICS 3] View_Signature_Collection_End: 10.144316141631
[METRICS 3] View_Signature_Collection_Duration: 0.144316141631 seconds
[METRICS 3] === VIEW CONSENSUS ===
[METRICS 3] View_Consensus_Start: 10.144316141631
[METRICS 3] View_Consensus_End:   10.447611975207
[METRICS 3] View_Consensus_Latency: 0.303295833576 seconds
[METRICS 3] === ORDER SIGNATURE COLLECTION ===
[METRICS 3] Order_Signature_Collection_Start: 10.45
[METRICS 3] Order_Signature_Collection_End: 10.568393397415
[METRICS 3] Order_Signature_Collection_Duration: 0.118393397415 seconds
[METRICS 3] LaneLeader_Gossip_Duration: 0 seconds
[METRICS 3] === ORDER CONSENSUS ===
[METRICS 3] Order_Consensus_Start: 10.568393397415
[METRICS 3] Order_Consensus_End:   11.15
[METRICS 3] Order_Consensus_Latency: 0.581606602585 seconds
[METRICS 3] Order_BFT_Request_RTT: N/A (no local ORDER submit)
[METRICS 3] === OVERALL ===
[METRICS 3] Total_Consensus_Start: 10
[METRICS 3] Total_Consensus_End:   11.15
[METRICS 3] Total_Consensus_Duration: 1.15 seconds
[METRICS 3] Timing_Fallbacks: viewStart=1 orderStart=1 gossipWindow=1
[METRICS 3] Stop_Time: 10
[METRICS 3] Projected_Total_Wait: 3.721428571429 seconds
--
========== CONSENSUS METRICS (Replica 5) ==========
[METRICS 5] === VIEW SIGNATURE COLLECTION ===
[METRICS 5] View_Signature_Collection_Start: 10
[METRICS 5] View_Signature_Collection_End: 10.153883183685
[METRICS 5] View_Signature_Collection_Duration: 0.153883183685 seconds
[METRICS 5] === VIEW CONSENSUS ===
[METRICS 5] View_Consensus_Start: 10.153883183685
[METRICS 5] View_Consensus_End:   10.40249513646
[METRICS 5] View_Consensus_Latency: 0.248611952775 seconds
[METRICS 5] === ORDER SIGNATURE COLLECTION ===
[METRICS 5] Order_Signature_Collection_Start: 10.45
[METRICS 5] Order_Signature_Collection_End: 10.645927653269
[METRICS 5] Order_Signature_Collection_Duration: 0.195927653269 seconds
[METRICS 5] LaneLeader_Gossip_Duration: 0 seconds
[METRICS 5] === ORDER CONSENSUS ===
[METRICS 5] Order_Consensus_Start: 10.645927653269
[METRICS 5] Order_Consensus_End:   11.15
[METRICS 5] Order_Consensus_Latency: 0.504072346731 seconds
[METRICS 5] Order_BFT_Request_RTT: N/A (no local ORDER submit)
[METRICS 5] === OVERALL ===
[METRICS 5] Total_Consensus_Start: 10
[METRICS 5] Total_Consensus_End:   11.15
[METRICS 5] Total_Consensus_Duration: 1.15 seconds
[METRICS 5] Timing_Fallbacks: viewStart=1 orderStart=1 gossipWindow=1
[METRICS 5] Stop_Time: 10
[METRICS 5] Projected_Total_Wait: 6.292857142857 seconds
--
========== CONSENSUS METRICS (Replica 7) ==========
[METRICS 7] === VIEW SIGNATURE COLLECTION ===
[METRICS 7] View_Signature_Collection_Start: 10
[METRICS 7] View_Signature_Collection_End: 10.144316179255
[METRICS 7] View_Signature_Collection_Duration: 0.144316179255 seconds
[METRICS 7] === VIEW CONSENSUS ===
[METRICS 7] View_Consensus_Start: 10.144316179255
[METRICS 7] View_Consensus_End:   10.402495893586
[METRICS 7] View_Consensus_Latency: 0.258179714331 seconds
[ROUND-METRICS] Epoch 1 Avg_View_Consensus_Latency_4Cars: 0.26467504829125 seconds (replicasCounted=4)
[METRICS 7] === ORDER SIGNATURE COLLECTION ===
[METRICS 7] Order_Signature_Collection_Start: 10.45
[METRICS 7] Order_Signature_Collection_End: 10.702295977569
[METRICS 7] Order_Signature_Collection_Duration: 0.252295977569 seconds
[METRICS 7] LaneLeader_Gossip_Duration: 0 seconds
[METRICS 7] === ORDER CONSENSUS ===
[METRICS 7] Order_Consensus_Start: 10.702295977569
[METRICS 7] Order_Consensus_End:   11.15
[METRICS 7] Order_Consensus_Latency: 0.447704022431 seconds
[METRICS 7] Order_BFT_Request_RTT: N/A (no local ORDER submit)
[METRICS 7] === OVERALL ===
[METRICS 7] Total_Consensus_Start: 10
[METRICS 7] Total_Consensus_End:   11.15
[METRICS 7] Total_Consensus_Duration: 1.15 seconds
[METRICS 7] Timing_Fallbacks: viewStart=1 orderStart=1 gossipWindow=1
[ROUND-METRICS] Epoch 1 Avg_Order_Consensus_Latency_4Cars: 0.461105172708 seconds (replicasCounted=4)