[ROUND-METRICS] Epoch 0 Avg_ProposeAll_Consensus_Wall: 2.941000 seconds
[ROUND-METRICS] Epoch 0 Arrival_To_Resume_Time veh0: 2.100000 seconds
[ROUND-METRICS] Epoch 0 Arrival_To_Resume_Time veh1: 4.900000 seconds
[ROUND-METRICS] Epoch 0 Arrival_To_Resume_Time veh2: 8.900000 seconds
[ROUND-METRICS] Epoch 0 Arrival_To_Resume_Time veh3: 10.700000 seconds
[ROUND-METRICS] Epoch 0 Arrival_To_Resume_Time veh4: 1.900000 seconds
[ROUND-METRICS] Epoch 0 Arrival_To_Resume_Time veh5: 2.700000 seconds
[ROUND-METRICS] Epoch 0 Arrival_To_Resume_Time veh6: 3.700000 seconds
[ROUND-METRICS] Epoch 0 Arrival_To_Resume_Time veh7: 4.900000 seconds
[ROUND-METRICS] Epoch 0 Arrival_To_Resume_Time veh8: 6.300000 seconds
[ROUND-METRICS] Epoch 0 Arrival_To_Resume_Time veh9: 7.900000 seconds
[ROUND-METRICS] Epoch 0 Arrival_To_Resume_Time veh10: 9.700000 seconds
[ROUND-METRICS] Epoch 0 Arrival_To_Resume_Time veh11: 11.500000 seconds
[ROUND-METRICS] Epoch 0 Arrival_To_Resume_Time veh12: 7.100000 seconds
[ROUND-METRICS] Epoch 0 Arrival_To_Resume_Time veh13: 7.900000 seconds
[ROUND-METRICS] Epoch 0 Arrival_To_Resume_Time veh14: 9.700000 seconds
[ROUND-METRICS] Epoch 0 Arrival_To_Resume_Time veh15: 11.500000 seconds
[ROUND-METRICS] Epoch 0 Avg_Messages_Sent_PerReplica: 25.312 (count=16)
[ROUND-METRICS] Epoch 0 Avg_Messages_Received_PerReplica: 89.938 (count=16)
[ROUND-METRICS] Epoch 0 Avg_Arrival_To_Resume_Time: 6.962500 seconds (goCars=16)
[ROUND-METRICS] Epoch 0 Avg_StopSign_Failures: 0.000 (count)
[ROUND-METRICS] Epoch 1 Avg_StopSign_Failures: 0.000 (count)
[ROUND-METRICS] Epoch 2 Avg_StopSign_Failures: 0.000 (count)
[ROUND-METRICS] Epoch 3 Avg_StopSign_Failures: 0.000 (count)
[RUN-METRICS] Throughput_User_Definition: 0.675000 seconds_per_vehicle
[RUN-METRICS] Throughput_Vehicles_Per_Second: 1.481481 vehicles_per_second
[RUN-METRICS] Wait_Intersection_All_Mean: 7.681250 seconds
[RUN-METRICS] Wait_Intersection_All_P95: 12.350000 seconds
[RUN-METRICS] Wait_Intersection_Normal_Mean: 7.860000 seconds
[RUN-METRICS] Wait_Intersection_Ambulance_Mean: 5.000000 seconds
[RUN-METRICS] Arrival_To_Resume_Mean: 6.962500 seconds
[RUN-METRICS] Resume_To_Depart_Mean: 0.718750 seconds
[RUN-METRICS] Jains_Fairness_All: 0.845757
[RUN-METRICS] Jains_Fairness_Normal: 0.849251
[RUN-METRICS] Ambulance_Priority_Gain: 2.860000 seconds
[RUN-METRICS] Ambulance_Priority_Ratio: 0.636132
[RUN-METRICS] Byzantine_Injections_Total: 10
[RUN-METRICS] Byzantine_Injections_Epoch0: 10
[RUN-METRICS] Byzantine_Injections_Epoch1: 0
[RUN-METRICS] Byzantine_Injections_Epoch2: 0
[RUN-METRICS] Byzantine_Injections_Epoch3: 0
[RUN-METRICS] Delivery_Ratio: 0.237444
[RUN-METRICS] Estimated_Loss_Rate: 0.762556
[RUN-METRICS] Fallback_Count: 0
[RUN-METRICS] Fallback_Rate: 0.000000
[ROUND-METRICS] Epoch 0 Throughput_User_Definition: 0.625000 seconds_per_vehicle
[ROUND-METRICS] Epoch 0 Throughput_Vehicles_Per_Second: 1.600000 vehicles_per_second
[ROUND-METRICS] Epoch 0 Wait_Normal_Mean: 7.860000 seconds
[ROUND-METRICS] Epoch 0 Wait_Ambulance_Mean: 5.000000 seconds
