[ROUND-METRICS] Epoch 0 Avg_ProposeAll_Consensus_Wall: 2.804000 seconds
[ROUND-METRICS] Epoch 0 Arrival_To_Resume_Time veh0: 2.100000 seconds
[ROUND-METRICS] Epoch 0 Arrival_To_Resume_Time veh1: 4.300000 seconds
[ROUND-METRICS] Epoch 0 Arrival_To_Resume_Time veh2: 6.700000 seconds
[ROUND-METRICS] Epoch 0 Arrival_To_Resume_Time veh3: 9.100000 seconds
[ROUND-METRICS] Epoch 0 Arrival_To_Resume_Time veh4: 1.900000 seconds
[ROUND-METRICS] Epoch 0 Arrival_To_Resume_Time veh5: 4.300000 seconds
[ROUND-METRICS] Epoch 0 Arrival_To_Resume_Time veh6: 6.700000 seconds
[ROUND-METRICS] Epoch 0 Arrival_To_Resume_Time veh7: 9.100000 seconds
[ROUND-METRICS] Epoch 0 Arrival_To_Resume_Time veh8: 2.700000 seconds
[ROUND-METRICS] Epoch 0 Arrival_To_Resume_Time veh9: 5.100000 seconds
[ROUND-METRICS] Epoch 0 Arrival_To_Resume_Time veh10: 7.500000 seconds
[ROUND-METRICS] Epoch 0 Arrival_To_Resume_Time veh11: 9.900000 seconds
[ROUND-METRICS] Epoch 0 Arrival_To_Resume_Time veh12: 3.500000 seconds
[ROUND-METRICS] Epoch 0 Arrival_To_Resume_Time veh13: 5.900000 seconds
[ROUND-METRICS] Epoch 0 Arrival_To_Resume_Time veh14: 8.300000 seconds
[ROUND-METRICS] Epoch 0 Arrival_To_Resume_Time veh15: 10.700000 seconds
[ROUND-METRICS] Epoch 0 Avg_Messages_Sent_PerReplica: 25.188 (count=16)
[ROUND-METRICS] Epoch 0 Avg_Messages_Received_PerReplica: 92.688 (count=16)
[ROUND-METRICS] Epoch 0 Avg_Arrival_To_Resume_Time: 6.112500 seconds (goCars=16)
[ROUND-METRICS] Epoch 0 Avg_StopSign_Failures: 0.000 (count)
[ROUND-METRICS] Epoch 1 Avg_StopSign_Failures: 0.000 (count)
[ROUND-METRICS] Epoch 2 Avg_StopSign_Failures: 0.000 (count)
[ROUND-METRICS] Epoch 3 Avg_StopSign_Failures: 0.000 (count)
[RUN-METRICS] Throughput_User_Definition: 0.550000 seconds_per_vehicle
[RUN-METRICS] Throughput_Vehicles_Per_Second: 1.818182 vehicles_per_second
[RUN-METRICS] Wait_Intersection_All_Mean: 6.712500 seconds
[RUN-METRICS] Wait_Intersection_All_P95: 10.700000 seconds
[RUN-METRICS] Wait_Intersection_Normal_Mean: 6.406667 seconds
[RUN-METRICS] Wait_Intersection_Ambulance_Mean: 11.300000 seconds
[RUN-METRICS] Arrival_To_Resume_Mean: 6.112500 seconds
[RUN-METRICS] Resume_To_Depart_Mean: 0.600000 seconds
[RUN-METRICS] Jains_Fairness_All: 0.856691
[RUN-METRICS] Jains_Fairness_Normal: 0.862503
[RUN-METRICS] Ambulance_Priority_Gain: -4.893333 seconds
[RUN-METRICS] Ambulance_Priority_Ratio: 1.763788
[RUN-METRICS] Byzantine_Injections_Total: 10
[RUN-METRICS] Byzantine_Injections_Epoch0: 10
[RUN-METRICS] Byzantine_Injections_Epoch1: 0
[RUN-METRICS] Byzantine_Injections_Epoch2: 0
[RUN-METRICS] Byzantine_Injections_Epoch3: 0
[RUN-METRICS] Delivery_Ratio: 0.245577
[RUN-METRICS] Estimated_Loss_Rate: 0.754423
[RUN-METRICS] Fallback_Count: 0
[RUN-METRICS] Fallback_Rate: 0.000000
[ROUND-METRICS] Epoch 0 Throughput_User_Definition: 0.550000 seconds_per_vehicle
[ROUND-METRICS] Epoch 0 Throughput_Vehicles_Per_Second: 1.818182 vehicles_per_second
[ROUND-METRICS] Epoch 0 Wait_Normal_Mean: 6.406667 seconds
[ROUND-METRICS] Epoch 0 Wait_Ambulance_Mean: 11.300000 seconds
