[ROUND-METRICS] Epoch 0 Avg_ProposeAll_Consensus_Wall: 22.994000 seconds
[ROUND-METRICS] Epoch 0 Arrival_To_Resume_Time veh0: 7.100000 seconds
[ROUND-METRICS] Epoch 0 Arrival_To_Resume_Time veh1: 8.500000 seconds
[ROUND-METRICS] Epoch 0 Arrival_To_Resume_Time veh2: 9.300000 seconds
[ROUND-METRICS] Epoch 0 Arrival_To_Resume_Time veh3: 7.700000 seconds
[ROUND-METRICS] Epoch 0 Arrival_To_Resume_Time veh4: 9.300000 seconds
[ROUND-METRICS] Epoch 0 Arrival_To_Resume_Time veh5: 11.100000 seconds
[ROUND-METRICS] Epoch 0 Arrival_To_Resume_Time veh6: 3.900000 seconds
[ROUND-METRICS] Epoch 0 Arrival_To_Resume_Time veh7: 4.700000 seconds
[ROUND-METRICS] Epoch 0 Arrival_To_Resume_Time veh8: 5.700000 seconds
[ROUND-METRICS] Epoch 0 Arrival_To_Resume_Time veh9: 3.900000 seconds
[ROUND-METRICS] Epoch 0 Arrival_To_Resume_Time veh10: 10.300000 seconds
[ROUND-METRICS] Epoch 0 Arrival_To_Resume_Time veh11: 12.100000 seconds
[ROUND-METRICS] Epoch 0 Avg_Messages_Sent_PerReplica: 41.583 (count=12)
[ROUND-METRICS] Epoch 0 Avg_Messages_Received_PerReplica: 159.500 (count=12)
[ROUND-METRICS] Epoch 0 Avg_Arrival_To_Resume_Time: 7.800000 seconds (goCars=12)
[ROUND-METRICS] Epoch 0 Avg_StopSign_Failures: 0.000 (count)
[ROUND-METRICS] Epoch 1 Avg_StopSign_Failures: 0.000 (count)
[ROUND-METRICS] Epoch 2 Avg_StopSign_Failures: 0.000 (count)
[RUN-METRICS] Throughput_User_Definition: 0.712500 seconds_per_vehicle
[RUN-METRICS] Throughput_Vehicles_Per_Second: 1.403509 vehicles_per_second
[RUN-METRICS] Wait_Intersection_All_Mean: 8.550000 seconds
[RUN-METRICS] Wait_Intersection_All_P95: 12.350000 seconds
[RUN-METRICS] Wait_Intersection_Normal_Mean: 8.718182 seconds
[RUN-METRICS] Wait_Intersection_Ambulance_Mean: 6.700000 seconds
[RUN-METRICS] Arrival_To_Resume_Mean: 7.800000 seconds
[RUN-METRICS] Resume_To_Depart_Mean: 0.750000 seconds
[RUN-METRICS] Jains_Fairness_All: 0.908821
[RUN-METRICS] Jains_Fairness_Normal: 0.908430
[RUN-METRICS] Ambulance_Priority_Gain: 2.018182 seconds
[RUN-METRICS] Ambulance_Priority_Ratio: 0.768509
[RUN-METRICS] Byzantine_Injections_Total: 1
[RUN-METRICS] Byzantine_Injections_Epoch0: 1
[RUN-METRICS] Byzantine_Injections_Epoch1: 0
[RUN-METRICS] Byzantine_Injections_Epoch2: 0
[RUN-METRICS] Delivery_Ratio: 0.352005
[RUN-METRICS] Estimated_Loss_Rate: 0.647995
[RUN-METRICS] Fallback_Count: 0
[RUN-METRICS] Fallback_Rate: 0.000000
[ROUND-METRICS] Epoch 0 Throughput_User_Definition: 0.712500 seconds_per_vehicle
[ROUND-METRICS] Epoch 0 Throughput_Vehicles_Per_Second: 1.403509 vehicles_per_second
[ROUND-METRICS] Epoch 0 Wait_Normal_Mean: 8.718182 seconds
[ROUND-METRICS] Epoch 0 Wait_Ambulance_Mean: 6.700000 seconds
