[ROUND-METRICS] Epoch 0 Avg_StopSign_Failures: 0.000 (count)
[ROUND-METRICS] Epoch 1 Avg_StopSign_Failures: 0.000 (count)
[ROUND-METRICS] Epoch 2 Avg_StopSign_Failures: 0.000 (count)
[ROUND-METRICS] Epoch 3 Avg_StopSign_Failures: 0.000 (count)
[RUN-METRICS] Throughput_User_Definition: 0.599695 seconds_per_vehicle
[RUN-METRICS] Throughput_Vehicles_Per_Second: 1.667513 vehicles_per_second
[RUN-METRICS] Wait_Intersection_All_Mean: 9.595125 seconds
[RUN-METRICS] Wait_Intersection_All_P95: 12.629000 seconds
[RUN-METRICS] Wait_Intersection_Normal_Mean: 9.734800 seconds
[RUN-METRICS] Wait_Intersection_Ambulance_Mean: 7.500000 seconds
[RUN-METRICS] Stop_To_Resume_Mean: 8.091313 seconds
[RUN-METRICS] Resume_To_Depart_Mean: 1.503812 seconds
[RUN-METRICS] Jains_Fairness_All: 0.946062
[RUN-METRICS] Jains_Fairness_Normal: 0.947160
[RUN-METRICS] Ambulance_Priority_Gain: 2.234800 seconds
[RUN-METRICS] Ambulance_Priority_Ratio: 0.770432
[RUN-METRICS] Byzantine_Injections_Total: 0
[RUN-METRICS] Byzantine_Injections_Epoch0: 0
[RUN-METRICS] Byzantine_Injections_Epoch1: 0
[RUN-METRICS] Byzantine_Injections_Epoch2: 0
[RUN-METRICS] Byzantine_Injections_Epoch3: 0
[RUN-METRICS] Fallback_Count: 0
[RUN-METRICS] Fallback_Rate: 0.000000
[ROUND-METRICS] Epoch 0 Throughput_User_Definition: 0.599695 seconds_per_vehicle
[ROUND-METRICS] Epoch 0 Throughput_Vehicles_Per_Second: 1.667513 vehicles_per_second
[ROUND-METRICS] Epoch 0 Wait_Normal_Mean: 9.734800 seconds
[ROUND-METRICS] Epoch 0 Wait_Ambulance_Mean: 7.500000 seconds
