[ROUND-METRICS] Epoch 0 Avg_ProposeAll_Consensus_Wall: 2.000000 seconds
[ROUND-METRICS] Epoch 0 Arrival_To_Resume_Time veh0: 2.400000 seconds
[ROUND-METRICS] Epoch 0 Arrival_To_Resume_Time veh1: 2.800000 seconds
[ROUND-METRICS] Epoch 0 Arrival_To_Resume_Time veh2: 3.850000 seconds
[ROUND-METRICS] Epoch 0 Arrival_To_Resume_Time veh3: 7.450000 seconds
[ROUND-METRICS] Epoch 0 Arrival_To_Resume_Time veh4: 1.850000 seconds
[ROUND-METRICS] Epoch 0 Arrival_To_Resume_Time veh5: 4.000000 seconds
[ROUND-METRICS] Epoch 0 Arrival_To_Resume_Time veh6: 4.850000 seconds
[ROUND-METRICS] Epoch 0 Arrival_To_Resume_Time veh7: 7.450000 seconds
[ROUND-METRICS] Epoch 0 Arrival_To_Resume_Time veh8: 3.400000 seconds
[ROUND-METRICS] Epoch 0 Arrival_To_Resume_Time veh9: 4.000000 seconds
[ROUND-METRICS] Epoch 0 Arrival_To_Resume_Time veh10: 5.650000 seconds
[ROUND-METRICS] Epoch 0 Arrival_To_Resume_Time veh11: 6.450000 seconds
[ROUND-METRICS] Epoch 0 Arrival_To_Resume_Time veh12: 7.200000 seconds
[ROUND-METRICS] Epoch 0 Arrival_To_Resume_Time veh13: 6.600000 seconds
[ROUND-METRICS] Epoch 0 Arrival_To_Resume_Time veh14: 6.400000 seconds
[ROUND-METRICS] Epoch 0 Arrival_To_Resume_Time veh15: 8.650000 seconds
[ROUND-METRICS] Epoch 0 Avg_Messages_Sent_PerReplica: 27.125 (count=16)
[ROUND-METRICS] Epoch 0 Avg_Messages_Received_PerReplica: 54.188 (count=16)
[ROUND-METRICS] Epoch 0 Avg_Arrival_To_Resume_Time: 5.187500 seconds (goCars=16)
[ROUND-METRICS] Epoch 0 Avg_StopSign_Failures: 0.000 (count)
[ROUND-METRICS] Epoch 1 Avg_StopSign_Failures: 0.000 (count)
[ROUND-METRICS] Epoch 2 Avg_StopSign_Failures: 0.000 (count)
[ROUND-METRICS] Epoch 3 Avg_StopSign_Failures: 0.000 (count)
[RUN-METRICS] Throughput_User_Definition: 0.366797 seconds_per_vehicle
[RUN-METRICS] Throughput_Vehicles_Per_Second: 2.726305 vehicles_per_second
[RUN-METRICS] Wait_Intersection_All_Mean: 5.868750 seconds
[RUN-METRICS] Wait_Intersection_All_P95: 8.650000 seconds
[RUN-METRICS] Wait_Intersection_Normal_Mean: 5.868750 seconds
[RUN-METRICS] Arrival_To_Resume_Mean: 5.187500 seconds
[RUN-METRICS] Resume_To_Depart_Mean: 0.681250 seconds
[RUN-METRICS] Jains_Fairness_All: 0.890613
[RUN-METRICS] Jains_Fairness_Normal: 0.890613
[RUN-METRICS] Byzantine_Injections_Total: 0
[RUN-METRICS] Byzantine_Injections_Epoch0: 0
[RUN-METRICS] Byzantine_Injections_Epoch1: 0
[RUN-METRICS] Byzantine_Injections_Epoch2: 0
[RUN-METRICS] Byzantine_Injections_Epoch3: 0
[RUN-METRICS] Delivery_Ratio: 0.133778
[RUN-METRICS] Estimated_Loss_Rate: 0.866222
[RUN-METRICS] Fallback_Count: 0
[RUN-METRICS] Fallback_Rate: 0.000000
[ROUND-METRICS] Epoch 0 Throughput_User_Definition: 0.366797 seconds_per_vehicle
[ROUND-METRICS] Epoch 0 Throughput_Vehicles_Per_Second: 2.726305 vehicles_per_second
[ROUND-METRICS] Epoch 0 Wait_Normal_Mean: 5.868750 seconds
