[ROUND-METRICS] Epoch 0 Avg_Messages_Sent_PerReplica: 333.625 (count=8)
[ROUND-METRICS] Epoch 0 Avg_Messages_Received_PerReplica: 588.250 (count=8)
[ROUND-METRICS] Epoch 0 Avg_StopSign_Failures: 0.000 (count)
[ROUND-METRICS] Epoch 1 Avg_StopSign_Failures: 0.000 (count)
[RUN-METRICS] Throughput_User_Definition: 1.217281 seconds_per_vehicle
[RUN-METRICS] Throughput_Vehicles_Per_Second: 0.821503 vehicles_per_second
[RUN-METRICS] Wait_Intersection_All_Mean: 9.738250 seconds
[RUN-METRICS] Wait_Intersection_All_P95: 12.485000 seconds
[RUN-METRICS] Wait_Intersection_Normal_Mean: 9.738250 seconds
[RUN-METRICS] Stop_To_Resume_Mean: 8.372000 seconds
[RUN-METRICS] Resume_To_Depart_Mean: 1.366250 seconds
[RUN-METRICS] Jains_Fairness_All: 0.963273
[RUN-METRICS] Jains_Fairness_Normal: 0.963273
[RUN-METRICS] Byzantine_Injections_Total: 0
[RUN-METRICS] Byzantine_Injections_Epoch0: 0
[RUN-METRICS] Byzantine_Injections_Epoch1: 0
[RUN-METRICS] Delivery_Ratio: 0.273041
[RUN-METRICS] Estimated_Loss_Rate: 0.726959
[RUN-METRICS] Fallback_Count: 0
[RUN-METRICS] Fallback_Rate: 0.000000
[ROUND-METRICS] Epoch 0 Throughput_User_Definition: 1.217281 seconds_per_vehicle
[ROUND-METRICS] Epoch 0 Throughput_Vehicles_Per_Second: 0.821503 vehicles_per_second
[ROUND-METRICS] Epoch 0 Wait_Normal_Mean: 9.738250 seconds
