[ROUND-METRICS] Epoch 0 Avg_ProposeAll_Consensus_Wall: 0.311000 seconds
[ROUND-METRICS] Epoch 0 Arrival_To_Resume_Time veh0: 9.050000 seconds
[ROUND-METRICS] Epoch 0 Arrival_To_Resume_Time veh1: 13.850000 seconds
[ROUND-METRICS] Epoch 0 Arrival_To_Resume_Time veh2: 0.050000 seconds
[ROUND-METRICS] Epoch 0 Arrival_To_Resume_Time veh3: 16.450000 seconds
[ROUND-METRICS] Epoch 0 Avg_Messages_Sent_PerReplica: 12.000 (count=4)
[ROUND-METRICS] Epoch 0 Avg_Messages_Received_PerReplica: 13.750 (count=4)
[ROUND-METRICS] Epoch 0 Avg_Arrival_To_Resume_Time: 9.850000 seconds (goCars=4)
[ROUND-METRICS] Epoch 0 Avg_StopSign_Failures: 0.000 (count)
[RUN-METRICS] Throughput_User_Definition: 2.487500 seconds_per_vehicle
[RUN-METRICS] Throughput_Vehicles_Per_Second: 0.402010 vehicles_per_second
[RUN-METRICS] Wait_Intersection_All_Mean: 9.950000 seconds
[RUN-METRICS] Wait_Intersection_All_P95: 16.160000 seconds
[RUN-METRICS] Wait_Intersection_Normal_Mean: 13.216667 seconds
[RUN-METRICS] Wait_Intersection_Ambulance_Mean: 0.150000 seconds
[RUN-METRICS] Arrival_To_Resume_Mean: 9.850000 seconds
[RUN-METRICS] Resume_To_Depart_Mean: 0.100000 seconds
[RUN-METRICS] Jains_Fairness_All: 0.717085
[RUN-METRICS] Jains_Fairness_Normal: 0.948958
[RUN-METRICS] Ambulance_Priority_Gain: 13.066667 seconds
[RUN-METRICS] Ambulance_Priority_Ratio: 0.011349
[RUN-METRICS] Byzantine_Injections_Total: 2
[RUN-METRICS] Byzantine_Injections_Epoch0: 2
[RUN-METRICS] Delivery_Ratio: 0.392803
[RUN-METRICS] Estimated_Loss_Rate: 0.607197
[RUN-METRICS] Fallback_Count: 0
[RUN-METRICS] Fallback_Rate: 0.000000
[ROUND-METRICS] Epoch 0 Throughput_User_Definition: 2.487500 seconds_per_vehicle
[ROUND-METRICS] Epoch 0 Throughput_Vehicles_Per_Second: 0.402010 vehicles_per_second
[ROUND-METRICS] Epoch 0 Wait_Normal_Mean: 13.216667 seconds
[ROUND-METRICS] Epoch 0 Wait_Ambulance_Mean: 0.150000 seconds
