[ROUND-METRICS] Epoch 0 Avg_Messages_Sent_PerReplica: 493.438 (count=16)
[ROUND-METRICS] Epoch 0 Avg_Messages_Received_PerReplica: 1865.125 (count=16)
[ROUND-METRICS] Epoch 0 Avg_StopSign_Failures: 0.000 (count)
[ROUND-METRICS] Epoch 1 Avg_StopSign_Failures: 0.000 (count)
[ROUND-METRICS] Epoch 2 Avg_StopSign_Failures: 0.000 (count)
[ROUND-METRICS] Epoch 3 Avg_StopSign_Failures: 0.000 (count)
[RUN-METRICS] Throughput_User_Definition: 0.906602 seconds_per_vehicle
[RUN-METRICS] Throughput_Vehicles_Per_Second: 1.103020 vehicles_per_second
[RUN-METRICS] Wait_Intersection_All_Mean: 14.505625 seconds
[RUN-METRICS] Wait_Intersection_All_P95: 19.425000 seconds
[RUN-METRICS] Wait_Intersection_Normal_Mean: 14.999333 seconds
[RUN-METRICS] Wait_Intersection_Ambulance_Mean: 7.100000 seconds
[RUN-METRICS] Stop_To_Resume_Mean: 13.011437 seconds
[RUN-METRICS] Resume_To_Depart_Mean: 1.494187 seconds
[RUN-METRICS] Jains_Fairness_All: 0.920915
[RUN-METRICS] Jains_Fairness_Normal: 0.936035
[RUN-METRICS] Ambulance_Priority_Gain: 7.899333 seconds
[RUN-METRICS] Ambulance_Priority_Ratio: 0.473354
[RUN-METRICS] Byzantine_Injections_Total: 0
[RUN-METRICS] Byzantine_Injections_Epoch0: 0
[RUN-METRICS] Byzantine_Injections_Epoch1: 0
[RUN-METRICS] Byzantine_Injections_Epoch2: 0
[RUN-METRICS] Byzantine_Injections_Epoch3: 0
[RUN-METRICS] Delivery_Ratio: 0.259851
[RUN-METRICS] Estimated_Loss_Rate: 0.740149
[RUN-METRICS] Fallback_Count: 0
[RUN-METRICS] Fallback_Rate: 0.000000
[ROUND-METRICS] Epoch 0 Throughput_User_Definition: 0.906602 seconds_per_vehicle
[ROUND-METRICS] Epoch 0 Throughput_Vehicles_Per_Second: 1.103020 vehicles_per_second
[ROUND-METRICS] Epoch 0 Wait_Normal_Mean: 14.999333 seconds
[ROUND-METRICS] Epoch 0 Wait_Ambulance_Mean: 7.100000 seconds
