[ROUND-METRICS] Epoch 0 Avg_ProposeAll_Consensus_Wall: 1.863000 seconds
[ROUND-METRICS] Epoch 0 Arrival_To_Resume_Time veh0: 2.250000 seconds
[ROUND-METRICS] Epoch 0 Arrival_To_Resume_Time veh1: 5.400000 seconds
[ROUND-METRICS] Epoch 0 Arrival_To_Resume_Time veh2: 7.600000 seconds
[ROUND-METRICS] Epoch 0 Arrival_To_Resume_Time veh3: 3.000000 seconds
[ROUND-METRICS] Epoch 0 Arrival_To_Resume_Time veh4: 5.600000 seconds
[ROUND-METRICS] Epoch 0 Arrival_To_Resume_Time veh5: 7.600000 seconds
[ROUND-METRICS] Epoch 0 Arrival_To_Resume_Time veh6: 2.600000 seconds
[ROUND-METRICS] Epoch 0 Arrival_To_Resume_Time veh7: 2.400000 seconds
[ROUND-METRICS] Epoch 0 Arrival_To_Resume_Time veh8: 6.400000 seconds
[ROUND-METRICS] Epoch 0 Arrival_To_Resume_Time veh9: 4.600000 seconds
[ROUND-METRICS] Epoch 0 Arrival_To_Resume_Time veh10: 7.000000 seconds
[ROUND-METRICS] Epoch 0 Arrival_To_Resume_Time veh11: 8.400000 seconds
[ROUND-METRICS] Epoch 0 Avg_Messages_Sent_PerReplica: 20.500 (count=12)
[ROUND-METRICS] Epoch 0 Avg_Messages_Received_PerReplica: 55.667 (count=12)
[ROUND-METRICS] Epoch 0 Avg_Arrival_To_Resume_Time: 5.237500 seconds (goCars=12)
[ROUND-METRICS] Epoch 0 Avg_StopSign_Failures: 0.000 (count)
[ROUND-METRICS] Epoch 1 Avg_StopSign_Failures: 0.000 (count)
[ROUND-METRICS] Epoch 2 Avg_StopSign_Failures: 0.000 (count)
[RUN-METRICS] Throughput_User_Definition: 0.480556 seconds_per_vehicle
[RUN-METRICS] Throughput_Vehicles_Per_Second: 2.080925 vehicles_per_second
[RUN-METRICS] Wait_Intersection_All_Mean: 5.766667 seconds
[RUN-METRICS] Wait_Intersection_All_P95: 8.560000 seconds
[RUN-METRICS] Wait_Intersection_Normal_Mean: 5.766667 seconds
[RUN-METRICS] Arrival_To_Resume_Mean: 5.237500 seconds
[RUN-METRICS] Resume_To_Depart_Mean: 0.529167 seconds
[RUN-METRICS] Jains_Fairness_All: 0.876231
[RUN-METRICS] Jains_Fairness_Normal: 0.876231
[RUN-METRICS] Byzantine_Injections_Total: 6
[RUN-METRICS] Byzantine_Injections_Epoch0: 6
[RUN-METRICS] Byzantine_Injections_Epoch1: 0
[RUN-METRICS] Byzantine_Injections_Epoch2: 0
[RUN-METRICS] Delivery_Ratio: 0.248593
[RUN-METRICS] Estimated_Loss_Rate: 0.751407
[RUN-METRICS] Fallback_Count: 0
[RUN-METRICS] Fallback_Rate: 0.000000
[ROUND-METRICS] Epoch 0 Throughput_User_Definition: 0.480556 seconds_per_vehicle
[ROUND-METRICS] Epoch 0 Throughput_Vehicles_Per_Second: 2.080925 vehicles_per_second
[ROUND-METRICS] Epoch 0 Wait_Normal_Mean: 5.766667 seconds
