[ROUND-METRICS] Epoch 0 Avg_ProposeAll_Consensus_Wall: 4.765000 seconds
[ROUND-METRICS] Epoch 0 Arrival_To_Resume_Time veh0: 0.300000 seconds
[ROUND-METRICS] Epoch 0 Arrival_To_Resume_Time veh1: 1.750000 seconds
[ROUND-METRICS] Epoch 0 Arrival_To_Resume_Time veh2: 3.950000 seconds
[ROUND-METRICS] Epoch 0 Arrival_To_Resume_Time veh3: 8.750000 seconds
[ROUND-METRICS] Epoch 0 Arrival_To_Resume_Time veh4: 1.750000 seconds
[ROUND-METRICS] Epoch 0 Arrival_To_Resume_Time veh5: 1.900000 seconds
[ROUND-METRICS] Epoch 0 Arrival_To_Resume_Time veh6: 3.950000 seconds
[ROUND-METRICS] Epoch 0 Arrival_To_Resume_Time veh7: 8.750000 seconds
[ROUND-METRICS] Epoch 0 Arrival_To_Resume_Time veh8: 6.000000 seconds
[ROUND-METRICS] Epoch 0 Arrival_To_Resume_Time veh9: 6.550000 seconds
[ROUND-METRICS] Epoch 0 Arrival_To_Resume_Time veh10: 7.550000 seconds
[ROUND-METRICS] Epoch 0 Arrival_To_Resume_Time veh11: 10.150000 seconds
[ROUND-METRICS] Epoch 0 Arrival_To_Resume_Time veh12: 7.550000 seconds
[ROUND-METRICS] Epoch 0 Arrival_To_Resume_Time veh13: 8.000000 seconds
[ROUND-METRICS] Epoch 0 Arrival_To_Resume_Time veh14: 9.000000 seconds
[ROUND-METRICS] Epoch 0 Arrival_To_Resume_Time veh15: 10.150000 seconds
[ROUND-METRICS] Epoch 0 Avg_Messages_Sent_PerReplica: 26.375 (count=16)
[ROUND-METRICS] Epoch 0 Avg_Messages_Received_PerReplica: 56.375 (count=16)
[ROUND-METRICS] Epoch 0 Avg_Arrival_To_Resume_Time: 6.003125 seconds (goCars=16)
[ROUND-METRICS] Epoch 0 Avg_StopSign_Failures: 0.000 (count)
[ROUND-METRICS] Epoch 1 Avg_StopSign_Failures: 0.000 (count)
[ROUND-METRICS] Epoch 2 Avg_StopSign_Failures: 0.000 (count)
[ROUND-METRICS] Epoch 3 Avg_StopSign_Failures: 0.000 (count)
[RUN-METRICS] Throughput_User_Definition: 0.424000 seconds_per_vehicle
[RUN-METRICS] Throughput_Vehicles_Per_Second: 2.358491 vehicles_per_second
[RUN-METRICS] Wait_Intersection_All_Mean: 6.360000 seconds
[RUN-METRICS] Wait_Intersection_All_P95: 11.010000 seconds
[RUN-METRICS] Wait_Intersection_Normal_Mean: 6.525000 seconds
[RUN-METRICS] Wait_Intersection_Ambulance_Mean: 4.050000 seconds
[RUN-METRICS] Arrival_To_Resume_Mean: 6.003125 seconds
[RUN-METRICS] Resume_To_Depart_Mean: 0.540000 seconds
[RUN-METRICS] Jains_Fairness_All: 0.774318
[RUN-METRICS] Jains_Fairness_Normal: 0.776945
[RUN-METRICS] Ambulance_Priority_Gain: 2.475000 seconds
[RUN-METRICS] Ambulance_Priority_Ratio: 0.620690
[RUN-METRICS] Byzantine_Injections_Total: 0
[RUN-METRICS] Byzantine_Injections_Epoch0: 0
[RUN-METRICS] Byzantine_Injections_Epoch1: 0
[RUN-METRICS] Byzantine_Injections_Epoch2: 0
[RUN-METRICS] Byzantine_Injections_Epoch3: 0
[RUN-METRICS] Delivery_Ratio: 0.142989
[RUN-METRICS] Estimated_Loss_Rate: 0.857011
[RUN-METRICS] Fallback_Count: 0
[RUN-METRICS] Fallback_Rate: 0.000000
[ROUND-METRICS] Epoch 0 Throughput_User_Definition: 0.424000 seconds_per_vehicle
[ROUND-METRICS] Epoch 0 Throughput_Vehicles_Per_Second: 2.358491 vehicles_per_second
[ROUND-METRICS] Epoch 0 Wait_Normal_Mean: 6.525000 seconds
[ROUND-METRICS] Epoch 0 Wait_Ambulance_Mean: 4.050000 seconds
