[ROUND-METRICS] Epoch 0 Avg_ProposeAll_Consensus_Wall: 6.799000 seconds
[ROUND-METRICS] Epoch 0 Arrival_To_Resume_Time veh0: 3.300000 seconds
[ROUND-METRICS] Epoch 0 Arrival_To_Resume_Time veh1: 3.900000 seconds
[ROUND-METRICS] Epoch 0 Arrival_To_Resume_Time veh2: 6.700000 seconds
[ROUND-METRICS] Epoch 0 Arrival_To_Resume_Time veh3: 7.500000 seconds
[ROUND-METRICS] Epoch 0 Arrival_To_Resume_Time veh4: 3.100000 seconds
[ROUND-METRICS] Epoch 0 Arrival_To_Resume_Time veh5: 3.900000 seconds
[ROUND-METRICS] Epoch 0 Arrival_To_Resume_Time veh6: 7.500000 seconds
[ROUND-METRICS] Epoch 0 Arrival_To_Resume_Time veh7: 9.300000 seconds
[ROUND-METRICS] Epoch 0 Arrival_To_Resume_Time veh8: 2.400000 seconds
[ROUND-METRICS] Epoch 0 Arrival_To_Resume_Time veh9: 4.900000 seconds
[ROUND-METRICS] Epoch 0 Arrival_To_Resume_Time veh10: 5.700000 seconds
[ROUND-METRICS] Epoch 0 Arrival_To_Resume_Time veh11: 10.100000 seconds
[ROUND-METRICS] Epoch 0 Arrival_To_Resume_Time veh12: 2.400000 seconds
[ROUND-METRICS] Epoch 0 Arrival_To_Resume_Time veh13: 5.700000 seconds
[ROUND-METRICS] Epoch 0 Arrival_To_Resume_Time veh14: 8.500000 seconds
[ROUND-METRICS] Epoch 0 Arrival_To_Resume_Time veh15: 10.900000 seconds
[ROUND-METRICS] Epoch 0 Avg_Messages_Sent_PerReplica: 30.250 (count=16)
[ROUND-METRICS] Epoch 0 Avg_Messages_Received_PerReplica: 87.125 (count=16)
[ROUND-METRICS] Epoch 0 Avg_Arrival_To_Resume_Time: 5.987500 seconds (goCars=16)
[ROUND-METRICS] Epoch 0 Avg_StopSign_Failures: 0.000 (count)
[ROUND-METRICS] Epoch 1 Avg_StopSign_Failures: 0.000 (count)
[ROUND-METRICS] Epoch 2 Avg_StopSign_Failures: 0.000 (count)
[ROUND-METRICS] Epoch 3 Avg_StopSign_Failures: 0.000 (count)
[RUN-METRICS] Throughput_User_Definition: 0.416406 seconds_per_vehicle
[RUN-METRICS] Throughput_Vehicles_Per_Second: 2.401501 vehicles_per_second
[RUN-METRICS] Wait_Intersection_All_Mean: 6.662500 seconds
[RUN-METRICS] Wait_Intersection_All_P95: 10.900000 seconds
[RUN-METRICS] Wait_Intersection_Normal_Mean: 6.913333 seconds
[RUN-METRICS] Wait_Intersection_Ambulance_Mean: 2.900000 seconds
[RUN-METRICS] Arrival_To_Resume_Mean: 5.987500 seconds
[RUN-METRICS] Resume_To_Depart_Mean: 0.675000 seconds
[RUN-METRICS] Jains_Fairness_All: 0.858005
[RUN-METRICS] Jains_Fairness_Normal: 0.874977
[RUN-METRICS] Ambulance_Priority_Gain: 4.013333 seconds
[RUN-METRICS] Ambulance_Priority_Ratio: 0.419479
[RUN-METRICS] Byzantine_Injections_Total: 0
[RUN-METRICS] Byzantine_Injections_Epoch0: 0
[RUN-METRICS] Byzantine_Injections_Epoch1: 0
[RUN-METRICS] Byzantine_Injections_Epoch2: 0
[RUN-METRICS] Byzantine_Injections_Epoch3: 0
[RUN-METRICS] Delivery_Ratio: 0.192239
[RUN-METRICS] Estimated_Loss_Rate: 0.807761
[RUN-METRICS] Fallback_Count: 0
[RUN-METRICS] Fallback_Rate: 0.000000
[ROUND-METRICS] Epoch 0 Throughput_User_Definition: 0.416406 seconds_per_vehicle
[ROUND-METRICS] Epoch 0 Throughput_Vehicles_Per_Second: 2.401501 vehicles_per_second
[ROUND-METRICS] Epoch 0 Wait_Normal_Mean: 6.913333 seconds
[ROUND-METRICS] Epoch 0 Wait_Ambulance_Mean: 2.900000 seconds
