[ROUND-METRICS] Epoch 0 Avg_ProposeAll_Consensus_Wall: 4.935000 seconds
[ROUND-METRICS] Epoch 0 Arrival_To_Resume_Time veh0: 10.050000 seconds
[ROUND-METRICS] Epoch 0 Arrival_To_Resume_Time veh1: 8.450000 seconds
[ROUND-METRICS] Epoch 0 Arrival_To_Resume_Time veh2: 9.500000 seconds
[ROUND-METRICS] Epoch 0 Arrival_To_Resume_Time veh3: 8.800000 seconds
[ROUND-METRICS] Epoch 0 Arrival_To_Resume_Time veh4: 7.950000 seconds
[ROUND-METRICS] Epoch 0 Arrival_To_Resume_Time veh5: 12.050000 seconds
[ROUND-METRICS] Epoch 0 Arrival_To_Resume_Time veh6: 9.100000 seconds
[ROUND-METRICS] Epoch 0 Arrival_To_Resume_Time veh7: 6.200000 seconds
[ROUND-METRICS] Epoch 0 Avg_Messages_Sent_PerReplica: 33.750 (count=8)
[ROUND-METRICS] Epoch 0 Avg_Messages_Received_PerReplica: 106.750 (count=8)
[ROUND-METRICS] Epoch 0 Avg_Arrival_To_Resume_Time: 9.012500 seconds (goCars=8)
[ROUND-METRICS] Epoch 0 Avg_StopSign_Failures: 2.000 (count)
[ROUND-METRICS] Epoch 1 Avg_StopSign_Failures: 0.000 (count)
[RUN-METRICS] Throughput_User_Definition: 1.151563 seconds_per_vehicle
[RUN-METRICS] Throughput_Vehicles_Per_Second: 0.868385 vehicles_per_second
[RUN-METRICS] Wait_Intersection_All_Mean: 9.212500 seconds
[RUN-METRICS] Wait_Intersection_All_P95: 11.470000 seconds
[RUN-METRICS] Wait_Intersection_Normal_Mean: 9.212500 seconds
[RUN-METRICS] Arrival_To_Resume_Mean: 9.012500 seconds
[RUN-METRICS] Resume_To_Depart_Mean: 0.200000 seconds
[RUN-METRICS] Jains_Fairness_All: 0.972598
[RUN-METRICS] Jains_Fairness_Normal: 0.972598
[RUN-METRICS] Byzantine_Injections_Total: 1
[RUN-METRICS] Byzantine_Injections_Epoch0: 1
[RUN-METRICS] Byzantine_Injections_Epoch1: 0
[RUN-METRICS] Delivery_Ratio: 0.500931
[RUN-METRICS] Estimated_Loss_Rate: 0.499069
[RUN-METRICS] Fallback_Count: 2
[RUN-METRICS] Fallback_Rate: 0.250000
[ROUND-METRICS] Epoch 0 Throughput_User_Definition: 1.151563 seconds_per_vehicle
[ROUND-METRICS] Epoch 0 Throughput_Vehicles_Per_Second: 0.868385 vehicles_per_second
[ROUND-METRICS] Epoch 0 Wait_Normal_Mean: 9.212500 seconds
