[ROUND-METRICS] Epoch 0 Avg_Messages_Sent_PerReplica: 565.200 (count=20)
[ROUND-METRICS] Epoch 0 Avg_Messages_Received_PerReplica: 3123.600 (count=20)
[ROUND-METRICS] Epoch 0 Avg_StopSign_Failures: 0.000 (count)
[ROUND-METRICS] Epoch 1 Avg_StopSign_Failures: 0.000 (count)
[ROUND-METRICS] Epoch 2 Avg_StopSign_Failures: 0.000 (count)
[ROUND-METRICS] Epoch 3 Avg_StopSign_Failures: 0.000 (count)
[ROUND-METRICS] Epoch 4 Avg_StopSign_Failures: 0.000 (count)
[RUN-METRICS] Throughput_User_Definition: 1.536500 seconds_per_vehicle
[RUN-METRICS] Throughput_Vehicles_Per_Second: 0.650830 vehicles_per_second
[RUN-METRICS] Wait_Intersection_All_Mean: 30.730000 seconds
[RUN-METRICS] Wait_Intersection_All_P95: 36.795000 seconds
[RUN-METRICS] Wait_Intersection_Normal_Mean: 30.894737 seconds
[RUN-METRICS] Wait_Intersection_Ambulance_Mean: 27.600000 seconds
[RUN-METRICS] Stop_To_Resume_Mean: 29.297950 seconds
[RUN-METRICS] Resume_To_Depart_Mean: 1.432050 seconds
[RUN-METRICS] Jains_Fairness_All: 0.985257
[RUN-METRICS] Jains_Fairness_Normal: 0.985207
[RUN-METRICS] Ambulance_Priority_Gain: 3.294737 seconds
[RUN-METRICS] Ambulance_Priority_Ratio: 0.893356
[RUN-METRICS] Byzantine_Injections_Total: 0
[RUN-METRICS] Byzantine_Injections_Epoch0: 0
[RUN-METRICS] Byzantine_Injections_Epoch1: 0
[RUN-METRICS] Byzantine_Injections_Epoch2: 0
[RUN-METRICS] Byzantine_Injections_Epoch3: 0
[RUN-METRICS] Byzantine_Injections_Epoch4: 0
[RUN-METRICS] Delivery_Ratio: 0.311449
[RUN-METRICS] Estimated_Loss_Rate: 0.688551
[RUN-METRICS] Fallback_Count: 0
[RUN-METRICS] Fallback_Rate: 0.000000
[ROUND-METRICS] Epoch 0 Throughput_User_Definition: 1.536500 seconds_per_vehicle
[ROUND-METRICS] Epoch 0 Throughput_Vehicles_Per_Second: 0.650830 vehicles_per_second
[ROUND-METRICS] Epoch 0 Wait_Normal_Mean: 30.894737 seconds
[ROUND-METRICS] Epoch 0 Wait_Ambulance_Mean: 27.600000 seconds
