[ROUND-METRICS] Epoch 0 Avg_ProposeAll_Consensus_Wall: 1.704000 seconds
[ROUND-METRICS] Epoch 0 Arrival_To_Resume_Time veh0: 0.250000 seconds
[ROUND-METRICS] Epoch 0 Arrival_To_Resume_Time veh1: 1.200000 seconds
[ROUND-METRICS] Epoch 0 Arrival_To_Resume_Time veh2: 0.250000 seconds
[ROUND-METRICS] Epoch 0 Arrival_To_Resume_Time veh3: 1.200000 seconds
[ROUND-METRICS] Epoch 0 Arrival_To_Resume_Time veh4: 3.400000 seconds
[ROUND-METRICS] Epoch 0 Arrival_To_Resume_Time veh5: 4.200000 seconds
[ROUND-METRICS] Epoch 0 Arrival_To_Resume_Time veh6: 2.600000 seconds
[ROUND-METRICS] Epoch 0 Arrival_To_Resume_Time veh7: 3.400000 seconds
[ROUND-METRICS] Epoch 0 Avg_Messages_Sent_PerReplica: 18.750 (count=8)
[ROUND-METRICS] Epoch 0 Avg_Messages_Received_PerReplica: 31.875 (count=8)
[ROUND-METRICS] Epoch 0 Avg_Arrival_To_Resume_Time: 2.062500 seconds (goCars=8)
[ROUND-METRICS] Epoch 0 Avg_StopSign_Failures: 0.000 (count)
[ROUND-METRICS] Epoch 1 Avg_StopSign_Failures: 0.000 (count)
[RUN-METRICS] Throughput_User_Definition: 0.301563 seconds_per_vehicle
[RUN-METRICS] Throughput_Vehicles_Per_Second: 3.316062 vehicles_per_second
[RUN-METRICS] Wait_Intersection_All_Mean: 2.412500 seconds
[RUN-METRICS] Wait_Intersection_All_P95: 4.660000 seconds
[RUN-METRICS] Wait_Intersection_Normal_Mean: 2.571429 seconds
[RUN-METRICS] Wait_Intersection_Ambulance_Mean: 1.300000 seconds
[RUN-METRICS] Arrival_To_Resume_Mean: 2.062500 seconds
[RUN-METRICS] Resume_To_Depart_Mean: 0.350000 seconds
[RUN-METRICS] Jains_Fairness_All: 0.667353
[RUN-METRICS] Jains_Fairness_Normal: 0.679872
[RUN-METRICS] Ambulance_Priority_Gain: 1.271429 seconds
[RUN-METRICS] Ambulance_Priority_Ratio: 0.505556
[RUN-METRICS] Byzantine_Injections_Total: 0
[RUN-METRICS] Byzantine_Injections_Epoch0: 0
[RUN-METRICS] Byzantine_Injections_Epoch1: 0
[RUN-METRICS] Delivery_Ratio: 0.245784
[RUN-METRICS] Estimated_Loss_Rate: 0.754216
[RUN-METRICS] Fallback_Count: 0
[RUN-METRICS] Fallback_Rate: 0.000000
[ROUND-METRICS] Epoch 0 Throughput_User_Definition: 0.301563 seconds_per_vehicle
[ROUND-METRICS] Epoch 0 Throughput_Vehicles_Per_Second: 3.316062 vehicles_per_second
[ROUND-METRICS] Epoch 0 Wait_Normal_Mean: 2.571429 seconds
[ROUND-METRICS] Epoch 0 Wait_Ambulance_Mean: 1.300000 seconds
