[ROUND-METRICS] Epoch 0 Avg_Messages_Sent_PerReplica: 231.250 (count=4)
[ROUND-METRICS] Epoch 0 Avg_Messages_Received_PerReplica: 141.000 (count=4)
[ROUND-METRICS] Epoch 0 Avg_Bytes_Sent_PerReplica: 38772.000 (count=4)
[ROUND-METRICS] Epoch 0 Total_Bytes_Sent: 155088
[ROUND-METRICS] Epoch 0 Avg_StopSign_Failures: 0.000 (count)
[RUN-METRICS] Throughput_User_Definition: 0.975000 seconds_per_vehicle
[RUN-METRICS] Throughput_Vehicles_Per_Second: 1.025641 vehicles_per_second
[RUN-METRICS] Wait_Intersection_All_Mean: 3.900000 seconds
[RUN-METRICS] Wait_Intersection_All_P95: 4.600000 seconds
[RUN-METRICS] Wait_Intersection_Normal_Mean: 3.900000 seconds
[RUN-METRICS] Stop_To_Resume_Mean: 1.031250 seconds
[RUN-METRICS] Resume_To_Depart_Mean: 2.868750 seconds
[RUN-METRICS] Jains_Fairness_All: 0.968790
[RUN-METRICS] Jains_Fairness_Normal: 0.968790
[RUN-METRICS] Byzantine_Injections_Total: 0
[RUN-METRICS] Byzantine_Injections_Epoch0: 0
[RUN-METRICS] Attack_Success: 0
[RUN-METRICS] Attack_Failures_Total: 0
[RUN-METRICS] Attack_Outcome_Lines_Total: 0
[RUN-METRICS] Attack_Failures_Epoch0: 0
[RUN-METRICS] Delivery_Ratio: 0.202983
[RUN-METRICS] Estimated_Loss_Rate: 0.797017
[RUN-METRICS] Fallback_Count: 0
[RUN-METRICS] Fallback_Rate: 0.000000
[RUN-METRICS] Bytes_Sent_Total: 155088
[RUN-METRICS] Megabytes_Sent_Total: 0.147903
[RUN-METRICS] Quiet_Honest_Count: 0
[RUN-METRICS] Quiet_Honest_Opportunities: 4
[RUN-METRICS] Quiet_Honest_Rate: 0.000000
[ROUND-METRICS] Epoch 0 Throughput_User_Definition: 0.975000 seconds_per_vehicle
[ROUND-METRICS] Epoch 0 Throughput_Vehicles_Per_Second: 1.025641 vehicles_per_second
[ROUND-METRICS] Epoch 0 Wait_Normal_Mean: 3.900000 seconds
