[ROUND-METRICS] Epoch 0 Arrival_To_Resume_Time veh0: 4.700000 seconds
[ROUND-METRICS] Epoch 0 Arrival_To_Resume_Time veh1: 5.300000 seconds
[ROUND-METRICS] Epoch 0 Arrival_To_Resume_Time veh2: 6.300000 seconds
[ROUND-METRICS] Epoch 0 Arrival_To_Resume_Time veh3: 7.500000 seconds
[ROUND-METRICS] Epoch 0 Arrival_To_Resume_Time veh4: 8.900000 seconds
[ROUND-METRICS] Epoch 0 Arrival_To_Resume_Time veh5: 10.500000 seconds
[ROUND-METRICS] Epoch 0 Arrival_To_Resume_Time veh6: 12.100000 seconds
[ROUND-METRICS] Epoch 0 Arrival_To_Resume_Time veh7: 14.900000 seconds
[ROUND-METRICS] Epoch 0 Arrival_To_Resume_Time veh8: 9.700000 seconds
[ROUND-METRICS] Epoch 0 Arrival_To_Resume_Time veh9: 11.300000 seconds
[ROUND-METRICS] Epoch 0 Arrival_To_Resume_Time veh10: 13.100000 seconds
[ROUND-METRICS] Epoch 0 Arrival_To_Resume_Time veh11: 15.700000 seconds
[ROUND-METRICS] Epoch 0 Arrival_To_Resume_Time veh12: 9.700000 seconds
[ROUND-METRICS] Epoch 0 Arrival_To_Resume_Time veh13: 11.300000 seconds
[ROUND-METRICS] Epoch 0 Arrival_To_Resume_Time veh14: 14.100000 seconds
[ROUND-METRICS] Epoch 0 Arrival_To_Resume_Time veh15: 16.500000 seconds
[ROUND-METRICS] Epoch 0 Avg_Messages_Sent_PerReplica: 73.438 (count=16)
[ROUND-METRICS] Epoch 0 Avg_Messages_Received_PerReplica: 315.312 (count=16)
[ROUND-METRICS] Epoch 0 Avg_Arrival_To_Resume_Time: 10.725000 seconds (goCars=16)
[ROUND-METRICS] Epoch 0 Avg_StopSign_Failures: 0.000 (count)
[ROUND-METRICS] Epoch 1 Avg_StopSign_Failures: 0.000 (count)
[ROUND-METRICS] Epoch 2 Avg_StopSign_Failures: 0.000 (count)
[ROUND-METRICS] Epoch 3 Avg_StopSign_Failures: 0.000 (count)
[RUN-METRICS] Throughput_User_Definition: 0.712891 seconds_per_vehicle
[RUN-METRICS] Throughput_Vehicles_Per_Second: 1.402740 vehicles_per_second
[RUN-METRICS] Wait_Intersection_All_Mean: 11.406250 seconds
[RUN-METRICS] Wait_Intersection_All_P95: 16.500000 seconds
[RUN-METRICS] Wait_Intersection_Normal_Mean: 11.660000 seconds
[RUN-METRICS] Wait_Intersection_Ambulance_Mean: 7.600000 seconds
[RUN-METRICS] Arrival_To_Resume_Mean: 10.846667 seconds
[RUN-METRICS] Resume_To_Depart_Mean: 0.681250 seconds
[RUN-METRICS] Jains_Fairness_All: 0.913164
[RUN-METRICS] Jains_Fairness_Normal: 0.917862
[RUN-METRICS] Ambulance_Priority_Gain: 4.060000 seconds
[RUN-METRICS] Ambulance_Priority_Ratio: 0.651801
[RUN-METRICS] Byzantine_Injections_Total: 15
[RUN-METRICS] Byzantine_Injections_Epoch0: 15
[RUN-METRICS] Byzantine_Injections_Epoch1: 0
[RUN-METRICS] Byzantine_Injections_Epoch2: 0
[RUN-METRICS] Byzantine_Injections_Epoch3: 0
[RUN-METRICS] Delivery_Ratio: 0.289798
[RUN-METRICS] Estimated_Loss_Rate: 0.710202
[RUN-METRICS] Fallback_Count: 0
[RUN-METRICS] Fallback_Rate: 0.000000
[ROUND-METRICS] Epoch 0 Throughput_User_Definition: 0.712891 seconds_per_vehicle
[ROUND-METRICS] Epoch 0 Throughput_Vehicles_Per_Second: 1.402740 vehicles_per_second
[ROUND-METRICS] Epoch 0 Wait_Normal_Mean: 11.660000 seconds
[ROUND-METRICS] Epoch 0 Wait_Ambulance_Mean: 7.600000 seconds
