[ROUND-METRICS] Epoch 0 Avg_ProposeAll_Consensus_Wall: 1.555000 seconds
[ROUND-METRICS] Epoch 0 Arrival_To_Resume_Time veh0: 0.800000 seconds
[ROUND-METRICS] Epoch 0 Arrival_To_Resume_Time veh1: 2.100000 seconds
[ROUND-METRICS] Epoch 0 Arrival_To_Resume_Time veh2: 3.700000 seconds
[ROUND-METRICS] Epoch 0 Arrival_To_Resume_Time veh3: 0.600000 seconds
[ROUND-METRICS] Epoch 0 Arrival_To_Resume_Time veh4: 2.100000 seconds
[ROUND-METRICS] Epoch 0 Arrival_To_Resume_Time veh5: 3.700000 seconds
[ROUND-METRICS] Epoch 0 Arrival_To_Resume_Time veh6: 1.300000 seconds
[ROUND-METRICS] Epoch 0 Arrival_To_Resume_Time veh7: 2.900000 seconds
[ROUND-METRICS] Epoch 0 Arrival_To_Resume_Time veh8: 4.700000 seconds
[ROUND-METRICS] Epoch 0 Arrival_To_Resume_Time veh9: 1.300000 seconds
[ROUND-METRICS] Epoch 0 Arrival_To_Resume_Time veh10: 2.900000 seconds
[ROUND-METRICS] Epoch 0 Arrival_To_Resume_Time veh11: 4.700000 seconds
[ROUND-METRICS] Epoch 0 Avg_Messages_Sent_PerReplica: 22.417 (count=12)
[ROUND-METRICS] Epoch 0 Avg_Messages_Received_PerReplica: 50.500 (count=12)
[ROUND-METRICS] Epoch 0 Avg_Arrival_To_Resume_Time: 2.566667 seconds (goCars=12)
[ROUND-METRICS] Epoch 0 Avg_StopSign_Failures: 0.000 (count)
[ROUND-METRICS] Epoch 1 Avg_StopSign_Failures: 0.000 (count)
[ROUND-METRICS] Epoch 2 Avg_StopSign_Failures: 0.000 (count)
[RUN-METRICS] Throughput_User_Definition: 0.350000 seconds_per_vehicle
[RUN-METRICS] Throughput_Vehicles_Per_Second: 2.857143 vehicles_per_second
[RUN-METRICS] Wait_Intersection_All_Mean: 3.316667 seconds
[RUN-METRICS] Wait_Intersection_All_P95: 5.500000 seconds
[RUN-METRICS] Wait_Intersection_Normal_Mean: 3.316667 seconds
[RUN-METRICS] Arrival_To_Resume_Mean: 2.566667 seconds
[RUN-METRICS] Resume_To_Depart_Mean: 0.750000 seconds
[RUN-METRICS] Jains_Fairness_All: 0.844227
[RUN-METRICS] Jains_Fairness_Normal: 0.844227
[RUN-METRICS] Byzantine_Injections_Total: 0
[RUN-METRICS] Byzantine_Injections_Epoch0: 0
[RUN-METRICS] Byzantine_Injections_Epoch1: 0
[RUN-METRICS] Byzantine_Injections_Epoch2: 0
[RUN-METRICS] Delivery_Ratio: 0.205617
[RUN-METRICS] Estimated_Loss_Rate: 0.794383
[RUN-METRICS] Fallback_Count: 0
[RUN-METRICS] Fallback_Rate: 0.000000
[ROUND-METRICS] Epoch 0 Throughput_User_Definition: 0.350000 seconds_per_vehicle
[ROUND-METRICS] Epoch 0 Throughput_Vehicles_Per_Second: 2.857143 vehicles_per_second
[ROUND-METRICS] Epoch 0 Wait_Normal_Mean: 3.316667 seconds
