[ROUND-METRICS] Epoch 0 Avg_ProposeAll_Consensus_Wall: 24.469000 seconds
[ROUND-METRICS] Epoch 0 Arrival_To_Resume_Time veh0: 4.500000 seconds
[ROUND-METRICS] Epoch 0 Arrival_To_Resume_Time veh1: 5.300000 seconds
[ROUND-METRICS] Epoch 0 Arrival_To_Resume_Time veh2: 3.800000 seconds
[ROUND-METRICS] Epoch 0 Arrival_To_Resume_Time veh3: 3.800000 seconds
[ROUND-METRICS] Epoch 0 Avg_Messages_Sent_PerReplica: 30.250 (count=4)
[ROUND-METRICS] Epoch 0 Avg_Messages_Received_PerReplica: 43.500 (count=4)
[ROUND-METRICS] Epoch 0 Avg_Arrival_To_Resume_Time: 4.350000 seconds (goCars=4)
[ROUND-METRICS] Epoch 0 Avg_StopSign_Failures: 0.000 (count)
[RUN-METRICS] Throughput_User_Definition: 0.400000 seconds_per_vehicle
[RUN-METRICS] Throughput_Vehicles_Per_Second: 2.500000 vehicles_per_second
[RUN-METRICS] Wait_Intersection_All_Mean: 4.900000 seconds
[RUN-METRICS] Wait_Intersection_All_P95: 5.780000 seconds
[RUN-METRICS] Wait_Intersection_Normal_Mean: 5.100000 seconds
[RUN-METRICS] Wait_Intersection_Ambulance_Mean: 4.300000 seconds
[RUN-METRICS] Arrival_To_Resume_Mean: 4.350000 seconds
[RUN-METRICS] Resume_To_Depart_Mean: 0.550000 seconds
[RUN-METRICS] Jains_Fairness_All: 0.982004
[RUN-METRICS] Jains_Fairness_Normal: 0.983861
[RUN-METRICS] Ambulance_Priority_Gain: 0.800000 seconds
[RUN-METRICS] Ambulance_Priority_Ratio: 0.843137
[RUN-METRICS] Byzantine_Injections_Total: 1
[RUN-METRICS] Byzantine_Injections_Epoch0: 1
[RUN-METRICS] Delivery_Ratio: 0.511905
[RUN-METRICS] Estimated_Loss_Rate: 0.488095
[RUN-METRICS] Fallback_Count: 0
[RUN-METRICS] Fallback_Rate: 0.000000
[ROUND-METRICS] Epoch 0 Throughput_User_Definition: 0.400000 seconds_per_vehicle
[ROUND-METRICS] Epoch 0 Throughput_Vehicles_Per_Second: 2.500000 vehicles_per_second
[ROUND-METRICS] Epoch 0 Wait_Normal_Mean: 5.100000 seconds
[ROUND-METRICS] Epoch 0 Wait_Ambulance_Mean: 4.300000 seconds
