[ROUND-METRICS] Epoch 0 Avg_ProposeAll_Consensus_Wall: 7.896000 seconds
[ROUND-METRICS] Epoch 0 Arrival_To_Resume_Time veh0: 2.600000 seconds
[ROUND-METRICS] Epoch 0 Arrival_To_Resume_Time veh1: 3.900000 seconds
[ROUND-METRICS] Epoch 0 Arrival_To_Resume_Time veh4: 2.400000 seconds
[ROUND-METRICS] Epoch 0 Arrival_To_Resume_Time veh8: 3.100000 seconds
[ROUND-METRICS] Epoch 0 Arrival_To_Resume_Time veh12: 3.100000 seconds
[ROUND-METRICS] Epoch 0 Avg_Messages_Sent_PerReplica: 52.200 (count=5)
[ROUND-METRICS] Epoch 0 Avg_Messages_Received_PerReplica: 137.800 (count=5)
[ROUND-METRICS] Epoch 0 Avg_Arrival_To_Resume_Time: 3.020000 seconds (goCars=5)
[ROUND-METRICS] Epoch 0 Avg_StopSign_Failures: 0.000 (count)
[ROUND-METRICS] Epoch 1 Avg_StopSign_Failures: 0.000 (count)
[ROUND-METRICS] Epoch 2 Avg_StopSign_Failures: 0.000 (count)
[ROUND-METRICS] Epoch 3 Avg_StopSign_Failures: 0.000 (count)
[RUN-METRICS] Throughput_User_Definition: 0.837500 seconds_per_vehicle
[RUN-METRICS] Throughput_Vehicles_Per_Second: 1.194030 vehicles_per_second
[RUN-METRICS] Wait_Intersection_All_Mean: 3.350000 seconds
[RUN-METRICS] Wait_Intersection_All_P95: 3.700000 seconds
[RUN-METRICS] Wait_Intersection_Normal_Mean: 3.350000 seconds
[RUN-METRICS] Arrival_To_Resume_Mean: 3.020000 seconds
[RUN-METRICS] Resume_To_Depart_Mean: 0.550000 seconds
[RUN-METRICS] Jains_Fairness_All: 0.988767
[RUN-METRICS] Jains_Fairness_Normal: 0.988767
[RUN-METRICS] Byzantine_Injections_Total: 0
[RUN-METRICS] Byzantine_Injections_Epoch0: 0
[RUN-METRICS] Byzantine_Injections_Epoch1: 0
[RUN-METRICS] Byzantine_Injections_Epoch2: 0
[RUN-METRICS] Byzantine_Injections_Epoch3: 0
[RUN-METRICS] Delivery_Ratio: 0.177149
[RUN-METRICS] Estimated_Loss_Rate: 0.822851
[RUN-METRICS] Fallback_Count: 0
[RUN-METRICS] Fallback_Rate: 0.000000
[ROUND-METRICS] Epoch 0 Throughput_User_Definition: 0.837500 seconds_per_vehicle
[ROUND-METRICS] Epoch 0 Throughput_Vehicles_Per_Second: 1.194030 vehicles_per_second
[ROUND-METRICS] Epoch 0 Wait_Normal_Mean: 3.350000 seconds
