[ROUND-METRICS] Epoch 0 Avg_View_Consensus_Latency_4Cars: 0.210813152594 seconds (replicasCounted=4)
[ROUND-METRICS] Epoch 0 Avg_Order_Consensus_Latency_4Cars: 0.30601430403775 seconds (replicasCounted=4)
[ROUND-METRICS] Epoch 0 Avg_StopSign_Failures: 0 seconds (count)
[ROUND-METRICS] Epoch 0 Avg_Messages_Sent_PerReplica: 68.6666666666667 seconds (count)
[ROUND-METRICS] Epoch 0 Avg_Messages_Received_PerReplica: 138.666666666667 seconds (count)
[ROUND-METRICS] Epoch 0 Avg_Order_BFT_Request_RTT_Submitter: 1.828 seconds (submittersCounted=1)
[ROUND-METRICS] Epoch 1 Avg_ResetToViewEnd_4Cars: 2.36728117884025 seconds (replicasCounted=4)
[ROUND-METRICS] Epoch 1 Avg_Order_BFT_Request_RTT_Submitter: 2.515 seconds (submittersCounted=1)
[ROUND-METRICS] Epoch 1 Avg_View_Consensus_Latency_4Cars: 0.15259404641975 seconds (replicasCounted=4)
[ROUND-METRICS] Epoch 1 Avg_Order_Consensus_Latency_4Cars: 0.2750432795975 seconds (replicasCounted=4)
[ROUND-METRICS] Epoch 1 Avg_StopSign_Failures: 0 seconds (count)
[ROUND-METRICS] Epoch 1 Avg_Messages_Sent_PerReplica: 78.3333333333333 seconds (count)
[ROUND-METRICS] Epoch 1 Avg_Messages_Received_PerReplica: 171 seconds (count)
[ROUND-METRICS] Epoch 2 Avg_ResetToViewEnd_4Cars: 2.3974646959165 seconds (replicasCounted=4)
[ROUND-METRICS] Epoch 2 Avg_Order_BFT_Request_RTT_Submitter: 1.091 seconds (submittersCounted=1)
[ROUND-METRICS] Epoch 2 Avg_View_Consensus_Latency_4Cars: 0.17953574412225 seconds (replicasCounted=4)
[ROUND-METRICS] Epoch 2 Avg_Order_Consensus_Latency_4Cars: 0.28630329152975 seconds (replicasCounted=4)
[ROUND-METRICS] Epoch 2 Avg_StopSign_Failures: 0 seconds (count)
[ROUND-METRICS] Epoch 2 Avg_Messages_Sent_PerReplica: 65.6666666666667 seconds (count)
[ROUND-METRICS] Epoch 2 Avg_Messages_Received_PerReplica: 90.3333333333333 seconds (count)
[ROUND-METRICS] Epoch 0 Avg_Total_Consensus_Duration: 1.450000 seconds (goCars=4)
[ROUND-METRICS] Epoch 1 Avg_Total_Consensus_Duration: 4.250000 seconds (goCars=4)
[ROUND-METRICS] Epoch 2 Avg_Total_Consensus_Duration: 7.150000 seconds (goCars=4)
