[ROUND-METRICS] Epoch 0 Avg_View_Consensus_Latency_4Cars: 0.21528484783624999 seconds (replicasCounted=4)
[ROUND-METRICS] Epoch 0 Avg_Order_Consensus_Latency_4Cars: 0.30758996412625 seconds (replicasCounted=4)
[ROUND-METRICS] Epoch 0 Avg_StopSign_Failures: 0 seconds (count)
[ROUND-METRICS] Epoch 0 Avg_Messages_Sent_PerReplica: 70 seconds (count)
[ROUND-METRICS] Epoch 0 Avg_Messages_Received_PerReplica: 133.33333333333334 seconds (count)
[ROUND-METRICS] Epoch 0 Avg_Order_BFT_Request_RTT_Submitter: 2.2519999999999998 seconds (submittersCounted=1)
[ROUND-METRICS] Epoch 1 Avg_ResetToViewEnd_4Cars: 2.3804633874889998 seconds (replicasCounted=4)
[ROUND-METRICS] Epoch 1 Avg_Order_BFT_Request_RTT_Submitter: 1.177 seconds (submittersCounted=1)
[ROUND-METRICS] Epoch 1 Avg_View_Consensus_Latency_4Cars: 0.165609136594 seconds (replicasCounted=4)
[ROUND-METRICS] Epoch 1 Avg_Order_Consensus_Latency_4Cars: 0.27530713038025 seconds (replicasCounted=4)
[ROUND-METRICS] Epoch 1 Avg_StopSign_Failures: 0 seconds (count)
[ROUND-METRICS] Epoch 1 Avg_Messages_Sent_PerReplica: 74.6666666666667 seconds (count)
[ROUND-METRICS] Epoch 1 Avg_Messages_Received_PerReplica: 163 seconds (count)
[ROUND-METRICS] Epoch 2 Avg_ResetToViewEnd_4Cars: 102531  t=6.712416993466  0% completed  (0% total)   2.4228467813695 seconds (replicasCounted=4)fourWay.node[1].nic.phy80211p (
[ROUND-METRICS] Epoch 2 Avg_Order_BFT_Request_RTT_Submitter: 1.15 seconds (submittersCounted=1)
[ROUND-METRICS] Epoch 2 Avg_View_Consensus_Latency_4Cars: 0.20503648681675 seconds (replicasCounted=4)
[ROUND-METRICS] Epoch 2 Avg_Order_Consensus_Latency_4Cars: 0.300315658306 seconds (replicasCounted=4)
[ROUND-METRICS] Epoch 2 Avg_StopSign_Failures: 0 seconds (count)
[ROUND-METRICS] Epoch 2 Avg_Messages_Sent_PerReplica: 59 seconds (count)
[ROUND-METRICS] Epoch 2 Avg_Messages_Received_PerReplica: 80 seconds (count)
[ROUND-METRICS] Epoch 0 Avg_Total_Consensus_Duration: 1.450000 seconds (goCars=4)
[ROUND-METRICS] Epoch 1 Avg_Total_Consensus_Duration: 4.250000 seconds (goCars=4)
[ROUND-METRICS] Epoch 2 Avg_Total_Consensus_Duration: 7.250000 seconds (goCars=4)
[ROUND-METRICS] Epoch 3 Avg_StopSign_Failures: 0.000 seconds (count)
