[ROUND-METRICS] Epoch 0 Avg_View_Consensus_Latency_4Cars: 0.20967601032425 seconds (replicasCounted=4)
[ROUND-METRICS] Epoch 0 Avg_Order_Consensus_Latency_4Cars: 0.4537159191205 seconds (replicasCounted=4)
[ROUND-METRICS] Epoch 0 Avg_StopSign_Failures: 0 seconds (count)
[ROUND-METRICS] Epoch 0 Avg_Messages_Sent_PerReplica: 72 seconds (count)
[ROUND-METRICS] Epoch 0 Avg_Messages_Received_PerReplica: 151.666666666667 seconds (count)
[ROUND-METRICS] Epoch 0 Avg_Order_BFT_Request_RTT_Submitter: 1.581 seconds (submittersCounted=1)
[ROUND-METRICS] Epoch 1 Avg_ResetToViewEnd_4Cars: 2.2270546465255 seconds (replicasCounted=4)
[ROUND-METRICS] Epoch 1 Avg_Order_BFT_Request_RTT_Submitter: 1.256 seconds (submittersCounted=1)
[ROUND-METRICS] Epoch 1 Avg_View_Consensus_Latency_4Cars: 0.1649280919885 seconds (replicasCounted=4)
[ROUND-METRICS] Epoch 1 Avg_Order_Consensus_Latency_4Cars: 0.27696707270975 seconds (replicasCounted=4)
[ROUND-METRICS] Epoch 1 Avg_StopSign_Failures: 0 seconds (count)
[ROUND-METRICS] Epoch 1 Avg_Messages_Sent_PerReplica: 76.6666666666667 seconds (count)
[ROUND-METRICS] Epoch 1 Avg_Messages_Received_PerReplica: 179 seconds (count)
[ROUND-METRICS] Epoch 2 Avg_ResetToViewEnd_4Cars: 2.3459257344575 seconds (replicasCounted=4)
[ROUND-METRICS] Epoch 2 Avg_Order_BFT_Request_RTT_Submitter: 1.193 seconds (submittersCounted=1)
[ROUND-METRICS] Epoch 2 Avg_View_Consensus_Latency_4Cars: 0.1798437338345 seconds (replicasCounted=4)
[ROUND-METRICS] Epoch 2 Avg_Order_Consensus_Latency_4Cars: 0.2840404989515 seconds (replicasCounted=4)
[ROUND-METRICS] Epoch 2 Avg_StopSign_Failures: 0 seconds (count)
[ROUND-METRICS] Epoch 2 Avg_Messages_Sent_PerReplica: 61.6666666666667 seconds (count)
[ROUND-METRICS] Epoch 2 Avg_Messages_Received_PerReplica: 80.6666666666667 seconds (count)
[ROUND-METRICS] Epoch 0 Avg_Total_Consensus_Duration: 1.800000 seconds (goCars=4)
[ROUND-METRICS] Epoch 1 Avg_Total_Consensus_Duration: 4.450000 seconds (goCars=4)
[ROUND-METRICS] Epoch 2 Avg_Total_Consensus_Duration: 7.350000 seconds (goCars=4)
