[ROUND-METRICS] Epoch 0 Avg_View_Consensus_Latency_4Cars: 0.3800220548605 seconds (replicasCounted=4)
[ROUND-METRICS] Epoch 0 Avg_Order_Consensus_Latency_4Cars: 0.492458281556 seconds (replicasCounted=4)
[ROUND-METRICS] Epoch 0 Avg_Order_BFT_Request_RTT_Submitter: 3.244 seconds (submittersCounted=1)
[ROUND-METRICS] Epoch 1 Avg_ResetToViewEnd_4Cars: 8.8590351279565 seconds (replicasCounted=4)
[ROUND-METRICS] Epoch 1 Avg_Order_BFT_Request_RTT_Submitter: 4.064 seconds (submittersCounted=1)
[ROUND-METRICS] Epoch 1 Avg_View_Consensus_Latency_4Cars: 0.4832689099105 seconds (replicasCounted=4)
[ROUND-METRICS] Epoch 1 Avg_Order_Consensus_Latency_4Cars: 0.5066306131345 seconds (replicasCounted=4)
[ROUND-METRICS] Epoch 2 Avg_ResetToViewEnd_4Cars: 8.800422941868 seconds (replicasCounted=4)
[ROUND-METRICS] Epoch 2 Avg_Order_BFT_Request_RTT_Submitter: 3.113 seconds (submittersCounted=1)
[ROUND-METRICS] Epoch 2 Avg_View_Consensus_Latency_4Cars: 0.3946629834715 seconds (replicasCounted=4)
[ROUND-METRICS] Epoch 2 Avg_Order_Consensus_Latency_4Cars: 0.48328013279525 seconds (replicasCounted=4)
========== CONSENSUS METRICS (Replica 3) ==========
[METRICS 3] === VIEW SIGNATURE COLLECTION ===
[METRICS 3] View_Signature_Collection_Start: 0.8
[METRICS 3] View_Signature_Collection_End: 0.75648849554
[METRICS 3] View_Signature_Collection_Duration: -0.04351150446 seconds
[METRICS 3] === VIEW CONSENSUS ===
[METRICS 3] View_Consensus_Start: 0.75648849554
[METRICS 3] View_Consensus_End:   1.151526615366
[METRICS 3] View_Consensus_Latency: 0.395038119826 seconds
[METRICS 3] === ORDER SIGNATURE COLLECTION ===
[METRICS 3] Order_Signature_Collection_Start: 1.2
[METRICS 3] Order_Signature_Collection_End: 1.364211813885
[METRICS 3] Order_Signature_Collection_Duration: 0.164211813885 seconds
[METRICS 3] LaneLeader_Gossip_Duration: 0 seconds
[METRICS 3] === ORDER CONSENSUS ===
[METRICS 3] Order_Consensus_Start: 1.364211813885
[METRICS 3] Order_Consensus_End:   1.9
[METRICS 3] Order_Consensus_Latency: 0.535788186115 seconds
[METRICS 3] Order_BFT_Request_RTT: N/A (no local ORDER submit)
[METRICS 3] === OVERALL ===
[METRICS 3] Total_Consensus_Start: 0.8
[METRICS 3] Total_Consensus_End:   1.9
[METRICS 3] Total_Consensus_Duration: 1.1 seconds
[METRICS 3] Timing_Fallbacks: viewStart=1 orderStart=1 gossipWindow=1
[METRICS 3] Stop_Time: 0.8
[METRICS 3] Projected_Total_Wait: 8.814285714286 seconds
--
========== CONSENSUS METRICS (Replica 6) ==========
[METRICS 6] === VIEW SIGNATURE COLLECTION ===
[METRICS 6] View_Signature_Collection_Start: 0.8
[METRICS 6] View_Signature_Collection_End: 0.754990158789
[METRICS 6] View_Signature_Collection_Duration: -0.045009841211 seconds
[METRICS 6] === VIEW CONSENSUS ===
[METRICS 6] View_Consensus_Start: 0.754990158789
[METRICS 6] View_Consensus_End:   1.119246954185
[METRICS 6] View_Consensus_Latency: 0.364256795396 seconds
[METRICS 6] === ORDER SIGNATURE COLLECTION ===
[METRICS 6] Order_Signature_Collection_Start: 1.15
[METRICS 6] Order_Signature_Collection_End: 1.383221114679
[METRICS 6] Order_Signature_Collection_Duration: 0.233221114679 seconds
[METRICS 6] LaneLeader_Gossip_Duration: 0 seconds
[METRICS 6] === ORDER CONSENSUS ===
[METRICS 6] Order_Consensus_Start: 1.383221114679
[METRICS 6] Order_Consensus_End:   1.9
[METRICS 6] Order_Consensus_Latency: 0.516778885321 seconds
[METRICS 6] Order_BFT_Request_RTT: N/A (no local ORDER submit)
[METRICS 6] === OVERALL ===
[METRICS 6] Total_Consensus_Start: 0.8
[METRICS 6] Total_Consensus_End:   1.9
[METRICS 6] Total_Consensus_Duration: 1.1 seconds
[METRICS 6] Timing_Fallbacks: viewStart=1 orderStart=1 gossipWindow=1
[METRICS 6] Stop_Time: 0.8
[METRICS 6] Projected_Total_Wait: 1.1 seconds
--
========== CONSENSUS METRICS (Replica 9) ==========
[METRICS 9] === VIEW SIGNATURE COLLECTION ===
[METRICS 9] View_Signature_Collection_Start: 0.8
[METRICS 9] View_Signature_Collection_End: 0.754990144823
[METRICS 9] View_Signature_Collection_Duration: -0.045009855177 seconds
[METRICS 9] === VIEW CONSENSUS ===
[METRICS 9] View_Consensus_Start: 0.754990144823
[METRICS 9] View_Consensus_End:   1.119246954185
[METRICS 9] View_Consensus_Latency: 0.364256809362 seconds
[METRICS 9] === ORDER SIGNATURE COLLECTION ===
[METRICS 9] Order_Signature_Collection_Start: 1.15
[METRICS 9] Order_Signature_Collection_End: 1.350098527627
[METRICS 9] Order_Signature_Collection_Duration: 0.200098527627 seconds
[METRICS 9] LaneLeader_Gossip_Duration: 0 seconds
[METRICS 9] === ORDER CONSENSUS ===
[METRICS 9] Order_Consensus_Start: 1.350098527627
[METRICS 9] Order_Consensus_End:   1.9
[METRICS 9] Order_Consensus_Latency: 0.549901472373 seconds
[METRICS 9] Order_BFT_Request_RTT: N/A (no local ORDER submit)
[METRICS 9] === OVERALL ===
[METRICS 9] Total_Consensus_Start: 0.8
[METRICS 9] Total_Consensus_End:   1.9
[METRICS 9] Total_Consensus_Duration: 1.1 seconds
[METRICS 9] Timing_Fallbacks: viewStart=1 orderStart=1 gossipWindow=1
[METRICS 9] Stop_Time: 0.8
[METRICS 9] Projected_Total_Wait: 3.671428571429 seconds
--
========== CONSENSUS METRICS (Replica 0) ==========
[METRICS 0] === VIEW SIGNATURE COLLECTION ===
[METRICS 0] View_Signature_Collection_Start: 0.6
[METRICS 0] View_Signature_Collection_End: 0.754990191863
[METRICS 0] View_Signature_Collection_Duration: 0.154990191863 seconds
[METRICS 0] === VIEW CONSENSUS ===
[METRICS 0] View_Consensus_Start: 0.754990191863
[METRICS 0] View_Consensus_End:   1.151526686721
[METRICS 0] View_Consensus_Latency: 0.396536494858 seconds
[ROUND-METRICS] Epoch 0 Avg_View_Consensus_Latency_4Cars: 0.3800220548605 seconds (replicasCounted=4)
[METRICS 0] === ORDER SIGNATURE COLLECTION ===
[METRICS 0] Order_Signature_Collection_Start: 1.2
[METRICS 0] Order_Signature_Collection_End: 1.29637170259
[METRICS 0] Order_Signature_Collection_Duration: 0.09637170259 seconds
[METRICS 0] LaneLeader_Gossip_Duration: 0.236263714995 seconds
[METRICS 0] === ORDER CONSENSUS ===
[METRICS 0] Order_Consensus_Start: 1.532635417585
[METRICS 0] Order_Consensus_End:   1.9
[METRICS 0] Order_Consensus_Latency: 0.367364582415 seconds
[METRICS 0] Order_BFT_Request_RTT: 3.244 seconds
[METRICS 0] === OVERALL ===
[METRICS 0] Total_Consensus_Start: 0.6
[METRICS 0] Total_Consensus_End:   1.9
[METRICS 0] Total_Consensus_Duration: 1.3 seconds
[ROUND-METRICS] Epoch 0 Avg_Order_Consensus_Latency_4Cars: 0.492458281556 seconds (replicasCounted=4)
[ROUND-METRICS] Epoch 0 Avg_Order_BFT_Request_RTT_Submitter: 3.244 seconds (submittersCounted=1)
--
========== CONSENSUS METRICS (Replica 1) ==========
[METRICS 1] === VIEW SIGNATURE COLLECTION ===
[METRICS 1] View_Signature_Collection_Start: 10.2
[METRICS 1] View_Signature_Collection_End: 10.330834524617
[METRICS 1] View_Signature_Collection_Duration: 0.130834524617 seconds
[METRICS 1] === VIEW CONSENSUS ===
[METRICS 1] View_Consensus_Start: 10.330834524617
[METRICS 1] View_Consensus_End:   10.811007534315
[METRICS 1] View_Consensus_Latency: 0.480173009698 seconds
[METRICS 1] === ORDER SIGNATURE COLLECTION ===
[METRICS 1] Order_Signature_Collection_Start: 10.85
[METRICS 1] Order_Signature_Collection_End: 10.977809093426
[METRICS 1] Order_Signature_Collection_Duration: 0.127809093426 seconds
[METRICS 1] LaneLeader_Gossip_Duration: 0.15778936 seconds
[METRICS 1] === ORDER CONSENSUS ===
[METRICS 1] Order_Consensus_Start: 11.135598453426
[METRICS 1] Order_Consensus_End:   11.55
[METRICS 1] Order_Consensus_Latency: 0.414401546574 seconds
[METRICS 1] Order_BFT_Request_RTT: 4.064 seconds
[METRICS 1] === OVERALL ===
[METRICS 1] Total_Consensus_Start: 10.2
[METRICS 1] Total_Consensus_End:   11.55
[METRICS 1] Total_Consensus_Duration: 1.35 seconds
[ROUND-METRICS] Epoch 1 Avg_Order_BFT_Request_RTT_Submitter: 4.064 seconds (submittersCounted=1)
[METRICS 1] Stop_Time: 10.2
[METRICS 1] Projected_Total_Wait: 3.921428571429 seconds
--
========== CONSENSUS METRICS (Replica 4) ==========
[METRICS 4] === VIEW SIGNATURE COLLECTION ===
[METRICS 4] View_Signature_Collection_Start: 10.2
[METRICS 4] View_Signature_Collection_End: 10.309382429233
[METRICS 4] View_Signature_Collection_Duration: 0.109382429233 seconds
[METRICS 4] === VIEW CONSENSUS ===
[METRICS 4] View_Consensus_Start: 10.309382429233
[METRICS 4] View_Consensus_End:   10.811007534315
[METRICS 4] View_Consensus_Latency: 0.501625105082 seconds
[METRICS 4] === ORDER SIGNATURE COLLECTION ===
[METRICS 4] Order_Signature_Collection_Start: 10.85
[METRICS 4] Order_Signature_Collection_End: 11.017436113949
[METRICS 4] Order_Signature_Collection_Duration: 0.167436113949 seconds
[METRICS 4] LaneLeader_Gossip_Duration: 0 seconds
[METRICS 4] === ORDER CONSENSUS ===
[METRICS 4] Order_Consensus_Start: 11.017436113949
[METRICS 4] Order_Consensus_End:   11.55
[METRICS 4] Order_Consensus_Latency: 0.532563886051 seconds
[METRICS 4] Order_BFT_Request_RTT: N/A (no local ORDER submit)
[METRICS 4] === OVERALL ===
[METRICS 4] Total_Consensus_Start: 10.2
[METRICS 4] Total_Consensus_End:   11.55
[METRICS 4] Total_Consensus_Duration: 1.35 seconds
[METRICS 4] Timing_Fallbacks: viewStart=1 orderStart=1 gossipWindow=1
[METRICS 4] Stop_Time: 10.2
[METRICS 4] Projected_Total_Wait: 6.492857142857 seconds
--
========== CONSENSUS METRICS (Replica 7) ==========
[METRICS 7] === VIEW SIGNATURE COLLECTION ===
[METRICS 7] View_Signature_Collection_Start: 10.2
[METRICS 7] View_Signature_Collection_End: 10.309382391525
08:11:50.693 [Delivery Thread] INFO bftsmart.tom.ServiceReplica - [DELIVERY] receiveMessages called with 1 consensus instance(s)
[METRICS 7] View_Signature_Collection_Duration: 0.109382391525 seconds
[METRICS 7] === VIEW CONSENSUS ===
[METRICS 7] View_Consensus_Start: 10.309382391525
[METRICS 7] View_Consensus_End:   10.811007534315
[METRICS 7] View_Consensus_Latency: 0.50162514279 seconds
[METRICS 7] === ORDER SIGNATURE COLLECTION ===
[METRICS 7] Order_Signature_Collection_Start: 10.85
[METRICS 7] Order_Signature_Collection_End: 11.051049815038
08:11:50.693 [Delivery Thread] DEBUG bftsmart.tom.ServiceReplica - Processing TOMMessage from client 1001 with sequence number 1 for session -410684580 decided in consensus 3
[METRICS 7] Order_Signature_Collection_Duration: 0.201049815038 seconds
[METRICS 7] LaneLeader_Gossip_Duration: 0 seconds
[METRICS 7] === ORDER CONSENSUS ===
[METRICS 7] Order_Consensus_Start: 11.051049815038
[METRICS 7] Order_Consensus_End:   11.55
[METRICS 7] Order_Consensus_Latency: 0.498950184962 seconds
[METRICS 7] Order_BFT_Request_RTT: N/A (no local ORDER submit)
[METRICS 7] === OVERALL ===
[METRICS 7] Total_Consensus_Start: 10.2
[METRICS 7] Total_Consensus_End:   11.55
[METRICS 7] Total_Consensus_Duration: 1.35 seconds
[METRICS 7] Timing_Fallbacks: viewStart=1 orderStart=1 gossipWindow=1
--
========== CONSENSUS METRICS (Replica 10) ==========
[METRICS 10] === VIEW SIGNATURE COLLECTION ===
[METRICS 10] View_Signature_Collection_Start: 10.2
[METRICS 10] View_Signature_Collection_End: 10.309382391526
[METRICS 10] View_Signature_Collection_Duration: 0.109382391526 seconds
[METRICS 10] === VIEW CONSENSUS ===
[METRICS 10] View_Consensus_Start: 10.309382391526
[METRICS 10] View_Consensus_End:   10.759034773598
[METRICS 10] View_Consensus_Latency: 0.449652382072 seconds
[ROUND-METRICS] Epoch 1 Avg_View_Consensus_Latency_4Cars: 0.4832689099105 seconds (replicasCounted=4)
[METRICS 10] === ORDER SIGNATURE COLLECTION ===
[METRICS 10] Order_Signature_Collection_Start: 10.8
[METRICS 10] Order_Signature_Collection_End: 11.019393165049
[METRICS 10] Order_Signature_Collection_Duration: 0.219393165049 seconds
[METRICS 10] LaneLeader_Gossip_Duration: 0 seconds
[METRICS 10] === ORDER CONSENSUS ===
[METRICS 10] Order_Consensus_Start: 11.019393165049
[METRICS 10] Order_Consensus_End:   11.6
[METRICS 10] Order_Consensus_Latency: 0.580606834951 seconds
[METRICS 10] Order_BFT_Request_RTT: N/A (no local ORDER submit)
[METRICS 10] === OVERALL ===
[METRICS 10] Total_Consensus_Start: 10.2
[METRICS 10] Total_Consensus_End:   11.6
[METRICS 10] Total_Consensus_Duration: 1.4 seconds
[METRICS 10] Timing_Fallbacks: viewStart=1 orderStart=1 gossipWindow=1
[ROUND-METRICS] Epoch 1 Avg_Order_Consensus_Latency_4Cars: 0.5066306131345 seconds (replicasCounted=4)
--
========== CONSENSUS METRICS (Replica 11) ==========
[METRICS 11] === VIEW SIGNATURE COLLECTION ===
[METRICS 11] View_Signature_Collection_Start: 19.8
[METRICS 11] View_Signature_Collection_End: 19.955598417004
[METRICS 11] View_Signature_Collection_Duration: 0.155598417004 seconds
[METRICS 11] === VIEW CONSENSUS ===
[METRICS 11] View_Consensus_Start: 19.955598417004
[METRICS 11] View_Consensus_End:   20.394797943461
[METRICS 11] View_Consensus_Latency: 0.439199526457 seconds
[METRICS 11] === ORDER SIGNATURE COLLECTION ===
[METRICS 11] Order_Signature_Collection_Start: 20.4
[METRICS 11] Order_Signature_Collection_End: 20.676288909736
[METRICS 11] Order_Signature_Collection_Duration: 0.276288909736 seconds
[METRICS 11] LaneLeader_Gossip_Duration: 0 seconds
[METRICS 11] === ORDER CONSENSUS ===
[METRICS 11] Order_Consensus_Start: 20.676288909736
[METRICS 11] Order_Consensus_End:   21.15
[METRICS 11] Order_Consensus_Latency: 0.473711090264 seconds
[METRICS 11] Order_BFT_Request_RTT: N/A (no local ORDER submit)
[METRICS 11] === OVERALL ===
[METRICS 11] Total_Consensus_Start: 19.8
[METRICS 11] Total_Consensus_End:   21.15
[METRICS 11] Total_Consensus_Duration: 1.35 seconds
[METRICS 11] Timing_Fallbacks: viewStart=1 orderStart=1 gossipWindow=1
[METRICS 11] Stop_Time: 19.8
[METRICS 11] Projected_Total_Wait: 6.492857142857 seconds
--
========== CONSENSUS METRICS (Replica 2) ==========
[METRICS 2] === VIEW SIGNATURE COLLECTION ===
[METRICS 2] View_Signature_Collection_Start: 19.8
[METRICS 2] View_Signature_Collection_End: 19.980921493899
[METRICS 2] View_Signature_Collection_Duration: 0.180921493899 seconds
[METRICS 2] === VIEW CONSENSUS ===
[METRICS 2] View_Consensus_Start: 19.980921493899
[METRICS 2] View_Consensus_End:   20.331047940275
[METRICS 2] View_Consensus_Latency: 0.350126446376 seconds
[METRICS 2] === ORDER SIGNATURE COLLECTION ===
[METRICS 2] Order_Signature_Collection_Start: 20.35
[METRICS 2] Order_Signature_Collection_End: 20.592033545869
[METRICS 2] Order_Signature_Collection_Duration: 0.242033545869 seconds
[METRICS 2] LaneLeader_Gossip_Duration: 0.206454825194 seconds
[METRICS 2] === ORDER CONSENSUS ===
[METRICS 2] Order_Consensus_Start: 20.798488371063
[METRICS 2] Order_Consensus_End:   21.15
[METRICS 2] Order_Consensus_Latency: 0.351511628937 seconds
[METRICS 2] Order_BFT_Request_RTT: 3.113 seconds
[METRICS 2] === OVERALL ===
[METRICS 2] Total_Consensus_Start: 19.8
[METRICS 2] Total_Consensus_End:   21.15
[METRICS 2] Total_Consensus_Duration: 1.35 seconds
[ROUND-METRICS] Epoch 2 Avg_Order_BFT_Request_RTT_Submitter: 3.113 seconds (submittersCounted=1)
[METRICS 2] Stop_Time: 19.8
[METRICS 2] Projected_Total_Wait: 1.35 seconds
--
========== CONSENSUS METRICS (Replica 5) ==========
[METRICS 5] === VIEW SIGNATURE COLLECTION ===
[METRICS 5] View_Signature_Collection_Start: 19.8
[METRICS 5] View_Signature_Collection_End: 19.955598434425
[METRICS 5] View_Signature_Collection_Duration: 0.155598434425 seconds
[METRICS 5] === VIEW CONSENSUS ===
[METRICS 5] View_Consensus_Start: 19.955598434425
[METRICS 5] View_Consensus_End:   20.331047940275
[METRICS 5] View_Consensus_Latency: 0.37544950585 seconds
[METRICS 5] === ORDER SIGNATURE COLLECTION ===
[METRICS 5] Order_Signature_Collection_Start: 20.35
[METRICS 5] Order_Signature_Collection_End: 20.569711388615
[METRICS 5] Order_Signature_Collection_Duration: 0.219711388615 seconds
[METRICS 5] LaneLeader_Gossip_Duration: 0 seconds
[METRICS 5] === ORDER CONSENSUS ===
[METRICS 5] Order_Consensus_Start: 20.569711388615
[METRICS 5] Order_Consensus_End:   21.15
[METRICS 5] Order_Consensus_Latency: 0.580288611385 seconds
[METRICS 5] Order_BFT_Request_RTT: N/A (no local ORDER submit)
[METRICS 5] === OVERALL ===
[METRICS 5] Total_Consensus_Start: 19.8
[METRICS 5] Total_Consensus_End:   21.15
[METRICS 5] Total_Consensus_Duration: 1.35 seconds
[METRICS 5] Timing_Fallbacks: viewStart=1 orderStart=1 gossipWindow=1
[METRICS 5] Stop_Time: 19.8
[METRICS 5] Projected_Total_Wait: 3.921428571429 seconds
--
========== CONSENSUS METRICS (Replica 8) ==========
[METRICS 8] === VIEW SIGNATURE COLLECTION ===
[METRICS 8] View_Signature_Collection_Start: 19.8
[METRICS 8] View_Signature_Collection_End: 19.980921488258
[METRICS 8] View_Signature_Collection_Duration: 0.180921488258 seconds
[METRICS 8] === VIEW CONSENSUS ===
[METRICS 8] View_Consensus_Start: 19.980921488258
[METRICS 8] View_Consensus_End:   20.394797943461
[METRICS 8] View_Consensus_Latency: 0.413876455203 seconds
[ROUND-METRICS] Epoch 2 Avg_View_Consensus_Latency_4Cars: 0.3946629834715 seconds (replicasCounted=4)
[METRICS 8] === ORDER SIGNATURE COLLECTION ===
[METRICS 8] Order_Signature_Collection_Start: 20.4
[METRICS 8] Order_Signature_Collection_End: 20.622390799405
[METRICS 8] Order_Signature_Collection_Duration: 0.222390799405 seconds
[METRICS 8] LaneLeader_Gossip_Duration: 0 seconds
[METRICS 8] === ORDER CONSENSUS ===
[METRICS 8] Order_Consensus_Start: 20.622390799405
[METRICS 8] Order_Consensus_End:   21.15
[METRICS 8] Order_Consensus_Latency: 0.527609200595 seconds
[METRICS 8] Order_BFT_Request_RTT: N/A (no local ORDER submit)
[METRICS 8] === OVERALL ===
[METRICS 8] Total_Consensus_Start: 19.8
[METRICS 8] Total_Consensus_End:   21.15
[METRICS 8] Total_Consensus_Duration: 1.35 seconds
[METRICS 8] Timing_Fallbacks: viewStart=1 orderStart=1 gossipWindow=1
[ROUND-METRICS] Epoch 2 Avg_Order_Consensus_Latency_4Cars: 0.48328013279525 seconds (replicasCounted=4)