[ROUND-METRICS] Epoch 0 Avg_View_Consensus_Latency_4Cars: 0.380024556503 seconds (replicasCounted=4)
[ROUND-METRICS] Epoch 0 Avg_Order_Consensus_Latency_4Cars: 0.5331593752885 seconds (replicasCounted=4)
[ROUND-METRICS] Epoch 0 Avg_Order_BFT_Request_RTT_Submitter: 3.717 seconds (submittersCounted=1)
[ROUND-METRICS] Epoch 1 Avg_ResetToViewEnd_4Cars: 8.842734360965 seconds (replicasCounted=4)
[ROUND-METRICS] Epoch 1 Avg_Order_BFT_Request_RTT_Submitter: 3.82 seconds (submittersCounted=1)
[ROUND-METRICS] Epoch 1 Avg_View_Consensus_Latency_4Cars: 0.48174322367175 seconds (replicasCounted=4)
[ROUND-METRICS] Epoch 1 Avg_Order_Consensus_Latency_4Cars: 0.49943842584175 seconds (replicasCounted=4)
[ROUND-METRICS] Epoch 2 Avg_ResetToViewEnd_4Cars: 8.8990721380375 seconds (replicasCounted=4)
[ROUND-METRICS] Epoch 2 Avg_Order_BFT_Request_RTT_Submitter: 2.875 seconds (submittersCounted=1)
[ROUND-METRICS] Epoch 2 Avg_View_Consensus_Latency_4Cars: 0.380315736035 seconds (replicasCounted=4)
[ROUND-METRICS] Epoch 2 Avg_Order_Consensus_Latency_4Cars: 0.490132684595 seconds (replicasCounted=4)
========== CONSENSUS METRICS (Replica 3) ==========
[METRICS 3] === VIEW SIGNATURE COLLECTION ===
[METRICS 3] View_Signature_Collection_Start: 0.8
[METRICS 3] View_Signature_Collection_End: 0.75648849554
08:03:26.500 [Server Comm. System] INFO bftsmart.communication.ServerCommunicationSystem -     From: 3
[METRICS 3] View_Signature_Collection_Duration: -0.04351150446 seconds
[METRICS 3] === VIEW CONSENSUS ===
[METRICS 3] View_Consensus_Start: 0.75648849554
08:03:26.500 [Server Comm. System] INFO bftsmart.communication.ServerCommunicationSystem -     Message count: 44
[METRICS 3] View_Consensus_End:   1.151526614748
[METRICS 3] View_Consensus_Latency: 0.395038119208 seconds
[METRICS 3] === ORDER SIGNATURE COLLECTION ===
[METRICS 3] Order_Signature_Collection_Start: 1.2
[METRICS 3] Order_Signature_Collection_End: 1.364211813885
08:03:26.499 [Server Comm. System] INFO bftsmart.communication.ServerCommunicationSystem -     Message type: ConsensusMessage
[METRICS 3] Order_Signature_Collection_Duration: 0.164211813885 seconds
[METRICS 3] LaneLeader_Gossip_Duration: 0 seconds
[METRICS 3] === ORDER CONSENSUS ===
[METRICS 3] Order_Consensus_Start: 1.364211813885
[METRICS 3] Order_Consensus_End:   1.95
[METRICS 3] Order_Consensus_Latency: 0.585788186115 seconds
[METRICS 3] Order_BFT_Request_RTT: N/A (no local ORDER submit)
[METRICS 3] === OVERALL ===
[METRICS 3] Total_Consensus_Start: 0.8
[METRICS 3] Total_Consensus_End:   1.95
[METRICS 3] Total_Consensus_Duration: 1.15 seconds
--
========== CONSENSUS METRICS (Replica 6) ==========
[METRICS 6] === VIEW SIGNATURE COLLECTION ===
[METRICS 6] View_Signature_Collection_Start: 0.8
[METRICS 6] View_Signature_Collection_End: 0.754990158789
[METRICS 6] View_Signature_Collection_Duration: -0.045009841211 seconds
[METRICS 6] === VIEW CONSENSUS ===
[METRICS 6] View_Consensus_Start: 0.754990158789
[METRICS 6] View_Consensus_End:   1.119251954185
[METRICS 6] View_Consensus_Latency: 0.364261795396 seconds
[METRICS 6] === ORDER SIGNATURE COLLECTION ===
[METRICS 6] Order_Signature_Collection_Start: 1.15
[METRICS 6] Order_Signature_Collection_End: 1.383221114679
[METRICS 6] Order_Signature_Collection_Duration: 0.233221114679 seconds
[METRICS 6] LaneLeader_Gossip_Duration: 0 seconds
[METRICS 6] === ORDER CONSENSUS ===
[METRICS 6] Order_Consensus_Start: 1.383221114679
[METRICS 6] Order_Consensus_End:   1.95
[METRICS 6] Order_Consensus_Latency: 0.566778885321 seconds
[METRICS 6] Order_BFT_Request_RTT: N/A (no local ORDER submit)
[METRICS 6] === OVERALL ===
[METRICS 6] Total_Consensus_Start: 0.8
[METRICS 6] Total_Consensus_End:   1.95
[METRICS 6] Total_Consensus_Duration: 1.15 seconds
[METRICS 6] Timing_Fallbacks: viewStart=1 orderStart=1 gossipWindow=1
[METRICS 6] Stop_Time: 0.8
[METRICS 6] Projected_Total_Wait: 1.15 seconds
--
========== CONSENSUS METRICS (Replica 9) ==========
[METRICS 9] === VIEW SIGNATURE COLLECTION ===
[METRICS 9] View_Signature_Collection_Start: 0.8
[METRICS 9] View_Signature_Collection_End: 0.754990144823
[METRICS 9] View_Signature_Collection_Duration: -0.045009855177 seconds
[METRICS 9] === VIEW CONSENSUS ===
[METRICS 9] View_Consensus_Start: 0.754990144823
[METRICS 9] View_Consensus_End:   1.119251954185
[METRICS 9] View_Consensus_Latency: 0.364261809362 seconds
[METRICS 9] === ORDER SIGNATURE COLLECTION ===
[METRICS 9] Order_Signature_Collection_Start: 1.15
[METRICS 9] Order_Signature_Collection_End: 1.350098527627
[METRICS 9] Order_Signature_Collection_Duration: 0.200098527627 seconds
[METRICS 9] LaneLeader_Gossip_Duration: 0 seconds
[METRICS 9] === ORDER CONSENSUS ===
[METRICS 9] Order_Consensus_Start: 1.350098527627
[METRICS 9] Order_Consensus_End:   1.95
[METRICS 9] Order_Consensus_Latency: 0.599901472373 seconds
[METRICS 9] Order_BFT_Request_RTT: N/A (no local ORDER submit)
[METRICS 9] === OVERALL ===
[METRICS 9] Total_Consensus_Start: 0.8
[METRICS 9] Total_Consensus_End:   1.95
[METRICS 9] Total_Consensus_Duration: 1.15 seconds
[METRICS 9] Timing_Fallbacks: viewStart=1 orderStart=1 gossipWindow=1
[METRICS 9] Stop_Time: 0.8
[METRICS 9] Projected_Total_Wait: 3.721428571429 seconds
--
========== CONSENSUS METRICS (Replica 0) ==========

[METRICS 0] === VIEW SIGNATURE COLLECTION ===
[METRICS 0] View_Signature_Collection_Start: 0.6
[METRICS 0] View_Signature_Collection_End: 0.754990191863
[V2V Layer 7] updateConnections() called[METRICS 0] View_Signature_Collection_Duration: 0.154990191863 seconds

[METRICS 0] === VIEW CONSENSUS ===
[METRICS 0] View_Consensus_Start: 0.754990191863
[METRICS 0] View_Consensus_End:   1.151526693909
[SERVER 11] View Cars: {veh0=bftsmart.demo.intersection.IntersectionServer$ReadyQCData@660f262a, veh9=bftsmart.demo.intersection.IntersectionServer$ReadyQCData@68c8d49b, veh6=bftsmart.demo.intersection.IntersectionServer$ReadyQCData@6cf74d5a, veh3=bftsmart.demo.intersection.IntersectionServer$ReadyQCData@29f5dea0}[METRICS 0] View_Consensus_Latency: 0.396536502046 seconds

[ROUND-METRICS] Epoch 0 Avg_View_Consensus_Latency_4Cars: 0.380024556503 seconds (replicasCounted=4)
    Current view: [1, 2, 4, 5, 7, 8, 10, 11][METRICS 0] === ORDER SIGNATURE COLLECTION ===

[METRICS 0] Order_Signature_Collection_Start: 1.2
[METRICS 0] Order_Signature_Collection_End: 1.29637170259
[METRICS 0] Order_Signature_Collection_Duration: 0.09637170259 seconds
[METRICS 0] LaneLeader_Gossip_Duration: 0.273459340065 seconds
[SERVER 11] Front Cars: {N2C_0=bftsmart.demo.intersection.IntersectionServer$ReadyQCData@660f262a, E2C_0=bftsmart.demo.intersection.IntersectionServer$ReadyQCData@6cf74d5a, W2C_0=bftsmart.demo.intersection.IntersectionServer$ReadyQCData@68c8d49b, S2C_0=bftsmart.demo.intersection.IntersectionServer$ReadyQCData@29f5dea0}[METRICS 0] === ORDER CONSENSUS ===

[METRICS 0] Order_Consensus_Start: 1.569831042655
    -> Removing connection to replica 0 (not in view)[METRICS 0] Order_Consensus_End:   1.95

[METRICS 0] Order_Consensus_Latency: 0.380168957345 seconds
[V2VNativeReplicaConnection] Closed connection to replica 0[METRICS 0] Order_BFT_Request_RTT: 3.717 seconds
--
========== CONSENSUS METRICS (Replica 1) ==========
[METRICS 1] === VIEW SIGNATURE COLLECTION ===
[METRICS 1] View_Signature_Collection_Start: 10.2
[METRICS 1] View_Signature_Collection_End: 10.332118174063
[METRICS 1] View_Signature_Collection_Duration: 0.132118174063 seconds
[METRICS 1] === VIEW CONSENSUS ===
[METRICS 1] View_Consensus_Start: 10.332118174063
[METRICS 1] View_Consensus_End:   10.805234360965
[METRICS 1] View_Consensus_Latency: 0.473116186902 seconds
[METRICS 1] === ORDER SIGNATURE COLLECTION ===
[METRICS 1] Order_Signature_Collection_Start: 10.85
[METRICS 1] Order_Signature_Collection_End: 11.009408616532
[METRICS 1] Order_Signature_Collection_Duration: 0.159408616532 seconds
[METRICS 1] LaneLeader_Gossip_Duration: 0.192934124992 seconds
[METRICS 1] === ORDER CONSENSUS ===
[METRICS 1] Order_Consensus_Start: 11.202342741524
[METRICS 1] Order_Consensus_End:   11.6
[METRICS 1] Order_Consensus_Latency: 0.397657258476 seconds
[METRICS 1] Order_BFT_Request_RTT: 3.82 seconds
[METRICS 1] === OVERALL ===
[METRICS 1] Total_Consensus_Start: 10.2
[METRICS 1] Total_Consensus_End:   11.6
[METRICS 1] Total_Consensus_Duration: 1.4 seconds
[ROUND-METRICS] Epoch 1 Avg_Order_BFT_Request_RTT_Submitter: 3.82 seconds (submittersCounted=1)
[METRICS 1] Stop_Time: 10.2
[METRICS 1] Projected_Total_Wait: 1.4 seconds
--
========== CONSENSUS METRICS (Replica 10) ==========
[METRICS 10] === VIEW SIGNATURE COLLECTION ===
[METRICS 10] View_Signature_Collection_Start: 10.2
[METRICS 10] View_Signature_Collection_End: 10.327199142623
[METRICS 10] View_Signature_Collection_Duration: 0.127199142623 seconds
[METRICS 10] === VIEW CONSENSUS ===
[METRICS 10] View_Consensus_Start: 10.327199142623
[METRICS 10] View_Consensus_End:   10.805234360965
[METRICS 10] View_Consensus_Latency: 0.478035218342 seconds
[METRICS 10] === ORDER SIGNATURE COLLECTION ===
[METRICS 10] Order_Signature_Collection_Start: 10.85
[METRICS 10] Order_Signature_Collection_End: 11.036555939659
[METRICS 10] Order_Signature_Collection_Duration: 0.186555939659 seconds
[METRICS 10] LaneLeader_Gossip_Duration: 0 seconds
[METRICS 10] === ORDER CONSENSUS ===
[METRICS 10] Order_Consensus_Start: 11.036555939659
[METRICS 10] Order_Consensus_End:   11.6
[METRICS 10] Order_Consensus_Latency: 0.563444060341 seconds
[METRICS 10] Order_BFT_Request_RTT: N/A (no local ORDER submit)
[METRICS 10] === OVERALL ===
[METRICS 10] Total_Consensus_Start: 10.2
[METRICS 10] Total_Consensus_End:   11.6
[METRICS 10] Total_Consensus_Duration: 1.4 seconds
[METRICS 10] Timing_Fallbacks: viewStart=1 orderStart=1 gossipWindow=1
[METRICS 10] Stop_Time: 10.2
[METRICS 10] Projected_Total_Wait: 3.971428571429 seconds
--
========== CONSENSUS METRICS (Replica 4) ==========
[METRICS 4] === VIEW SIGNATURE COLLECTION ===
[METRICS 4] View_Signature_Collection_Start: 10.2
[METRICS 4] View_Signature_Collection_End: 10.332118194587
[METRICS 4] View_Signature_Collection_Duration: 0.132118194587 seconds
[METRICS 4] === VIEW CONSENSUS ===
[METRICS 4] View_Consensus_Start: 10.332118194587
[METRICS 4] View_Consensus_End:   10.817569408019
[METRICS 4] View_Consensus_Latency: 0.485451213432 seconds
[METRICS 4] === ORDER SIGNATURE COLLECTION ===
[METRICS 4] Order_Signature_Collection_Start: 10.85
[METRICS 4] Order_Signature_Collection_End: 11.078396720011
[METRICS 4] Order_Signature_Collection_Duration: 0.228396720011 seconds
[METRICS 4] LaneLeader_Gossip_Duration: 0 seconds
[METRICS 4] === ORDER CONSENSUS ===
[METRICS 4] Order_Consensus_Start: 11.078396720011
[METRICS 4] Order_Consensus_End:   11.6
[METRICS 4] Order_Consensus_Latency: 0.521603279989 seconds
[METRICS 4] Order_BFT_Request_RTT: N/A (no local ORDER submit)
[METRICS 4] === OVERALL ===
[METRICS 4] Total_Consensus_Start: 10.2
[METRICS 4] Total_Consensus_End:   11.6
[METRICS 4] Total_Consensus_Duration: 1.4 seconds
[METRICS 4] Timing_Fallbacks: viewStart=1 orderStart=1 gossipWindow=1
[METRICS 4] Stop_Time: 10.2
[METRICS 4] Projected_Total_Wait: 6.542857142857 seconds
--
========== CONSENSUS METRICS (Replica 7) ==========
[METRICS 7] === VIEW SIGNATURE COLLECTION ===
[METRICS 7] View_Signature_Collection_Start: 10.2
[METRICS 7] View_Signature_Collection_End: 10.327199132008
[METRICS 7] View_Signature_Collection_Duration: 0.127199132008 seconds
[METRICS 7] === VIEW CONSENSUS ===
[METRICS 7] View_Consensus_Start: 10.327199132008
[METRICS 7] View_Consensus_End:   10.817569408019
[METRICS 7] View_Consensus_Latency: 0.490370276011 seconds
[ROUND-METRICS] Epoch 1 Avg_View_Consensus_Latency_4Cars: 0.48174322367175 seconds (replicasCounted=4)
[METRICS 7] === ORDER SIGNATURE COLLECTION ===
[METRICS 7] Order_Signature_Collection_Start: 10.85
[METRICS 7] Order_Signature_Collection_End: 11.084950895439
[METRICS 7] Order_Signature_Collection_Duration: 0.234950895439 seconds
[METRICS 7] LaneLeader_Gossip_Duration: 0 seconds
[METRICS 7] === ORDER CONSENSUS ===
[METRICS 7] Order_Consensus_Start: 11.084950895439
[METRICS 7] Order_Consensus_End:   11.6
[METRICS 7] Order_Consensus_Latency: 0.515049104561 seconds
[METRICS 7] Order_BFT_Request_RTT: N/A (no local ORDER submit)
[METRICS 7] === OVERALL ===
[METRICS 7] Total_Consensus_Start: 10.2
[METRICS 7] Total_Consensus_End:   11.6
[METRICS 7] Total_Consensus_Duration: 1.4 seconds
[METRICS 7] Timing_Fallbacks: viewStart=1 orderStart=1 gossipWindow=1
[ROUND-METRICS] Epoch 1 Avg_Order_Consensus_Latency_4Cars: 0.49943842584175 seconds (replicasCounted=4)
--
========== CONSENSUS METRICS (Replica 11) ==========
[METRICS 11] === VIEW SIGNATURE COLLECTION ===
[METRICS 11] View_Signature_Collection_Start: 20
[METRICS 11] View_Signature_Collection_End: 20.109825412793
[METRICS 11] View_Signature_Collection_Duration: 0.109825412793 seconds
[METRICS 11] === VIEW CONSENSUS ===
[METRICS 11] View_Consensus_Start: 20.109825412793
[METRICS 11] View_Consensus_End:   20.496882109668
[METRICS 11] View_Consensus_Latency: 0.387056696875 seconds
[METRICS 11] === ORDER SIGNATURE COLLECTION ===
[METRICS 11] Order_Signature_Collection_Start: 20.5
[METRICS 11] Order_Signature_Collection_End: 20.726382032359
[METRICS 11] Order_Signature_Collection_Duration: 0.226382032359 seconds
[METRICS 11] LaneLeader_Gossip_Duration: 0 seconds
[METRICS 11] === ORDER CONSENSUS ===
[METRICS 11] Order_Consensus_Start: 20.726382032359
[METRICS 11] Order_Consensus_End:   21.25
[METRICS 11] Order_Consensus_Latency: 0.523617967641 seconds
[METRICS 11] Order_BFT_Request_RTT: N/A (no local ORDER submit)
[METRICS 11] === OVERALL ===
[METRICS 11] Total_Consensus_Start: 20
[METRICS 11] Total_Consensus_End:   21.25
[METRICS 11] Total_Consensus_Duration: 1.25 seconds
[METRICS 11] Timing_Fallbacks: viewStart=1 orderStart=1 gossipWindow=1
[METRICS 11] Stop_Time: 20
[METRICS 11] Projected_Total_Wait: 1.25 seconds
--
========== CONSENSUS METRICS (Replica 2) ==========
[METRICS 2] === VIEW SIGNATURE COLLECTION ===
[METRICS 2] View_Signature_Collection_Start: 20
[METRICS 2] View_Signature_Collection_End: 20.10982539561
[METRICS 2] View_Signature_Collection_Duration: 0.10982539561 seconds
[METRICS 2] === VIEW CONSENSUS ===
[METRICS 2] View_Consensus_Start: 20.10982539561
[METRICS 2] View_Consensus_End:   20.505642223146
[METRICS 2] View_Consensus_Latency: 0.395816827536 seconds
[METRICS 2] === ORDER SIGNATURE COLLECTION ===
[METRICS 2] Order_Signature_Collection_Start: 20.55
[METRICS 2] Order_Signature_Collection_End: 20.759436206664
[METRICS 2] Order_Signature_Collection_Duration: 0.209436206664 seconds
[METRICS 2] LaneLeader_Gossip_Duration: 0.153448719465 seconds
[METRICS 2] === ORDER CONSENSUS ===
[METRICS 2] Order_Consensus_Start: 20.912884926129
[METRICS 2] Order_Consensus_End:   21.25
[METRICS 2] Order_Consensus_Latency: 0.337115073871 seconds
[METRICS 2] Order_BFT_Request_RTT: 2.875 seconds
[METRICS 2] === OVERALL ===
[METRICS 2] Total_Consensus_Start: 20
[METRICS 2] Total_Consensus_End:   21.25
[METRICS 2] Total_Consensus_Duration: 1.25 seconds
[ROUND-METRICS] Epoch 2 Avg_Order_BFT_Request_RTT_Submitter: 2.875 seconds (submittersCounted=1)
[METRICS 2] Stop_Time: 20
[METRICS 2] Projected_Total_Wait: 6.392857142857 seconds
--
========== CONSENSUS METRICS (Replica 5) ==========
[METRICS 5] === VIEW SIGNATURE COLLECTION ===
[METRICS 5] View_Signature_Collection_Start: 20
[METRICS 5] View_Signature_Collection_End: 20.132067455087
[METRICS 5] View_Signature_Collection_Duration: 0.132067455087 seconds
[METRICS 5] === VIEW CONSENSUS ===
[METRICS 5] View_Consensus_Start: 20.132067455087
[METRICS 5] View_Consensus_End:   20.505642223146
[METRICS 5] View_Consensus_Latency: 0.373574768059 seconds
[METRICS 5] === ORDER SIGNATURE COLLECTION ===
[METRICS 5] Order_Signature_Collection_Start: 20.55
[METRICS 5] Order_Signature_Collection_End: 20.786210374137
[METRICS 5] Order_Signature_Collection_Duration: 0.236210374137 seconds
[METRICS 5] LaneLeader_Gossip_Duration: 0 seconds
[METRICS 5] === ORDER CONSENSUS ===
[METRICS 5] Order_Consensus_Start: 20.786210374137
[METRICS 5] Order_Consensus_End:   21.3
[METRICS 5] Order_Consensus_Latency: 0.513789625863 seconds
[METRICS 5] Order_BFT_Request_RTT: N/A (no local ORDER submit)
[METRICS 5] === OVERALL ===
[METRICS 5] Total_Consensus_Start: 20
[METRICS 5] Total_Consensus_End:   21.3
[METRICS 5] Total_Consensus_Duration: 1.3 seconds
[METRICS 5] Timing_Fallbacks: viewStart=1 orderStart=1 gossipWindow=1
[METRICS 5] Stop_Time: 20
[METRICS 5] Projected_Total_Wait: 9.014285714286 seconds
--
========== CONSENSUS METRICS (Replica 8) ==========
[METRICS 8] === VIEW SIGNATURE COLLECTION ===
[METRICS 8] View_Signature_Collection_Start: 20
[METRICS 8] View_Signature_Collection_End: 20.132067457998
[METRICS 8] View_Signature_Collection_Duration: 0.132067457998 seconds
[METRICS 8] === VIEW CONSENSUS ===
[METRICS 8] View_Consensus_Start: 20.132067457998
[METRICS 8] View_Consensus_End:   20.496882109668
[METRICS 8] View_Consensus_Latency: 0.36481465167 seconds
[ROUND-METRICS] Epoch 2 Avg_View_Consensus_Latency_4Cars: 0.380315736035 seconds (replicasCounted=4)
[METRICS 8] === ORDER SIGNATURE COLLECTION ===
[METRICS 8] Order_Signature_Collection_Start: 20.5
[METRICS 8] Order_Signature_Collection_End: 20.713991928995
[METRICS 8] Order_Signature_Collection_Duration: 0.213991928995 seconds
[METRICS 8] LaneLeader_Gossip_Duration: 0 seconds
[METRICS 8] === ORDER CONSENSUS ===
[METRICS 8] Order_Consensus_Start: 20.713991928995
[METRICS 8] Order_Consensus_End:   21.3
[METRICS 8] Order_Consensus_Latency: 0.586008071005 seconds
[METRICS 8] Order_BFT_Request_RTT: N/A (no local ORDER submit)
[METRICS 8] === OVERALL ===
[METRICS 8] Total_Consensus_Start: 20
[METRICS 8] Total_Consensus_End:   21.3
[METRICS 8] Total_Consensus_Duration: 1.3 seconds
[METRICS 8] Timing_Fallbacks: viewStart=1 orderStart=1 gossipWindow=1
[ROUND-METRICS] Epoch 2 Avg_Order_Consensus_Latency_4Cars: 0.490132684595 seconds (replicasCounted=4)