[ROUND-METRICS] Epoch 0 Avg_View_Consensus_Latency_4Cars: 0.3800205815285 seconds (replicasCounted=4)
[ROUND-METRICS] Epoch 0 Avg_Order_Consensus_Latency_4Cars: 0.5331663752885 seconds (replicasCounted=4)
[ROUND-METRICS] Epoch 0 Avg_Order_BFT_Request_RTT_Submitter: 3.454 seconds (submittersCounted=1)
[ROUND-METRICS] Epoch 1 Avg_ResetToViewEnd_4Cars: 8.785614136871 seconds (replicasCounted=4)
[ROUND-METRICS] Epoch 1 Avg_Order_BFT_Request_RTT_Submitter: 2.937 seconds (submittersCounted=1)
[ROUND-METRICS] Epoch 1 Avg_View_Consensus_Latency_4Cars: 0.403909616286 seconds (replicasCounted=4)
[ROUND-METRICS] Epoch 1 Avg_Order_Consensus_Latency_4Cars: 0.4427800686965 seconds (replicasCounted=4)
[ROUND-METRICS] Epoch 2 Avg_ResetToViewEnd_4Cars: 8.8608608401975 seconds (replicasCounted=4)
[ROUND-METRICS] Epoch 2 Avg_View_Consensus_Latency_4Cars: 0.356102717527 seconds (replicasCounted=4)
[ROUND-METRICS] Epoch 2 Avg_Order_Consensus_Latency_4Cars: 0.490312855269 seconds (replicasCounted=4)
[ROUND-METRICS] Epoch 2 Avg_Order_BFT_Request_RTT_Submitter: 3.74 seconds (submittersCounted=1)
========== CONSENSUS METRICS (Replica 3) ==========
[METRICS 3] === VIEW SIGNATURE COLLECTION ===
[METRICS 3] View_Signature_Collection_Start: 0.8
[METRICS 3] View_Signature_Collection_End: 0.75648849554
[METRICS 3] View_Signature_Collection_Duration: -0.04351150446 seconds
[METRICS 3] === VIEW CONSENSUS ===
[METRICS 3] View_Consensus_Start: 0.75648849554
[METRICS 3] View_Consensus_End:   1.151518615366
[METRICS 3] View_Consensus_Latency: 0.395030119826 seconds
[METRICS 3] === ORDER SIGNATURE COLLECTION ===
[METRICS 3] Order_Signature_Collection_Start: 1.2
[METRICS 3] Order_Signature_Collection_End: 1.364200813885
[METRICS 3] Order_Signature_Collection_Duration: 0.164200813885 seconds
[METRICS 3] LaneLeader_Gossip_Duration: 0 seconds
[METRICS 3] === ORDER CONSENSUS ===
[METRICS 3] Order_Consensus_Start: 1.364200813885
[METRICS 3] Order_Consensus_End:   1.95
[METRICS 3] Order_Consensus_Latency: 0.585799186115 seconds
[METRICS 3] Order_BFT_Request_RTT: N/A (no local ORDER submit)
[METRICS 3] === OVERALL ===
[METRICS 3] Total_Consensus_Start: 0.8
[METRICS 3] Total_Consensus_End:   1.95
[METRICS 3] Total_Consensus_Duration: 1.15 seconds
[METRICS 3] Timing_Fallbacks: viewStart=1 orderStart=1 gossipWindow=1
[METRICS 3] Stop_Time: 0.8
[METRICS 3] Projected_Total_Wait: 8.864285714286 seconds
--
========== CONSENSUS METRICS (Replica 6) ==========
[METRICS 6] === VIEW SIGNATURE COLLECTION ===
[METRICS 6] View_Signature_Collection_Start: 0.8
[METRICS 6] View_Signature_Collection_End: 0.754990158789
[METRICS 6] View_Signature_Collection_Duration: -0.045009841211 seconds
[METRICS 6] === VIEW CONSENSUS ===
[METRICS 6] View_Consensus_Start: 0.754990158789
[METRICS 6] View_Consensus_End:   1.119251954185
[METRICS 6] View_Consensus_Latency: 0.364261795396 seconds
[METRICS 6] === ORDER SIGNATURE COLLECTION ===
[METRICS 6] Order_Signature_Collection_Start: 1.15
[METRICS 6] Order_Signature_Collection_End: 1.383225114679
[METRICS 6] Order_Signature_Collection_Duration: 0.233225114679 seconds
[METRICS 6] LaneLeader_Gossip_Duration: 0 seconds
[METRICS 6] === ORDER CONSENSUS ===
[METRICS 6] Order_Consensus_Start: 1.383225114679
[METRICS 6] Order_Consensus_End:   1.95
[METRICS 6] Order_Consensus_Latency: 0.566774885321 seconds
[METRICS 6] Order_BFT_Request_RTT: N/A (no local ORDER submit)
[METRICS 6] === OVERALL ===
[METRICS 6] Total_Consensus_Start: 0.8
[METRICS 6] Total_Consensus_End:   1.95
[METRICS 6] Total_Consensus_Duration: 1.15 seconds
[METRICS 6] Timing_Fallbacks: viewStart=1 orderStart=1 gossipWindow=1
[METRICS 6] Stop_Time: 0.8
[METRICS 6] Projected_Total_Wait: 1.15 seconds
--
========== CONSENSUS METRICS (Replica 9) ==========
[METRICS 9] === VIEW SIGNATURE COLLECTION ===
[METRICS 9] View_Signature_Collection_Start: 0.8
[METRICS 9] View_Signature_Collection_End: 0.754990144823
[METRICS 9] View_Signature_Collection_Duration: -0.045009855177 seconds
[METRICS 9] === VIEW CONSENSUS ===
[METRICS 9] View_Consensus_Start: 0.754990144823
[METRICS 9] View_Consensus_End:   1.119251954185
[METRICS 9] View_Consensus_Latency: 0.364261809362 seconds
[METRICS 9] === ORDER SIGNATURE COLLECTION ===
[METRICS 9] Order_Signature_Collection_Start: 1.15
[METRICS 9] Order_Signature_Collection_End: 1.350082527627
[METRICS 9] Order_Signature_Collection_Duration: 0.200082527627 seconds
[METRICS 9] LaneLeader_Gossip_Duration: 0 seconds
[METRICS 9] === ORDER CONSENSUS ===
[METRICS 9] Order_Consensus_Start: 1.350082527627
[METRICS 9] Order_Consensus_End:   1.95
[METRICS 9] Order_Consensus_Latency: 0.599917472373 seconds
[METRICS 9] Order_BFT_Request_RTT: N/A (no local ORDER submit)
[METRICS 9] === OVERALL ===
[METRICS 9] Total_Consensus_Start: 0.8
[METRICS 9] Total_Consensus_End:   1.95
[METRICS 9] Total_Consensus_Duration: 1.15 seconds
[METRICS 9] Timing_Fallbacks: viewStart=1 orderStart=1 gossipWindow=1
[METRICS 9] Stop_Time: 0.8
[METRICS 9] Projected_Total_Wait: 3.721428571429 seconds
--
========== CONSENSUS METRICS (Replica 0) ==========
[METRICS 0] === VIEW SIGNATURE COLLECTION ===
[METRICS 0] View_Signature_Collection_Start: 0.6
[METRICS 0] View_Signature_Collection_End: 0.754990191863
[METRICS 0] View_Signature_Collection_Duration: 0.154990191863 seconds
[METRICS 0] === VIEW CONSENSUS ===
[METRICS 0] View_Consensus_Start: 0.754990191863
[METRICS 0] View_Consensus_End:   1.151518793393
[METRICS 0] View_Consensus_Latency: 0.39652860153 seconds
[ROUND-METRICS] Epoch 0 Avg_View_Consensus_Latency_4Cars: 0.3800205815285 seconds (replicasCounted=4)
[METRICS 0] === ORDER SIGNATURE COLLECTION ===
[METRICS 0] Order_Signature_Collection_Start: 1.2
[METRICS 0] Order_Signature_Collection_End: 1.29637670259
[METRICS 0] Order_Signature_Collection_Duration: 0.09637670259 seconds
[METRICS 0] LaneLeader_Gossip_Duration: 0.273449340065 seconds
[METRICS 0] === ORDER CONSENSUS ===
[METRICS 0] Order_Consensus_Start: 1.569826042655
[METRICS 0] Order_Consensus_End:   1.95
[METRICS 0] Order_Consensus_Latency: 0.380173957345 seconds
[METRICS 0] Order_BFT_Request_RTT: 3.454 seconds
[METRICS 0] === OVERALL ===
[METRICS 0] Total_Consensus_Start: 0.6
[METRICS 0] Total_Consensus_End:   1.95
[METRICS 0] Total_Consensus_Duration: 1.35 seconds
[ROUND-METRICS] Epoch 0 Avg_Order_Consensus_Latency_4Cars: 0.5331663752885 seconds (replicasCounted=4)
[ROUND-METRICS] Epoch 0 Avg_Order_BFT_Request_RTT_Submitter: 3.454 seconds (submittersCounted=1)
--
========== CONSENSUS METRICS (Replica 1) ==========
[METRICS 1] === VIEW SIGNATURE COLLECTION ===
[METRICS 1] View_Signature_Collection_Start: 10.2
[METRICS 1] View_Signature_Collection_End: 10.351922494022
[METRICS 1] View_Signature_Collection_Duration: 0.151922494022 seconds
[METRICS 1] === VIEW CONSENSUS ===
[METRICS 1] View_Consensus_Start: 10.351922494022
[METRICS 1] View_Consensus_End:   10.751459350625
[METRICS 1] View_Consensus_Latency: 0.399536856603 seconds
[METRICS 1] === ORDER SIGNATURE COLLECTION ===
[METRICS 1] Order_Signature_Collection_Start: 10.8
[METRICS 1] Order_Signature_Collection_End: 10.848279189753
[METRICS 1] Order_Signature_Collection_Duration: 0.048279189753 seconds
[METRICS 1] LaneLeader_Gossip_Duration: 0.332218584644 seconds
[METRICS 1] === ORDER CONSENSUS ===
[METRICS 1] Order_Consensus_Start: 11.180497774397
[METRICS 1] Order_Consensus_End:   11.5
[METRICS 1] Order_Consensus_Latency: 0.319502225603 seconds
[METRICS 1] Order_BFT_Request_RTT: 2.937 seconds
[METRICS 1] === OVERALL ===
[METRICS 1] Total_Consensus_Start: 10.2
[METRICS 1] Total_Consensus_End:   11.5
[METRICS 1] Total_Consensus_Duration: 1.3 seconds
[ROUND-METRICS] Epoch 1 Avg_Order_BFT_Request_RTT_Submitter: 2.937 seconds (submittersCounted=1)
[METRICS 1] Stop_Time: 10.2
[METRICS 1] Projected_Total_Wait: 3.871428571429 seconds
--
========== CONSENSUS METRICS (Replica 10) ==========
[METRICS 10] === VIEW SIGNATURE COLLECTION ===
[METRICS 10] View_Signature_Collection_Start: 10.2
[METRICS 10] View_Signature_Collection_End: 10.335254160639
[METRICS 10] View_Signature_Collection_Duration: 0.135254160639 seconds
[METRICS 10] === VIEW CONSENSUS ===
[METRICS 10] View_Consensus_Start: 10.335254160639
[METRICS 10] View_Consensus_End:   10.735613585561
[METRICS 10] View_Consensus_Latency: 0.400359424922 seconds
[METRICS 10] === ORDER SIGNATURE COLLECTION ===
[METRICS 10] Order_Signature_Collection_Start: 10.75
[METRICS 10] Order_Signature_Collection_End: 11.017183014188
[METRICS 10] Order_Signature_Collection_Duration: 0.267183014188 seconds
[METRICS 10] LaneLeader_Gossip_Duration: 0 seconds
[METRICS 10] === ORDER CONSENSUS ===
[METRICS 10] Order_Consensus_Start: 11.017183014188
[METRICS 10] Order_Consensus_End:   11.5
[METRICS 10] Order_Consensus_Latency: 0.482816985812 seconds
[METRICS 10] Order_BFT_Request_RTT: N/A (no local ORDER submit)
[METRICS 10] === OVERALL ===
[METRICS 10] Total_Consensus_Start: 10.2
[METRICS 10] Total_Consensus_End:   11.5
[METRICS 10] Total_Consensus_Duration: 1.3 seconds
[METRICS 10] Timing_Fallbacks: viewStart=1 orderStart=1 gossipWindow=1
[METRICS 10] Stop_Time: 10.2
[METRICS 10] Projected_Total_Wait: 1.3 seconds
--
========== CONSENSUS METRICS (Replica 4) ==========
[METRICS 4] === VIEW SIGNATURE COLLECTION ===
[METRICS 4] View_Signature_Collection_Start: 10.2
[METRICS 4] View_Signature_Collection_End: 10.3519224151
[METRICS 4] View_Signature_Collection_Duration: 0.1519224151 seconds
[METRICS 4] === VIEW CONSENSUS ===
[METRICS 4] View_Consensus_Start: 10.3519224151
[METRICS 4] View_Consensus_End:   10.751459350625
[METRICS 4] View_Consensus_Latency: 0.399536935525 seconds
[METRICS 4] === ORDER SIGNATURE COLLECTION ===
[METRICS 4] Order_Signature_Collection_Start: 10.8
[METRICS 4] Order_Signature_Collection_End: 11.019069103297
[METRICS 4] Order_Signature_Collection_Duration: 0.219069103297 seconds
[METRICS 4] LaneLeader_Gossip_Duration: 0 seconds
[METRICS 4] === ORDER CONSENSUS ===
[METRICS 4] Order_Consensus_Start: 11.019069103297
[METRICS 4] Order_Consensus_End:   11.5
[METRICS 4] Order_Consensus_Latency: 0.480930896703 seconds
[METRICS 4] Order_BFT_Request_RTT: N/A (no local ORDER submit)
[METRICS 4] === OVERALL ===
[METRICS 4] Total_Consensus_Start: 10.2
[METRICS 4] Total_Consensus_End:   11.5
[METRICS 4] Total_Consensus_Duration: 1.3 seconds
[METRICS 4] Timing_Fallbacks: viewStart=1 orderStart=1 gossipWindow=1
[METRICS 4] Stop_Time: 10.2
[METRICS 4] Projected_Total_Wait: 6.442857142857 seconds
--
========== CONSENSUS METRICS (Replica 7) ==========
[METRICS 7] === VIEW SIGNATURE COLLECTION ===
[METRICS 7] View_Signature_Collection_Start: 10.2
[METRICS 7] View_Signature_Collection_End: 10.335254102531
[METRICS 7] View_Signature_Collection_Duration: 0.135254102531 seconds
[METRICS 7] === VIEW CONSENSUS ===
[METRICS 7] View_Consensus_Start: 10.335254102531
[METRICS 7] View_Consensus_End:   10.751459350625
[METRICS 7] View_Consensus_Latency: 0.416205248094 seconds
[ROUND-METRICS] Epoch 1 Avg_View_Consensus_Latency_4Cars: 0.403909616286 seconds (replicasCounted=4)
[METRICS 7] === ORDER SIGNATURE COLLECTION ===
[METRICS 7] Order_Signature_Collection_Start: 10.8
[METRICS 7] Order_Signature_Collection_End: 11.012129833332
[METRICS 7] Order_Signature_Collection_Duration: 0.212129833332 seconds
[METRICS 7] LaneLeader_Gossip_Duration: 0 seconds
[METRICS 7] === ORDER CONSENSUS ===
[METRICS 7] Order_Consensus_Start: 11.012129833332
[METRICS 7] Order_Consensus_End:   11.5
[METRICS 7] Order_Consensus_Latency: 0.487870166668 seconds
[METRICS 7] Order_BFT_Request_RTT: N/A (no local ORDER submit)
[METRICS 7] === OVERALL ===
[METRICS 7] Total_Consensus_Start: 10.2
[METRICS 7] Total_Consensus_End:   11.5
[METRICS 7] Total_Consensus_Duration: 1.3 seconds
[METRICS 7] Timing_Fallbacks: viewStart=1 orderStart=1 gossipWindow=1
[ROUND-METRICS] Epoch 1 Avg_Order_Consensus_Latency_4Cars: 0.4427800686965 seconds (replicasCounted=4)
--
========== CONSENSUS METRICS (Replica 2) ==========
[METRICS 2] === VIEW SIGNATURE COLLECTION ===
[METRICS 2] View_Signature_Collection_Start: 19.8
[METRICS 2] View_Signature_Collection_End: 20.021608235049
[METRICS 2] View_Signature_Collection_Duration: 0.221608235049 seconds
[METRICS 2] === VIEW CONSENSUS ===
[METRICS 2] View_Consensus_Start: 20.021608235049
[METRICS 2] View_Consensus_End:   20.372186883169
[METRICS 2] View_Consensus_Latency: 0.35057864812 seconds
[METRICS 2] === ORDER SIGNATURE COLLECTION ===
[METRICS 2] Order_Signature_Collection_Start: 20.4
[METRICS 2] Order_Signature_Collection_End: 20.583764505316
[METRICS 2] Order_Signature_Collection_Duration: 0.183764505316 seconds
[METRICS 2] LaneLeader_Gossip_Duration: 0.153561591033 seconds
[METRICS 2] === ORDER CONSENSUS ===
[METRICS 2] Order_Consensus_Start: 20.737326096349
[METRICS 2] Order_Consensus_End:   21.1
[METRICS 2] Order_Consensus_Latency: 0.362673903651 seconds
[METRICS 2] Order_BFT_Request_RTT: N/A (no local ORDER submit)
[METRICS 2] === OVERALL ===
[METRICS 2] Total_Consensus_Start: 19.8
[METRICS 2] Total_Consensus_End:   21.1
[METRICS 2] Total_Consensus_Duration: 1.3 seconds
[METRICS 2] Stop_Time: 19.8
[METRICS 2] Projected_Total_Wait: 6.442857142857 seconds
[METRICS 2] Scheduled_Resume: 26.242857142857
--
========== CONSENSUS METRICS (Replica 5) ==========
[METRICS 5] === VIEW SIGNATURE COLLECTION ===
[METRICS 5] View_Signature_Collection_Start: 19.8
[METRICS 5] View_Signature_Collection_End: 20.021608226468
[METRICS 5] View_Signature_Collection_Duration: 0.221608226468 seconds
[METRICS 5] === VIEW CONSENSUS ===
[METRICS 5] View_Consensus_Start: 20.021608226468
[METRICS 5] View_Consensus_End:   20.349534797226
[METRICS 5] View_Consensus_Latency: 0.327926570758 seconds
[METRICS 5] === ORDER SIGNATURE COLLECTION ===
[METRICS 5] Order_Signature_Collection_Start: 20.35
[METRICS 5] Order_Signature_Collection_End: 20.55611735459
[METRICS 5] Order_Signature_Collection_Duration: 0.20611735459 seconds
[METRICS 5] LaneLeader_Gossip_Duration: 0 seconds
[METRICS 5] === ORDER CONSENSUS ===
[METRICS 5] Order_Consensus_Start: 20.55611735459
[METRICS 5] Order_Consensus_End:   21.1
[METRICS 5] Order_Consensus_Latency: 0.54388264541 seconds
[METRICS 5] Order_BFT_Request_RTT: N/A (no local ORDER submit)
[METRICS 5] === OVERALL ===
[METRICS 5] Total_Consensus_Start: 19.8
[METRICS 5] Total_Consensus_End:   21.1
[METRICS 5] Total_Consensus_Duration: 1.3 seconds
[METRICS 5] Timing_Fallbacks: viewStart=1 orderStart=1 gossipWindow=1
[METRICS 5] Stop_Time: 19.8
[METRICS 5] Projected_Total_Wait: 3.871428571429 seconds
--
========== CONSENSUS METRICS (Replica 8) ==========
[METRICS 8] === VIEW SIGNATURE COLLECTION ===
[METRICS 8] View_Signature_Collection_Start: 19.8
[METRICS 8] View_Signature_Collection_End: 19.987908020472
[METRICS 8] View_Signature_Collection_Duration: 0.187908020472 seconds
[METRICS 8] === VIEW CONSENSUS ===
[METRICS 8] View_Consensus_Start: 19.987908020472
[METRICS 8] View_Consensus_End:   20.372186883169
[METRICS 8] View_Consensus_Latency: 0.384278862697 seconds
[METRICS 8] === ORDER SIGNATURE COLLECTION ===
[METRICS 8] Order_Signature_Collection_Start: 20.4
[METRICS 8] Order_Signature_Collection_End: 20.58081949651
[METRICS 8] Order_Signature_Collection_Duration: 0.18081949651 seconds
[METRICS 8] LaneLeader_Gossip_Duration: 0 seconds
[METRICS 8] === ORDER CONSENSUS ===
[METRICS 8] Order_Consensus_Start: 20.58081949651
[METRICS 8] Order_Consensus_End:   21.1
[METRICS 8] Order_Consensus_Latency: 0.51918050349 seconds
[METRICS 8] Order_BFT_Request_RTT: N/A (no local ORDER submit)
[METRICS 8] === OVERALL ===
[METRICS 8] Total_Consensus_Start: 19.8
[METRICS 8] Total_Consensus_End:   21.1
[METRICS 8] Total_Consensus_Duration: 1.3 seconds
[METRICS 8] Timing_Fallbacks: viewStart=1 orderStart=1 gossipWindow=1
[METRICS 8] Stop_Time: 19.8
[METRICS 8] Projected_Total_Wait: 9.014285714286 seconds
--
========== CONSENSUS METRICS (Replica 11) ==========
[METRICS 11] === VIEW SIGNATURE COLLECTION ===
[METRICS 11] View_Signature_Collection_Start: 19.8
[METRICS 11] View_Signature_Collection_End: 19.987908008693
[METRICS 11] View_Signature_Collection_Duration: 0.187908008693 seconds
[METRICS 11] === VIEW CONSENSUS ===
[METRICS 11] View_Consensus_Start: 19.987908008693
[METRICS 11] View_Consensus_End:   20.349534797226
[METRICS 11] View_Consensus_Latency: 0.361626788533 seconds
[ROUND-METRICS] Epoch 2 Avg_View_Consensus_Latency_4Cars: 0.356102717527 seconds (replicasCounted=4)
[METRICS 11] === ORDER SIGNATURE COLLECTION ===
[METRICS 11] Order_Signature_Collection_Start: 20.35
[METRICS 11] Order_Signature_Collection_End: 20.614485631475
[METRICS 11] Order_Signature_Collection_Duration: 0.264485631475 seconds
[METRICS 11] LaneLeader_Gossip_Duration: 0 seconds
[METRICS 11] === ORDER CONSENSUS ===
[METRICS 11] Order_Consensus_Start: 20.614485631475
[METRICS 11] Order_Consensus_End:   21.15
[METRICS 11] Order_Consensus_Latency: 0.535514368525 seconds
[METRICS 11] Order_BFT_Request_RTT: N/A (no local ORDER submit)
[METRICS 11] === OVERALL ===
[METRICS 11] Total_Consensus_Start: 19.8
[METRICS 11] Total_Consensus_End:   21.15
[METRICS 11] Total_Consensus_Duration: 1.35 seconds
[METRICS 11] Timing_Fallbacks: viewStart=1 orderStart=1 gossipWindow=1
[ROUND-METRICS] Epoch 2 Avg_Order_Consensus_Latency_4Cars: 0.490312855269 seconds (replicasCounted=4)
--
========== CONSENSUS METRICS (Replica 2) ==========
[METRICS 2] === VIEW SIGNATURE COLLECTION ===
[METRICS 2] View_Signature_Collection_Start: 19.8
[METRICS 2] View_Signature_Collection_End: 20.021608235049
[METRICS 2] View_Signature_Collection_Duration: 0.221608235049 seconds
[METRICS 2] === VIEW CONSENSUS ===
[METRICS 2] View_Consensus_Start: 20.021608235049
[METRICS 2] View_Consensus_End:   20.372186883169
[METRICS 2] View_Consensus_Latency: 0.35057864812 seconds
[METRICS 2] === ORDER SIGNATURE COLLECTION ===
[METRICS 2] Order_Signature_Collection_Start: 20.4
[METRICS 2] Order_Signature_Collection_End: 20.583764505316
[METRICS 2] Order_Signature_Collection_Duration: 0.183764505316 seconds
[METRICS 2] LaneLeader_Gossip_Duration: 0.153561591033 seconds
[METRICS 2] === ORDER CONSENSUS ===
[METRICS 2] Order_Consensus_Start: 20.737326096349
[METRICS 2] Order_Consensus_End:   21.15
[METRICS 2] Order_Consensus_Latency: 0.412673903651 seconds
[METRICS 2] Order_BFT_Request_RTT: 3.74 seconds
[METRICS 2] === OVERALL ===
[METRICS 2] Total_Consensus_Start: 19.8
[METRICS 2] Total_Consensus_End:   21.15
[METRICS 2] Total_Consensus_Duration: 1.35 seconds
[ROUND-METRICS] Epoch 2 Avg_Order_BFT_Request_RTT_Submitter: 3.74 seconds (submittersCounted=1)
[METRICS 2] Stop_Time: 19.8
[METRICS 2] Projected_Total_Wait: 6.492857142857 seconds