[ROUND-METRICS] Epoch 0 Avg_ProposeAll_Consensus_Wall: 0.997000 seconds
[ROUND-METRICS] Epoch 0 Arrival_To_Resume_Time veh0: 6.200000 seconds
[ROUND-METRICS] Epoch 0 Arrival_To_Resume_Time veh1: 6.200000 seconds
[ROUND-METRICS] Epoch 0 Arrival_To_Resume_Time veh2: 6.200000 seconds
[ROUND-METRICS] Epoch 0 Arrival_To_Resume_Time veh3: 7.000000 seconds
[ROUND-METRICS] Epoch 0 Arrival_To_Resume_Time veh4: 6.200000 seconds
[ROUND-METRICS] Epoch 0 Arrival_To_Resume_Time veh5: 7.200000 seconds
[ROUND-METRICS] Epoch 0 Arrival_To_Resume_Time veh6: 1.250000 seconds
[ROUND-METRICS] Epoch 0 Arrival_To_Resume_Time veh7: 1.200000 seconds
[ROUND-METRICS] Epoch 0 Arrival_To_Resume_Time veh8: 8.200000 seconds
[ROUND-METRICS] Epoch 0 Arrival_To_Resume_Time veh9: 2.450000 seconds
[ROUND-METRICS] Epoch 0 Arrival_To_Resume_Time veh10: 2.000000 seconds
[ROUND-METRICS] Epoch 0 Arrival_To_Resume_Time veh11: 9.000000 seconds
[ROUND-METRICS] Epoch 0 Avg_Messages_Sent_PerReplica: 20.333 (count=12)
[ROUND-METRICS] Epoch 0 Avg_Messages_Received_PerReplica: 57.250 (count=12)
[ROUND-METRICS] Epoch 0 Avg_Arrival_To_Resume_Time: 5.258333 seconds (goCars=12)
[ROUND-METRICS] Epoch 0 Avg_StopSign_Failures: 0.000 (count)
[ROUND-METRICS] Epoch 1 Avg_StopSign_Failures: 0.000 (count)
[ROUND-METRICS] Epoch 2 Avg_StopSign_Failures: 0.000 (count)
[RUN-METRICS] Throughput_User_Definition: 0.536364 seconds_per_vehicle
[RUN-METRICS] Throughput_Vehicles_Per_Second: 1.864407 vehicles_per_second
[RUN-METRICS] Wait_Intersection_All_Mean: 5.900000 seconds
[RUN-METRICS] Wait_Intersection_All_P95: 9.200000 seconds
[RUN-METRICS] Wait_Intersection_Normal_Mean: 6.190000 seconds
[RUN-METRICS] Wait_Intersection_Ambulance_Mean: 3.000000 seconds
[RUN-METRICS] Arrival_To_Resume_Mean: 5.258333 seconds
[RUN-METRICS] Resume_To_Depart_Mean: 0.727273 seconds
[RUN-METRICS] Jains_Fairness_All: 0.819146
[RUN-METRICS] Jains_Fairness_Normal: 0.835775
[RUN-METRICS] Ambulance_Priority_Gain: 3.190000 seconds
[RUN-METRICS] Ambulance_Priority_Ratio: 0.484653
[RUN-METRICS] Byzantine_Injections_Total: 6
[RUN-METRICS] Byzantine_Injections_Epoch0: 6
[RUN-METRICS] Byzantine_Injections_Epoch1: 0
[RUN-METRICS] Byzantine_Injections_Epoch2: 0
[RUN-METRICS] Delivery_Ratio: 0.257686
[RUN-METRICS] Estimated_Loss_Rate: 0.742314
[RUN-METRICS] Fallback_Count: 0
[RUN-METRICS] Fallback_Rate: 0.000000
[ROUND-METRICS] Epoch 0 Throughput_User_Definition: 0.536364 seconds_per_vehicle
[ROUND-METRICS] Epoch 0 Throughput_Vehicles_Per_Second: 1.864407 vehicles_per_second
[ROUND-METRICS] Epoch 0 Wait_Normal_Mean: 6.190000 seconds
[ROUND-METRICS] Epoch 0 Wait_Ambulance_Mean: 3.000000 seconds
