[ROUND-METRICS] Epoch 0 Avg_ProposeAll_Consensus_Wall: 4.295000 seconds
[ROUND-METRICS] Epoch 0 Arrival_To_Resume_Time veh0: 6.950000 seconds
[ROUND-METRICS] Epoch 0 Arrival_To_Resume_Time veh1: 10.550000 seconds
[ROUND-METRICS] Epoch 0 Arrival_To_Resume_Time veh2: 0.050000 seconds
[ROUND-METRICS] Epoch 0 Arrival_To_Resume_Time veh3: 0.050000 seconds
[ROUND-METRICS] Epoch 0 Avg_Messages_Sent_PerReplica: 31.500 (count=4)
[ROUND-METRICS] Epoch 0 Avg_Messages_Received_PerReplica: 46.500 (count=4)
[ROUND-METRICS] Epoch 0 Avg_Arrival_To_Resume_Time: 4.400000 seconds (goCars=4)
[ROUND-METRICS] Epoch 0 Avg_StopSign_Failures: 0.000 (count)
[RUN-METRICS] Throughput_User_Definition: 1.125000 seconds_per_vehicle
[RUN-METRICS] Throughput_Vehicles_Per_Second: 0.888889 vehicles_per_second
[RUN-METRICS] Wait_Intersection_All_Mean: 4.500000 seconds
[RUN-METRICS] Wait_Intersection_All_P95: 10.110000 seconds
[RUN-METRICS] Wait_Intersection_Normal_Mean: 5.950000 seconds
[RUN-METRICS] Wait_Intersection_Ambulance_Mean: 0.150000 seconds
[RUN-METRICS] Arrival_To_Resume_Mean: 4.400000 seconds
[RUN-METRICS] Resume_To_Depart_Mean: 0.100000 seconds
[RUN-METRICS] Jains_Fairness_All: 0.496415
[RUN-METRICS] Jains_Fairness_Normal: 0.650991
[RUN-METRICS] Ambulance_Priority_Gain: 5.800000 seconds
[RUN-METRICS] Ambulance_Priority_Ratio: 0.025210
[RUN-METRICS] Byzantine_Injections_Total: 1
[RUN-METRICS] Byzantine_Injections_Epoch0: 1
[RUN-METRICS] Delivery_Ratio: 0.623782
[RUN-METRICS] Estimated_Loss_Rate: 0.376218
[RUN-METRICS] Fallback_Count: 0
[RUN-METRICS] Fallback_Rate: 0.000000
[ROUND-METRICS] Epoch 0 Throughput_User_Definition: 1.125000 seconds_per_vehicle
[ROUND-METRICS] Epoch 0 Throughput_Vehicles_Per_Second: 0.888889 vehicles_per_second
[ROUND-METRICS] Epoch 0 Wait_Normal_Mean: 5.950000 seconds
[ROUND-METRICS] Epoch 0 Wait_Ambulance_Mean: 0.150000 seconds
