[ROUND-METRICS] Epoch 0 Avg_ProposeAll_Consensus_Wall: 5.563000 seconds
[ROUND-METRICS] Epoch 0 Arrival_To_Resume_Time veh0: 9.600000 seconds
[ROUND-METRICS] Epoch 0 Arrival_To_Resume_Time veh1: 10.400000 seconds
[ROUND-METRICS] Epoch 0 Arrival_To_Resume_Time veh2: 9.600000 seconds
[ROUND-METRICS] Epoch 0 Arrival_To_Resume_Time veh3: 10.400000 seconds
[ROUND-METRICS] Epoch 0 Arrival_To_Resume_Time veh4: 8.600000 seconds
[ROUND-METRICS] Epoch 0 Arrival_To_Resume_Time veh5: 9.000000 seconds
[ROUND-METRICS] Epoch 0 Arrival_To_Resume_Time veh6: 10.000000 seconds
[ROUND-METRICS] Epoch 0 Arrival_To_Resume_Time veh7: 6.400000 seconds
[ROUND-METRICS] Epoch 0 Arrival_To_Resume_Time veh8: 6.600000 seconds
[ROUND-METRICS] Epoch 0 Arrival_To_Resume_Time veh9: 11.200000 seconds
[ROUND-METRICS] Epoch 0 Arrival_To_Resume_Time veh10: 11.200000 seconds
[ROUND-METRICS] Epoch 0 Arrival_To_Resume_Time veh11: 11.000000 seconds
[ROUND-METRICS] Epoch 0 Avg_Messages_Sent_PerReplica: 58.083 (count=12)
[ROUND-METRICS] Epoch 0 Avg_Messages_Received_PerReplica: 209.917 (count=12)
[ROUND-METRICS] Epoch 0 Avg_Arrival_To_Resume_Time: 9.500000 seconds (goCars=12)
[ROUND-METRICS] Epoch 0 Avg_StopSign_Failures: 0.000 (count)
[ROUND-METRICS] Epoch 1 Avg_StopSign_Failures: 0.000 (count)
[ROUND-METRICS] Epoch 2 Avg_StopSign_Failures: 0.000 (count)
[RUN-METRICS] Throughput_User_Definition: 0.930579 seconds_per_vehicle
[RUN-METRICS] Throughput_Vehicles_Per_Second: 1.074600 vehicles_per_second
[RUN-METRICS] Wait_Intersection_All_Mean: 10.236364 seconds
[RUN-METRICS] Wait_Intersection_All_P95: 11.900000 seconds
[RUN-METRICS] Wait_Intersection_Normal_Mean: 10.236364 seconds
[RUN-METRICS] Arrival_To_Resume_Mean: 9.500000 seconds
[RUN-METRICS] Resume_To_Depart_Mean: 0.690909 seconds
[RUN-METRICS] Jains_Fairness_All: 0.975899
[RUN-METRICS] Jains_Fairness_Normal: 0.975899
[RUN-METRICS] Byzantine_Injections_Total: 1
[RUN-METRICS] Byzantine_Injections_Epoch0: 1
[RUN-METRICS] Byzantine_Injections_Epoch1: 0
[RUN-METRICS] Byzantine_Injections_Epoch2: 0
[RUN-METRICS] Delivery_Ratio: 0.346337
[RUN-METRICS] Estimated_Loss_Rate: 0.653663
[RUN-METRICS] Fallback_Count: 0
[RUN-METRICS] Fallback_Rate: 0.000000
[ROUND-METRICS] Epoch 0 Throughput_User_Definition: 0.930579 seconds_per_vehicle
[ROUND-METRICS] Epoch 0 Throughput_Vehicles_Per_Second: 1.074600 vehicles_per_second
[ROUND-METRICS] Epoch 0 Wait_Normal_Mean: 10.236364 seconds
