[ROUND-METRICS] Epoch 0 Avg_ProposeAll_Consensus_Wall: 1.903000 seconds
[ROUND-METRICS] Epoch 0 Arrival_To_Resume_Time veh0: 3.000000 seconds
[ROUND-METRICS] Epoch 0 Arrival_To_Resume_Time veh1: 4.000000 seconds
[ROUND-METRICS] Epoch 0 Arrival_To_Resume_Time veh2: 5.800000 seconds
[ROUND-METRICS] Epoch 0 Arrival_To_Resume_Time veh3: 2.250000 seconds
[ROUND-METRICS] Epoch 0 Arrival_To_Resume_Time veh4: 0.800000 seconds
[ROUND-METRICS] Epoch 0 Arrival_To_Resume_Time veh5: 6.600000 seconds
[ROUND-METRICS] Epoch 0 Arrival_To_Resume_Time veh6: 3.600000 seconds
[ROUND-METRICS] Epoch 0 Arrival_To_Resume_Time veh7: 4.200000 seconds
[ROUND-METRICS] Epoch 0 Arrival_To_Resume_Time veh8: 7.400000 seconds
[ROUND-METRICS] Epoch 0 Arrival_To_Resume_Time veh9: 4.800000 seconds
[ROUND-METRICS] Epoch 0 Arrival_To_Resume_Time veh10: 4.800000 seconds
[ROUND-METRICS] Epoch 0 Arrival_To_Resume_Time veh11: 7.400000 seconds
[ROUND-METRICS] Epoch 0 Avg_Messages_Sent_PerReplica: 20.333 (count=12)
[ROUND-METRICS] Epoch 0 Avg_Messages_Received_PerReplica: 51.917 (count=12)
[ROUND-METRICS] Epoch 0 Avg_Arrival_To_Resume_Time: 4.554167 seconds (goCars=12)
[ROUND-METRICS] Epoch 0 Avg_StopSign_Failures: 0.000 (count)
[ROUND-METRICS] Epoch 1 Avg_StopSign_Failures: 0.000 (count)
[ROUND-METRICS] Epoch 2 Avg_StopSign_Failures: 0.000 (count)
[RUN-METRICS] Throughput_User_Definition: 0.532000 seconds_per_vehicle
[RUN-METRICS] Throughput_Vehicles_Per_Second: 1.879699 vehicles_per_second
[RUN-METRICS] Wait_Intersection_All_Mean: 5.320000 seconds
[RUN-METRICS] Wait_Intersection_All_P95: 8.220000 seconds
[RUN-METRICS] Wait_Intersection_Normal_Mean: 5.811111 seconds
[RUN-METRICS] Wait_Intersection_Ambulance_Mean: 0.900000 seconds
[RUN-METRICS] Arrival_To_Resume_Mean: 4.554167 seconds
[RUN-METRICS] Resume_To_Depart_Mean: 0.560000 seconds
[RUN-METRICS] Jains_Fairness_All: 0.858221
[RUN-METRICS] Jains_Fairness_Normal: 0.923857
[RUN-METRICS] Ambulance_Priority_Gain: 4.911111 seconds
[RUN-METRICS] Ambulance_Priority_Ratio: 0.154876
[RUN-METRICS] Byzantine_Injections_Total: 6
[RUN-METRICS] Byzantine_Injections_Epoch0: 6
[RUN-METRICS] Byzantine_Injections_Epoch1: 0
[RUN-METRICS] Byzantine_Injections_Epoch2: 0
[RUN-METRICS] Delivery_Ratio: 0.233747
[RUN-METRICS] Estimated_Loss_Rate: 0.766253
[RUN-METRICS] Fallback_Count: 0
[RUN-METRICS] Fallback_Rate: 0.000000
[ROUND-METRICS] Epoch 0 Throughput_User_Definition: 0.532000 seconds_per_vehicle
[ROUND-METRICS] Epoch 0 Throughput_Vehicles_Per_Second: 1.879699 vehicles_per_second
[ROUND-METRICS] Epoch 0 Wait_Normal_Mean: 5.811111 seconds
[ROUND-METRICS] Epoch 0 Wait_Ambulance_Mean: 0.900000 seconds
