[ROUND-METRICS] Epoch 0 Avg_ProposeAll_Consensus_Wall: 24.696000 seconds
[ROUND-METRICS] Epoch 0 Arrival_To_Resume_Time veh0: 2.950000 seconds
[ROUND-METRICS] Epoch 0 Arrival_To_Resume_Time veh1: 3.500000 seconds
[ROUND-METRICS] Epoch 0 Arrival_To_Resume_Time veh2: 6.300000 seconds
[ROUND-METRICS] Epoch 0 Arrival_To_Resume_Time veh3: 2.750000 seconds
[ROUND-METRICS] Epoch 0 Arrival_To_Resume_Time veh4: 3.500000 seconds
[ROUND-METRICS] Epoch 0 Arrival_To_Resume_Time veh5: 6.300000 seconds
[ROUND-METRICS] Epoch 0 Arrival_To_Resume_Time veh6: 4.500000 seconds
[ROUND-METRICS] Epoch 0 Arrival_To_Resume_Time veh7: 5.300000 seconds
[ROUND-METRICS] Epoch 0 Arrival_To_Resume_Time veh8: 7.100000 seconds
[ROUND-METRICS] Epoch 0 Arrival_To_Resume_Time veh9: 4.500000 seconds
[ROUND-METRICS] Epoch 0 Arrival_To_Resume_Time veh10: 5.300000 seconds
[ROUND-METRICS] Epoch 0 Arrival_To_Resume_Time veh11: 7.100000 seconds
[ROUND-METRICS] Epoch 0 Avg_Messages_Sent_PerReplica: 43.917 (count=12)
[ROUND-METRICS] Epoch 0 Avg_Messages_Received_PerReplica: 151.833 (count=12)
[ROUND-METRICS] Epoch 0 Avg_Arrival_To_Resume_Time: 4.925000 seconds (goCars=12)
[ROUND-METRICS] Epoch 0 Avg_StopSign_Failures: 0.000 (count)
[ROUND-METRICS] Epoch 1 Avg_StopSign_Failures: 0.000 (count)
[ROUND-METRICS] Epoch 2 Avg_StopSign_Failures: 0.000 (count)
[RUN-METRICS] Throughput_User_Definition: 0.483333 seconds_per_vehicle
[RUN-METRICS] Throughput_Vehicles_Per_Second: 2.068966 vehicles_per_second
[RUN-METRICS] Wait_Intersection_All_Mean: 5.683333 seconds
[RUN-METRICS] Wait_Intersection_All_P95: 8.100000 seconds
[RUN-METRICS] Wait_Intersection_Normal_Mean: 5.809091 seconds
[RUN-METRICS] Wait_Intersection_Ambulance_Mean: 4.300000 seconds
[RUN-METRICS] Arrival_To_Resume_Mean: 4.925000 seconds
[RUN-METRICS] Resume_To_Depart_Mean: 0.758333 seconds
[RUN-METRICS] Jains_Fairness_All: 0.925952
[RUN-METRICS] Jains_Fairness_Normal: 0.927747
[RUN-METRICS] Ambulance_Priority_Gain: 1.509091 seconds
[RUN-METRICS] Ambulance_Priority_Ratio: 0.740219
[RUN-METRICS] Byzantine_Injections_Total: 1
[RUN-METRICS] Byzantine_Injections_Epoch0: 1
[RUN-METRICS] Byzantine_Injections_Epoch1: 0
[RUN-METRICS] Byzantine_Injections_Epoch2: 0
[RUN-METRICS] Delivery_Ratio: 0.316429
[RUN-METRICS] Estimated_Loss_Rate: 0.683571
[RUN-METRICS] Fallback_Count: 0
[RUN-METRICS] Fallback_Rate: 0.000000
[ROUND-METRICS] Epoch 0 Throughput_User_Definition: 0.400000 seconds_per_vehicle
[ROUND-METRICS] Epoch 0 Throughput_Vehicles_Per_Second: 2.500000 vehicles_per_second
[ROUND-METRICS] Epoch 0 Wait_Normal_Mean: 5.809091 seconds
[ROUND-METRICS] Epoch 0 Wait_Ambulance_Mean: 4.300000 seconds
