[ROUND-METRICS] Epoch 0 Avg_ProposeAll_Consensus_Wall: 23.702000 seconds
[ROUND-METRICS] Epoch 0 Arrival_To_Resume_Time veh0: 7.100000 seconds
[ROUND-METRICS] Epoch 0 Arrival_To_Resume_Time veh1: 8.500000 seconds
[ROUND-METRICS] Epoch 0 Arrival_To_Resume_Time veh2: 9.500000 seconds
[ROUND-METRICS] Epoch 0 Arrival_To_Resume_Time veh3: 7.700000 seconds
[ROUND-METRICS] Epoch 0 Arrival_To_Resume_Time veh4: 8.500000 seconds
[ROUND-METRICS] Epoch 0 Arrival_To_Resume_Time veh5: 10.500000 seconds
[ROUND-METRICS] Epoch 0 Arrival_To_Resume_Time veh6: 4.000000 seconds
[ROUND-METRICS] Epoch 0 Arrival_To_Resume_Time veh7: 4.700000 seconds
[ROUND-METRICS] Epoch 0 Arrival_To_Resume_Time veh8: 5.700000 seconds
[ROUND-METRICS] Epoch 0 Arrival_To_Resume_Time veh9: 4.000000 seconds
[ROUND-METRICS] Epoch 0 Arrival_To_Resume_Time veh10: 4.700000 seconds
[ROUND-METRICS] Epoch 0 Arrival_To_Resume_Time veh11: 5.700000 seconds
[ROUND-METRICS] Epoch 0 Avg_Messages_Sent_PerReplica: 42.917 (count=12)
[ROUND-METRICS] Epoch 0 Avg_Messages_Received_PerReplica: 162.750 (count=12)
[ROUND-METRICS] Epoch 0 Avg_Arrival_To_Resume_Time: 6.716667 seconds (goCars=12)
[ROUND-METRICS] Epoch 0 Avg_StopSign_Failures: 0.000 (count)
[ROUND-METRICS] Epoch 1 Avg_StopSign_Failures: 0.000 (count)
[ROUND-METRICS] Epoch 2 Avg_StopSign_Failures: 0.000 (count)
[RUN-METRICS] Throughput_User_Definition: 0.583333 seconds_per_vehicle
[RUN-METRICS] Throughput_Vehicles_Per_Second: 1.714286 vehicles_per_second
[RUN-METRICS] Wait_Intersection_All_Mean: 7.500000 seconds
[RUN-METRICS] Wait_Intersection_All_P95: 10.950000 seconds
[RUN-METRICS] Wait_Intersection_Normal_Mean: 7.572727 seconds
[RUN-METRICS] Wait_Intersection_Ambulance_Mean: 6.700000 seconds
[RUN-METRICS] Arrival_To_Resume_Mean: 6.716667 seconds
[RUN-METRICS] Resume_To_Depart_Mean: 0.783333 seconds
[RUN-METRICS] Jains_Fairness_All: 0.919068
[RUN-METRICS] Jains_Fairness_Normal: 0.914811
[RUN-METRICS] Ambulance_Priority_Gain: 0.872727 seconds
[RUN-METRICS] Ambulance_Priority_Ratio: 0.884754
[RUN-METRICS] Byzantine_Injections_Total: 3
[RUN-METRICS] Byzantine_Injections_Epoch0: 3
[RUN-METRICS] Byzantine_Injections_Epoch1: 0
[RUN-METRICS] Byzantine_Injections_Epoch2: 0
[RUN-METRICS] Delivery_Ratio: 0.347124
[RUN-METRICS] Estimated_Loss_Rate: 0.652876
[RUN-METRICS] Fallback_Count: 0
[RUN-METRICS] Fallback_Rate: 0.000000
[ROUND-METRICS] Epoch 0 Throughput_User_Definition: 0.583333 seconds_per_vehicle
[ROUND-METRICS] Epoch 0 Throughput_Vehicles_Per_Second: 1.714286 vehicles_per_second
[ROUND-METRICS] Epoch 0 Wait_Normal_Mean: 7.572727 seconds
[ROUND-METRICS] Epoch 0 Wait_Ambulance_Mean: 6.700000 seconds
