[ROUND-METRICS] Epoch 0 Avg_ProposeAll_Consensus_Wall: 24.202000 seconds
[ROUND-METRICS] Epoch 0 Arrival_To_Resume_Time veh0: 2.900000 seconds
[ROUND-METRICS] Epoch 0 Arrival_To_Resume_Time veh1: 3.500000 seconds
[ROUND-METRICS] Epoch 0 Arrival_To_Resume_Time veh2: 4.500000 seconds
[ROUND-METRICS] Epoch 0 Arrival_To_Resume_Time veh3: 2.700000 seconds
[ROUND-METRICS] Epoch 0 Arrival_To_Resume_Time veh4: 3.500000 seconds
[ROUND-METRICS] Epoch 0 Arrival_To_Resume_Time veh5: 4.500000 seconds
[ROUND-METRICS] Epoch 0 Arrival_To_Resume_Time veh6: 5.700000 seconds
[ROUND-METRICS] Epoch 0 Arrival_To_Resume_Time veh7: 6.500000 seconds
[ROUND-METRICS] Epoch 0 Arrival_To_Resume_Time veh8: 7.500000 seconds
[ROUND-METRICS] Epoch 0 Arrival_To_Resume_Time veh9: 5.700000 seconds
[ROUND-METRICS] Epoch 0 Arrival_To_Resume_Time veh10: 6.500000 seconds
[ROUND-METRICS] Epoch 0 Arrival_To_Resume_Time veh11: 7.500000 seconds
[ROUND-METRICS] Epoch 0 Avg_Messages_Sent_PerReplica: 42.083 (count=12)
[ROUND-METRICS] Epoch 0 Avg_Messages_Received_PerReplica: 152.417 (count=12)
[ROUND-METRICS] Epoch 0 Avg_Arrival_To_Resume_Time: 5.083333 seconds (goCars=12)
[ROUND-METRICS] Epoch 0 Avg_StopSign_Failures: 0.000 (count)
[ROUND-METRICS] Epoch 1 Avg_StopSign_Failures: 0.000 (count)
[ROUND-METRICS] Epoch 2 Avg_StopSign_Failures: 0.000 (count)
[RUN-METRICS] Throughput_User_Definition: 0.563636 seconds_per_vehicle
[RUN-METRICS] Throughput_Vehicles_Per_Second: 1.774194 vehicles_per_second
[RUN-METRICS] Wait_Intersection_All_Mean: 5.845455 seconds
[RUN-METRICS] Wait_Intersection_All_P95: 8.500000 seconds
[RUN-METRICS] Wait_Intersection_Normal_Mean: 5.880000 seconds
[RUN-METRICS] Wait_Intersection_Ambulance_Mean: 5.500000 seconds
[RUN-METRICS] Arrival_To_Resume_Mean: 5.083333 seconds
[RUN-METRICS] Resume_To_Depart_Mean: 0.818182 seconds
[RUN-METRICS] Jains_Fairness_All: 0.913641
[RUN-METRICS] Jains_Fairness_Normal: 0.907131
[RUN-METRICS] Ambulance_Priority_Gain: 0.380000 seconds
[RUN-METRICS] Ambulance_Priority_Ratio: 0.935374
[RUN-METRICS] Byzantine_Injections_Total: 1
[RUN-METRICS] Byzantine_Injections_Epoch0: 1
[RUN-METRICS] Byzantine_Injections_Epoch1: 0
[RUN-METRICS] Byzantine_Injections_Epoch2: 0
[RUN-METRICS] Delivery_Ratio: 0.331742
[RUN-METRICS] Estimated_Loss_Rate: 0.668258
[RUN-METRICS] Fallback_Count: 0
[RUN-METRICS] Fallback_Rate: 0.000000
[ROUND-METRICS] Epoch 0 Throughput_User_Definition: 0.472727 seconds_per_vehicle
[ROUND-METRICS] Epoch 0 Throughput_Vehicles_Per_Second: 2.115385 vehicles_per_second
[ROUND-METRICS] Epoch 0 Wait_Normal_Mean: 5.880000 seconds
[ROUND-METRICS] Epoch 0 Wait_Ambulance_Mean: 5.500000 seconds
