[ROUND-METRICS] Epoch 0 Avg_ProposeAll_Consensus_Wall: 24.974000 seconds
[ROUND-METRICS] Epoch 0 Arrival_To_Resume_Time veh0: 3.000000 seconds
[ROUND-METRICS] Epoch 0 Arrival_To_Resume_Time veh1: 3.500000 seconds
[ROUND-METRICS] Epoch 0 Arrival_To_Resume_Time veh2: 4.500000 seconds
[ROUND-METRICS] Epoch 0 Arrival_To_Resume_Time veh3: 2.800000 seconds
[ROUND-METRICS] Epoch 0 Arrival_To_Resume_Time veh4: 3.500000 seconds
[ROUND-METRICS] Epoch 0 Arrival_To_Resume_Time veh5: 4.500000 seconds
[ROUND-METRICS] Epoch 0 Arrival_To_Resume_Time veh6: 5.700000 seconds
[ROUND-METRICS] Epoch 0 Arrival_To_Resume_Time veh7: 6.500000 seconds
[ROUND-METRICS] Epoch 0 Arrival_To_Resume_Time veh8: 7.500000 seconds
[ROUND-METRICS] Epoch 0 Arrival_To_Resume_Time veh9: 5.700000 seconds
[ROUND-METRICS] Epoch 0 Arrival_To_Resume_Time veh10: 6.500000 seconds
[ROUND-METRICS] Epoch 0 Arrival_To_Resume_Time veh11: 7.500000 seconds
[ROUND-METRICS] Epoch 0 Avg_Messages_Sent_PerReplica: 46.083 (count=12)
[ROUND-METRICS] Epoch 0 Avg_Messages_Received_PerReplica: 164.417 (count=12)
[ROUND-METRICS] Epoch 0 Avg_Arrival_To_Resume_Time: 5.100000 seconds (goCars=12)
[ROUND-METRICS] Epoch 0 Avg_StopSign_Failures: 0.000 (count)
[ROUND-METRICS] Epoch 1 Avg_StopSign_Failures: 0.000 (count)
[ROUND-METRICS] Epoch 2 Avg_StopSign_Failures: 0.000 (count)
[RUN-METRICS] Throughput_User_Definition: 0.620000 seconds_per_vehicle
[RUN-METRICS] Throughput_Vehicles_Per_Second: 1.612903 vehicles_per_second
[RUN-METRICS] Wait_Intersection_All_Mean: 5.860000 seconds
[RUN-METRICS] Wait_Intersection_All_P95: 7.960000 seconds
[RUN-METRICS] Wait_Intersection_Normal_Mean: 5.900000 seconds
[RUN-METRICS] Wait_Intersection_Ambulance_Mean: 5.500000 seconds
[RUN-METRICS] Arrival_To_Resume_Mean: 5.100000 seconds
[RUN-METRICS] Resume_To_Depart_Mean: 0.790000 seconds
[RUN-METRICS] Jains_Fairness_All: 0.936756
[RUN-METRICS] Jains_Fairness_Normal: 0.931496
[RUN-METRICS] Ambulance_Priority_Gain: 0.400000 seconds
[RUN-METRICS] Ambulance_Priority_Ratio: 0.932203
[RUN-METRICS] Byzantine_Injections_Total: 1
[RUN-METRICS] Byzantine_Injections_Epoch0: 1
[RUN-METRICS] Byzantine_Injections_Epoch1: 0
[RUN-METRICS] Byzantine_Injections_Epoch2: 0
[RUN-METRICS] Delivery_Ratio: 0.326393
[RUN-METRICS] Estimated_Loss_Rate: 0.673607
[RUN-METRICS] Fallback_Count: 0
[RUN-METRICS] Fallback_Rate: 0.000000
[ROUND-METRICS] Epoch 0 Throughput_User_Definition: 0.520000 seconds_per_vehicle
[ROUND-METRICS] Epoch 0 Throughput_Vehicles_Per_Second: 1.923077 vehicles_per_second
[ROUND-METRICS] Epoch 0 Wait_Normal_Mean: 5.900000 seconds
[ROUND-METRICS] Epoch 0 Wait_Ambulance_Mean: 5.500000 seconds
