[ROUND-METRICS] Epoch 0 Avg_ProposeAll_Consensus_Wall: 1.717000 seconds
[ROUND-METRICS] Epoch 0 Arrival_To_Resume_Time veh0: 5.300000 seconds
[ROUND-METRICS] Epoch 0 Arrival_To_Resume_Time veh1: 5.900000 seconds
[ROUND-METRICS] Epoch 0 Arrival_To_Resume_Time veh2: 6.900000 seconds
[ROUND-METRICS] Epoch 0 Arrival_To_Resume_Time veh3: 5.100000 seconds
[ROUND-METRICS] Epoch 0 Arrival_To_Resume_Time veh4: 6.900000 seconds
[ROUND-METRICS] Epoch 0 Arrival_To_Resume_Time veh5: 8.100000 seconds
[ROUND-METRICS] Epoch 0 Arrival_To_Resume_Time veh6: 2.250000 seconds
[ROUND-METRICS] Epoch 0 Arrival_To_Resume_Time veh7: 2.900000 seconds
[ROUND-METRICS] Epoch 0 Arrival_To_Resume_Time veh8: 3.900000 seconds
[ROUND-METRICS] Epoch 0 Arrival_To_Resume_Time veh9: 2.250000 seconds
[ROUND-METRICS] Epoch 0 Arrival_To_Resume_Time veh10: 2.900000 seconds
[ROUND-METRICS] Epoch 0 Arrival_To_Resume_Time veh11: 9.100000 seconds
[ROUND-METRICS] Epoch 0 Avg_Messages_Sent_PerReplica: 19.500 (count=12)
[ROUND-METRICS] Epoch 0 Avg_Messages_Received_PerReplica: 51.083 (count=12)
[ROUND-METRICS] Epoch 0 Avg_Arrival_To_Resume_Time: 5.125000 seconds (goCars=12)
[ROUND-METRICS] Epoch 0 Avg_StopSign_Failures: 0.000 (count)
[ROUND-METRICS] Epoch 1 Avg_StopSign_Failures: 0.000 (count)
[ROUND-METRICS] Epoch 2 Avg_StopSign_Failures: 0.000 (count)
[RUN-METRICS] Throughput_User_Definition: 0.487500 seconds_per_vehicle
[RUN-METRICS] Throughput_Vehicles_Per_Second: 2.051282 vehicles_per_second
[RUN-METRICS] Wait_Intersection_All_Mean: 5.850000 seconds
[RUN-METRICS] Wait_Intersection_All_P95: 9.260000 seconds
[RUN-METRICS] Wait_Intersection_Normal_Mean: 5.936364 seconds
[RUN-METRICS] Wait_Intersection_Ambulance_Mean: 4.900000 seconds
[RUN-METRICS] Arrival_To_Resume_Mean: 5.125000 seconds
[RUN-METRICS] Resume_To_Depart_Mean: 0.725000 seconds
[RUN-METRICS] Jains_Fairness_All: 0.867931
[RUN-METRICS] Jains_Fairness_Normal: 0.863063
[RUN-METRICS] Ambulance_Priority_Gain: 1.036364 seconds
[RUN-METRICS] Ambulance_Priority_Ratio: 0.825421
[RUN-METRICS] Byzantine_Injections_Total: 6
[RUN-METRICS] Byzantine_Injections_Epoch0: 6
[RUN-METRICS] Byzantine_Injections_Epoch1: 0
[RUN-METRICS] Byzantine_Injections_Epoch2: 0
[RUN-METRICS] Delivery_Ratio: 0.239729
[RUN-METRICS] Estimated_Loss_Rate: 0.760271
[RUN-METRICS] Fallback_Count: 0
[RUN-METRICS] Fallback_Rate: 0.000000
[ROUND-METRICS] Epoch 0 Throughput_User_Definition: 0.487500 seconds_per_vehicle
[ROUND-METRICS] Epoch 0 Throughput_Vehicles_Per_Second: 2.051282 vehicles_per_second
[ROUND-METRICS] Epoch 0 Wait_Normal_Mean: 5.936364 seconds
[ROUND-METRICS] Epoch 0 Wait_Ambulance_Mean: 4.900000 seconds
