[ROUND-METRICS] Epoch 0 Avg_ProposeAll_Consensus_Wall: 1.805000 seconds
[ROUND-METRICS] Epoch 0 Arrival_To_Resume_Time veh0: 3.100000 seconds
[ROUND-METRICS] Epoch 0 Arrival_To_Resume_Time veh1: 3.700000 seconds
[ROUND-METRICS] Epoch 0 Arrival_To_Resume_Time veh2: 7.100000 seconds
[ROUND-METRICS] Epoch 0 Arrival_To_Resume_Time veh3: 2.900000 seconds
[ROUND-METRICS] Epoch 0 Arrival_To_Resume_Time veh4: 4.700000 seconds
[ROUND-METRICS] Epoch 0 Arrival_To_Resume_Time veh5: 7.900000 seconds
[ROUND-METRICS] Epoch 0 Arrival_To_Resume_Time veh6: 2.250000 seconds
[ROUND-METRICS] Epoch 0 Arrival_To_Resume_Time veh7: 5.500000 seconds
[ROUND-METRICS] Epoch 0 Arrival_To_Resume_Time veh8: 8.700000 seconds
[ROUND-METRICS] Epoch 0 Arrival_To_Resume_Time veh9: 2.250000 seconds
[ROUND-METRICS] Epoch 0 Arrival_To_Resume_Time veh10: 6.300000 seconds
[ROUND-METRICS] Epoch 0 Arrival_To_Resume_Time veh11: 8.700000 seconds
[ROUND-METRICS] Epoch 0 Avg_Messages_Sent_PerReplica: 19.500 (count=12)
[ROUND-METRICS] Epoch 0 Avg_Messages_Received_PerReplica: 49.250 (count=12)
[ROUND-METRICS] Epoch 0 Avg_Arrival_To_Resume_Time: 5.258333 seconds (goCars=12)
[ROUND-METRICS] Epoch 0 Avg_StopSign_Failures: 0.000 (count)
[ROUND-METRICS] Epoch 1 Avg_StopSign_Failures: 0.000 (count)
[ROUND-METRICS] Epoch 2 Avg_StopSign_Failures: 0.000 (count)
[RUN-METRICS] Throughput_User_Definition: 0.488889 seconds_per_vehicle
[RUN-METRICS] Throughput_Vehicles_Per_Second: 2.045455 vehicles_per_second
[RUN-METRICS] Wait_Intersection_All_Mean: 5.866667 seconds
[RUN-METRICS] Wait_Intersection_All_P95: 9.300000 seconds
[RUN-METRICS] Wait_Intersection_Normal_Mean: 6.154545 seconds
[RUN-METRICS] Wait_Intersection_Ambulance_Mean: 2.700000 seconds
[RUN-METRICS] Arrival_To_Resume_Mean: 5.258333 seconds
[RUN-METRICS] Resume_To_Depart_Mean: 0.608333 seconds
[RUN-METRICS] Jains_Fairness_All: 0.859800
[RUN-METRICS] Jains_Fairness_Normal: 0.880763
[RUN-METRICS] Ambulance_Priority_Gain: 3.454545 seconds
[RUN-METRICS] Ambulance_Priority_Ratio: 0.438700
[RUN-METRICS] Byzantine_Injections_Total: 6
[RUN-METRICS] Byzantine_Injections_Epoch0: 6
[RUN-METRICS] Byzantine_Injections_Epoch1: 0
[RUN-METRICS] Byzantine_Injections_Epoch2: 0
[RUN-METRICS] Delivery_Ratio: 0.231244
[RUN-METRICS] Estimated_Loss_Rate: 0.768756
[RUN-METRICS] Fallback_Count: 0
[RUN-METRICS] Fallback_Rate: 0.000000
[ROUND-METRICS] Epoch 0 Throughput_User_Definition: 0.488889 seconds_per_vehicle
[ROUND-METRICS] Epoch 0 Throughput_Vehicles_Per_Second: 2.045455 vehicles_per_second
[ROUND-METRICS] Epoch 0 Wait_Normal_Mean: 6.154545 seconds
[ROUND-METRICS] Epoch 0 Wait_Ambulance_Mean: 2.700000 seconds
