[ROUND-METRICS] Epoch 0 Avg_ProposeAll_Consensus_Wall: 61.000000 seconds
[ROUND-METRICS] Epoch 0 Arrival_To_Resume_Time veh0: 12.700000 seconds
[ROUND-METRICS] Epoch 0 Arrival_To_Resume_Time veh1: 13.300000 seconds
[ROUND-METRICS] Epoch 0 Arrival_To_Resume_Time veh2: 15.300000 seconds
[ROUND-METRICS] Epoch 0 Arrival_To_Resume_Time veh3: 17.300000 seconds
[ROUND-METRICS] Epoch 0 Arrival_To_Resume_Time veh4: 13.300000 seconds
[ROUND-METRICS] Epoch 0 Arrival_To_Resume_Time veh5: 14.300000 seconds
[ROUND-METRICS] Epoch 0 Arrival_To_Resume_Time veh6: 15.300000 seconds
[ROUND-METRICS] Epoch 0 Arrival_To_Resume_Time veh7: 18.300000 seconds
[ROUND-METRICS] Epoch 0 Arrival_To_Resume_Time veh8: 8.200000 seconds
[ROUND-METRICS] Epoch 0 Arrival_To_Resume_Time veh9: 11.100000 seconds
[ROUND-METRICS] Epoch 0 Arrival_To_Resume_Time veh10: 16.500000 seconds
[ROUND-METRICS] Epoch 0 Arrival_To_Resume_Time veh11: 19.300000 seconds
[ROUND-METRICS] Epoch 0 Arrival_To_Resume_Time veh12: 8.200000 seconds
[ROUND-METRICS] Epoch 0 Arrival_To_Resume_Time veh13: 8.900000 seconds
[ROUND-METRICS] Epoch 0 Arrival_To_Resume_Time veh14: 9.900000 seconds
[ROUND-METRICS] Epoch 0 Arrival_To_Resume_Time veh15: 11.100000 seconds
[ROUND-METRICS] Epoch 0 Avg_Messages_Sent_PerReplica: 82.562 (count=16)
[ROUND-METRICS] Epoch 0 Avg_Messages_Received_PerReplica: 180.875 (count=16)
[ROUND-METRICS] Epoch 0 Avg_Arrival_To_Resume_Time: 13.312500 seconds (goCars=16)
[ROUND-METRICS] Epoch 0 Avg_StopSign_Failures: 0.000 (count)
[ROUND-METRICS] Epoch 1 Avg_StopSign_Failures: 0.000 (count)
[ROUND-METRICS] Epoch 2 Avg_StopSign_Failures: 0.000 (count)
[ROUND-METRICS] Epoch 3 Avg_StopSign_Failures: 0.000 (count)
[RUN-METRICS] Throughput_User_Definition: 0.876172 seconds_per_vehicle
[RUN-METRICS] Throughput_Vehicles_Per_Second: 1.141329 vehicles_per_second
[RUN-METRICS] Wait_Intersection_All_Mean: 14.018750 seconds
[RUN-METRICS] Wait_Intersection_All_P95: 19.300000 seconds
[RUN-METRICS] Wait_Intersection_Normal_Mean: 14.206667 seconds
[RUN-METRICS] Wait_Intersection_Ambulance_Mean: 11.200000 seconds
[RUN-METRICS] Arrival_To_Resume_Mean: 13.312500 seconds
[RUN-METRICS] Resume_To_Depart_Mean: 0.706250 seconds
[RUN-METRICS] Jains_Fairness_All: 0.940586
[RUN-METRICS] Jains_Fairness_Normal: 0.940903
[RUN-METRICS] Ambulance_Priority_Gain: 3.006667 seconds
[RUN-METRICS] Ambulance_Priority_Ratio: 0.788362
[RUN-METRICS] Byzantine_Injections_Total: 1
[RUN-METRICS] Byzantine_Injections_Epoch0: 1
[RUN-METRICS] Byzantine_Injections_Epoch1: 0
[RUN-METRICS] Byzantine_Injections_Epoch2: 0
[RUN-METRICS] Byzantine_Injections_Epoch3: 0
[RUN-METRICS] Delivery_Ratio: 0.149264
[RUN-METRICS] Estimated_Loss_Rate: 0.850736
[RUN-METRICS] Fallback_Count: 0
[RUN-METRICS] Fallback_Rate: 0.000000
[ROUND-METRICS] Epoch 0 Throughput_User_Definition: 0.876172 seconds_per_vehicle
[ROUND-METRICS] Epoch 0 Throughput_Vehicles_Per_Second: 1.141329 vehicles_per_second
[ROUND-METRICS] Epoch 0 Wait_Normal_Mean: 14.206667 seconds
[ROUND-METRICS] Epoch 0 Wait_Ambulance_Mean: 11.200000 seconds
