[ROUND-METRICS] Epoch 0 Avg_ProposeAll_Consensus_Wall: 130.323000 seconds
[ROUND-METRICS] Epoch 0 Arrival_To_Resume_Time veh0: 16.100000 seconds
[ROUND-METRICS] Epoch 0 Arrival_To_Resume_Time veh1: 17.500000 seconds
[ROUND-METRICS] Epoch 0 Arrival_To_Resume_Time veh2: 18.300000 seconds
[ROUND-METRICS] Epoch 0 Arrival_To_Resume_Time veh3: 22.700000 seconds
[ROUND-METRICS] Epoch 0 Arrival_To_Resume_Time veh4: 16.700000 seconds
[ROUND-METRICS] Epoch 0 Arrival_To_Resume_Time veh5: 18.300000 seconds
[ROUND-METRICS] Epoch 0 Arrival_To_Resume_Time veh6: 20.100000 seconds
[ROUND-METRICS] Epoch 0 Arrival_To_Resume_Time veh7: 23.500000 seconds
[ROUND-METRICS] Epoch 0 Arrival_To_Resume_Time veh8: 15.150000 seconds
[ROUND-METRICS] Epoch 0 Arrival_To_Resume_Time veh9: 19.300000 seconds
[ROUND-METRICS] Epoch 0 Arrival_To_Resume_Time veh10: 21.100000 seconds
[ROUND-METRICS] Epoch 0 Arrival_To_Resume_Time veh11: 24.300000 seconds
[ROUND-METRICS] Epoch 0 Arrival_To_Resume_Time veh12: 15.150000 seconds
[ROUND-METRICS] Epoch 0 Arrival_To_Resume_Time veh13: 19.300000 seconds
[ROUND-METRICS] Epoch 0 Arrival_To_Resume_Time veh14: 21.900000 seconds
[ROUND-METRICS] Epoch 0 Arrival_To_Resume_Time veh15: 24.300000 seconds
[ROUND-METRICS] Epoch 0 Avg_Messages_Sent_PerReplica: 181.875 (count=16)
[ROUND-METRICS] Epoch 0 Avg_Messages_Received_PerReplica: 254.000 (count=16)
[ROUND-METRICS] Epoch 0 Avg_Arrival_To_Resume_Time: 19.606250 seconds (goCars=16)
[ROUND-METRICS] Epoch 0 Avg_StopSign_Failures: 0.000 (count)
[ROUND-METRICS] Epoch 1 Avg_StopSign_Failures: 0.000 (count)
[ROUND-METRICS] Epoch 2 Avg_StopSign_Failures: 0.000 (count)
[ROUND-METRICS] Epoch 3 Avg_StopSign_Failures: 0.000 (count)
[RUN-METRICS] Throughput_User_Definition: 1.267187 seconds_per_vehicle
[RUN-METRICS] Throughput_Vehicles_Per_Second: 0.789149 vehicles_per_second
[RUN-METRICS] Wait_Intersection_All_Mean: 20.275000 seconds
[RUN-METRICS] Wait_Intersection_All_P95: 24.900000 seconds
[RUN-METRICS] Wait_Intersection_Normal_Mean: 20.580000 seconds
[RUN-METRICS] Wait_Intersection_Ambulance_Mean: 15.700000 seconds
[RUN-METRICS] Arrival_To_Resume_Mean: 19.606250 seconds
[RUN-METRICS] Resume_To_Depart_Mean: 0.668750 seconds
[RUN-METRICS] Jains_Fairness_All: 0.978495
[RUN-METRICS] Jains_Fairness_Normal: 0.981124
[RUN-METRICS] Ambulance_Priority_Gain: 4.880000 seconds
[RUN-METRICS] Ambulance_Priority_Ratio: 0.762877
[RUN-METRICS] Byzantine_Injections_Total: 1
[RUN-METRICS] Byzantine_Injections_Epoch0: 1
[RUN-METRICS] Byzantine_Injections_Epoch1: 0
[RUN-METRICS] Byzantine_Injections_Epoch2: 0
[RUN-METRICS] Byzantine_Injections_Epoch3: 0
[RUN-METRICS] Delivery_Ratio: 0.097393
[RUN-METRICS] Estimated_Loss_Rate: 0.902607
[RUN-METRICS] Fallback_Count: 0
[RUN-METRICS] Fallback_Rate: 0.000000
[ROUND-METRICS] Epoch 0 Throughput_User_Definition: 1.267187 seconds_per_vehicle
[ROUND-METRICS] Epoch 0 Throughput_Vehicles_Per_Second: 0.789149 vehicles_per_second
[ROUND-METRICS] Epoch 0 Wait_Normal_Mean: 20.580000 seconds
[ROUND-METRICS] Epoch 0 Wait_Ambulance_Mean: 15.700000 seconds
