[ROUND-METRICS] Epoch 0 Avg_ProposeAll_Consensus_Wall: 24.710000 seconds
[ROUND-METRICS] Epoch 0 Arrival_To_Resume_Time veh0: 5.300000 seconds
[ROUND-METRICS] Epoch 0 Arrival_To_Resume_Time veh1: 6.100000 seconds
[ROUND-METRICS] Epoch 0 Arrival_To_Resume_Time veh2: 4.550000 seconds
[ROUND-METRICS] Epoch 0 Arrival_To_Resume_Time veh3: 4.550000 seconds
[ROUND-METRICS] Epoch 0 Avg_Messages_Sent_PerReplica: 20.750 (count=4)
[ROUND-METRICS] Epoch 0 Avg_Messages_Received_PerReplica: 31.500 (count=4)
[ROUND-METRICS] Epoch 0 Avg_Arrival_To_Resume_Time: 5.125000 seconds (goCars=4)
[ROUND-METRICS] Epoch 0 Avg_StopSign_Failures: 0.000 (count)
[RUN-METRICS] Throughput_User_Definition: 1.425000 seconds_per_vehicle
[RUN-METRICS] Throughput_Vehicles_Per_Second: 0.701754 vehicles_per_second
[RUN-METRICS] Wait_Intersection_All_Mean: 5.700000 seconds
[RUN-METRICS] Wait_Intersection_All_P95: 6.580000 seconds
[RUN-METRICS] Wait_Intersection_Normal_Mean: 5.900000 seconds
[RUN-METRICS] Wait_Intersection_Ambulance_Mean: 5.100000 seconds
[RUN-METRICS] Arrival_To_Resume_Mean: 5.125000 seconds
[RUN-METRICS] Resume_To_Depart_Mean: 0.575000 seconds
[RUN-METRICS] Jains_Fairness_All: 0.986638
[RUN-METRICS] Jains_Fairness_Normal: 0.987891
[RUN-METRICS] Ambulance_Priority_Gain: 0.800000 seconds
[RUN-METRICS] Ambulance_Priority_Ratio: 0.864407
[RUN-METRICS] Byzantine_Injections_Total: 1
[RUN-METRICS] Byzantine_Injections_Epoch0: 1
[RUN-METRICS] Delivery_Ratio: 0.546737
[RUN-METRICS] Estimated_Loss_Rate: 0.453263
[RUN-METRICS] Fallback_Count: 0
[RUN-METRICS] Fallback_Rate: 0.000000
[ROUND-METRICS] Epoch 0 Throughput_User_Definition: 1.425000 seconds_per_vehicle
[ROUND-METRICS] Epoch 0 Throughput_Vehicles_Per_Second: 0.701754 vehicles_per_second
[ROUND-METRICS] Epoch 0 Wait_Normal_Mean: 5.900000 seconds
[ROUND-METRICS] Epoch 0 Wait_Ambulance_Mean: 5.100000 seconds
