[ROUND-METRICS] Epoch 0 Avg_ProposeAll_Consensus_Wall: 38.403000 seconds
[ROUND-METRICS] Epoch 0 Arrival_To_Resume_Time veh0: 6.100000 seconds
[ROUND-METRICS] Epoch 0 Arrival_To_Resume_Time veh1: 5.450000 seconds
[ROUND-METRICS] Epoch 0 Arrival_To_Resume_Time veh2: 6.900000 seconds
[ROUND-METRICS] Epoch 0 Arrival_To_Resume_Time veh3: 6.900000 seconds
[ROUND-METRICS] Epoch 0 Avg_Messages_Sent_PerReplica: 24.500 (count=4)
[ROUND-METRICS] Epoch 0 Avg_Messages_Received_PerReplica: 35.250 (count=4)
[ROUND-METRICS] Epoch 0 Avg_Arrival_To_Resume_Time: 6.337500 seconds (goCars=4)
[ROUND-METRICS] Epoch 0 Avg_StopSign_Failures: 0.000 (count)
[RUN-METRICS] Throughput_User_Definition: 1.725000 seconds_per_vehicle
[RUN-METRICS] Throughput_Vehicles_Per_Second: 0.579710 vehicles_per_second
[RUN-METRICS] Wait_Intersection_All_Mean: 6.900000 seconds
[RUN-METRICS] Wait_Intersection_All_P95: 7.500000 seconds
[RUN-METRICS] Wait_Intersection_Normal_Mean: 7.233333 seconds
[RUN-METRICS] Wait_Intersection_Ambulance_Mean: 5.900000 seconds
[RUN-METRICS] Arrival_To_Resume_Mean: 6.337500 seconds
[RUN-METRICS] Resume_To_Depart_Mean: 0.562500 seconds
[RUN-METRICS] Jains_Fairness_All: 0.990843
[RUN-METRICS] Jains_Fairness_Normal: 0.997289
[RUN-METRICS] Ambulance_Priority_Gain: 1.333333 seconds
[RUN-METRICS] Ambulance_Priority_Ratio: 0.815668
[RUN-METRICS] Byzantine_Injections_Total: 1
[RUN-METRICS] Byzantine_Injections_Epoch0: 1
[RUN-METRICS] Delivery_Ratio: 0.506509
[RUN-METRICS] Estimated_Loss_Rate: 0.493491
[RUN-METRICS] Fallback_Count: 0
[RUN-METRICS] Fallback_Rate: 0.000000
[ROUND-METRICS] Epoch 0 Throughput_User_Definition: 1.725000 seconds_per_vehicle
[ROUND-METRICS] Epoch 0 Throughput_Vehicles_Per_Second: 0.579710 vehicles_per_second
[ROUND-METRICS] Epoch 0 Wait_Normal_Mean: 7.233333 seconds
[ROUND-METRICS] Epoch 0 Wait_Ambulance_Mean: 5.900000 seconds
