[ROUND-METRICS] Epoch 0 Avg_ProposeAll_Consensus_Wall: 57.964000 seconds
[ROUND-METRICS] Epoch 0 Arrival_To_Resume_Time veh0: 7.400000 seconds
[ROUND-METRICS] Epoch 0 Arrival_To_Resume_Time veh1: 8.100000 seconds
[ROUND-METRICS] Epoch 0 Arrival_To_Resume_Time veh2: 8.100000 seconds
[ROUND-METRICS] Epoch 0 Arrival_To_Resume_Time veh3: 9.900000 seconds
[ROUND-METRICS] Epoch 0 Arrival_To_Resume_Time veh4: 9.100000 seconds
[ROUND-METRICS] Epoch 0 Arrival_To_Resume_Time veh5: 10.700000 seconds
[ROUND-METRICS] Epoch 0 Arrival_To_Resume_Time veh6: 9.100000 seconds
[ROUND-METRICS] Epoch 0 Arrival_To_Resume_Time veh7: 10.700000 seconds
[ROUND-METRICS] Epoch 0 Avg_Messages_Sent_PerReplica: 74.000 (count=8)
[ROUND-METRICS] Epoch 0 Avg_Messages_Received_PerReplica: 105.500 (count=8)
[ROUND-METRICS] Epoch 0 Avg_Arrival_To_Resume_Time: 9.137500 seconds (goCars=8)
[ROUND-METRICS] Epoch 0 Avg_StopSign_Failures: 0.000 (count)
[ROUND-METRICS] Epoch 1 Avg_StopSign_Failures: 0.000 (count)
[RUN-METRICS] Throughput_User_Definition: 1.228125 seconds_per_vehicle
[RUN-METRICS] Throughput_Vehicles_Per_Second: 0.814249 vehicles_per_second
[RUN-METRICS] Wait_Intersection_All_Mean: 9.825000 seconds
[RUN-METRICS] Wait_Intersection_All_P95: 11.500000 seconds
[RUN-METRICS] Wait_Intersection_Normal_Mean: 9.957143 seconds
[RUN-METRICS] Wait_Intersection_Ambulance_Mean: 8.900000 seconds
[RUN-METRICS] Arrival_To_Resume_Mean: 9.137500 seconds
[RUN-METRICS] Resume_To_Depart_Mean: 0.687500 seconds
[RUN-METRICS] Jains_Fairness_All: 0.984404
[RUN-METRICS] Jains_Fairness_Normal: 0.984039
[RUN-METRICS] Ambulance_Priority_Gain: 1.057143 seconds
[RUN-METRICS] Ambulance_Priority_Ratio: 0.893831
[RUN-METRICS] Byzantine_Injections_Total: 1
[RUN-METRICS] Byzantine_Injections_Epoch0: 1
[RUN-METRICS] Byzantine_Injections_Epoch1: 0
[RUN-METRICS] Delivery_Ratio: 0.207981
[RUN-METRICS] Estimated_Loss_Rate: 0.792019
[RUN-METRICS] Fallback_Count: 0
[RUN-METRICS] Fallback_Rate: 0.000000
[ROUND-METRICS] Epoch 0 Throughput_User_Definition: 1.228125 seconds_per_vehicle
[ROUND-METRICS] Epoch 0 Throughput_Vehicles_Per_Second: 0.814249 vehicles_per_second
[ROUND-METRICS] Epoch 0 Wait_Normal_Mean: 9.957143 seconds
[ROUND-METRICS] Epoch 0 Wait_Ambulance_Mean: 8.900000 seconds
