[ROUND-METRICS] Epoch 0 Arrival_To_Resume_Time veh0: 6.500000 seconds
[ROUND-METRICS] Epoch 0 Arrival_To_Resume_Time veh1: 7.300000 seconds
[ROUND-METRICS] Epoch 0 Arrival_To_Resume_Time veh2: 7.300000 seconds
[ROUND-METRICS] Epoch 0 Arrival_To_Resume_Time veh3: 8.300000 seconds
[ROUND-METRICS] Epoch 0 Arrival_To_Resume_Time veh4: 4.750000 seconds
[ROUND-METRICS] Epoch 0 Arrival_To_Resume_Time veh5: 5.500000 seconds
[ROUND-METRICS] Epoch 0 Arrival_To_Resume_Time veh6: 5.500000 seconds
[ROUND-METRICS] Epoch 0 Arrival_To_Resume_Time veh7: 9.300000 seconds
[ROUND-METRICS] Epoch 0 Avg_Messages_Sent_PerReplica: 31.125 (count=8)
[ROUND-METRICS] Epoch 0 Avg_Messages_Received_PerReplica: 61.500 (count=8)
[ROUND-METRICS] Epoch 0 Avg_Arrival_To_Resume_Time: 6.806250 seconds (goCars=8)
[ROUND-METRICS] Epoch 0 Avg_StopSign_Failures: 0.000 (count)
[ROUND-METRICS] Epoch 1 Avg_StopSign_Failures: 0.000 (count)
[RUN-METRICS] Throughput_User_Definition: 0.934375 seconds_per_vehicle
[RUN-METRICS] Throughput_Vehicles_Per_Second: 1.070234 vehicles_per_second
[RUN-METRICS] Wait_Intersection_All_Mean: 7.475000 seconds
[RUN-METRICS] Wait_Intersection_All_P95: 9.620000 seconds
[RUN-METRICS] Wait_Intersection_Normal_Mean: 7.642857 seconds
[RUN-METRICS] Wait_Intersection_Ambulance_Mean: 6.300000 seconds
[RUN-METRICS] Arrival_To_Resume_Mean: 6.806250 seconds
[RUN-METRICS] Resume_To_Depart_Mean: 0.668750 seconds
[RUN-METRICS] Jains_Fairness_All: 0.962875
[RUN-METRICS] Jains_Fairness_Normal: 0.963121
[RUN-METRICS] Ambulance_Priority_Gain: 1.342857 seconds
[RUN-METRICS] Ambulance_Priority_Ratio: 0.824299
[RUN-METRICS] Byzantine_Injections_Total: 1
[RUN-METRICS] Byzantine_Injections_Epoch0: 1
[RUN-METRICS] Byzantine_Injections_Epoch1: 0
[RUN-METRICS] Delivery_Ratio: 0.285937
[RUN-METRICS] Estimated_Loss_Rate: 0.714063
[RUN-METRICS] Fallback_Count: 0
[RUN-METRICS] Fallback_Rate: 0.000000
[ROUND-METRICS] Epoch 0 Throughput_User_Definition: 0.934375 seconds_per_vehicle
[ROUND-METRICS] Epoch 0 Throughput_Vehicles_Per_Second: 1.070234 vehicles_per_second
[ROUND-METRICS] Epoch 0 Wait_Normal_Mean: 7.642857 seconds
[ROUND-METRICS] Epoch 0 Wait_Ambulance_Mean: 6.300000 seconds
