[ROUND-METRICS] Epoch 0 Avg_ProposeAll_Consensus_Wall: 2.033000 seconds
[ROUND-METRICS] Epoch 0 Arrival_To_Resume_Time veh0: 2.500000 seconds
[ROUND-METRICS] Epoch 0 Arrival_To_Resume_Time veh1: 3.900000 seconds
[ROUND-METRICS] Epoch 0 Arrival_To_Resume_Time veh2: 7.300000 seconds
[ROUND-METRICS] Epoch 0 Arrival_To_Resume_Time veh3: 2.300000 seconds
[ROUND-METRICS] Epoch 0 Arrival_To_Resume_Time veh4: 4.700000 seconds
[ROUND-METRICS] Epoch 0 Arrival_To_Resume_Time veh5: 8.100000 seconds
[ROUND-METRICS] Epoch 0 Arrival_To_Resume_Time veh6: 3.100000 seconds
[ROUND-METRICS] Epoch 0 Arrival_To_Resume_Time veh7: 5.500000 seconds
[ROUND-METRICS] Epoch 0 Arrival_To_Resume_Time veh8: 6.300000 seconds
[ROUND-METRICS] Epoch 0 Arrival_To_Resume_Time veh9: 3.100000 seconds
[ROUND-METRICS] Epoch 0 Arrival_To_Resume_Time veh10: 6.300000 seconds
[ROUND-METRICS] Epoch 0 Arrival_To_Resume_Time veh11: 8.900000 seconds
[ROUND-METRICS] Epoch 0 Avg_Messages_Sent_PerReplica: 21.500 (count=12)
[ROUND-METRICS] Epoch 0 Avg_Messages_Received_PerReplica: 63.583 (count=12)
[ROUND-METRICS] Epoch 0 Avg_Arrival_To_Resume_Time: 5.166667 seconds (goCars=12)
[ROUND-METRICS] Epoch 0 Avg_StopSign_Failures: 0.000 (count)
[ROUND-METRICS] Epoch 1 Avg_StopSign_Failures: 0.000 (count)
[ROUND-METRICS] Epoch 2 Avg_StopSign_Failures: 0.000 (count)
[RUN-METRICS] Throughput_User_Definition: 0.483333 seconds_per_vehicle
[RUN-METRICS] Throughput_Vehicles_Per_Second: 2.068966 vehicles_per_second
[RUN-METRICS] Wait_Intersection_All_Mean: 5.800000 seconds
[RUN-METRICS] Wait_Intersection_All_P95: 9.060000 seconds
[RUN-METRICS] Wait_Intersection_Normal_Mean: 6.045455 seconds
[RUN-METRICS] Wait_Intersection_Ambulance_Mean: 3.100000 seconds
[RUN-METRICS] Arrival_To_Resume_Mean: 5.166667 seconds
[RUN-METRICS] Resume_To_Depart_Mean: 0.633333 seconds
[RUN-METRICS] Jains_Fairness_All: 0.879171
[RUN-METRICS] Jains_Fairness_Normal: 0.894278
[RUN-METRICS] Ambulance_Priority_Gain: 2.945455 seconds
[RUN-METRICS] Ambulance_Priority_Ratio: 0.512782
[RUN-METRICS] Byzantine_Injections_Total: 6
[RUN-METRICS] Byzantine_Injections_Epoch0: 6
[RUN-METRICS] Byzantine_Injections_Epoch1: 0
[RUN-METRICS] Byzantine_Injections_Epoch2: 0
[RUN-METRICS] Delivery_Ratio: 0.270282
[RUN-METRICS] Estimated_Loss_Rate: 0.729718
[RUN-METRICS] Fallback_Count: 0
[RUN-METRICS] Fallback_Rate: 0.000000
[ROUND-METRICS] Epoch 0 Throughput_User_Definition: 0.483333 seconds_per_vehicle
[ROUND-METRICS] Epoch 0 Throughput_Vehicles_Per_Second: 2.068966 vehicles_per_second
[ROUND-METRICS] Epoch 0 Wait_Normal_Mean: 6.045455 seconds
[ROUND-METRICS] Epoch 0 Wait_Ambulance_Mean: 3.100000 seconds
