[ROUND-METRICS] Epoch 0 Avg_ProposeAll_Consensus_Wall: 5.313000 seconds
[ROUND-METRICS] Epoch 0 Arrival_To_Resume_Time veh0: 11.000000 seconds
[ROUND-METRICS] Epoch 0 Arrival_To_Resume_Time veh1: 11.800000 seconds
[ROUND-METRICS] Epoch 0 Arrival_To_Resume_Time veh2: 11.800000 seconds
[ROUND-METRICS] Epoch 0 Arrival_To_Resume_Time veh3: 10.350000 seconds
[ROUND-METRICS] Epoch 0 Arrival_To_Resume_Time veh4: 10.800000 seconds
[ROUND-METRICS] Epoch 0 Arrival_To_Resume_Time veh5: 11.200000 seconds
[ROUND-METRICS] Epoch 0 Arrival_To_Resume_Time veh6: 10.600000 seconds
[ROUND-METRICS] Epoch 0 Arrival_To_Resume_Time veh7: 8.600000 seconds
[ROUND-METRICS] Epoch 0 Arrival_To_Resume_Time veh8: 8.800000 seconds
[ROUND-METRICS] Epoch 0 Arrival_To_Resume_Time veh9: 12.600000 seconds
[ROUND-METRICS] Epoch 0 Arrival_To_Resume_Time veh10: 13.400000 seconds
[ROUND-METRICS] Epoch 0 Arrival_To_Resume_Time veh11: 14.000000 seconds
[ROUND-METRICS] Epoch 0 Avg_Messages_Sent_PerReplica: 55.500 (count=12)
[ROUND-METRICS] Epoch 0 Avg_Messages_Received_PerReplica: 253.250 (count=12)
[ROUND-METRICS] Epoch 0 Avg_Arrival_To_Resume_Time: 11.245833 seconds (goCars=12)
[ROUND-METRICS] Epoch 0 Avg_StopSign_Failures: 0.000 (count)
[ROUND-METRICS] Epoch 1 Avg_StopSign_Failures: 0.000 (count)
[ROUND-METRICS] Epoch 2 Avg_StopSign_Failures: 0.000 (count)
[RUN-METRICS] Throughput_User_Definition: 0.986111 seconds_per_vehicle
[RUN-METRICS] Throughput_Vehicles_Per_Second: 1.014085 vehicles_per_second
[RUN-METRICS] Wait_Intersection_All_Mean: 11.833333 seconds
[RUN-METRICS] Wait_Intersection_All_P95: 14.270000 seconds
[RUN-METRICS] Wait_Intersection_Normal_Mean: 11.927273 seconds
[RUN-METRICS] Wait_Intersection_Ambulance_Mean: 10.800000 seconds
[RUN-METRICS] Arrival_To_Resume_Mean: 11.245833 seconds
[RUN-METRICS] Resume_To_Depart_Mean: 0.587500 seconds
[RUN-METRICS] Jains_Fairness_All: 0.982789
[RUN-METRICS] Jains_Fairness_Normal: 0.982260
[RUN-METRICS] Ambulance_Priority_Gain: 1.127273 seconds
[RUN-METRICS] Ambulance_Priority_Ratio: 0.905488
[RUN-METRICS] Byzantine_Injections_Total: 1
[RUN-METRICS] Byzantine_Injections_Epoch0: 1
[RUN-METRICS] Byzantine_Injections_Epoch1: 0
[RUN-METRICS] Byzantine_Injections_Epoch2: 0
[RUN-METRICS] Delivery_Ratio: 0.442467
[RUN-METRICS] Estimated_Loss_Rate: 0.557533
[RUN-METRICS] Fallback_Count: 0
[RUN-METRICS] Fallback_Rate: 0.000000
[ROUND-METRICS] Epoch 0 Throughput_User_Definition: 0.986111 seconds_per_vehicle
[ROUND-METRICS] Epoch 0 Throughput_Vehicles_Per_Second: 1.014085 vehicles_per_second
[ROUND-METRICS] Epoch 0 Wait_Normal_Mean: 11.927273 seconds
[ROUND-METRICS] Epoch 0 Wait_Ambulance_Mean: 10.800000 seconds
