[ROUND-METRICS] Epoch 0 Avg_ProposeAll_Consensus_Wall: 0.249000 seconds
[ROUND-METRICS] Epoch 0 Arrival_To_Resume_Time veh0: 0.050000 seconds
[ROUND-METRICS] Epoch 0 Arrival_To_Resume_Time veh2: 9.050000 seconds
[ROUND-METRICS] Epoch 0 Arrival_To_Resume_Time veh3: 13.850000 seconds
[ROUND-METRICS] Epoch 0 Avg_Messages_Sent_PerReplica: 13.000 (count=3)
[ROUND-METRICS] Epoch 0 Avg_Messages_Received_PerReplica: 15.667 (count=3)
[ROUND-METRICS] Epoch 0 Avg_Arrival_To_Resume_Time: 7.650000 seconds (goCars=3)
[ROUND-METRICS] Epoch 0 Avg_StopSign_Failures: 1.000 (count)
[RUN-METRICS] Throughput_User_Definition: 2.583333 seconds_per_vehicle
[RUN-METRICS] Throughput_Vehicles_Per_Second: 0.387097 vehicles_per_second
[RUN-METRICS] Wait_Intersection_All_Mean: 7.750000 seconds
[RUN-METRICS] Wait_Intersection_All_P95: 13.470000 seconds
[RUN-METRICS] Wait_Intersection_Normal_Mean: 11.550000 seconds
[RUN-METRICS] Wait_Intersection_Ambulance_Mean: 0.150000 seconds
[RUN-METRICS] Arrival_To_Resume_Mean: 7.650000 seconds
[RUN-METRICS] Resume_To_Depart_Mean: 0.100000 seconds
[RUN-METRICS] Jains_Fairness_All: 0.647347
[RUN-METRICS] Jains_Fairness_Normal: 0.958610
[RUN-METRICS] Ambulance_Priority_Gain: 11.400000 seconds
[RUN-METRICS] Ambulance_Priority_Ratio: 0.012987
[RUN-METRICS] Byzantine_Injections_Total: 2
[RUN-METRICS] Byzantine_Injections_Epoch0: 2
[RUN-METRICS] Delivery_Ratio: 0.407407
[RUN-METRICS] Estimated_Loss_Rate: 0.592593
[RUN-METRICS] Fallback_Count: 1
[RUN-METRICS] Fallback_Rate: 0.250000
[ROUND-METRICS] Epoch 0 Throughput_User_Definition: 2.583333 seconds_per_vehicle
[ROUND-METRICS] Epoch 0 Throughput_Vehicles_Per_Second: 0.387097 vehicles_per_second
[ROUND-METRICS] Epoch 0 Wait_Normal_Mean: 11.550000 seconds
[ROUND-METRICS] Epoch 0 Wait_Ambulance_Mean: 0.150000 seconds
