[ROUND-METRICS] Epoch 0 Avg_ProposeAll_Consensus_Wall: 1.851000 seconds
[ROUND-METRICS] Epoch 0 Arrival_To_Resume_Time veh0: 2.700000 seconds
[ROUND-METRICS] Epoch 0 Arrival_To_Resume_Time veh1: 5.100000 seconds
[ROUND-METRICS] Epoch 0 Arrival_To_Resume_Time veh2: 6.700000 seconds
[ROUND-METRICS] Epoch 0 Arrival_To_Resume_Time veh3: 1.800000 seconds
[ROUND-METRICS] Epoch 0 Arrival_To_Resume_Time veh4: 2.500000 seconds
[ROUND-METRICS] Epoch 0 Arrival_To_Resume_Time veh5: 7.500000 seconds
[ROUND-METRICS] Epoch 0 Arrival_To_Resume_Time veh6: 3.500000 seconds
[ROUND-METRICS] Epoch 0 Arrival_To_Resume_Time veh7: 5.900000 seconds
[ROUND-METRICS] Epoch 0 Arrival_To_Resume_Time veh8: 8.300000 seconds
[ROUND-METRICS] Epoch 0 Arrival_To_Resume_Time veh9: 4.300000 seconds
[ROUND-METRICS] Epoch 0 Arrival_To_Resume_Time veh10: 5.900000 seconds
[ROUND-METRICS] Epoch 0 Arrival_To_Resume_Time veh11: 8.300000 seconds
[ROUND-METRICS] Epoch 0 Avg_Messages_Sent_PerReplica: 21.417 (count=12)
[ROUND-METRICS] Epoch 0 Avg_Messages_Received_PerReplica: 62.667 (count=12)
[ROUND-METRICS] Epoch 0 Avg_Arrival_To_Resume_Time: 5.208333 seconds (goCars=12)
[ROUND-METRICS] Epoch 0 Avg_StopSign_Failures: 0.000 (count)
[ROUND-METRICS] Epoch 1 Avg_StopSign_Failures: 0.000 (count)
[ROUND-METRICS] Epoch 2 Avg_StopSign_Failures: 0.000 (count)
[RUN-METRICS] Throughput_User_Definition: 0.488889 seconds_per_vehicle
[RUN-METRICS] Throughput_Vehicles_Per_Second: 2.045455 vehicles_per_second
[RUN-METRICS] Wait_Intersection_All_Mean: 5.866667 seconds
[RUN-METRICS] Wait_Intersection_All_P95: 8.990000 seconds
[RUN-METRICS] Wait_Intersection_Normal_Mean: 6.100000 seconds
[RUN-METRICS] Wait_Intersection_Ambulance_Mean: 3.300000 seconds
[RUN-METRICS] Arrival_To_Resume_Mean: 5.208333 seconds
[RUN-METRICS] Resume_To_Depart_Mean: 0.658333 seconds
[RUN-METRICS] Jains_Fairness_All: 0.876142
[RUN-METRICS] Jains_Fairness_Normal: 0.888819
[RUN-METRICS] Ambulance_Priority_Gain: 2.800000 seconds
[RUN-METRICS] Ambulance_Priority_Ratio: 0.540984
[RUN-METRICS] Byzantine_Injections_Total: 6
[RUN-METRICS] Byzantine_Injections_Epoch0: 6
[RUN-METRICS] Byzantine_Injections_Epoch1: 0
[RUN-METRICS] Byzantine_Injections_Epoch2: 0
[RUN-METRICS] Delivery_Ratio: 0.266983
[RUN-METRICS] Estimated_Loss_Rate: 0.733017
[RUN-METRICS] Fallback_Count: 0
[RUN-METRICS] Fallback_Rate: 0.000000
[ROUND-METRICS] Epoch 0 Throughput_User_Definition: 0.488889 seconds_per_vehicle
[ROUND-METRICS] Epoch 0 Throughput_Vehicles_Per_Second: 2.045455 vehicles_per_second
[ROUND-METRICS] Epoch 0 Wait_Normal_Mean: 6.100000 seconds
[ROUND-METRICS] Epoch 0 Wait_Ambulance_Mean: 3.300000 seconds
