[ROUND-METRICS] Epoch 0 Avg_ProposeAll_Consensus_Wall: 0.162000 seconds
[ROUND-METRICS] Epoch 0 Arrival_To_Resume_Time veh0: 2.250000 seconds
[ROUND-METRICS] Epoch 0 Arrival_To_Resume_Time veh1: 2.300000 seconds
[ROUND-METRICS] Epoch 0 Arrival_To_Resume_Time veh2: 1.250000 seconds
[ROUND-METRICS] Epoch 0 Arrival_To_Resume_Time veh3: 1.950000 seconds
[ROUND-METRICS] Epoch 0 Avg_Messages_Sent_PerReplica: 14.500 (count=4)
[ROUND-METRICS] Epoch 0 Avg_Messages_Received_PerReplica: 17.250 (count=4)
[ROUND-METRICS] Epoch 0 Avg_Arrival_To_Resume_Time: 1.937500 seconds (goCars=4)
[ROUND-METRICS] Epoch 0 Avg_StopSign_Failures: 0.000 (count)
[RUN-METRICS] Throughput_User_Definition: 0.556250 seconds_per_vehicle
[RUN-METRICS] Throughput_Vehicles_Per_Second: 1.797753 vehicles_per_second
[RUN-METRICS] Wait_Intersection_All_Mean: 2.225000 seconds
[RUN-METRICS] Wait_Intersection_All_P95: 2.655000 seconds
[RUN-METRICS] Wait_Intersection_Normal_Mean: 2.366667 seconds
[RUN-METRICS] Wait_Intersection_Ambulance_Mean: 1.800000 seconds
[RUN-METRICS] Arrival_To_Resume_Mean: 1.937500 seconds
[RUN-METRICS] Resume_To_Depart_Mean: 0.287500 seconds
[RUN-METRICS] Jains_Fairness_All: 0.975973
[RUN-METRICS] Jains_Fairness_Normal: 0.985533
[RUN-METRICS] Ambulance_Priority_Gain: 0.566667 seconds
[RUN-METRICS] Ambulance_Priority_Ratio: 0.760563
[RUN-METRICS] Byzantine_Injections_Total: 2
[RUN-METRICS] Byzantine_Injections_Epoch0: 2
[RUN-METRICS] Delivery_Ratio: 0.403645
[RUN-METRICS] Estimated_Loss_Rate: 0.596355
[RUN-METRICS] Fallback_Count: 0
[RUN-METRICS] Fallback_Rate: 0.000000
[ROUND-METRICS] Epoch 0 Throughput_User_Definition: 0.556250 seconds_per_vehicle
[ROUND-METRICS] Epoch 0 Throughput_Vehicles_Per_Second: 1.797753 vehicles_per_second
[ROUND-METRICS] Epoch 0 Wait_Normal_Mean: 2.366667 seconds
[ROUND-METRICS] Epoch 0 Wait_Ambulance_Mean: 1.800000 seconds
