[ROUND-METRICS] Epoch 0 Avg_ProposeAll_Consensus_Wall: 1.963000 seconds
[ROUND-METRICS] Epoch 0 Arrival_To_Resume_Time veh0: 4.300000 seconds
[ROUND-METRICS] Epoch 0 Arrival_To_Resume_Time veh1: 4.900000 seconds
[ROUND-METRICS] Epoch 0 Arrival_To_Resume_Time veh2: 6.700000 seconds
[ROUND-METRICS] Epoch 0 Arrival_To_Resume_Time veh3: 4.100000 seconds
[ROUND-METRICS] Epoch 0 Arrival_To_Resume_Time veh4: 4.900000 seconds
[ROUND-METRICS] Epoch 0 Arrival_To_Resume_Time veh5: 6.700000 seconds
[ROUND-METRICS] Epoch 0 Arrival_To_Resume_Time veh6: 2.300000 seconds
[ROUND-METRICS] Epoch 0 Arrival_To_Resume_Time veh7: 3.100000 seconds
[ROUND-METRICS] Epoch 0 Arrival_To_Resume_Time veh8: 7.700000 seconds
[ROUND-METRICS] Epoch 0 Arrival_To_Resume_Time veh9: 2.300000 seconds
[ROUND-METRICS] Epoch 0 Arrival_To_Resume_Time veh10: 5.900000 seconds
[ROUND-METRICS] Epoch 0 Arrival_To_Resume_Time veh11: 7.700000 seconds
[ROUND-METRICS] Epoch 0 Avg_Messages_Sent_PerReplica: 22.167 (count=12)
[ROUND-METRICS] Epoch 0 Avg_Messages_Received_PerReplica: 47.417 (count=12)
[ROUND-METRICS] Epoch 0 Avg_Arrival_To_Resume_Time: 5.050000 seconds (goCars=12)
[ROUND-METRICS] Epoch 0 Avg_StopSign_Failures: 0.000 (count)
[ROUND-METRICS] Epoch 1 Avg_StopSign_Failures: 0.000 (count)
[ROUND-METRICS] Epoch 2 Avg_StopSign_Failures: 0.000 (count)
[RUN-METRICS] Throughput_User_Definition: 0.481944 seconds_per_vehicle
[RUN-METRICS] Throughput_Vehicles_Per_Second: 2.074928 vehicles_per_second
[RUN-METRICS] Wait_Intersection_All_Mean: 5.783333 seconds
[RUN-METRICS] Wait_Intersection_All_P95: 8.390000 seconds
[RUN-METRICS] Wait_Intersection_Normal_Mean: 5.954545 seconds
[RUN-METRICS] Wait_Intersection_Ambulance_Mean: 3.900000 seconds
[RUN-METRICS] Arrival_To_Resume_Mean: 5.050000 seconds
[RUN-METRICS] Resume_To_Depart_Mean: 0.733333 seconds
[RUN-METRICS] Jains_Fairness_All: 0.901778
[RUN-METRICS] Jains_Fairness_Normal: 0.907304
[RUN-METRICS] Ambulance_Priority_Gain: 2.054545 seconds
[RUN-METRICS] Ambulance_Priority_Ratio: 0.654962
[RUN-METRICS] Byzantine_Injections_Total: 0
[RUN-METRICS] Byzantine_Injections_Epoch0: 0
[RUN-METRICS] Byzantine_Injections_Epoch1: 0
[RUN-METRICS] Byzantine_Injections_Epoch2: 0
[RUN-METRICS] Delivery_Ratio: 0.195795
[RUN-METRICS] Estimated_Loss_Rate: 0.804205
[RUN-METRICS] Fallback_Count: 0
[RUN-METRICS] Fallback_Rate: 0.000000
[ROUND-METRICS] Epoch 0 Throughput_User_Definition: 0.481944 seconds_per_vehicle
[ROUND-METRICS] Epoch 0 Throughput_Vehicles_Per_Second: 2.074928 vehicles_per_second
[ROUND-METRICS] Epoch 0 Wait_Normal_Mean: 5.954545 seconds
[ROUND-METRICS] Epoch 0 Wait_Ambulance_Mean: 3.900000 seconds
