[ROUND-METRICS] Epoch 0 Avg_ProposeAll_Consensus_Wall: 2.216000 seconds
[ROUND-METRICS] Epoch 0 Arrival_To_Resume_Time veh0: 0.950000 seconds
[ROUND-METRICS] Epoch 0 Arrival_To_Resume_Time veh1: 2.300000 seconds
[ROUND-METRICS] Epoch 0 Arrival_To_Resume_Time veh2: 3.900000 seconds
[ROUND-METRICS] Epoch 0 Arrival_To_Resume_Time veh3: 0.750000 seconds
[ROUND-METRICS] Epoch 0 Arrival_To_Resume_Time veh4: 2.300000 seconds
[ROUND-METRICS] Epoch 0 Arrival_To_Resume_Time veh5: 3.900000 seconds
[ROUND-METRICS] Epoch 0 Arrival_To_Resume_Time veh6: 1.500000 seconds
[ROUND-METRICS] Epoch 0 Arrival_To_Resume_Time veh7: 3.100000 seconds
[ROUND-METRICS] Epoch 0 Arrival_To_Resume_Time veh8: 4.700000 seconds
[ROUND-METRICS] Epoch 0 Arrival_To_Resume_Time veh9: 1.500000 seconds
[ROUND-METRICS] Epoch 0 Arrival_To_Resume_Time veh10: 3.100000 seconds
[ROUND-METRICS] Epoch 0 Arrival_To_Resume_Time veh11: 4.700000 seconds
[ROUND-METRICS] Epoch 0 Avg_Messages_Sent_PerReplica: 24.417 (count=12)
[ROUND-METRICS] Epoch 0 Avg_Messages_Received_PerReplica: 55.167 (count=12)
[ROUND-METRICS] Epoch 0 Avg_Arrival_To_Resume_Time: 2.725000 seconds (goCars=12)
[ROUND-METRICS] Epoch 0 Avg_StopSign_Failures: 0.000 (count)
[ROUND-METRICS] Epoch 1 Avg_StopSign_Failures: 0.000 (count)
[ROUND-METRICS] Epoch 2 Avg_StopSign_Failures: 0.000 (count)
[RUN-METRICS] Throughput_User_Definition: 0.288889 seconds_per_vehicle
[RUN-METRICS] Throughput_Vehicles_Per_Second: 3.461538 vehicles_per_second
[RUN-METRICS] Wait_Intersection_All_Mean: 3.466667 seconds
[RUN-METRICS] Wait_Intersection_All_P95: 5.500000 seconds
[RUN-METRICS] Wait_Intersection_Normal_Mean: 3.466667 seconds
[RUN-METRICS] Arrival_To_Resume_Mean: 2.725000 seconds
[RUN-METRICS] Resume_To_Depart_Mean: 0.741667 seconds
[RUN-METRICS] Jains_Fairness_All: 0.860256
[RUN-METRICS] Jains_Fairness_Normal: 0.860256
[RUN-METRICS] Byzantine_Injections_Total: 0
[RUN-METRICS] Byzantine_Injections_Epoch0: 0
[RUN-METRICS] Byzantine_Injections_Epoch1: 0
[RUN-METRICS] Byzantine_Injections_Epoch2: 0
[RUN-METRICS] Delivery_Ratio: 0.206135
[RUN-METRICS] Estimated_Loss_Rate: 0.793865
[RUN-METRICS] Fallback_Count: 0
[RUN-METRICS] Fallback_Rate: 0.000000
[ROUND-METRICS] Epoch 0 Throughput_User_Definition: 0.288889 seconds_per_vehicle
[ROUND-METRICS] Epoch 0 Throughput_Vehicles_Per_Second: 3.461538 vehicles_per_second
[ROUND-METRICS] Epoch 0 Wait_Normal_Mean: 3.466667 seconds
