[ROUND-METRICS] Epoch 0 Avg_ProposeAll_Consensus_Wall: 1.897000 seconds
[ROUND-METRICS] Epoch 0 Arrival_To_Resume_Time veh0: 2.000000 seconds
[ROUND-METRICS] Epoch 0 Arrival_To_Resume_Time veh1: 3.300000 seconds
[ROUND-METRICS] Epoch 0 Arrival_To_Resume_Time veh2: 5.700000 seconds
[ROUND-METRICS] Epoch 0 Arrival_To_Resume_Time veh3: 8.100000 seconds
[ROUND-METRICS] Epoch 0 Arrival_To_Resume_Time veh4: 1.800000 seconds
[ROUND-METRICS] Epoch 0 Arrival_To_Resume_Time veh5: 4.100000 seconds
[ROUND-METRICS] Epoch 0 Arrival_To_Resume_Time veh6: 5.700000 seconds
[ROUND-METRICS] Epoch 0 Arrival_To_Resume_Time veh7: 8.100000 seconds
[ROUND-METRICS] Epoch 0 Arrival_To_Resume_Time veh8: 2.500000 seconds
[ROUND-METRICS] Epoch 0 Arrival_To_Resume_Time veh9: 4.900000 seconds
[ROUND-METRICS] Epoch 0 Arrival_To_Resume_Time veh10: 6.500000 seconds
[ROUND-METRICS] Epoch 0 Arrival_To_Resume_Time veh11: 8.900000 seconds
[ROUND-METRICS] Epoch 0 Arrival_To_Resume_Time veh12: 2.500000 seconds
[ROUND-METRICS] Epoch 0 Arrival_To_Resume_Time veh13: 4.900000 seconds
[ROUND-METRICS] Epoch 0 Arrival_To_Resume_Time veh14: 7.300000 seconds
[ROUND-METRICS] Epoch 0 Arrival_To_Resume_Time veh15: 8.900000 seconds
[ROUND-METRICS] Epoch 0 Avg_Messages_Sent_PerReplica: 28.188 (count=16)
[ROUND-METRICS] Epoch 0 Avg_Messages_Received_PerReplica: 69.750 (count=16)
[ROUND-METRICS] Epoch 0 Avg_Arrival_To_Resume_Time: 5.325000 seconds (goCars=16)
[ROUND-METRICS] Epoch 0 Avg_StopSign_Failures: 0.000 (count)
[ROUND-METRICS] Epoch 1 Avg_StopSign_Failures: 0.000 (count)
[ROUND-METRICS] Epoch 2 Avg_StopSign_Failures: 0.000 (count)
[ROUND-METRICS] Epoch 3 Avg_StopSign_Failures: 0.000 (count)
[RUN-METRICS] Throughput_User_Definition: 0.462500 seconds_per_vehicle
[RUN-METRICS] Throughput_Vehicles_Per_Second: 2.162162 vehicles_per_second
[RUN-METRICS] Wait_Intersection_All_Mean: 5.943750 seconds
[RUN-METRICS] Wait_Intersection_All_P95: 9.550000 seconds
[RUN-METRICS] Wait_Intersection_Normal_Mean: 5.943750 seconds
[RUN-METRICS] Arrival_To_Resume_Mean: 5.325000 seconds
[RUN-METRICS] Resume_To_Depart_Mean: 0.637500 seconds
[RUN-METRICS] Jains_Fairness_All: 0.856661
[RUN-METRICS] Jains_Fairness_Normal: 0.856661
[RUN-METRICS] Byzantine_Injections_Total: 0
[RUN-METRICS] Byzantine_Injections_Epoch0: 0
[RUN-METRICS] Byzantine_Injections_Epoch1: 0
[RUN-METRICS] Byzantine_Injections_Epoch2: 0
[RUN-METRICS] Byzantine_Injections_Epoch3: 0
[RUN-METRICS] Delivery_Ratio: 0.165430
[RUN-METRICS] Estimated_Loss_Rate: 0.834570
[RUN-METRICS] Fallback_Count: 0
[RUN-METRICS] Fallback_Rate: 0.000000
[ROUND-METRICS] Epoch 0 Throughput_User_Definition: 0.462500 seconds_per_vehicle
[ROUND-METRICS] Epoch 0 Throughput_Vehicles_Per_Second: 2.162162 vehicles_per_second
[ROUND-METRICS] Epoch 0 Wait_Normal_Mean: 5.943750 seconds
