[ROUND-METRICS] Epoch 0 Avg_ProposeAll_Consensus_Wall: 2.084000 seconds
[ROUND-METRICS] Epoch 0 Arrival_To_Resume_Time veh0: 2.500000 seconds
[ROUND-METRICS] Epoch 0 Arrival_To_Resume_Time veh1: 3.100000 seconds
[ROUND-METRICS] Epoch 0 Arrival_To_Resume_Time veh2: 4.100000 seconds
[ROUND-METRICS] Epoch 0 Arrival_To_Resume_Time veh3: 2.300000 seconds
[ROUND-METRICS] Epoch 0 Arrival_To_Resume_Time veh4: 3.100000 seconds
[ROUND-METRICS] Epoch 0 Arrival_To_Resume_Time veh5: 4.100000 seconds
[ROUND-METRICS] Epoch 0 Arrival_To_Resume_Time veh6: 0.650000 seconds
[ROUND-METRICS] Epoch 0 Arrival_To_Resume_Time veh7: 1.300000 seconds
[ROUND-METRICS] Epoch 0 Arrival_To_Resume_Time veh8: 5.300000 seconds
[ROUND-METRICS] Epoch 0 Arrival_To_Resume_Time veh9: 0.650000 seconds
[ROUND-METRICS] Epoch 0 Arrival_To_Resume_Time veh10: 1.300000 seconds
[ROUND-METRICS] Epoch 0 Arrival_To_Resume_Time veh11: 5.300000 seconds
[ROUND-METRICS] Epoch 0 Avg_Messages_Sent_PerReplica: 22.500 (count=12)
[ROUND-METRICS] Epoch 0 Avg_Messages_Received_PerReplica: 48.417 (count=12)
[ROUND-METRICS] Epoch 0 Avg_Arrival_To_Resume_Time: 2.808333 seconds (goCars=12)
[ROUND-METRICS] Epoch 0 Avg_StopSign_Failures: 0.000 (count)
[ROUND-METRICS] Epoch 1 Avg_StopSign_Failures: 0.000 (count)
[ROUND-METRICS] Epoch 2 Avg_StopSign_Failures: 0.000 (count)
[RUN-METRICS] Throughput_User_Definition: 0.298611 seconds_per_vehicle
[RUN-METRICS] Throughput_Vehicles_Per_Second: 3.348837 vehicles_per_second
[RUN-METRICS] Wait_Intersection_All_Mean: 3.583333 seconds
[RUN-METRICS] Wait_Intersection_All_P95: 5.900000 seconds
[RUN-METRICS] Wait_Intersection_Normal_Mean: 3.700000 seconds
[RUN-METRICS] Wait_Intersection_Ambulance_Mean: 2.300000 seconds
[RUN-METRICS] Arrival_To_Resume_Mean: 2.808333 seconds
[RUN-METRICS] Resume_To_Depart_Mean: 0.775000 seconds
[RUN-METRICS] Jains_Fairness_All: 0.837227
[RUN-METRICS] Jains_Fairness_Normal: 0.842462
[RUN-METRICS] Ambulance_Priority_Gain: 1.400000 seconds
[RUN-METRICS] Ambulance_Priority_Ratio: 0.621622
[RUN-METRICS] Byzantine_Injections_Total: 0
[RUN-METRICS] Byzantine_Injections_Epoch0: 0
[RUN-METRICS] Byzantine_Injections_Epoch1: 0
[RUN-METRICS] Byzantine_Injections_Epoch2: 0
[RUN-METRICS] Delivery_Ratio: 0.196601
[RUN-METRICS] Estimated_Loss_Rate: 0.803399
[RUN-METRICS] Fallback_Count: 0
[RUN-METRICS] Fallback_Rate: 0.000000
[ROUND-METRICS] Epoch 0 Throughput_User_Definition: 0.298611 seconds_per_vehicle
[ROUND-METRICS] Epoch 0 Throughput_Vehicles_Per_Second: 3.348837 vehicles_per_second
[ROUND-METRICS] Epoch 0 Wait_Normal_Mean: 3.700000 seconds
[ROUND-METRICS] Epoch 0 Wait_Ambulance_Mean: 2.300000 seconds
