[ROUND-METRICS] Epoch 0 Avg_ProposeAll_Consensus_Wall: 1.467000 seconds
[ROUND-METRICS] Epoch 0 Arrival_To_Resume_Time veh0: 0.450000 seconds
[ROUND-METRICS] Epoch 0 Arrival_To_Resume_Time veh1: 1.400000 seconds
[ROUND-METRICS] Epoch 0 Arrival_To_Resume_Time veh2: 6.600000 seconds
[ROUND-METRICS] Epoch 0 Arrival_To_Resume_Time veh3: 0.450000 seconds
[ROUND-METRICS] Epoch 0 Arrival_To_Resume_Time veh4: 1.400000 seconds
[ROUND-METRICS] Epoch 0 Arrival_To_Resume_Time veh5: 6.600000 seconds
[ROUND-METRICS] Epoch 0 Arrival_To_Resume_Time veh6: 3.600000 seconds
[ROUND-METRICS] Epoch 0 Arrival_To_Resume_Time veh7: 4.400000 seconds
[ROUND-METRICS] Epoch 0 Arrival_To_Resume_Time veh8: 7.400000 seconds
[ROUND-METRICS] Epoch 0 Arrival_To_Resume_Time veh9: 4.000000 seconds
[ROUND-METRICS] Epoch 0 Arrival_To_Resume_Time veh10: 4.400000 seconds
[ROUND-METRICS] Epoch 0 Arrival_To_Resume_Time veh11: 7.400000 seconds
[ROUND-METRICS] Epoch 0 Avg_Messages_Sent_PerReplica: 22.500 (count=12)
[ROUND-METRICS] Epoch 0 Avg_Messages_Received_PerReplica: 44.833 (count=12)
[ROUND-METRICS] Epoch 0 Avg_Arrival_To_Resume_Time: 4.008333 seconds (goCars=12)
[ROUND-METRICS] Epoch 0 Avg_StopSign_Failures: 0.000 (count)
[ROUND-METRICS] Epoch 1 Avg_StopSign_Failures: 0.000 (count)
[ROUND-METRICS] Epoch 2 Avg_StopSign_Failures: 0.000 (count)
[RUN-METRICS] Throughput_User_Definition: 0.366667 seconds_per_vehicle
[RUN-METRICS] Throughput_Vehicles_Per_Second: 2.727273 vehicles_per_second
[RUN-METRICS] Wait_Intersection_All_Mean: 4.400000 seconds
[RUN-METRICS] Wait_Intersection_All_P95: 7.725000 seconds
[RUN-METRICS] Wait_Intersection_Normal_Mean: 4.663636 seconds
[RUN-METRICS] Wait_Intersection_Ambulance_Mean: 1.500000 seconds
[RUN-METRICS] Arrival_To_Resume_Mean: 4.008333 seconds
[RUN-METRICS] Resume_To_Depart_Mean: 0.391667 seconds
[RUN-METRICS] Jains_Fairness_All: 0.725864
[RUN-METRICS] Jains_Fairness_Normal: 0.752791
[RUN-METRICS] Ambulance_Priority_Gain: 3.163636 seconds
[RUN-METRICS] Ambulance_Priority_Ratio: 0.321637
[RUN-METRICS] Byzantine_Injections_Total: 0
[RUN-METRICS] Byzantine_Injections_Epoch0: 0
[RUN-METRICS] Byzantine_Injections_Epoch1: 0
[RUN-METRICS] Byzantine_Injections_Epoch2: 0
[RUN-METRICS] Delivery_Ratio: 0.182384
[RUN-METRICS] Estimated_Loss_Rate: 0.817616
[RUN-METRICS] Fallback_Count: 0
[RUN-METRICS] Fallback_Rate: 0.000000
[ROUND-METRICS] Epoch 0 Throughput_User_Definition: 0.366667 seconds_per_vehicle
[ROUND-METRICS] Epoch 0 Throughput_Vehicles_Per_Second: 2.727273 vehicles_per_second
[ROUND-METRICS] Epoch 0 Wait_Normal_Mean: 4.663636 seconds
[ROUND-METRICS] Epoch 0 Wait_Ambulance_Mean: 1.500000 seconds
