[ROUND-METRICS] Epoch 0 Avg_Messages_Sent_PerReplica: 224.000 (count=4)
[ROUND-METRICS] Epoch 0 Avg_Messages_Received_PerReplica: 122.500 (count=4)
[ROUND-METRICS] Epoch 0 Avg_StopSign_Failures: 0.000 (count)
[RUN-METRICS] Throughput_User_Definition: 3.300000 seconds_per_vehicle
[RUN-METRICS] Throughput_Vehicles_Per_Second: 0.303030 vehicles_per_second
[RUN-METRICS] Wait_Intersection_All_Mean: 13.200000 seconds
[RUN-METRICS] Wait_Intersection_All_P95: 13.900000 seconds
[RUN-METRICS] Wait_Intersection_Normal_Mean: 13.433333 seconds
[RUN-METRICS] Wait_Intersection_Ambulance_Mean: 12.500000 seconds
[RUN-METRICS] Stop_To_Resume_Mean: 11.855000 seconds
[RUN-METRICS] Resume_To_Depart_Mean: 1.345000 seconds
[RUN-METRICS] Jains_Fairness_All: 0.997196
[RUN-METRICS] Jains_Fairness_Normal: 0.997592
[RUN-METRICS] Ambulance_Priority_Gain: 0.933333 seconds
[RUN-METRICS] Ambulance_Priority_Ratio: 0.930521
[RUN-METRICS] Byzantine_Injections_Total: 0
[RUN-METRICS] Byzantine_Injections_Epoch0: 0
[RUN-METRICS] Delivery_Ratio: 0.182333
[RUN-METRICS] Estimated_Loss_Rate: 0.817667
[RUN-METRICS] Fallback_Count: 0
[RUN-METRICS] Fallback_Rate: 0.000000
[ROUND-METRICS] Epoch 0 Throughput_User_Definition: 3.300000 seconds_per_vehicle
[ROUND-METRICS] Epoch 0 Throughput_Vehicles_Per_Second: 0.303030 vehicles_per_second
[ROUND-METRICS] Epoch 0 Wait_Normal_Mean: 13.433333 seconds
[ROUND-METRICS] Epoch 0 Wait_Ambulance_Mean: 12.500000 seconds
