[ROUND-METRICS] Epoch 0 Avg_ProposeAll_Consensus_Wall: 0.824000 seconds
[ROUND-METRICS] Epoch 0 Arrival_To_Resume_Time veh0: 2.400000 seconds
[ROUND-METRICS] Epoch 0 Arrival_To_Resume_Time veh1: 3.400000 seconds
[ROUND-METRICS] Epoch 0 Arrival_To_Resume_Time veh2: 5.850000 seconds
[ROUND-METRICS] Epoch 0 Arrival_To_Resume_Time veh3: 2.400000 seconds
[ROUND-METRICS] Epoch 0 Arrival_To_Resume_Time veh4: 3.450000 seconds
[ROUND-METRICS] Epoch 0 Arrival_To_Resume_Time veh5: 5.850000 seconds
[ROUND-METRICS] Epoch 0 Arrival_To_Resume_Time veh6: 2.000000 seconds
[ROUND-METRICS] Epoch 0 Arrival_To_Resume_Time veh7: 4.250000 seconds
[ROUND-METRICS] Epoch 0 Arrival_To_Resume_Time veh8: 6.650000 seconds
[ROUND-METRICS] Epoch 0 Arrival_To_Resume_Time veh9: 4.200000 seconds
[ROUND-METRICS] Epoch 0 Arrival_To_Resume_Time veh10: 5.000000 seconds
[ROUND-METRICS] Epoch 0 Arrival_To_Resume_Time veh11: 6.650000 seconds
[ROUND-METRICS] Epoch 0 Avg_Messages_Sent_PerReplica: 19.500 (count=12)
[ROUND-METRICS] Epoch 0 Avg_Messages_Received_PerReplica: 48.417 (count=12)
[ROUND-METRICS] Epoch 0 Avg_Arrival_To_Resume_Time: 4.341667 seconds (goCars=12)
[ROUND-METRICS] Epoch 0 Avg_StopSign_Failures: 0.000 (count)
[ROUND-METRICS] Epoch 1 Avg_StopSign_Failures: 0.000 (count)
[ROUND-METRICS] Epoch 2 Avg_StopSign_Failures: 0.000 (count)
[RUN-METRICS] Throughput_User_Definition: 0.461983 seconds_per_vehicle
[RUN-METRICS] Throughput_Vehicles_Per_Second: 2.164580 vehicles_per_second
[RUN-METRICS] Wait_Intersection_All_Mean: 5.081818 seconds
[RUN-METRICS] Wait_Intersection_All_P95: 7.000000 seconds
[RUN-METRICS] Wait_Intersection_Normal_Mean: 5.081818 seconds
[RUN-METRICS] Arrival_To_Resume_Mean: 4.341667 seconds
[RUN-METRICS] Resume_To_Depart_Mean: 0.563636 seconds
[RUN-METRICS] Jains_Fairness_All: 0.925940
[RUN-METRICS] Jains_Fairness_Normal: 0.925940
[RUN-METRICS] Byzantine_Injections_Total: 6
[RUN-METRICS] Byzantine_Injections_Epoch0: 6
[RUN-METRICS] Byzantine_Injections_Epoch1: 0
[RUN-METRICS] Byzantine_Injections_Epoch2: 0
[RUN-METRICS] Delivery_Ratio: 0.227257
[RUN-METRICS] Estimated_Loss_Rate: 0.772743
[RUN-METRICS] Fallback_Count: 0
[RUN-METRICS] Fallback_Rate: 0.000000
[ROUND-METRICS] Epoch 0 Throughput_User_Definition: 0.461983 seconds_per_vehicle
[ROUND-METRICS] Epoch 0 Throughput_Vehicles_Per_Second: 2.164580 vehicles_per_second
[ROUND-METRICS] Epoch 0 Wait_Normal_Mean: 5.081818 seconds
