[ROUND-METRICS] Epoch 0 Avg_ProposeAll_Consensus_Wall: 5.452000 seconds
[ROUND-METRICS] Epoch 0 Arrival_To_Resume_Time veh0: 9.900000 seconds
[ROUND-METRICS] Epoch 0 Arrival_To_Resume_Time veh1: 9.000000 seconds
[ROUND-METRICS] Epoch 0 Arrival_To_Resume_Time veh2: 10.000000 seconds
[ROUND-METRICS] Epoch 0 Arrival_To_Resume_Time veh3: 10.600000 seconds
[ROUND-METRICS] Epoch 0 Arrival_To_Resume_Time veh4: 9.000000 seconds
[ROUND-METRICS] Epoch 0 Arrival_To_Resume_Time veh5: 8.600000 seconds
[ROUND-METRICS] Epoch 0 Arrival_To_Resume_Time veh6: 10.400000 seconds
[ROUND-METRICS] Epoch 0 Arrival_To_Resume_Time veh7: 6.800000 seconds
[ROUND-METRICS] Epoch 0 Arrival_To_Resume_Time veh8: 6.400000 seconds
[ROUND-METRICS] Epoch 0 Arrival_To_Resume_Time veh9: 11.600000 seconds
[ROUND-METRICS] Epoch 0 Arrival_To_Resume_Time veh10: 11.600000 seconds
[ROUND-METRICS] Epoch 0 Arrival_To_Resume_Time veh11: 11.800000 seconds
[ROUND-METRICS] Epoch 0 Avg_Messages_Sent_PerReplica: 54.750 (count=12)
[ROUND-METRICS] Epoch 0 Avg_Messages_Received_PerReplica: 249.917 (count=12)
[ROUND-METRICS] Epoch 0 Avg_Arrival_To_Resume_Time: 9.641667 seconds (goCars=12)
[ROUND-METRICS] Epoch 0 Avg_StopSign_Failures: 0.000 (count)
[ROUND-METRICS] Epoch 1 Avg_StopSign_Failures: 0.000 (count)
[ROUND-METRICS] Epoch 2 Avg_StopSign_Failures: 0.000 (count)
[RUN-METRICS] Throughput_User_Definition: 0.947107 seconds_per_vehicle
[RUN-METRICS] Throughput_Vehicles_Per_Second: 1.055846 vehicles_per_second
[RUN-METRICS] Wait_Intersection_All_Mean: 10.418182 seconds
[RUN-METRICS] Wait_Intersection_All_P95: 12.400000 seconds
[RUN-METRICS] Wait_Intersection_Normal_Mean: 10.480000 seconds
[RUN-METRICS] Wait_Intersection_Ambulance_Mean: 9.800000 seconds
[RUN-METRICS] Arrival_To_Resume_Mean: 9.641667 seconds
[RUN-METRICS] Resume_To_Depart_Mean: 0.681818 seconds
[RUN-METRICS] Jains_Fairness_All: 0.974632
[RUN-METRICS] Jains_Fairness_Normal: 0.972846
[RUN-METRICS] Ambulance_Priority_Gain: 0.680000 seconds
[RUN-METRICS] Ambulance_Priority_Ratio: 0.935115
[RUN-METRICS] Byzantine_Injections_Total: 1
[RUN-METRICS] Byzantine_Injections_Epoch0: 1
[RUN-METRICS] Byzantine_Injections_Epoch1: 0
[RUN-METRICS] Byzantine_Injections_Epoch2: 0
[RUN-METRICS] Delivery_Ratio: 0.439731
[RUN-METRICS] Estimated_Loss_Rate: 0.560269
[RUN-METRICS] Fallback_Count: 0
[RUN-METRICS] Fallback_Rate: 0.000000
[ROUND-METRICS] Epoch 0 Throughput_User_Definition: 0.947107 seconds_per_vehicle
[ROUND-METRICS] Epoch 0 Throughput_Vehicles_Per_Second: 1.055846 vehicles_per_second
[ROUND-METRICS] Epoch 0 Wait_Normal_Mean: 10.480000 seconds
[ROUND-METRICS] Epoch 0 Wait_Ambulance_Mean: 9.800000 seconds
