#
# A fatal error has been detected by the Java Runtime Environment:
#
#  SIGSEGV (0xb) at pc=0x00007ffff7bc3f7f, pid=974912, tid=974912
#
# JRE version: OpenJDK Runtime Environment (11.0.30+7) (build 11.0.30+7-post-Ubuntu-1ubuntu122.04)
# Java VM: OpenJDK 64-Bit Server VM (11.0.30+7-post-Ubuntu-1ubuntu122.04, mixed mode, sharing, tiered, compressed oops, g1 gc, linux-amd64)
# Problematic frame:
# C  [liboppqtenv.so+0x1ddf7f]  omnetpp::qtenv::stripNamespace(char const*, omnetpp::qtenv::StripNamespace)+0x19f
#
# Core dump will be written. Default location: Core dumps may be processed with "/wsl-capture-crash %t %E %p %s" (or dumping to /home/yash/omnetpp/fourway/core.974912)
#
# If you would like to submit a bug report, please visit:
#   https://bugs.launchpad.net/ubuntu/+source/openjdk-lts
# The crash happened outside the Java Virtual Machine in native code.
# See problematic frame for where to report the bug.
#

---------------  S U M M A R Y ------------

Command Line: -Djava.library.path=/home/yash/omnetpp/omnetpp-6.2.0/bftsmart/library/native/lib -Dbftsmart.communication.useV2V=true -Dbftsmart.jni.embedded=true -Dintersection.width=15.000000 -Dintersection.avgSpeed=14.000000 -Dintersection.safetyGap=1.500000 -Xms256m -Xmx1024m -Djava.security.egd=file:/dev/./urandom 

Host: AMD Ryzen 9 3900X 12-Core Processor, 24 cores, 23G, Ubuntu 22.04.5 LTS
Time: Tue Feb 24 22:11:52 2026 PST elapsed time: 546.014554 seconds (0d 0h 9m 6s)

---------------  T H R E A D  ---------------

Current thread (0x00005555567a9000):  JavaThread "main" [_thread_in_native, id=974912, stack(0x00007fffffeff000,0x00007ffffffff000)]

Stack: [0x00007fffffeff000,0x00007ffffffff000],  sp=0x00007ffffffd2770,  free space=845k
Native frames: (J=compiled Java code, A=aot compiled Java code, j=interpreted, Vv=VM code, C=native code)
C  [liboppqtenv.so+0x1ddf7f]  omnetpp::qtenv::stripNamespace(char const*, omnetpp::qtenv::StripNamespace)+0x19f
C  [liboppqtenv.so+0x280e92]  omnetpp::qtenv::RootNode::computeData(int)+0xc2
C  [liboppqtenv.so+0x27ce53]  omnetpp::qtenv::TreeNode::updateData()+0x63
C  [liboppqtenv.so+0x1f01a9]  omnetpp::qtenv::ObjectTreeInspector::gatherVisibleData()+0x199
C  [liboppqtenv.so+0x1efe33]  omnetpp::qtenv::ObjectTreeInspector::refresh()+0x273
