#
# A fatal error has been detected by the Java Runtime Environment:
#
#  SIGSEGV (0xb) at pc=0x00007ffff4c05335, pid=111053, tid=111053
#
# JRE version: OpenJDK Runtime Environment (11.0.29+7) (build 11.0.29+7-post-Ubuntu-1ubuntu122.04)
# Java VM: OpenJDK 64-Bit Server VM (11.0.29+7-post-Ubuntu-1ubuntu122.04, mixed mode, sharing, tiered, compressed oops, g1 gc, linux-amd64)
# Problematic frame:
# C  [libQt6Core.so.6+0x367335]  QPropertyAnimation::updateState(QAbstractAnimation::State, QAbstractAnimation::State)+0x5b5
#
# Core dump will be written. Default location: Core dumps may be processed with "/wsl-capture-crash %t %E %p %s" (or dumping to /home/yash/omnetpp/fourway/core.111053)
#
# If you would like to submit a bug report, please visit:
#   https://bugs.launchpad.net/ubuntu/+source/openjdk-lts
# The crash happened outside the Java Virtual Machine in native code.
# See problematic frame for where to report the bug.
#

---------------  S U M M A R Y ------------

Command Line: -Djava.library.path=/home/yash/omnetpp/omnetpp-6.2.0/bftsmart/library/native/lib -Dbftsmart.communication.useV2V=true -Dbftsmart.jni.embedded=true -Dintersection.width=15.000000 -Dintersection.avgSpeed=14.000000 -Dintersection.safetyGap=1.500000 -Xms256m -Xmx1024m 

Host: AMD Ryzen 9 3900X 12-Core Processor, 24 cores, 23G, Ubuntu 22.04.5 LTS
Time: Tue Jan 20 23:57:27 2026 PST elapsed time: 69.601024 seconds (0d 0h 1m 9s)

---------------  T H R E A D  ---------------

Current thread (0x00005555567ce000):  JavaThread "main" [_thread_in_native, id=111053, stack(0x00007fffffeff000,0x00007ffffffff000)]

Stack: [0x00007fffffeff000,0x00007ffffffff000],  sp=0x00007ffffffd2800,  free space=846k
Native frames: (J=compiled Java code, A=aot compiled Java code, j=interpreted, Vv=VM code, C=native code)
C  [libQt6Core.so.6+0x367335]  QPropertyAnimation::updateState(QAbstractAnimation::State, QAbstractAnimation::State)+0x5b5


siginfo: si_signo: 11 (SIGSEGV), si_code: 128 (SI_KERNEL), si_addr: 0x0000000000000000

Register to memory mapping:

RAX=0x000000000000005b is an unknown value
RBX=0x0000b4230f1f0083 is an unknown value
RCX=0x0000555556e32d10 points into unknown readable memory: 0x00007ffff4f53250 | 50 32 f5 f4 ff 7f 00 00
RDX=0x0000000000000008 is an unknown value
RSP=0x00007ffffffd2800 is pointing into the stack for thread: 0x00005555567ce000
RBP=0x00005555562461f0 points into unknown readable memory: 0x00007ffff485cf10 | 10 cf 85 f4 ff 7f 00 00
RSI=0x00005555563898c8 points into unknown readable memory: 0x0000555556338db0 | b0 8d 33 56 55 55 00 00
RDI=0x0 is NULL
R8 =