#
# A fatal error has been detected by the Java Runtime Environment:
#
#  SIGSEGV (0xb) at pc=0x00007ffff7833e26, pid=124756, tid=124756
#
# JRE version: OpenJDK Runtime Environment (11.0.30+7) (build 11.0.30+7-post-Ubuntu-1ubuntu122.04)
# Java VM: OpenJDK 64-Bit Server VM (11.0.30+7-post-Ubuntu-1ubuntu122.04, mixed mode, sharing, tiered, compressed oops, g1 gc, linux-amd64)
# Problematic frame:
# C  [liboppsim.so+0x279e26]  omnetpp::cSoftOwner::doInsert(omnetpp::cOwnedObject*)+0xa6
#
# Core dump will be written. Default location: Core dumps may be processed with "/wsl-capture-crash %t %E %p %s" (or dumping to /home/yash/omnetpp/fourway/core.124756)
#
# If you would like to submit a bug report, please visit:
#   https://bugs.launchpad.net/ubuntu/+source/openjdk-lts
# The crash happened outside the Java Virtual Machine in native code.
# See problematic frame for where to report the bug.
#

---------------  S U M M A R Y ------------

Command Line: -Djava.library.path=/home/yash/omnetpp/omnetpp-6.2.0/bftsmart/library/native/lib -Dbftsmart.communication.useV2V=true -Dbftsmart.jni.embedded=true -Dintersection.width=15.000000 -Dintersection.avgSpeed=14.000000 -Dintersection.safetyGap=1.500000 -Xms256m -Xmx1024m -Djava.security.egd=file:/dev/./urandom 

Host: AMD Ryzen 9 3900X 12-Core Processor, 24 cores, 23G, 