#
# A fatal error has been detected by the Java Runtime Environment:
#
#  SIGSEGV (0xb) at pc=0x00007ffff507ee11, pid=378602, tid=378602
#
# JRE version: OpenJDK Runtime Environment (11.0.30+7) (build 11.0.30+7-post-Ubuntu-1ubuntu122.04)
# Java VM: OpenJDK 64-Bit Server VM (11.0.30+7-post-Ubuntu-1ubuntu122.04, mixed mode, sharing, tiered, compressed oops, g1 gc, linux-amd64)
# Problematic frame:
# C  [libQt6Gui.so.6+0x14ae11]  QFont::substitutes(QString const&) [clone .cold]+0xb
#
# Core dump will be written. Default location: Core dumps may be processed with "/wsl-capture-crash %t %E %p %s" (or dumping to /home/yash/omnetpp/fourway/core.378602)
#
# If you would like to submit a bug report, please visit:
#   https://bugs.launchpad.net/ubuntu/+source/openjdk-lts
# The crash happened outside the Java Virtual Machine in native code.
# See problematic frame for where to report the bug.
#

---------------  S U M M A R Y ------------

Command Line: -Djava.library.path=/home/yash/omnetpp/omnetpp-6.2.0/bftsmart/library/native/lib -Dbftsmart.communication.useV2V=true -Dbftsmart.jni.embedded=true -Dintersection.width=15.000000 -Dintersection.avgSpeed=14.000000 -Dintersection.safetyGap=1.500000 -Xms256m -Xmx1024m -Djava.security.egd=file:/dev/./urandom 

Host: AMD Ryzen 9 3900X 12-Core Processor, 24 cores, 23G, Ubuntu 22.04.5 LTS
Time: Sat Feb 21 18:15:09 2026 PST elapsed time: 86.660667 seconds (0d 0h 1m 26s)

---------------  T H R E A D  ---------------

Current thread (0x0000555556789000):  JavaThread "main" [_thread_in_native, id=378602, stack(0x00007fffffeff000,0x00007ffffffff000)]

Stack: [0x00007fffffeff000,0x00007ffffffff000],  sp=0x00007ffffffccb00,  free space=822k
Native frames: (J=compiled Java code, A=aot compiled Java code, j=interpreted, Vv=VM code, C=native code)
C  [libQt6Gui.so.6+0x14ae11]  QFont::substitutes(QString const&) [clone .cold]+0xb


siginfo: si_signo: 11 (SIGSEGV), si_code: 1 (SEGV_MAPERR), si_addr: 0x0000000000000000

Register to memory mapping:

RAX=0x00007ffffffccb00 is pointing into the stack for thread: 0x0000555556789000
RBX=0x0 is NULL
RCX=0x0 is NULL
RDX=0x0 is NULL
RSP=0x00007ffffffccb00 is pointing into the stack for thread: 0x0000555556789000
RBP=0x00007ffffffccc40 is pointing into the stack for thread: 0x0000555556789000
RSI=0x0 is NULL
RDI=0x0 is NULL
R8 =0x0 is NULL
R9 =0x0 is NULL
R10=0x0 is NULL
R11=0x0 is NULL
R12=0x0000555559be6fd0 points into unknown readable memory: 0x000055555638f750 | 50 f7 38 56 55 55 00 00
R13=0x0 is NULL
R14=0x0000555556577800 points into unknown readable memory: 0x0000555000000003 | 03 00 00 00 50 55 00 00
R15=