#
# A fatal error has been detected by the Java Runtime Environment:
#
#  SIGSEGV (0xb) at pc=0x00007ffff52c088a, pid=1489744, tid=1489744
#
# JRE version: OpenJDK Runtime Environment (11.0.30+7) (build 11.0.30+7-post-Ubuntu-1ubuntu122.04)
# Java VM: OpenJDK 64-Bit Server VM (11.0.30+7-post-Ubuntu-1ubuntu122.04, mixed mode, sharing, tiered, compressed oops, g1 gc, linux-amd64)
# Problematic frame:
# C  [libQt6Gui.so.6+0x39388a]  QGradientCache::getBuffer(QGradient const&, int)+0xca
#
# Core dump will be written. Default location: Core dumps may be processed with "/wsl-capture-crash %t %E %p %s" (or dumping to /home/yash/omnetpp/fourway/core.1489744)
#
# If you would like to submit a bug report, please visit:
#   https://bugs.launchpad.net/ubuntu/+source/openjdk-lts
# The crash happened outside the Java Virtual Machine in native code.
# See problematic frame for where to report the bug.
#

---------------  S U M M A R Y ------------

Command Line: -Djava.library.path=/home/yash/omnetpp/omnetpp-6.2.0/bftsmart/library/native/lib -Dbftsmart.communication.useV2V=true -Dbftsmart.jni.embedded=true -Dintersection.width=15.000000 -Dintersection.avgSpeed=14.000000 -Dintersection.safetyGap=1.500000 -Xms256m -Xmx1024m -Djava.security.egd=file:/dev/./urandom 

Host: AMD Ryzen 9 3900X 12-Core Processor, 24 cores, 23G, Ubuntu 22.04.5 LTS
Time: Thu Feb 26 21:55:13 2026 PST elapsed time: 50.455151 seconds (0d 0h 0m 50s)

---------------  T H R E A D  ---------------

Current thread (0x0000555562369800):  JavaThread "Thread-264" [_thread_in_native, id=1489744, stack(0x00007fffffeff000,0x00007ffffffff000)]

Stack: [0x00007fffffeff000,0x00007ffffffff000],  sp=0x00007ffffffcdb90,  free space=826k
Native frames: (J=compiled Java code, A=aot compiled Java code, j=interpreted, Vv=VM code, C=native code)
C  [libQt6Gui.so.6+0x39388a]  QGradientCache::getBuffer(QGradient const&, int)+0xca


siginfo: si_signo: 11 (SIGSEGV), si_code: 1 (SEGV_MAPERR), si_addr: 0x0000000000000010

Register to memory mapping:

RAX=0x0000000000000010 is an unknown value
RBX=0x00005555568840e8 points into unknown readable memory: 0x000055555670d280 | 80 d2 70 56 55 55 00 00
RCX=0x0 is NULL
RDX=0xfffff1f1f1f1f1f0 is an unknown value
RSP=0x00007ffffffcdb90 is pointing into the stack for thread: 0x0000555562369800
RBP=0x0000555556871078 points into unknown readable memory: 0x0000000000000000 | 00 00 00 00 00 00 00 00
RSI=0x0 is NULL
RDI=0x0 is NULL
R8 =0x0 is NULL
R9 =0x0 is NULL
R10=0x0 is NULL
R11=0x0 is NULL
R12=0x00007ffffffcdc80 is pointing into the stack for thread: 0x0000555562369800
R13=0x0000555556871078 points into unknown readable memory: 0x0000000000000000 | 00 00 00 00 00 00 00 00
R14=0x0000000000000100 is an unknown value
R15=0x0 is NULL


Registers:
RAX=0x0000000000000010, RBX=0x00005555568840e8, RCX=0x0000000000000000, RDX=0xfffff1f1f1f1f1f0
RSP=0x00007ffffffcdb90, RBP=0x0000555556871078, RSI=0x0000000000000000, RDI=0x0000000000000000
R8 =0x0000000000000000, R9 =0x0000000000000000, R10=0x0000000000000000, R11=0x0000000000000000
R12=0x00007ffffffcdc80, R13=0x0000555556871078, R14=0x0000000000000100, R15=0x0000000000000000
RIP=0x00007ffff52c088a, EFLAGS=0x0000000000010202, CSGSFS=0x002b000000000033, ERR=0x0000000000000004
  TRAPNO=0x000000000000000e

Top of Stack: (sp=0x00007ffffffcdb90)
0x00007ffffffcdb90:   ffffffffffffffff 0000000000000000
0x00007ffffffcdba0:   0000000000000100 000055555666a460
0x00007ffffffcdbb0:   0000000000000010 00007ffff51deb84
0x00007ffffffcdbc0:   0000555556883fc8 00007ffffffcded4 

Instructions: (pc=0x00007ffff52c088a)
0x00007ffff52c078a:   ff ff e8 5f 97 da ff 0f 1f 80 00 00 00 00 b8 01
0x00007ffff52c079a:   00 00 00 66 0f 6e c0 66 0f 70 c0 00 66 0f fe c1
0x00007ffff52c07aa:   66 0f 70 c0 ff 66 0f 7e c0 e9 9b e6 ff ff 48 89
0x00007ffff52c07ba:   d1 e9 bf e0 ff ff f3 0f 1e fa 41 57 b8 fe fe fe
0x00007ffff52c07ca:   fe 49 89 f7 48 89 d6 41 56 66 0f 6e c0 48 b8 fe
0x00007ffff52c07da:   fe fe fe fe fe fe fe 41 55 66 0f 70 c0 00 41 54
0x00007ffff52c07ea:   49 89 fc 55 48 89 d5 53 48 83 ec 68 64 4c 8b 34
0x00007ffff52c07fa:   25 28 00 00 00 4c 89 74 24 58 41 89 ce 48 8d 7c
0x00007ffff52c080a:   24 40 48 89 44 24 50 0f 29 44 24 40 e8 b5 d6 f1
0x00007ffff52c081a:   ff 31 d2 48 83 7c 24 50 00 7e 53 48 8b 44 24 48
0x00007ffff52c082a:   48 8d 78 08 e8 dd 3a f2 ff 48 83 7c 24 50 01 48
0x00007ffff52c083a:   89 c2 7e 3a 48 89 04 24 48 8b 44 24 48 48 8d 78
0x00007ffff52c084a:   20 e8 c0 3a f2 ff 48 8b 14 24 48 01 c2 48 83 7c
0x00007ffff52c085a:   24 50 02 7e 19 48 8b 44 24 48 48 89 14 24 48 8d
0x00007ffff52c086a:   78 38 e8 9f 3a f2 ff 48 8b 14 24 48 01 c2 4c 89
0x00007ffff52c087a:   f8 48 83 c0 10 48 89 44 24 20 0f 84 fe 03 00 00
0x00007ffff52c088a:   49 8b 47 10 48 85 c0 0f 84 99 00 00 00 48 8b 7c
0x00007ffff52c089a:   24 20 48 89 14 24 e8 7b 85 da ff 48 8b 14 24 c6
0x00007ffff52c08aa:   44 24 2f 01 49 83 7f 08 00 0f 85 d7 00 00 00 0f
0x00007ffff52c08ba:   1f 80 00 00 00 00 45 89 f0 48 89 e9 4c 89 fe 4c
0x00007ffff52c08ca:   89 e7 e8 ef d4 ff ff 80 7c 24 2f 00 0f 85 84 00
0x00007ffff52c08da:   00 00 48 8b 44 24 40 48 85 c0 74 06 f0 83 28 01
0x00007ffff52c08ea:   74 64 48 8b 44 24 58 64 48 2b 04 25 28 00 00 00
0x00007ffff52c08fa:   0f 85 cc 03 00 00 48 83 c4 68 4c 89 e0 5b 5d 41
0x00007ffff52c090a:   5c 41 5d 41 5e 41 5f 31 d2 31 c9 31 f6 31 ff 45
0x00007ffff52c091a:   31 c0 45 31 c9 45 31 d2 45 31 db c3 66 2e 0f 1f
0x00007ffff52c092a:   84 00 00 00 00 00 48 8b 7c 24 20 b9 01 00 00 00
0x00007ffff52c093a:   f0 48 0f b1 0f 0f 84 64 ff ff ff e9 4d ff ff ff
0x00007ffff52c094a:   66 0f 1f 44 00 00 48 8b 7c 24 40 e8 96 82 da ff
0x00007ffff52c095a:   eb 90 0f 1f 40 00 48 8b 4c 24 20 b8 01 00 00 00
0x00007ffff52c096a:   31 d2 f0 48 0f b1 11 0f 84 65 ff ff ff 48 8b 7c
0x00007ffff52c097a:   24 20 e8 6f 85 da ff e9 56 ff ff ff 66 2e 0f 1f 


Stack slot to memory mapping:
stack at sp + 0 slots: 