[ROUND-METRICS] Epoch 0 Avg_Order_BFT_Request_RTT_Submitter: 3.0569999999999999 seconds (submittersCounted=1)
[ROUND-METRICS] Epoch 0 Avg_View_Consensus_Latency_4Cars: 0.22396239693025 seconds (replicasCounted=4)
[ROUND-METRICS] Epoch 0 Avg_Order_Consensus_Latency_4Cars: 0.48854428553925 seconds (replicasCounted=4)
[ROUND-METRICS] Epoch 0 Avg_StopSign_Failures: 0 seconds (count)
[ROUND-METRICS] Epoch 0 Avg_Messages_Sent_PerReplica: 83 seconds (count)
[ROUND-METRICS] Epoch 0 Avg_Messages_Received_PerReplica: 186.66666666666666 seconds (count)
[ROUND-METRICS] Epoch 1 Avg_ResetToViewEnd_4Cars: 2.3248274826799999 seconds (replicasCounted=4)
[ROUND-METRICS] Epoch 1 Avg_Order_BFT_Request_RTT_Submitter: 1.888 seconds (submittersCounted=1)
[ROUND-METRICS] Epoch 1 Avg_View_Consensus_Latency_4Cars: 0.1876544046845 seconds (replicasCounted=4)
[ROUND-METRICS] Epoch 1 Avg_Order_Consensus_Latency_4Cars: 0.36893737678775 seconds (replicasCounted=4)
[ROUND-METRICS] Epoch 1 Avg_StopSign_Failures: 0 seconds (count)
[ROUND-METRICS] Epoch 1 Avg_Messages_Sent_PerReplica: 83.6666666666667 seconds (count)
[ROUND-METRICS] Epoch 1 Avg_Messages_Received_PerReplica: 230.333333333333 seconds (count)
[ROUND-METRICS] Epoch 2 Avg_ResetToViewEnd_4Cars: 2.4011755216865 seconds (replicasCounted=4)
[ROUND-METRICS] Epoch 2 Avg_Order_BFT_Request_RTT_Submitter: 1.664 seconds (submittersCounted=1)
[ROUND-METRICS] Epoch 2 Avg_View_Consensus_Latency_4Cars: 0.185048280537 seconds (replicasCounted=4)
[ROUND-METRICS] Epoch 2 Avg_Order_Consensus_Latency_4Cars: 0.3909137307275 seconds (replicasCounted=4)
[ROUND-METRICS] Epoch 2 Avg_StopSign_Failures: 0 seconds (count)
[ROUND-METRICS] Epoch 2 Avg_Messages_Sent_PerReplica: 75.6666666666667 seconds (count)
[ROUND-METRICS] Epoch 2 Avg_Messages_Received_PerReplica: 176 seconds (count)
[ROUND-METRICS] Epoch 3 Avg_ResetToViewEnd_4Cars: 2.38921901905775 seconds (replicasCounted=4)
[ROUND-METRICS] Epoch 3 Avg_Order_BFT_Request_RTT_Submitter: 1.564 seconds (submittersCounted=1)
[ROUND-METRICS] Epoch 3 Avg_View_Consensus_Latency_4Cars: 0.20840282266425 seconds (replicasCounted=4)
[ROUND-METRICS] Epoch 3 Avg_Order_Consensus_Latency_4Cars: 0.35901831508825 seconds (replicasCounted=4)
[ROUND-METRICS] Epoch 3 Avg_StopSign_Failures: 0 seconds (count)
[ROUND-METRICS] Epoch 3 Avg_Messages_Sent_PerReplica: 66.6666666666667 seconds (count)
[ROUND-METRICS] Epoch 3 Avg_Messages_Received_PerReplica: 78.6666666666667 seconds (count)
[ROUND-METRICS] Epoch 0 Avg_Total_Consensus_Duration: 1.950000 seconds (goCars=4)
[ROUND-METRICS] Epoch 1 Avg_Total_Consensus_Duration: 4.850000 seconds (goCars=4)
[ROUND-METRICS] Epoch 2 Avg_Total_Consensus_Duration: 7.950000 seconds (goCars=4)
[ROUND-METRICS] Epoch 3 Avg_Total_Consensus_Duration: 11.000000 seconds (goCars=4)
