[ROUND-METRICS] Epoch 0 Avg_Order_BFT_Request_RTT_Submitter: 3.128 seconds (submittersCounted=1)
[ROUND-METRICS] Epoch 0 Avg_View_Consensus_Latency_4Cars: 0.220117344099 seconds (replicasCounted=4)
[ROUND-METRICS] Epoch 0 Avg_Order_Consensus_Latency_4Cars: 0.55536706391525 seconds (replicasCounted=4)
[ROUND-METRICS] Epoch 0 Avg_StopSign_Failures: 0 seconds (count)
[ROUND-METRICS] Epoch 0 Avg_Messages_Sent_PerReplica: 84.3333333333333 seconds (count)
[ROUND-METRICS] Epoch 0 Avg_Messages_Received_PerReplica: 189.666666666667 seconds (count)
[ROUND-METRICS] Epoch 1 Avg_ResetToViewEnd_4Cars: 2.4125440436925 seconds (replicasCounted=4)
[ROUND-METRICS] Epoch 1 Avg_Order_BFT_Request_RTT_Submitter: 1.956 seconds (submittersCounted=1)
[ROUND-METRICS] Epoch 1 Avg_View_Consensus_Latency_4Cars: 0.1807144237795 seconds (replicasCounted=4)
[ROUND-METRICS] Epoch 1 Avg_Order_Consensus_Latency_4Cars: 0.367066081704 seconds (replicasCounted=4)
[ROUND-METRICS] Epoch 1 Avg_StopSign_Failures: 0 seconds (count)
[ROUND-METRICS] Epoch 1 Avg_Messages_Sent_PerReplica: 86.6666666666667 seconds (count)
[ROUND-METRICS] Epoch 1 Avg_Messages_Received_PerReplica: 280 seconds (count)
[ROUND-METRICS] Epoch 2 Avg_ResetToViewEnd_4Cars: 2.40182571269275 seconds (replicasCounted=4)
[ROUND-METRICS] Epoch 2 Avg_Order_BFT_Request_RTT_Submitter: 1.633 seconds (submittersCounted=1)
[ROUND-METRICS] Epoch 2 Avg_View_Consensus_Latency_4Cars: 0.1869158704555 seconds (replicasCounted=4)
[ROUND-METRICS] Epoch 2 Avg_Order_Consensus_Latency_4Cars: 0.38915277465325 seconds (replicasCounted=4)
[ROUND-METRICS] Epoch 2 Avg_StopSign_Failures: 0 seconds (count)
[ROUND-METRICS] Epoch 2 Avg_Messages_Sent_PerReplica: 77.3333333333333 seconds (count)
[ROUND-METRICS] Epoch 2 Avg_Messages_Received_PerReplica: 181.333333333333 seconds (count)
[ROUND-METRICS] Epoch 3 Avg_ResetToViewEnd_4Cars: 2.38799736437975 seconds (replicasCounted=4)
[ROUND-METRICS] Epoch 3 Avg_Order_BFT_Request_RTT_Submitter: 1.56 seconds (submittersCounted=1)
[ROUND-METRICS] Epoch 3 Avg_View_Consensus_Latency_4Cars: 0.20805931560325 seconds (replicasCounted=4)
[ROUND-METRICS] Epoch 3 Avg_Order_Consensus_Latency_4Cars: 0.3581703383735 seconds (replicasCounted=4)
[ROUND-METRICS] Epoch 3 Avg_StopSign_Failures: 0 seconds (count)
[ROUND-METRICS] Epoch 3 Avg_Messages_Sent_PerReplica: 66.6666666666667 seconds (count)
[ROUND-METRICS] Epoch 3 Avg_Messages_Received_PerReplica: 78.6666666666667 seconds (count)
[ROUND-METRICS] Epoch 0 Avg_Total_Consensus_Duration: 2.037500 seconds (goCars=4)
[ROUND-METRICS] Epoch 1 Avg_Total_Consensus_Duration: 5.050000 seconds (goCars=4)
[ROUND-METRICS] Epoch 2 Avg_Total_Consensus_Duration: 8.150000 seconds (goCars=4)
[ROUND-METRICS] Epoch 3 Avg_Total_Consensus_Duration: 11.200000 seconds (goCars=4)
