[ROUND-METRICS] Epoch 0 Avg_Order_BFT_Request_RTT_Submitter: 3.065 seconds (submittersCounted=1)
[ROUND-METRICS] Epoch 0 Avg_View_Consensus_Latency_4Cars: 0.206374397614 seconds (replicasCounted=4)
[ROUND-METRICS] Epoch 0 Avg_Order_Consensus_Latency_4Cars: 0.49079090562525 seconds (replicasCounted=4)
[ROUND-METRICS] Epoch 0 Avg_StopSign_Failures: 0 seconds (count)
[ROUND-METRICS] Epoch 0 Avg_Messages_Sent_PerReplica: 81 seconds (count)
[ROUND-METRICS] Epoch 0 Avg_Messages_Received_PerReplica: 156 seconds (count)
[ROUND-METRICS] Epoch 1 Avg_ResetToViewEnd_4Cars: 2.26390793534175 seconds (replicasCounted=4)
[ROUND-METRICS] Epoch 1 Avg_Order_BFT_Request_RTT_Submitter: 1.794 seconds (submittersCounted=1)
[ROUND-METRICS] Epoch 1 Avg_View_Consensus_Latency_4Cars: 0.173917569557 seconds (replicasCounted=4)
[ROUND-METRICS] Epoch 1 Avg_Order_Consensus_Latency_4Cars: 0.3493474665515 seconds (replicasCounted=4)
[ROUND-METRICS] Epoch 1 Avg_StopSign_Failures: 0 seconds (count)
[ROUND-METRICS] Epoch 1 Avg_Messages_Sent_PerReplica: 84.6666666666667 seconds (count)
[ROUND-METRICS] Epoch 1 Avg_Messages_Received_PerReplica: 238.333333333333 seconds (count)
[ROUND-METRICS] Epoch 2 Avg_ResetToViewEnd_4Cars: 2.40160113821025 seconds (replicasCounted=4)
[ROUND-METRICS] Epoch 2 Avg_Order_BFT_Request_RTT_Submitter: 1.633 seconds (submittersCounted=1)
[ROUND-METRICS] Epoch 2 Avg_View_Consensus_Latency_4Cars: 0.1842430126495 seconds (replicasCounted=4)
[ROUND-METRICS] Epoch 2 Avg_Order_Consensus_Latency_4Cars: 0.38915605801525 seconds (replicasCounted=4)
[ROUND-METRICS] Epoch 2 Avg_StopSign_Failures: 0 seconds (count)
[ROUND-METRICS] Epoch 2 Avg_Messages_Sent_PerReplica: 78 seconds (count)
[ROUND-METRICS] Epoch 2 Avg_Messages_Received_PerReplica: 183.333333333333 seconds (count)
[ROUND-METRICS] Epoch 3 Avg_ResetToViewEnd_4Cars: 2.38860309463 seconds (replicasCounted=4)
[ROUND-METRICS] Epoch 3 Avg_Order_BFT_Request_RTT_Submitter: 1.565 seconds (submittersCounted=1)
[ROUND-METRICS] Epoch 3 Avg_View_Consensus_Latency_4Cars: 0.20728631601175 seconds (replicasCounted=4)
[ROUND-METRICS] Epoch 3 Avg_Order_Consensus_Latency_4Cars: 0.359336310198 seconds (replicasCounted=4)
[ROUND-METRICS] Epoch 3 Avg_StopSign_Failures: 0 seconds (count)
[ROUND-METRICS] Epoch 3 Avg_Messages_Sent_PerReplica: 66.6666666666667 seconds (count)
[ROUND-METRICS] Epoch 3 Avg_Messages_Received_PerReplica: 80 seconds (count)
[ROUND-METRICS] Epoch 0 Avg_Total_Consensus_Duration: 1.800000 seconds (goCars=4)
[ROUND-METRICS] Epoch 1 Avg_Total_Consensus_Duration: 4.637500 seconds (goCars=4)
[ROUND-METRICS] Epoch 2 Avg_Total_Consensus_Duration: 7.750000 seconds (goCars=4)
[ROUND-METRICS] Epoch 3 Avg_Total_Consensus_Duration: 10.800000 seconds (goCars=4)
