[ROUND-METRICS] Epoch 0 Avg_View_Consensus_Latency_4Cars: 0.25358217584175 seconds (replicasCounted=4)
[ROUND-METRICS] Epoch 0 Avg_Order_Consensus_Latency_4Cars: 0.39328982119 seconds (replicasCounted=4)
[ROUND-METRICS] Epoch 0 Avg_StopSign_Failures: 0 seconds (count)
[ROUND-METRICS] Epoch 0 Avg_Messages_Sent_PerReplica: 73 seconds (count)
[ROUND-METRICS] Epoch 0 Avg_Messages_Received_PerReplica: 165.333333333333 seconds (count)
[ROUND-METRICS] Epoch 0 Avg_Order_BFT_Request_RTT_Submitter: 3.763 seconds (submittersCounted=1)
[ROUND-METRICS] Epoch 1 Avg_ResetToViewEnd_4Cars: 2.35761480847625 seconds (replicasCounted=4)
[ROUND-METRICS] Epoch 1 Avg_Order_BFT_Request_RTT_Submitter: 2.366 seconds (submittersCounted=1)
[ROUND-METRICS] Epoch 1 Avg_View_Consensus_Latency_4Cars: 0.17964490688025 seconds (replicasCounted=4)
[ROUND-METRICS] Epoch 1 Avg_Order_Consensus_Latency_4Cars: 0.3673948242585 seconds (replicasCounted=4)
[ROUND-METRICS] Epoch 1 Avg_StopSign_Failures: 0 seconds (count)
[ROUND-METRICS] Epoch 1 Avg_Messages_Sent_PerReplica: 85.6666666666667 seconds (count)
[ROUND-METRICS] Epoch 1 Avg_Messages_Received_PerReplica: 237 seconds (count)
[ROUND-METRICS] Epoch 2 Avg_ResetToViewEnd_4Cars: 2.399667854138 seconds (replicasCounted=4)
[ROUND-METRICS] Epoch 2 Avg_Order_BFT_Request_RTT_Submitter: 1.567 seconds (submittersCounted=1)
[ROUND-METRICS] Epoch 2 Avg_View_Consensus_Latency_4Cars: 0.18528955322775 seconds (replicasCounted=4)
[ROUND-METRICS] Epoch 2 Avg_Order_Consensus_Latency_4Cars: 0.37691956924375 seconds (replicasCounted=4)
[ROUND-METRICS] Epoch 2 Avg_StopSign_Failures: 0 seconds (count)
[ROUND-METRICS] Epoch 2 Avg_Messages_Sent_PerReplica: 75 seconds (count)
[ROUND-METRICS] Epoch 2 Avg_Messages_Received_PerReplica: 183 seconds (count)
[ROUND-METRICS] Epoch 3 Avg_ResetToViewEnd_4Cars: 2.4377794027355 seconds (replicasCounted=4)
[ROUND-METRICS] Epoch 3 Avg_Order_BFT_Request_RTT_Submitter: 1.541 seconds (submittersCounted=1)
[ROUND-METRICS] Epoch 3 Avg_View_Consensus_Latency_4Cars: 0.20662395748675 seconds (replicasCounted=4)
[ROUND-METRICS] Epoch 3 Avg_Order_Consensus_Latency_4Cars: 0.3576873835995 seconds (replicasCounted=4)
[ROUND-METRICS] Epoch 3 Avg_StopSign_Failures: 0 seconds (count)
[ROUND-METRICS] Epoch 3 Avg_Messages_Sent_PerReplica: 66.6666666666667 seconds (count)
[ROUND-METRICS] Epoch 3 Avg_Messages_Received_PerReplica: 78.6666666666667 seconds (count)
[ROUND-METRICS] Epoch 0 Avg_Total_Consensus_Duration: 1.700000 seconds (goCars=4)
[ROUND-METRICS] Epoch 1 Avg_Total_Consensus_Duration: 4.650000 seconds (goCars=4)
[ROUND-METRICS] Epoch 2 Avg_Total_Consensus_Duration: 7.700000 seconds (goCars=4)
[ROUND-METRICS] Epoch 3 Avg_Total_Consensus_Duration: 10.800000 seconds (goCars=4)
