[ROUND-METRICS] Epoch 0 Avg_Order_BFT_Request_RTT_Submitter: 4.0350000000000001 seconds (submittersCounted=1)
[ROUND-METRICS] Epoch 0 Avg_View_Consensus_Latency_4Cars: 0.24975986965450001 seconds (replicasCounted=4)
[ROUND-METRICS] Epoch 0 Avg_Order_Consensus_Latency_4Cars: 0.39214950095924994 seconds (replicasCounted=4)
[ROUND-METRICS] Epoch 0 Avg_StopSign_Failures: 0 seconds (count)
[ROUND-METRICS] Epoch 0 Avg_Messages_Sent_PerReplica: 77.333333333333329 seconds (count)
[ROUND-METRICS] Epoch 0 Avg_Messages_Received_PerReplica: 163.66666666666666 seconds (count)
[ROUND-METRICS] Epoch 1 Avg_ResetToViewEnd_4Cars: 2.3658461638050001 seconds (replicasCounted=4)
[ROUND-METRICS] Epoch 1 Avg_Order_BFT_Request_RTT_Submitter: 2.422 seconds (submittersCounted=1)
[ROUND-METRICS] Epoch 1 Avg_View_Consensus_Latency_4Cars: 0.183645544285 seconds (replicasCounted=4)
[ROUND-METRICS] Epoch 1 Avg_Order_Consensus_Latency_4Cars: 0.365495768206 seconds (replicasCounted=4)
[ROUND-METRICS] Epoch 1 Avg_StopSign_Failures: 0 seconds (count)
[ROUND-METRICS] Epoch 1 Avg_Messages_Sent_PerReplica: 83.6666666666667 seconds (count)
[ROUND-METRICS] Epoch 1 Avg_Messages_Received_PerReplica: 247 seconds (count)
[ROUND-METRICS] Epoch 2 Avg_ResetToViewEnd_4Cars: 2.3999910860345 seconds (replicasCounted=4)
[ROUND-METRICS] Epoch 2 Avg_Order_BFT_Request_RTT_Submitter: 1.583 seconds (submittersCounted=1)
[ROUND-METRICS] Epoch 2 Avg_View_Consensus_Latency_4Cars: 0.18525785552075 seconds (replicasCounted=4)
[ROUND-METRICS] Epoch 2 Avg_Order_Consensus_Latency_4Cars: 0.37754697498175 seconds (replicasCounted=4)
[ROUND-METRICS] Epoch 2 Avg_StopSign_Failures: 0 seconds (count)
[ROUND-METRICS] Epoch 2 Avg_Messages_Sent_PerReplica: 78 seconds (count)
[ROUND-METRICS] Epoch 2 Avg_Messages_Received_PerReplica: 174.333333333333 seconds (count)
[ROUND-METRICS] Epoch 3 Avg_ResetToViewEnd_4Cars: 2.4474258428235 seconds (replicasCounted=4)
[ROUND-METRICS] Epoch 3 Avg_Order_BFT_Request_RTT_Submitter: 1.539 seconds (submittersCounted=1)
[ROUND-METRICS] Epoch 3 Avg_View_Consensus_Latency_4Cars: 0.2174548202335 seconds (replicasCounted=4)
[ROUND-METRICS] Epoch 3 Avg_Order_Consensus_Latency_4Cars: 0.34546723412025 seconds (replicasCounted=4)
[ROUND-METRICS] Epoch 3 Avg_StopSign_Failures: 0 seconds (count)
[ROUND-METRICS] Epoch 3 Avg_Messages_Sent_PerReplica: 67.6666666666667 seconds (count)
[ROUND-METRICS] Epoch 3 Avg_Messages_Received_PerReplica: 77.6666666666667 seconds (count)
[ROUND-METRICS] Epoch 0 Avg_Total_Consensus_Duration: 1.700000 seconds (goCars=4)
[ROUND-METRICS] Epoch 1 Avg_Total_Consensus_Duration: 4.650000 seconds (goCars=4)
[ROUND-METRICS] Epoch 2 Avg_Total_Consensus_Duration: 7.700000 seconds (goCars=4)
[ROUND-METRICS] Epoch 3 Avg_Total_Consensus_Duration: 10.800000 seconds (goCars=4)
