[ROUND-METRICS] Epoch 0 Avg_View_Consensus_Latency_4Cars: 0.44445344835125 seconds (replicasCounted=4)
[ROUND-METRICS] Epoch 0 Avg_Order_Consensus_Latency_4Cars: 0.55161294195875 seconds (replicasCounted=4)
[ROUND-METRICS] Epoch 0 Avg_Order_BFT_Request_RTT_Submitter: 8.254 seconds (submittersCounted=1)
[ROUND-METRICS] Epoch 1 Avg_ResetToViewEnd_4Cars: 9.084840812013 seconds (replicasCounted=4)
[ROUND-METRICS] Epoch 1 Avg_View_Consensus_Latency_4Cars: 0.552936865972 seconds (replicasCounted=4)
[ROUND-METRICS] Epoch 1 Avg_Order_Consensus_Latency_4Cars: 0.52377080893525 seconds (replicasCounted=4)
[ROUND-METRICS] Epoch 2 Avg_ResetToViewEnd_4Cars: 8.96998007343 seconds (replicasCounted=4)
[ROUND-METRICS] Epoch 2 Avg_Order_BFT_Request_RTT_Submitter: 4.928 seconds (submittersCounted=1)
[ROUND-METRICS] Epoch 2 Avg_View_Consensus_Latency_4Cars: 0.52611974453225 seconds (replicasCounted=4)
[ROUND-METRICS] Epoch 2 Avg_Order_Consensus_Latency_4Cars: 0.6798651470555 seconds (replicasCounted=4)
[ROUND-METRICS] Epoch 3 Avg_ResetToViewEnd_4Cars: 8.9567076636585 seconds (replicasCounted=4)
[ROUND-METRICS] Epoch 3 Avg_Order_BFT_Request_RTT_Submitter: 4.852 seconds (submittersCounted=1)
[ROUND-METRICS] Epoch 3 Avg_View_Consensus_Latency_4Cars: 0.4850701611095 seconds (replicasCounted=4)
[ROUND-METRICS] Epoch 3 Avg_Order_Consensus_Latency_4Cars: 0.65857707188775 seconds (replicasCounted=4)
========== CONSENSUS METRICS (Replica 12) ==========
[METRICS 12] === VIEW SIGNATURE COLLECTION ===
[METRICS 12] View_Signature_Collection_Start: 0.8
[METRICS 12] View_Signature_Collection_End: 0.729077375944
[METRICS 12] View_Signature_Collection_Duration: -0.070922624056 seconds
[METRICS 12] === VIEW CONSENSUS ===
[METRICS 12] View_Consensus_Start: 0.729077375944
[METRICS 12] View_Consensus_End:   1.177262072205
[METRICS 12] View_Consensus_Latency: 0.448184696261 seconds
[METRICS 12] === ORDER SIGNATURE COLLECTION ===
[METRICS 12] Order_Signature_Collection_Start: 1.2
[METRICS 12] Order_Signature_Collection_End: 1.421188105981
[METRICS 12] Order_Signature_Collection_Duration: 0.221188105981 seconds
[METRICS 12] LaneLeader_Gossip_Duration: 0 seconds
[METRICS 12] === ORDER CONSENSUS ===
[METRICS 12] Order_Consensus_Start: 1.421188105981
[METRICS 12] Order_Consensus_End:   2
[METRICS 12] Order_Consensus_Latency: 0.578811894019 seconds
[METRICS 12] Order_BFT_Request_RTT: N/A (no local ORDER submit)
[METRICS 12] === OVERALL ===
[METRICS 12] Total_Consensus_Start: 0.8
[METRICS 12] Total_Consensus_End:   2
[METRICS 12] Total_Consensus_Duration: 1.2 seconds
[METRICS 12] Timing_Fallbacks: viewStart=1 orderStart=1 gossipWindow=1
[METRICS 12] Stop_Time: 0.8
[METRICS 12] Projected_Total_Wait: 3.771428571429 seconds
--
========== CONSENSUS METRICS (Replica 4) ==========
[METRICS 4] === VIEW SIGNATURE COLLECTION ===
[METRICS 4] View_Signature_Collection_Start: 0.8
[METRICS 4] View_Signature_Collection_End: 0.738420454454
[METRICS 4] View_Signature_Collection_Duration: -0.061579545546 seconds
[METRICS 4] === VIEW CONSENSUS ===
[METRICS 4] View_Consensus_Start: 0.738420454454
[METRICS 4] View_Consensus_End:   1.182639113153
[METRICS 4] View_Consensus_Latency: 0.444218658699 seconds
[METRICS 4] === ORDER SIGNATURE COLLECTION ===
[METRICS 4] Order_Signature_Collection_Start: 1.2
[METRICS 4] Order_Signature_Collection_End: 1.355473062426
[METRICS 4] Order_Signature_Collection_Duration: 0.155473062426 seconds
[METRICS 4] LaneLeader_Gossip_Duration: 0 seconds
[METRICS 4] === ORDER CONSENSUS ===
[METRICS 4] Order_Consensus_Start: 1.355473062426
[METRICS 4] Order_Consensus_End:   2
[METRICS 4] Order_Consensus_Latency: 0.644526937574 seconds
[METRICS 4] Order_BFT_Request_RTT: N/A (no local ORDER submit)
[METRICS 4] === OVERALL ===
[METRICS 4] Total_Consensus_Start: 0.8
[METRICS 4] Total_Consensus_End:   2
[METRICS 4] Total_Consensus_Duration: 1.2 seconds
[METRICS 4] Timing_Fallbacks: viewStart=1 orderStart=1 gossipWindow=1
[METRICS 4] Stop_Time: 0.8
[METRICS 4] Projected_Total_Wait: 6.342857142857 seconds
--
========== CONSENSUS METRICS (Replica 8) ==========
[METRICS 8] === VIEW SIGNATURE COLLECTION ===
[METRICS 8] View_Signature_Collection_Start: 0.8
[METRICS 8] View_Signature_Collection_End: 0.729077375979
[METRICS 8] View_Signature_Collection_Duration: -0.070922624021 seconds
[METRICS 8] === VIEW CONSENSUS ===
[METRICS 8] View_Consensus_Start: 0.729077375979
[METRICS 8] View_Consensus_End:   1.166059642744
[METRICS 8] View_Consensus_Latency: 0.436982266765 seconds
[METRICS 8] === ORDER SIGNATURE COLLECTION ===
[METRICS 8] Order_Signature_Collection_Start: 1.2
[METRICS 8] Order_Signature_Collection_End: 1.454071036576
[METRICS 8] Order_Signature_Collection_Duration: 0.254071036576 seconds
[METRICS 8] LaneLeader_Gossip_Duration: 0 seconds
[METRICS 8] === ORDER CONSENSUS ===
[METRICS 8] Order_Consensus_Start: 1.454071036576
[METRICS 8] Order_Consensus_End:   2
[METRICS 8] Order_Consensus_Latency: 0.545928963424 seconds
[METRICS 8] Order_BFT_Request_RTT: N/A (no local ORDER submit)
[METRICS 8] === OVERALL ===
[METRICS 8] Total_Consensus_Start: 0.8
[METRICS 8] Total_Consensus_End:   2
[METRICS 8] Total_Consensus_Duration: 1.2 seconds
[METRICS 8] Timing_Fallbacks: viewStart=1 orderStart=1 gossipWindow=1
[METRICS 8] Stop_Time: 0.8
[METRICS 8] Projected_Total_Wait: 8.914285714286 seconds
--
========== CONSENSUS METRICS (Replica 0) ==========
[METRICS 0] === VIEW SIGNATURE COLLECTION ===
[METRICS 0] View_Signature_Collection_Start: 0.6
[METRICS 0] View_Signature_Collection_End: 0.729077403178
[METRICS 0] View_Signature_Collection_Duration: 0.129077403178 seconds
[METRICS 0] === VIEW CONSENSUS ===
[METRICS 0] View_Consensus_Start: 0.729077403178
[METRICS 0] View_Consensus_End:   1.177505574858
[METRICS 0] View_Consensus_Latency: 0.44842817168 seconds
[ROUND-METRICS] Epoch 0 Avg_View_Consensus_Latency_4Cars: 0.44445344835125 seconds (replicasCounted=4)
[METRICS 0] === ORDER SIGNATURE COLLECTION ===
[METRICS 0] Order_Signature_Collection_Start: 1.2
[METRICS 0] Order_Signature_Collection_End: 1.339707076462
[METRICS 0] Order_Signature_Collection_Duration: 0.139707076462 seconds
[METRICS 0] LaneLeader_Gossip_Duration: 0.22310895072 seconds
[METRICS 0] === ORDER CONSENSUS ===
[METRICS 0] Order_Consensus_Start: 1.562816027182
[METRICS 0] Order_Consensus_End:   2
[METRICS 0] Order_Consensus_Latency: 0.437183972818 seconds
[METRICS 0] Order_BFT_Request_RTT: 8.254 seconds
[METRICS 0] === OVERALL ===
[METRICS 0] Total_Consensus_Start: 0.6
[METRICS 0] Total_Consensus_End:   2
[METRICS 0] Total_Consensus_Duration: 1.4 seconds
[ROUND-METRICS] Epoch 0 Avg_Order_Consensus_Latency_4Cars: 0.55161294195875 seconds (replicasCounted=4)
[ROUND-METRICS] Epoch 0 Avg_Order_BFT_Request_RTT_Submitter: 8.254 seconds (submittersCounted=1)
--
========== CONSENSUS METRICS (Replica 1) ==========
[METRICS 1] === VIEW SIGNATURE COLLECTION ===
[METRICS 1] View_Signature_Collection_Start: 10.4
[METRICS 1] View_Signature_Collection_End: 10.545991412519
[METRICS 1] View_Signature_Collection_Duration: 0.145991412519 seconds
[METRICS 1] === VIEW CONSENSUS ===
[METRICS 1] View_Consensus_Start: 10.545991412519
[METRICS 1] View_Consensus_End:   11.084841008103
[METRICS 1] View_Consensus_Latency: 0.538849595584 seconds
[METRICS 1] === ORDER SIGNATURE COLLECTION ===
[METRICS 1] Order_Signature_Collection_Start: 11.1
[METRICS 1] Order_Signature_Collection_End: 11.280032499882
[METRICS 1] Order_Signature_Collection_Duration: 0.180032499882 seconds
[METRICS 1] LaneLeader_Gossip_Duration: 0.253965556543 seconds
[METRICS 1] === ORDER CONSENSUS ===
[METRICS 1] Order_Consensus_Start: 11.533998056425
[METRICS 1] Order_Consensus_End:   11.9
[METRICS 1] Order_Consensus_Latency: 0.366001943575 seconds
[METRICS 1] Order_BFT_Request_RTT: N/A (no local ORDER submit)
[METRICS 1] === OVERALL ===
[METRICS 1] Total_Consensus_Start: 10.4
[METRICS 1] Total_Consensus_End:   11.9
[METRICS 1] Total_Consensus_Duration: 1.5 seconds
[METRICS 1] Stop_Time: 10.4
[METRICS 1] Projected_Total_Wait: 1.5 seconds
[METRICS 1] Scheduled_Resume: 11.9
--
========== CONSENSUS METRICS (Replica 13) ==========
[METRICS 13] === VIEW SIGNATURE COLLECTION ===
[METRICS 13] View_Signature_Collection_Start: 10.4
[METRICS 13] View_Signature_Collection_End: 10.530716863307
[METRICS 13] View_Signature_Collection_Duration: 0.130716863307 seconds
[METRICS 13] === VIEW CONSENSUS ===
[METRICS 13] View_Consensus_Start: 10.530716863307
[METRICS 13] View_Consensus_End:   11.090104132423
[METRICS 13] View_Consensus_Latency: 0.559387269116 seconds
[METRICS 13] === ORDER SIGNATURE COLLECTION ===
[METRICS 13] Order_Signature_Collection_Start: 11.1
[METRICS 13] Order_Signature_Collection_End: 11.361668048933
[METRICS 13] Order_Signature_Collection_Duration: 0.261668048933 seconds
[METRICS 13] LaneLeader_Gossip_Duration: 0 seconds
[METRICS 13] === ORDER CONSENSUS ===
[METRICS 13] Order_Consensus_Start: 11.361668048933
[METRICS 13] Order_Consensus_End:   11.9
[METRICS 13] Order_Consensus_Latency: 0.538331951067 seconds
[METRICS 13] Order_BFT_Request_RTT: N/A (no local ORDER submit)
[METRICS 13] === OVERALL ===
[METRICS 13] Total_Consensus_Start: 10.4
[METRICS 13] Total_Consensus_End:   11.9
[METRICS 13] Total_Consensus_Duration: 1.5 seconds
[METRICS 13] Timing_Fallbacks: viewStart=1 orderStart=1 gossipWindow=1
[METRICS 13] Stop_Time: 10.4
[METRICS 13] Projected_Total_Wait: 4.071428571429 seconds
--
========== CONSENSUS METRICS (Replica 9) ==========
[METRICS 9] === VIEW SIGNATURE COLLECTION ===
[METRICS 9] View_Signature_Collection_Start: 10.4
[METRICS 9] View_Signature_Collection_End: 10.530716862473
[METRICS 9] View_Signature_Collection_Duration: 0.130716862473 seconds
[METRICS 9] === VIEW CONSENSUS ===
[METRICS 9] View_Consensus_Start: 10.530716862473
[METRICS 9] View_Consensus_End:   11.084841008103
[METRICS 9] View_Consensus_Latency: 0.55412414563 seconds
[METRICS 9] === ORDER SIGNATURE COLLECTION ===
[METRICS 9] Order_Signature_Collection_Start: 11.1
[METRICS 9] Order_Signature_Collection_End: 11.354070311048
[METRICS 9] Order_Signature_Collection_Duration: 0.254070311048 seconds
[METRICS 9] LaneLeader_Gossip_Duration: 0 seconds
[METRICS 9] === ORDER CONSENSUS ===
[METRICS 9] Order_Consensus_Start: 11.354070311048
[METRICS 9] Order_Consensus_End:   11.9
[METRICS 9] Order_Consensus_Latency: 0.545929688952 seconds
[METRICS 9] Order_BFT_Request_RTT: N/A (no local ORDER submit)
[METRICS 9] === OVERALL ===
[METRICS 9] Total_Consensus_Start: 10.4
[METRICS 9] Total_Consensus_End:   11.9
[METRICS 9] Total_Consensus_Duration: 1.5 seconds
[METRICS 9] Timing_Fallbacks: viewStart=1 orderStart=1 gossipWindow=1
[METRICS 9] Stop_Time: 10.4
[METRICS 9] Projected_Total_Wait: 9.214285714286 seconds
--
========== CONSENSUS METRICS (Replica 5) ==========
[METRICS 5] === VIEW SIGNATURE COLLECTION ===
[METRICS 5] View_Signature_Collection_Start: 10.4
[METRICS 5] View_Signature_Collection_End: 10.530716880202
[METRICS 5] View_Signature_Collection_Duration: 0.130716880202 seconds
[METRICS 5] === VIEW CONSENSUS ===
[METRICS 5] View_Consensus_Start: 10.530716880202
[METRICS 5] View_Consensus_End:   11.09010333376
[METRICS 5] View_Consensus_Latency: 0.559386453558 seconds
[ROUND-METRICS] Epoch 1 Avg_View_Consensus_Latency_4Cars: 0.552936865972 seconds (replicasCounted=4)
[METRICS 5] === ORDER SIGNATURE COLLECTION ===
[METRICS 5] Order_Signature_Collection_Start: 11.1
[METRICS 5] Order_Signature_Collection_End: 11.305180347853
[METRICS 5] Order_Signature_Collection_Duration: 0.205180347853 seconds
[METRICS 5] LaneLeader_Gossip_Duration: 0 seconds
[METRICS 5] === ORDER CONSENSUS ===
[METRICS 5] Order_Consensus_Start: 11.305180347853
[METRICS 5] Order_Consensus_End:   11.95
[METRICS 5] Order_Consensus_Latency: 0.644819652147 seconds
[METRICS 5] Order_BFT_Request_RTT: N/A (no local ORDER submit)
[METRICS 5] === OVERALL ===
[METRICS 5] Total_Consensus_Start: 10.4
[METRICS 5] Total_Consensus_End:   11.95
[METRICS 5] Total_Consensus_Duration: 1.55 seconds
[METRICS 5] Timing_Fallbacks: viewStart=1 orderStart=1 gossipWindow=1
[ROUND-METRICS] Epoch 1 Avg_Order_Consensus_Latency_4Cars: 0.52377080893525 seconds (replicasCounted=4)
--
========== CONSENSUS METRICS (Replica 10) ==========
[METRICS 10] === VIEW SIGNATURE COLLECTION ===
[METRICS 10] View_Signature_Collection_Start: 20.2
[METRICS 10] View_Signature_Collection_End: 20.375630026711
[METRICS 10] View_Signature_Collection_Duration: 0.175630026711 seconds
[METRICS 10] === VIEW CONSENSUS ===
[METRICS 10] View_Consensus_Start: 20.375630026711
[METRICS 10] View_Consensus_End:   20.896061034371
[METRICS 10] View_Consensus_Latency: 0.52043100766 seconds
[METRICS 10] === ORDER SIGNATURE COLLECTION ===
[METRICS 10] Order_Signature_Collection_Start: 20.9
[METRICS 10] Order_Signature_Collection_End: 21.215939416031
[METRICS 10] Order_Signature_Collection_Duration: 0.315939416031 seconds
[METRICS 10] LaneLeader_Gossip_Duration: 0 seconds
[METRICS 10] === ORDER CONSENSUS ===
[METRICS 10] Order_Consensus_Start: 21.215939416031
[METRICS 10] Order_Consensus_End:   21.9
[METRICS 10] Order_Consensus_Latency: 0.684060583969 seconds
[METRICS 10] Order_BFT_Request_RTT: N/A (no local ORDER submit)
[METRICS 10] === OVERALL ===
[METRICS 10] Total_Consensus_Start: 20.2
[METRICS 10] Total_Consensus_End:   21.9
[METRICS 10] Total_Consensus_Duration: 1.7 seconds
[METRICS 10] Timing_Fallbacks: viewStart=1 orderStart=1 gossipWindow=1
[METRICS 10] Stop_Time: 20.2
[METRICS 10] Projected_Total_Wait: 1.7 seconds
--
========== CONSENSUS METRICS (Replica 14) ==========
[METRICS 14] === VIEW SIGNATURE COLLECTION ===
[METRICS 14] View_Signature_Collection_Start: 20.2
[METRICS 14] View_Signature_Collection_End: 20.350885710604
[METRICS 14] View_Signature_Collection_Duration: 0.150885710604 seconds
[METRICS 14] === VIEW CONSENSUS ===
[METRICS 14] View_Consensus_Start: 20.350885710604
[METRICS 14] View_Consensus_End:   20.89489288184
[METRICS 14] View_Consensus_Latency: 0.544007171236 seconds
[METRICS 14] === ORDER SIGNATURE COLLECTION ===
[METRICS 14] Order_Signature_Collection_Start: 20.9
[METRICS 14] Order_Signature_Collection_End: 21.22179052042
[METRICS 14] Order_Signature_Collection_Duration: 0.32179052042 seconds
[METRICS 14] LaneLeader_Gossip_Duration: 0 seconds
[METRICS 14] === ORDER CONSENSUS ===
[METRICS 14] Order_Consensus_Start: 21.22179052042
[METRICS 14] Order_Consensus_End:   21.9
[METRICS 14] Order_Consensus_Latency: 0.67820947958 seconds
[METRICS 14] Order_BFT_Request_RTT: N/A (no local ORDER submit)
[METRICS 14] === OVERALL ===
[METRICS 14] Total_Consensus_Start: 20.2
[METRICS 14] Total_Consensus_End:   21.9
[METRICS 14] Total_Consensus_Duration: 1.7 seconds
[METRICS 14] Timing_Fallbacks: viewStart=1 orderStart=1 gossipWindow=1
[METRICS 14] Stop_Time: 20.2
[METRICS 14] Projected_Total_Wait: 4.271428571429 seconds
--
========== CONSENSUS METRICS (Replica 2) ==========
[METRICS 2] === VIEW SIGNATURE COLLECTION ===
[METRICS 2] View_Signature_Collection_Start: 20.2
[METRICS 2] View_Signature_Collection_End: 20.375629978095
[METRICS 2] View_Signature_Collection_Duration: 0.175629978095 seconds
[METRICS 2] === VIEW CONSENSUS ===
[METRICS 2] View_Consensus_Start: 20.375629978095
[METRICS 2] View_Consensus_End:   20.8952416482
[METRICS 2] View_Consensus_Latency: 0.519611670105 seconds
[METRICS 2] === ORDER SIGNATURE COLLECTION ===
[METRICS 2] Order_Signature_Collection_Start: 20.9
[METRICS 2] Order_Signature_Collection_End: 21.136298622019
[METRICS 2] Order_Signature_Collection_Duration: 0.236298622019 seconds
[METRICS 2] LaneLeader_Gossip_Duration: 0.271864336142 seconds
[METRICS 2] === ORDER CONSENSUS ===
[METRICS 2] Order_Consensus_Start: 21.408162958161
[METRICS 2] Order_Consensus_End:   21.9
[METRICS 2] Order_Consensus_Latency: 0.491837041839 seconds
[METRICS 2] Order_BFT_Request_RTT: N/A (no local ORDER submit)
[METRICS 2] === OVERALL ===
[METRICS 2] Total_Consensus_Start: 20.2
[METRICS 2] Total_Consensus_End:   21.9
[METRICS 2] Total_Consensus_Duration: 1.7 seconds
[METRICS 2] Stop_Time: 20.2
[METRICS 2] Projected_Total_Wait: 6.842857142857 seconds
[METRICS 2] Scheduled_Resume: 27.042857142857
--
========== CONSENSUS METRICS (Replica 2) ==========
[METRICS 2] === VIEW SIGNATURE COLLECTION ===
[METRICS 2] View_Signature_Collection_Start: 20.2
[METRICS 2] View_Signature_Collection_End: 20.375629978095
[METRICS 2] View_Signature_Collection_Duration: 0.175629978095 seconds
[METRICS 2] === VIEW CONSENSUS ===
[METRICS 2] View_Consensus_Start: 20.375629978095
[METRICS 2] View_Consensus_End:   20.8952416482
[METRICS 2] View_Consensus_Latency: 0.519611670105 seconds
[METRICS 2] === ORDER SIGNATURE COLLECTION ===
[METRICS 2] Order_Signature_Collection_Start: 20.9
[METRICS 2] Order_Signature_Collection_End: 21.136298622019
[METRICS 2] Order_Signature_Collection_Duration: 0.236298622019 seconds
[METRICS 2] LaneLeader_Gossip_Duration: 0.271864336142 seconds
[METRICS 2] === ORDER CONSENSUS ===
[METRICS 2] Order_Consensus_Start: 21.408162958161
[METRICS 2] Order_Consensus_End:   21.95
[METRICS 2] Order_Consensus_Latency: 0.541837041839 seconds
[METRICS 2] Order_BFT_Request_RTT: 4.928 seconds
[METRICS 2] === OVERALL ===
[METRICS 2] Total_Consensus_Start: 20.2
[METRICS 2] Total_Consensus_End:   21.95
[METRICS 2] Total_Consensus_Duration: 1.75 seconds
[ROUND-METRICS] Epoch 2 Avg_Order_BFT_Request_RTT_Submitter: 4.928 seconds (submittersCounted=1)
[METRICS 2] Stop_Time: 20.2
[METRICS 2] Projected_Total_Wait: 6.892857142857 seconds
--
========== CONSENSUS METRICS (Replica 6) ==========
[METRICS 6] === VIEW SIGNATURE COLLECTION ===
[METRICS 6] View_Signature_Collection_Start: 20.2
[METRICS 6] View_Signature_Collection_End: 20.375630036212
[METRICS 6] View_Signature_Collection_Duration: 0.175630036212 seconds
[METRICS 6] === VIEW CONSENSUS ===
[METRICS 6] View_Consensus_Start: 20.375630036212
[METRICS 6] View_Consensus_End:   20.89605916534
[METRICS 6] View_Consensus_Latency: 0.520429129128 seconds
[ROUND-METRICS] Epoch 2 Avg_View_Consensus_Latency_4Cars: 0.52611974453225 seconds (replicasCounted=4)
[METRICS 6] === ORDER SIGNATURE COLLECTION ===
[METRICS 6] Order_Signature_Collection_Start: 20.9
[METRICS 6] Order_Signature_Collection_End: 21.134646517166
[METRICS 6] Order_Signature_Collection_Duration: 0.234646517166 seconds
[METRICS 6] LaneLeader_Gossip_Duration: 0 seconds
[METRICS 6] === ORDER CONSENSUS ===
[METRICS 6] Order_Consensus_Start: 21.134646517166
[METRICS 6] Order_Consensus_End:   21.95
[METRICS 6] Order_Consensus_Latency: 0.815353482834 seconds
[METRICS 6] Order_BFT_Request_RTT: N/A (no local ORDER submit)
[METRICS 6] === OVERALL ===
[METRICS 6] Total_Consensus_Start: 20.2
[METRICS 6] Total_Consensus_End:   21.95
[METRICS 6] Total_Consensus_Duration: 1.75 seconds
[METRICS 6] Timing_Fallbacks: viewStart=1 orderStart=1 gossipWindow=1
[ROUND-METRICS] Epoch 2 Avg_Order_Consensus_Latency_4Cars: 0.6798651470555 seconds (replicasCounted=4)
--
========== CONSENSUS METRICS (Replica 11) ==========
[METRICS 11] === VIEW SIGNATURE COLLECTION ===
[METRICS 11] View_Signature_Collection_Start: 30.2
[METRICS 11] View_Signature_Collection_End: 30.391794948951
[METRICS 11] View_Signature_Collection_Duration: 0.191794948951 seconds
[METRICS 11] === VIEW CONSENSUS ===
[METRICS 11] View_Consensus_Start: 30.391794948951
[METRICS 11] View_Consensus_End:   30.926047686931
[METRICS 11] View_Consensus_Latency: 0.53425273798 seconds
[METRICS 11] === ORDER SIGNATURE COLLECTION ===
[METRICS 11] Order_Signature_Collection_Start: 30.95
[METRICS 11] Order_Signature_Collection_End: 31.301579001036
[METRICS 11] Order_Signature_Collection_Duration: 0.351579001036 seconds
[METRICS 11] LaneLeader_Gossip_Duration: 0 seconds
[METRICS 11] === ORDER CONSENSUS ===
[METRICS 11] Order_Consensus_Start: 31.301579001036
[METRICS 11] Order_Consensus_End:   31.95
[METRICS 11] Order_Consensus_Latency: 0.648420998964 seconds
[METRICS 11] Order_BFT_Request_RTT: N/A (no local ORDER submit)
[METRICS 11] === OVERALL ===
[METRICS 11] Total_Consensus_Start: 30.2
[METRICS 11] Total_Consensus_End:   31.95
[METRICS 11] Total_Consensus_Duration: 1.75 seconds
[METRICS 11] Timing_Fallbacks: viewStart=1 orderStart=1 gossipWindow=1
[METRICS 11] Stop_Time: 30.2
[METRICS 11] Projected_Total_Wait: 6.892857142857 seconds
--
========== CONSENSUS METRICS (Replica 15) ==========
[METRICS 15] === VIEW SIGNATURE COLLECTION ===
[METRICS 15] View_Signature_Collection_Start: 30.2
[METRICS 15] View_Signature_Collection_End: 30.391794940353
[METRICS 15] View_Signature_Collection_Duration: 0.191794940353 seconds
[METRICS 15] === VIEW CONSENSUS ===
[METRICS 15] View_Consensus_Start: 30.391794940353
[METRICS 15] View_Consensus_End:   30.862367640386
[METRICS 15] View_Consensus_Latency: 0.470572700033 seconds
[METRICS 15] === ORDER SIGNATURE COLLECTION ===
[METRICS 15] Order_Signature_Collection_Start: 30.9
[METRICS 15] Order_Signature_Collection_End: 31.248588837343
[METRICS 15] Order_Signature_Collection_Duration: 0.348588837343 seconds
[METRICS 15] LaneLeader_Gossip_Duration: 0 seconds
[METRICS 15] === ORDER CONSENSUS ===
[METRICS 15] Order_Consensus_Start: 31.248588837343
[METRICS 15] Order_Consensus_End:   31.95
[METRICS 15] Order_Consensus_Latency: 0.701411162657 seconds
[METRICS 15] Order_BFT_Request_RTT: N/A (no local ORDER submit)
[METRICS 15] === OVERALL ===
[METRICS 15] Total_Consensus_Start: 30.2
[METRICS 15] Total_Consensus_End:   31.95
[METRICS 15] Total_Consensus_Duration: 1.75 seconds
[METRICS 15] Timing_Fallbacks: viewStart=1 orderStart=1 gossipWindow=1
[METRICS 15] Stop_Time: 30.2
[METRICS 15] Projected_Total_Wait: 1.75 seconds
--
========== CONSENSUS METRICS (Replica 3) ==========
[METRICS 3] === VIEW SIGNATURE COLLECTION ===
[METRICS 3] View_Signature_Collection_Start: 30.2
[METRICS 3] View_Signature_Collection_End: 30.426480050239
[METRICS 3] View_Signature_Collection_Duration: 0.226480050239 seconds
[METRICS 3] === VIEW CONSENSUS ===
[METRICS 3] View_Consensus_Start: 30.426480050239
[METRICS 3] View_Consensus_End:   30.926047686931
[METRICS 3] View_Consensus_Latency: 0.499567636692 seconds
[METRICS 3] === ORDER SIGNATURE COLLECTION ===
[METRICS 3] Order_Signature_Collection_Start: 30.95
[METRICS 3] Order_Signature_Collection_End: 31.089339148192
[METRICS 3] Order_Signature_Collection_Duration: 0.139339148192 seconds
[METRICS 3] LaneLeader_Gossip_Duration: 0.359298254137 seconds
[METRICS 3] === ORDER CONSENSUS ===
[METRICS 3] Order_Consensus_Start: 31.448637402329
[METRICS 3] Order_Consensus_End:   31.95
[METRICS 3] Order_Consensus_Latency: 0.501362597671 seconds
[METRICS 3] Order_BFT_Request_RTT: 4.852 seconds
[METRICS 3] === OVERALL ===
[METRICS 3] Total_Consensus_Start: 30.2
[METRICS 3] Total_Consensus_End:   31.95
[METRICS 3] Total_Consensus_Duration: 1.75 seconds
[ROUND-METRICS] Epoch 3 Avg_Order_BFT_Request_RTT_Submitter: 4.852 seconds (submittersCounted=1)
[METRICS 3] Stop_Time: 30.2
[METRICS 3] Projected_Total_Wait: 9.464285714286 seconds
--
========== CONSENSUS METRICS (Replica 7) ==========
[METRICS 7] === VIEW SIGNATURE COLLECTION ===
[METRICS 7] View_Signature_Collection_Start: 30.2
[METRICS 7] View_Signature_Collection_End: 30.426480070653
[METRICS 7] View_Signature_Collection_Duration: 0.226480070653 seconds
[METRICS 7] === VIEW CONSENSUS ===
[METRICS 7] View_Consensus_Start: 30.426480070653
[METRICS 7] View_Consensus_End:   30.862367640386
[METRICS 7] View_Consensus_Latency: 0.435887569733 seconds
[ROUND-METRICS] Epoch 3 Avg_View_Consensus_Latency_4Cars: 0.4850701611095 seconds (replicasCounted=4)
[METRICS 7] === ORDER SIGNATURE COLLECTION ===
[METRICS 7] Order_Signature_Collection_Start: 30.9
[METRICS 7] Order_Signature_Collection_End: 31.166886471741
[METRICS 7] Order_Signature_Collection_Duration: 0.266886471741 seconds
[METRICS 7] LaneLeader_Gossip_Duration: 0 seconds
[METRICS 7] === ORDER CONSENSUS ===
[METRICS 7] Order_Consensus_Start: 31.166886471741
[METRICS 7] Order_Consensus_End:   31.95
[METRICS 7] Order_Consensus_Latency: 0.783113528259 seconds
[METRICS 7] Order_BFT_Request_RTT: N/A (no local ORDER submit)
[METRICS 7] === OVERALL ===
[METRICS 7] Total_Consensus_Start: 30.2
[METRICS 7] Total_Consensus_End:   31.95
[METRICS 7] Total_Consensus_Duration: 1.75 seconds
[METRICS 7] Timing_Fallbacks: viewStart=1 orderStart=1 gossipWindow=1
[ROUND-METRICS] Epoch 3 Avg_Order_Consensus_Latency_4Cars: 0.65857707188775 seconds (replicasCounted=4)