[ROUND-METRICS] Epoch 0 Avg_View_Consensus_Latency_4Cars: 0.44438818493175 seconds (replicasCounted=4)
[ROUND-METRICS] Epoch 0 Avg_Order_Consensus_Latency_4Cars: 0.541725742559 seconds (replicasCounted=4)
[ROUND-METRICS] Epoch 0 Avg_Order_BFT_Request_RTT_Submitter: 7.783 seconds (submittersCounted=1)
[ROUND-METRICS] Epoch 1 Avg_ResetToViewEnd_4Cars: 8.7707192974945 seconds (replicasCounted=4)
[ROUND-METRICS] Epoch 1 Avg_Order_BFT_Request_RTT_Submitter: 6.263 seconds (submittersCounted=1)
[ROUND-METRICS] Epoch 1 Avg_View_Consensus_Latency_4Cars: 0.429295827088 seconds (replicasCounted=4)
[ROUND-METRICS] Epoch 1 Avg_Order_Consensus_Latency_4Cars: 0.49200428750775 seconds (replicasCounted=4)
[ROUND-METRICS] Epoch 2 Avg_ResetToViewEnd_4Cars: 9.009209389675 seconds (replicasCounted=4)
[ROUND-METRICS] Epoch 2 Avg_Order_BFT_Request_RTT_Submitter: 4.398 seconds (submittersCounted=1)
[ROUND-METRICS] Epoch 2 Avg_View_Consensus_Latency_4Cars: 0.43321071727725 seconds (replicasCounted=4)
[ROUND-METRICS] Epoch 2 Avg_Order_Consensus_Latency_4Cars: 0.61978843325075 seconds (replicasCounted=4)
[JNI] notifyViewAgreed: replica [ROUND-METRICS] Epoch 3 Avg_ResetToViewEnd_4Cars: 3, view=veh11,veh15,veh3,veh79.02789406360775
[ROUND-METRICS] Epoch 3 Avg_View_Consensus_Latency_4Cars: 0.35411927859375 seconds (replicasCounted=4)
[ROUND-METRICS] Epoch 3 Avg_Order_Consensus_Latency_4Cars: 0.62256558376825 seconds (replicasCounted=4)
[ROUND-METRICS] Epoch 3 Avg_Order_BFT_Request_RTT_Submitter: 4.562 seconds (submittersCounted=1)
========== CONSENSUS METRICS (Replica 12) ==========
[METRICS 12] === VIEW SIGNATURE COLLECTION ===
[METRICS 12] View_Signature_Collection_Start: 0.8
[METRICS 12] View_Signature_Collection_End: 0.729077375944
02:44:18.199 [Delivery Thread] DEBUG bftsmart.tom.ServiceReplica - BATCHEXECUTOR END
02:44:18.200 [Delivery Thread] DEBUG bftsmart.tom.ServiceReplica - Sending reply to 1000 with sequence number 1 and operation ID 1 via ReplyManager
[METRICS 12] View_Signature_Collection_Duration: -0.070922624056 seconds
[METRICS 12] === VIEW CONSENSUS ===
[METRICS 12] View_Consensus_Start: 0.729077375944
[METRICS 12] View_Consensus_End:   1.177510312241
[METRICS 12] View_Consensus_Latency: 0.448432936297 seconds
02:44:18.200 [Delivery Thread] INFO bftsmart.tom.ServiceReplica - [DELIVERY] Sending 1 reply/replies to client(s)
[METRICS 12] === ORDER SIGNATURE COLLECTION ===
[METRICS 12] Order_Signature_Collection_Start: 1.2
[METRICS 12] Order_Signature_Collection_End: 1.421188105981
[METRICS 12] Order_Signature_Collection_Duration: 0.221188105981 seconds
02:44:18.200 [Delivery Thread] INFO bftsmart.tom.ServiceReplica - [DELIVERY] Sending reply to client 1000 via ReplyManager (seq=1, opId=1)
[METRICS 12] LaneLeader_Gossip_Duration: 0 seconds
[METRICS 12] === ORDER CONSENSUS ===
[METRICS 12] Order_Consensus_Start: 1.421188105981
[METRICS 12] Order_Consensus_End:   2.05
02:44:18.200 [Delivery Thread] DEBUG bftsmart.tom.ServiceReplica - Sending reply to 1000 with sequence number 1 and operation ID 1 via ReplyManager
[METRICS 12] Order_Consensus_Latency: 0.628811894019 seconds
[METRICS 12] Order_BFT_Request_RTT: N/A (no local ORDER submit)
[METRICS 12] === OVERALL ===
[METRICS 12] Total_Consensus_Start: 0.8
--
========== CONSENSUS METRICS (Replica 4) ==========
[METRICS 4] === VIEW SIGNATURE COLLECTION ===
[METRICS 4] View_Signature_Collection_Start: 0.8
[METRICS 4] View_Signature_Collection_End: 0.738420454454
[METRICS 4] View_Signature_Collection_Duration: -0.061579545546 seconds
[METRICS 4] === VIEW CONSENSUS ===
[METRICS 4] View_Consensus_Start: 0.738420454454
[METRICS 4] View_Consensus_End:   1.182366755958
[METRICS 4] View_Consensus_Latency: 0.443946301504 seconds
[METRICS 4] === ORDER SIGNATURE COLLECTION ===
[METRICS 4] Order_Signature_Collection_Start: 1.2
[METRICS 4] Order_Signature_Collection_End: 1.355473062426
[METRICS 4] Order_Signature_Collection_Duration: 0.155473062426 seconds
02:44:18.200 [Server Comm. System] DEBUG bftsmart.tom.core.ExecutionManager - Received message  type=ACCEPT, number=1, epoch=0, from=12
[METRICS 4] LaneLeader_Gossip_Duration: 0 seconds
[METRICS 4] === ORDER CONSENSUS ===
[METRICS 4] Order_Consensus_Start: 1.355473062426
[METRICS 4] Order_Consensus_End:   2.05
[METRICS 4] Order_Consensus_Latency: 0.694526937574 seconds
[METRICS 4] Order_BFT_Request_RTT: N/A (no local ORDER submit)
[METRICS 4] === OVERALL ===
[METRICS 4] Total_Consensus_Start: 0.8
[METRICS 4] Total_Consensus_End:   2.05
[METRICS 4] Total_Consensus_Duration: 1.25 seconds
[METRICS 4] Timing_Fallbacks: viewStart=1 orderStart=1 gossipWindow=1
[METRICS 4] Stop_Time: 0.8
--
========== CONSENSUS METRICS (Replica 8) ==========
[METRICS 8] === VIEW SIGNATURE COLLECTION ===
[METRICS 8] View_Signature_Collection_Start: 0.8
[METRICS 8] View_Signature_Collection_End: 0.729077375979
02:44:18.200 [nioEventLoopGroup-34-12] DEBUG bftsmart.proxy - (current reqId: 1) Received reply from 11 with reqId: 1
[METRICS 8] View_Signature_Collection_Duration: -0.070922624021 seconds
[METRICS 8] === VIEW CONSENSUS ===
[METRICS 8] View_Consensus_Start: 0.729077375979
[METRICS 8] View_Consensus_End:   1.166064642744
[METRICS 8] View_Consensus_Latency: 0.436987266765 seconds
[METRICS 8] === ORDER SIGNATURE COLLECTION ===
[METRICS 8] Order_Signature_Collection_Start: 1.2
[METRICS 8] Order_Signature_Collection_End: 1.454071036576
[METRICS 8] Order_Signature_Collection_Duration: 0.254071036576 seconds
02:44:18.200 [nioEventLoopGroup-34-13] DEBUG bftsmart.communication.client.netty.NettyTOMMessageDecoder - Decoded reply from 12 with sequence number 1
[METRICS 8] LaneLeader_Gossip_Duration: 0 seconds
[METRICS 8] === ORDER CONSENSUS ===
[METRICS 8] Order_Consensus_Start: 1.454071036576
[METRICS 8] Order_Consensus_End:   2.05
[METRICS 8] Order_Consensus_Latency: 0.595928963424 seconds
[METRICS 8] Order_BFT_Request_RTT: N/A (no local ORDER submit)
[METRICS 8] === OVERALL ===
[METRICS 8] Total_Consensus_Start: 0.8
[METRICS 8] Total_Consensus_End:   2.05
[METRICS 8] Total_Consensus_Duration: 1.25 seconds
[METRICS 8] Timing_Fallbacks: viewStart=1 orderStart=1 gossipWindow=1
--
========== CONSENSUS METRICS (Replica 0) ==========
[METRICS 0] === VIEW SIGNATURE COLLECTION ===
[METRICS 0] View_Signature_Collection_Start: 0.6
[METRICS 0] View_Signature_Collection_End: 0.729077403178
[METRICS 0] View_Signature_Collection_Duration: 0.129077403178 seconds
[METRICS 0] === VIEW CONSENSUS ===
[METRICS 0] View_Consensus_Start: 0.729077403178
[METRICS 0] View_Consensus_End:   1.17726726165
[METRICS 0] View_Consensus_Latency: 0.448189858472 seconds
[ROUND-METRICS] Epoch 0 Avg_View_Consensus_Latency_4Cars: 0.4443890907595 seconds (replicasCounted=4)
[METRICS 0] === ORDER SIGNATURE COLLECTION ===
[METRICS 0] Order_Signature_Collection_Start: 1.2
[METRICS 0] Order_Signature_Collection_End: 1.339707076462
[METRICS 0] Order_Signature_Collection_Duration: 0.139707076462 seconds
[METRICS 0] LaneLeader_Gossip_Duration: 0.223116935009 seconds
[METRICS 0] === ORDER CONSENSUS ===
[METRICS 0] Order_Consensus_Start: 1.562824011471
[METRICS 0] Order_Consensus_End:   2.05
[METRICS 0] Order_Consensus_Latency: 0.487175988529 seconds
[METRICS 0] Order_BFT_Request_RTT: 9.44 seconds
[METRICS 0] === OVERALL ===
[METRICS 0] Total_Consensus_Start: 0.6
[METRICS 0] Total_Consensus_End:   2.05
[METRICS 0] Total_Consensus_Duration: 1.45 seconds
[ROUND-METRICS] Epoch 0 Avg_Order_Consensus_Latency_4Cars: 0.6016109458865 seconds (replicasCounted=4)
[ROUND-METRICS] Epoch 0 Avg_Order_BFT_Request_RTT_Submitter: 9.44 seconds (submittersCounted=1)
--
========== CONSENSUS METRICS (Replica 1) ==========
[METRICS 1] === VIEW SIGNATURE COLLECTION ===
[METRICS 1] View_Signature_Collection_Start: 10.4
[METRICS 1] View_Signature_Collection_End: 10.542494245925
[METRICS 1] View_Signature_Collection_Duration: 0.142494245925 seconds
[METRICS 1] === VIEW CONSENSUS ===
[METRICS 1] View_Consensus_Start: 10.542494245925
==============================================[METRICS 1] View_Consensus_End:   11.070989904916
[METRICS 1] View_Consensus_Latency: 0.528495658991 seconds

[METRICS 1] === ORDER SIGNATURE COLLECTION ===
[METRICS 1] Order_Signature_Collection_Start: 11.1
[V2V Layer 10] updateConnections() called[METRICS 1] Order_Signature_Collection_End: 11.327121342751

[METRICS 1] Order_Signature_Collection_Duration: 0.227121342751 seconds
[METRICS 1] LaneLeader_Gossip_Duration: 0.209133212853 seconds
[METRICS 1] === ORDER CONSENSUS ===
    Current view: [2, 3, 6, 7, 10, 11, 14, 15][METRICS 1] Order_Consensus_Start: 11.536254555604

[METRICS 1] Order_Consensus_End:   12.05
[METRICS 1] Order_Consensus_Latency: 0.513745444396 seconds
[METRICS 1] Order_BFT_Request_RTT: 5.329 seconds
[METRICS 1] === OVERALL ===
[METRICS 1] Total_Consensus_Start: 10.4
[METRICS 1] Total_Consensus_End:   12.05
    -> Removing connection to replica 1 (not in view)[METRICS 1] Total_Consensus_Duration: 1.65 seconds
--
========== CONSENSUS METRICS (Replica 13) ==========
[METRICS 13] === VIEW SIGNATURE COLLECTION ===
[METRICS 13] View_Signature_Collection_Start: 10.4
[METRICS 13] View_Signature_Collection_End: 10.530491020453
[METRICS 13] View_Signature_Collection_Duration: 0.130491020453 seconds
[METRICS 13] === VIEW CONSENSUS ===
[METRICS 13] View_Consensus_Start: 10.530491020453
[METRICS 13] View_Consensus_End:   11.070989166715
[METRICS 13] View_Consensus_Latency: 0.540498146262 seconds
[METRICS 13] === ORDER SIGNATURE COLLECTION ===
[METRICS 13] Order_Signature_Collection_Start: 11.1
[METRICS 13] Order_Signature_Collection_End: 11.35570196249
[METRICS 13] Order_Signature_Collection_Duration: 0.25570196249 seconds
[METRICS 13] LaneLeader_Gossip_Duration: 0 seconds
[METRICS 13] === ORDER CONSENSUS ===
[METRICS 13] Order_Consensus_Start: 11.35570196249
[METRICS 13] Order_Consensus_End:   12.05
[METRICS 13] Order_Consensus_Latency: 0.69429803751 seconds
[METRICS 13] Order_BFT_Request_RTT: N/A (no local ORDER submit)
[METRICS 13] === OVERALL ===
[METRICS 13] Total_Consensus_Start: 10.4
[METRICS 13] Total_Consensus_End:   12.05
[METRICS 13] Total_Consensus_Duration: 1.65 seconds
[METRICS 13] Timing_Fallbacks: viewStart=1 orderStart=1 gossipWindow=1
[METRICS 13] Stop_Time: 10.4
[METRICS 13] Projected_Total_Wait: 4.221428571429 seconds
--
========== CONSENSUS METRICS (Replica 5) ==========
[METRICS 5] === VIEW SIGNATURE COLLECTION ===
[METRICS 5] View_Signature_Collection_Start: 10.4
[METRICS 5] View_Signature_Collection_End: 10.54249418805
[METRICS 5] View_Signature_Collection_Duration: 0.14249418805 seconds
[METRICS 5] === VIEW CONSENSUS ===
[METRICS 5] View_Consensus_Start: 10.54249418805
[METRICS 5] View_Consensus_End:   11.070989132172
[METRICS 5] View_Consensus_Latency: 0.528494944122 seconds
[METRICS 5] === ORDER SIGNATURE COLLECTION ===
[METRICS 5] Order_Signature_Collection_Start: 11.1
[METRICS 5] Order_Signature_Collection_End: 11.30932055515
[METRICS 5] Order_Signature_Collection_Duration: 0.20932055515 seconds
[METRICS 5] LaneLeader_Gossip_Duration: 0 seconds
[METRICS 5] === ORDER CONSENSUS ===
[METRICS 5] Order_Consensus_Start: 11.30932055515
[METRICS 5] Order_Consensus_End:   12.05
[METRICS 5] Order_Consensus_Latency: 0.74067944485 seconds
[METRICS 5] Order_BFT_Request_RTT: N/A (no local ORDER submit)
[METRICS 5] === OVERALL ===
[METRICS 5] Total_Consensus_Start: 10.4
[METRICS 5] Total_Consensus_End:   12.05
[METRICS 5] Total_Consensus_Duration: 1.65 seconds
[METRICS 5] Timing_Fallbacks: viewStart=1 orderStart=1 gossipWindow=1
[METRICS 5] Stop_Time: 10.4
[METRICS 5] Projected_Total_Wait: 6.792857142857 seconds
--
========== CONSENSUS METRICS (Replica 9) ==========
[METRICS 9] === VIEW SIGNATURE COLLECTION ===
[METRICS 9] View_Signature_Collection_Start: 10.4
[METRICS 9] View_Signature_Collection_End: 10.530491040965
[METRICS 9] View_Signature_Collection_Duration: 0.130491040965 seconds
[METRICS 9] === VIEW CONSENSUS ===
[METRICS 9] View_Consensus_Start: 10.530491040965
[METRICS 9] View_Consensus_End:   11.075966205934
[METRICS 9] View_Consensus_Latency: 0.545475164969 seconds
[ROUND-METRICS] Epoch 1 Avg_View_Consensus_Latency_4Cars: 0.535740978586 seconds (replicasCounted=4)
[METRICS 9] === ORDER SIGNATURE COLLECTION ===
[METRICS 9] Order_Signature_Collection_Start: 11.1
[METRICS 9] Order_Signature_Collection_End: 11.368165132844
[METRICS 9] Order_Signature_Collection_Duration: 0.268165132844 seconds
[METRICS 9] LaneLeader_Gossip_Duration: 0 seconds
[METRICS 9] === ORDER CONSENSUS ===
[METRICS 9] Order_Consensus_Start: 11.368165132844
[METRICS 9] Order_Consensus_End:   12.05
[METRICS 9] Order_Consensus_Latency: 0.681834867156 seconds
[METRICS 9] Order_BFT_Request_RTT: N/A (no local ORDER submit)
[METRICS 9] === OVERALL ===
[METRICS 9] Total_Consensus_Start: 10.4
[METRICS 9] Total_Consensus_End:   12.05
[METRICS 9] Total_Consensus_Duration: 1.65 seconds
[METRICS 9] Timing_Fallbacks: viewStart=1 orderStart=1 gossipWindow=1
[ROUND-METRICS] Epoch 1 Avg_Order_Consensus_Latency_4Cars: 0.657639448478 seconds (replicasCounted=4)
--
========== CONSENSUS METRICS (Replica 10) ==========
[METRICS 10] === VIEW SIGNATURE COLLECTION ===
[METRICS 10] View_Signature_Collection_Start: 20.4
[METRICS 10] View_Signature_Collection_End: 20.51504543891
[METRICS 10] View_Signature_Collection_Duration: 0.11504543891 seconds
[METRICS 10] === VIEW CONSENSUS ===
[METRICS 10] View_Consensus_Start: 20.51504543891
[METRICS 10] View_Consensus_End:   21.006130301115
[METRICS 10] View_Consensus_Latency: 0.491084862205 seconds
[METRICS 10] === ORDER SIGNATURE COLLECTION ===
[METRICS 10] Order_Signature_Collection_Start: 21.05
[METRICS 10] Order_Signature_Collection_End: 21.244485467102
[METRICS 10] Order_Signature_Collection_Duration: 0.194485467102 seconds
[METRICS 10] LaneLeader_Gossip_Duration: 0 seconds
[METRICS 10] === ORDER CONSENSUS ===
[METRICS 10] Order_Consensus_Start: 21.244485467102
[METRICS 10] Order_Consensus_End:   21.95
[METRICS 10] Order_Consensus_Latency: 0.705514532898 seconds
[METRICS 10] Order_BFT_Request_RTT: N/A (no local ORDER submit)
[METRICS 10] === OVERALL ===
[METRICS 10] Total_Consensus_Start: 20.4
[METRICS 10] Total_Consensus_End:   21.95
[METRICS 10] Total_Consensus_Duration: 1.55 seconds
[METRICS 10] Timing_Fallbacks: viewStart=1 orderStart=1 gossipWindow=1
[METRICS 10] Stop_Time: 20.4
[METRICS 10] Projected_Total_Wait: 4.121428571429 seconds
--
========== CONSENSUS METRICS (Replica 14) ==========
[METRICS 14] === VIEW SIGNATURE COLLECTION ===
[METRICS 14] View_Signature_Collection_Start: 20.4
[METRICS 14] View_Signature_Collection_End: 20.515045418527
[METRICS 14] View_Signature_Collection_Duration: 0.115045418527 seconds
[METRICS 14] === VIEW CONSENSUS ===
[METRICS 14] View_Consensus_Start: 20.515045418527
[METRICS 14] View_Consensus_End:   20.988582225803
[METRICS 14] View_Consensus_Latency: 0.473536807276 seconds
[METRICS 14] === ORDER SIGNATURE COLLECTION ===
[METRICS 14] Order_Signature_Collection_Start: 21
[METRICS 14] Order_Signature_Collection_End: 21.271176895677
[METRICS 14] Order_Signature_Collection_Duration: 0.271176895677 seconds
[METRICS 14] LaneLeader_Gossip_Duration: 0 seconds
[METRICS 14] === ORDER CONSENSUS ===
[METRICS 14] Order_Consensus_Start: 21.271176895677
[METRICS 14] Order_Consensus_End:   21.95
[METRICS 14] Order_Consensus_Latency: 0.678823104323 seconds
[METRICS 14] Order_BFT_Request_RTT: N/A (no local ORDER submit)
[METRICS 14] === OVERALL ===
[METRICS 14] Total_Consensus_Start: 20.4
[METRICS 14] Total_Consensus_End:   21.95
[METRICS 14] Total_Consensus_Duration: 1.55 seconds
[METRICS 14] Timing_Fallbacks: viewStart=1 orderStart=1 gossipWindow=1
[METRICS 14] Stop_Time: 20.4
[METRICS 14] Projected_Total_Wait: 1.55 seconds
--
========== CONSENSUS METRICS (Replica 2) ==========
[METRICS 2] === VIEW SIGNATURE COLLECTION ===
[METRICS 2] View_Signature_Collection_Start: 20.4
[METRICS 2] View_Signature_Collection_End: 20.564556901369
[METRICS 2] View_Signature_Collection_Duration: 0.164556901369 seconds
[METRICS 2] === VIEW CONSENSUS ===
[METRICS 2] View_Consensus_Start: 20.564556901369
[METRICS 2] View_Consensus_End:   21.006130301115
[METRICS 2] View_Consensus_Latency: 0.441573399746 seconds
[METRICS 2] === ORDER SIGNATURE COLLECTION ===
[METRICS 2] Order_Signature_Collection_Start: 21.05
[METRICS 2] Order_Signature_Collection_End: 21.213555800596
[METRICS 2] Order_Signature_Collection_Duration: 0.163555800596 seconds
[METRICS 2] LaneLeader_Gossip_Duration: 0.252534933488 seconds
[METRICS 2] === ORDER CONSENSUS ===
[METRICS 2] Order_Consensus_Start: 21.466090734084
[METRICS 2] Order_Consensus_End:   21.95
[METRICS 2] Order_Consensus_Latency: 0.483909265916 seconds
[METRICS 2] Order_BFT_Request_RTT: 4.465 seconds
[METRICS 2] === OVERALL ===
[METRICS 2] Total_Consensus_Start: 20.4
[METRICS 2] Total_Consensus_End:   21.95
[METRICS 2] Total_Consensus_Duration: 1.55 seconds
[ROUND-METRICS] Epoch 2 Avg_Order_BFT_Request_RTT_Submitter: 4.465 seconds (submittersCounted=1)
[METRICS 2] Stop_Time: 20.4
[METRICS 2] Projected_Total_Wait: 6.692857142857 seconds
--
========== CONSENSUS METRICS (Replica 6) ==========
[METRICS 6] === VIEW SIGNATURE COLLECTION ===
[METRICS 6] View_Signature_Collection_Start: 20.4
[METRICS 6] View_Signature_Collection_End: 20.564556843488
[METRICS 6] View_Signature_Collection_Duration: 0.164556843488 seconds
[METRICS 6] === VIEW CONSENSUS ===
[METRICS 6] View_Consensus_Start: 20.564556843488
[METRICS 6] View_Consensus_End:   21.006130301115
[METRICS 6] View_Consensus_Latency: 0.441573457627 seconds
[ROUND-METRICS] Epoch 2 Avg_View_Consensus_Latency_4Cars: 0.4619421317135 seconds (replicasCounted=4)
[METRICS 6] === ORDER SIGNATURE COLLECTION ===
[METRICS 6] Order_Signature_Collection_Start: 21.05
[METRICS 6] Order_Signature_Collection_End: 21.249569584038
[METRICS 6] Order_Signature_Collection_Duration: 0.199569584038 seconds
[METRICS 6] LaneLeader_Gossip_Duration: 0 seconds
[METRICS 6] === ORDER CONSENSUS ===
[METRICS 6] Order_Consensus_Start: 21.249569584038
[METRICS 6] Order_Consensus_End:   21.95
[METRICS 6] Order_Consensus_Latency: 0.700430415962 seconds
[METRICS 6] Order_BFT_Request_RTT: N/A (no local ORDER submit)
[METRICS 6] === OVERALL ===
[METRICS 6] Total_Consensus_Start: 20.4
[METRICS 6] Total_Consensus_End:   21.95
[METRICS 6] Total_Consensus_Duration: 1.55 seconds
[METRICS 6] Timing_Fallbacks: viewStart=1 orderStart=1 gossipWindow=1
[ROUND-METRICS] Epoch 2 Avg_Order_Consensus_Latency_4Cars: 0.64216932977475 seconds (replicasCounted=4)
--
========== CONSENSUS METRICS (Replica 11) ==========
[METRICS 11] === VIEW SIGNATURE COLLECTION ===
[METRICS 11] View_Signature_Collection_Start: 30.2
[METRICS 11] View_Signature_Collection_End: 30.372749107192
[METRICS 11] View_Signature_Collection_Duration: 0.172749107192 seconds
[METRICS 11] === VIEW CONSENSUS ===
[METRICS 11] View_Consensus_Start: 30.372749107192
[METRICS 11] View_Consensus_End:   30.833696804707
[METRICS 11] View_Consensus_Latency: 0.460947697515 seconds
[METRICS 11] === ORDER SIGNATURE COLLECTION ===
[METRICS 11] Order_Signature_Collection_Start: 30.85
[METRICS 11] Order_Signature_Collection_End: 31.14797359123
[METRICS 11] Order_Signature_Collection_Duration: 0.29797359123 seconds
[METRICS 11] LaneLeader_Gossip_Duration: 0 seconds
[METRICS 11] === ORDER CONSENSUS ===
[METRICS 11] Order_Consensus_Start: 31.14797359123
[METRICS 11] Order_Consensus_End:   31.85
[METRICS 11] Order_Consensus_Latency: 0.70202640877 seconds
[METRICS 11] Order_BFT_Request_RTT: N/A (no local ORDER submit)
[METRICS 11] === OVERALL ===
[METRICS 11] Total_Consensus_Start: 30.2
[METRICS 11] Total_Consensus_End:   31.85
[METRICS 11] Total_Consensus_Duration: 1.65 seconds
[METRICS 11] Timing_Fallbacks: viewStart=1 orderStart=1 gossipWindow=1
[METRICS 11] Stop_Time: 30.2
[METRICS 11] Projected_Total_Wait: 1.65 seconds
--
========== CONSENSUS METRICS (Replica 15) ==========
[METRICS 15] === VIEW SIGNATURE COLLECTION ===
[METRICS 15] View_Signature_Collection_Start: 30.2
[METRICS 15] View_Signature_Collection_End: 30.372749107193
[METRICS 15] View_Signature_Collection_Duration: 0.172749107193 seconds
[METRICS 15] === VIEW CONSENSUS ===
[METRICS 15] View_Consensus_Start: 30.372749107193
[METRICS 15] View_Consensus_End:   30.833696804707
[METRICS 15] View_Consensus_Latency: 0.460947697514 seconds
[METRICS 15] === ORDER SIGNATURE COLLECTION ===
[METRICS 15] Order_Signature_Collection_Start: 30.85
[METRICS 15] Order_Signature_Collection_End: 31.185488750422
[METRICS 15] Order_Signature_Collection_Duration: 0.335488750422 seconds
[METRICS 15] LaneLeader_Gossip_Duration: 0 seconds
[METRICS 15] === ORDER CONSENSUS ===
[METRICS 15] Order_Consensus_Start: 31.185488750422
[METRICS 15] Order_Consensus_End:   31.85
[METRICS 15] Order_Consensus_Latency: 0.664511249578 seconds
[METRICS 15] Order_BFT_Request_RTT: N/A (no local ORDER submit)
[METRICS 15] === OVERALL ===
[METRICS 15] Total_Consensus_Start: 30.2
[METRICS 15] Total_Consensus_End:   31.85
[METRICS 15] Total_Consensus_Duration: 1.65 seconds
[METRICS 15] Timing_Fallbacks: viewStart=1 orderStart=1 gossipWindow=1
[METRICS 15] Stop_Time: 30.2
[METRICS 15] Projected_Total_Wait: 4.221428571429 seconds
--
========== CONSENSUS METRICS (Replica 3) ==========
[METRICS 3] === VIEW SIGNATURE COLLECTION ===
[METRICS 3] View_Signature_Collection_Start: 30.2
[METRICS 3] View_Signature_Collection_End: 30.414922149245
[METRICS 3] View_Signature_Collection_Duration: 0.214922149245 seconds
[METRICS 3] === VIEW CONSENSUS ===
[METRICS 3] View_Consensus_Start: 30.414922149245
[METRICS 3] View_Consensus_End:   30.91068113238
[METRICS 3] View_Consensus_Latency: 0.495758983135 seconds
[METRICS 3] === ORDER SIGNATURE COLLECTION ===
[METRICS 3] Order_Signature_Collection_Start: 30.95
[METRICS 3] Order_Signature_Collection_End: 31.151204633283
[METRICS 3] Order_Signature_Collection_Duration: 0.201204633283 seconds
[METRICS 3] LaneLeader_Gossip_Duration: 0.217687703915 seconds
[METRICS 3] === ORDER CONSENSUS ===
[METRICS 3] Order_Consensus_Start: 31.368892337198
[METRICS 3] Order_Consensus_End:   31.85
[METRICS 3] Order_Consensus_Latency: 0.481107662802 seconds
[METRICS 3] Order_BFT_Request_RTT: N/A (no local ORDER submit)
[METRICS 3] === OVERALL ===
[METRICS 3] Total_Consensus_Start: 30.2
[METRICS 3] Total_Consensus_End:   31.85
[METRICS 3] Total_Consensus_Duration: 1.65 seconds
[METRICS 3] Stop_Time: 30.2
[METRICS 3] Projected_Total_Wait: 6.792857142857 seconds
[METRICS 3] Scheduled_Resume: 36.992857142857
--
========== CONSENSUS METRICS (Replica 3) ==========
[METRICS 3] === VIEW SIGNATURE COLLECTION ===
[METRICS 3] View_Signature_Collection_Start: 30.2
[METRICS 3] View_Signature_Collection_End: 30.414922149245
[METRICS 3] View_Signature_Collection_Duration: 0.214922149245 seconds
[METRICS 3] === VIEW CONSENSUS ===
[METRICS 3] View_Consensus_Start: 30.414922149245
[METRICS 3] View_Consensus_End:   30.91068113238
[METRICS 3] View_Consensus_Latency: 0.495758983135 seconds
[METRICS 3] === ORDER SIGNATURE COLLECTION ===
[METRICS 3] Order_Signature_Collection_Start: 30.95
[METRICS 3] Order_Signature_Collection_End: 31.151204633283
[METRICS 3] Order_Signature_Collection_Duration: 0.201204633283 seconds
[METRICS 3] LaneLeader_Gossip_Duration: 0.217687703915 seconds
[METRICS 3] === ORDER CONSENSUS ===
[METRICS 3] Order_Consensus_Start: 31.368892337198
[METRICS 3] Order_Consensus_End:   31.9
[METRICS 3] Order_Consensus_Latency: 0.531107662802 seconds
[METRICS 3] Order_BFT_Request_RTT: 4.793 seconds
[METRICS 3] === OVERALL ===
[METRICS 3] Total_Consensus_Start: 30.2
[METRICS 3] Total_Consensus_End:   31.9
[METRICS 3] Total_Consensus_Duration: 1.7 seconds
[ROUND-METRICS] Epoch 3 Avg_Order_BFT_Request_RTT_Submitter: 4.793 seconds (submittersCounted=1)
[METRICS 3] Stop_Time: 30.2
[METRICS 3] Projected_Total_Wait: 6.842857142857 seconds
--
========== CONSENSUS METRICS (Replica 7) ==========
[METRICS 7] === VIEW SIGNATURE COLLECTION ===
[METRICS 7] View_Signature_Collection_Start: 30.2
[METRICS 7] View_Signature_Collection_End: 30.414922169693
[METRICS 7] View_Signature_Collection_Duration: 0.214922169693 seconds
[METRICS 7] === VIEW CONSENSUS ===
[METRICS 7] View_Consensus_Start: 30.414922169693
[METRICS 7] View_Consensus_End:   30.910681920233
[METRICS 7] View_Consensus_Latency: 0.49575975054 seconds
[ROUND-METRICS] Epoch 3 Avg_View_Consensus_Latency_4Cars: 0.478353532176 seconds (replicasCounted=4)
[METRICS 7] === ORDER SIGNATURE COLLECTION ===
[METRICS 7] Order_Signature_Collection_Start: 30.95
[METRICS 7] Order_Signature_Collection_End: 31.191033813732
[METRICS 7] Order_Signature_Collection_Duration: 0.241033813732 seconds
[METRICS 7] LaneLeader_Gossip_Duration: 0 seconds
[METRICS 7] === ORDER CONSENSUS ===
[METRICS 7] Order_Consensus_Start: 31.191033813732
[METRICS 7] Order_Consensus_End:   31.9
[METRICS 7] Order_Consensus_Latency: 0.708966186268 seconds
[METRICS 7] Order_BFT_Request_RTT: N/A (no local ORDER submit)
[METRICS 7] === OVERALL ===
[METRICS 7] Total_Consensus_Start: 30.2
[METRICS 7] Total_Consensus_End:   31.9
[METRICS 7] Total_Consensus_Duration: 1.7 seconds
[METRICS 7] Timing_Fallbacks: viewStart=1 orderStart=1 gossipWindow=1
[ROUND-METRICS] Epoch 3 Avg_Order_Consensus_Latency_4Cars: 0.6516528768545 seconds (replicasCounted=4)