[ROUND-METRICS] Epoch 0 Avg_ProposeAll_Consensus_Wall: 3.135000 seconds
[ROUND-METRICS] Epoch 0 Arrival_To_Resume_Time veh0: 5.600000 seconds
[ROUND-METRICS] Epoch 0 Arrival_To_Resume_Time veh1: 5.800000 seconds
[ROUND-METRICS] Epoch 0 Arrival_To_Resume_Time veh2: 5.500000 seconds
[ROUND-METRICS] Epoch 0 Arrival_To_Resume_Time veh3: 9.100000 seconds
[ROUND-METRICS] Epoch 0 Arrival_To_Resume_Time veh4: 5.500000 seconds
[ROUND-METRICS] Epoch 0 Arrival_To_Resume_Time veh5: 8.000000 seconds
[ROUND-METRICS] Epoch 0 Arrival_To_Resume_Time veh6: 7.500000 seconds
[ROUND-METRICS] Epoch 0 Arrival_To_Resume_Time veh7: 9.900000 seconds
[ROUND-METRICS] Epoch 0 Arrival_To_Resume_Time veh8: 2.550000 seconds
[ROUND-METRICS] Epoch 0 Arrival_To_Resume_Time veh9: 7.800000 seconds
[ROUND-METRICS] Epoch 0 Arrival_To_Resume_Time veh10: 8.300000 seconds
[ROUND-METRICS] Epoch 0 Arrival_To_Resume_Time veh11: 10.700000 seconds
[ROUND-METRICS] Epoch 0 Arrival_To_Resume_Time veh12: 2.800000 seconds
[ROUND-METRICS] Epoch 0 Arrival_To_Resume_Time veh13: 4.600000 seconds
[ROUND-METRICS] Epoch 0 Arrival_To_Resume_Time veh14: 5.550000 seconds
[ROUND-METRICS] Epoch 0 Arrival_To_Resume_Time veh15: 8.300000 seconds
[ROUND-METRICS] Epoch 0 Avg_Messages_Sent_PerReplica: 24.125 (count=16)
[ROUND-METRICS] Epoch 0 Avg_Messages_Received_PerReplica: 77.062 (count=16)
[ROUND-METRICS] Epoch 0 Avg_Arrival_To_Resume_Time: 6.718750 seconds (goCars=16)
[ROUND-METRICS] Epoch 0 Avg_StopSign_Failures: 0.000 (count)
[ROUND-METRICS] Epoch 1 Avg_StopSign_Failures: 0.000 (count)
[ROUND-METRICS] Epoch 2 Avg_StopSign_Failures: 0.000 (count)
[ROUND-METRICS] Epoch 3 Avg_StopSign_Failures: 0.000 (count)
[RUN-METRICS] Throughput_User_Definition: 0.461328 seconds_per_vehicle
[RUN-METRICS] Throughput_Vehicles_Per_Second: 2.167655 vehicles_per_second
[RUN-METRICS] Wait_Intersection_All_Mean: 7.381250 seconds
[RUN-METRICS] Wait_Intersection_All_P95: 10.750000 seconds
[RUN-METRICS] Wait_Intersection_Normal_Mean: 7.680000 seconds
[RUN-METRICS] Wait_Intersection_Ambulance_Mean: 2.900000 seconds
[RUN-METRICS] Arrival_To_Resume_Mean: 6.718750 seconds
[RUN-METRICS] Resume_To_Depart_Mean: 0.662500 seconds
[RUN-METRICS] Jains_Fairness_All: 0.908265
[RUN-METRICS] Jains_Fairness_Normal: 0.929970
[RUN-METRICS] Ambulance_Priority_Gain: 4.780000 seconds
[RUN-METRICS] Ambulance_Priority_Ratio: 0.377604
[RUN-METRICS] Byzantine_Injections_Total: 10
[RUN-METRICS] Byzantine_Injections_Epoch0: 10
[RUN-METRICS] Byzantine_Injections_Epoch1: 0
[RUN-METRICS] Byzantine_Injections_Epoch2: 0
[RUN-METRICS] Byzantine_Injections_Epoch3: 0
[RUN-METRICS] Delivery_Ratio: 0.213973
[RUN-METRICS] Estimated_Loss_Rate: 0.786027
[RUN-METRICS] Fallback_Count: 0
[RUN-METRICS] Fallback_Rate: 0.000000
[ROUND-METRICS] Epoch 0 Throughput_User_Definition: 0.461328 seconds_per_vehicle
[ROUND-METRICS] Epoch 0 Throughput_Vehicles_Per_Second: 2.167655 vehicles_per_second
[ROUND-METRICS] Epoch 0 Wait_Normal_Mean: 7.680000 seconds
[ROUND-METRICS] Epoch 0 Wait_Ambulance_Mean: 2.900000 seconds
