[ROUND-METRICS] Epoch 0 Avg_Messages_Sent_PerReplica: 340.250 (count=8)
[ROUND-METRICS] Epoch 0 Avg_Messages_Received_PerReplica: 629.375 (count=8)
[ROUND-METRICS] Epoch 0 Avg_StopSign_Failures: 0.000 (count)
[ROUND-METRICS] Epoch 1 Avg_StopSign_Failures: 0.000 (count)
[RUN-METRICS] Throughput_User_Definition: 1.274312 seconds_per_vehicle
[RUN-METRICS] Throughput_Vehicles_Per_Second: 0.784737 vehicles_per_second
[RUN-METRICS] Wait_Intersection_All_Mean: 10.194500 seconds
[RUN-METRICS] Wait_Intersection_All_P95: 13.945000 seconds
[RUN-METRICS] Wait_Intersection_Normal_Mean: 10.565143 seconds
[RUN-METRICS] Wait_Intersection_Ambulance_Mean: 7.600000 seconds
[RUN-METRICS] Stop_To_Resume_Mean: 8.765750 seconds
[RUN-METRICS] Resume_To_Depart_Mean: 1.428750 seconds
[RUN-METRICS] Jains_Fairness_All: 0.952996
[RUN-METRICS] Jains_Fairness_Normal: 0.959107
[RUN-METRICS] Ambulance_Priority_Gain: 2.965143 seconds
[RUN-METRICS] Ambulance_Priority_Ratio: 0.719347
[RUN-METRICS] Byzantine_Injections_Total: 0
[RUN-METRICS] Byzantine_Injections_Epoch0: 0
[RUN-METRICS] Byzantine_Injections_Epoch1: 0
[RUN-METRICS] Delivery_Ratio: 0.291225
[RUN-METRICS] Estimated_Loss_Rate: 0.708775
[RUN-METRICS] Fallback_Count: 0
[RUN-METRICS] Fallback_Rate: 0.000000
[ROUND-METRICS] Epoch 0 Throughput_User_Definition: 1.274312 seconds_per_vehicle
[ROUND-METRICS] Epoch 0 Throughput_Vehicles_Per_Second: 0.784737 vehicles_per_second
[ROUND-METRICS] Epoch 0 Wait_Normal_Mean: 10.565143 seconds
[ROUND-METRICS] Epoch 0 Wait_Ambulance_Mean: 7.600000 seconds
