[ROUND-METRICS] Epoch 0 Avg_ProposeAll_Consensus_Wall: 2.605000 seconds
[ROUND-METRICS] Epoch 0 Arrival_To_Resume_Time veh0: 5.500000 seconds
[ROUND-METRICS] Epoch 0 Arrival_To_Resume_Time veh1: 6.100000 seconds
[ROUND-METRICS] Epoch 0 Arrival_To_Resume_Time veh2: 7.100000 seconds
[ROUND-METRICS] Epoch 0 Arrival_To_Resume_Time veh3: 8.300000 seconds
[ROUND-METRICS] Epoch 0 Arrival_To_Resume_Time veh4: 5.300000 seconds
[ROUND-METRICS] Epoch 0 Arrival_To_Resume_Time veh5: 6.100000 seconds
[ROUND-METRICS] Epoch 0 Arrival_To_Resume_Time veh6: 7.100000 seconds
[ROUND-METRICS] Epoch 0 Arrival_To_Resume_Time veh7: 8.300000 seconds
[ROUND-METRICS] Epoch 0 Arrival_To_Resume_Time veh8: 0.900000 seconds
[ROUND-METRICS] Epoch 0 Arrival_To_Resume_Time veh9: 1.700000 seconds
[ROUND-METRICS] Epoch 0 Arrival_To_Resume_Time veh10: 2.700000 seconds
[ROUND-METRICS] Epoch 0 Arrival_To_Resume_Time veh11: 3.900000 seconds
[ROUND-METRICS] Epoch 0 Arrival_To_Resume_Time veh12: 0.900000 seconds
[ROUND-METRICS] Epoch 0 Arrival_To_Resume_Time veh13: 1.700000 seconds
[ROUND-METRICS] Epoch 0 Arrival_To_Resume_Time veh14: 2.700000 seconds
[ROUND-METRICS] Epoch 0 Arrival_To_Resume_Time veh15: 3.900000 seconds
[ROUND-METRICS] Epoch 0 Avg_Messages_Sent_PerReplica: 31.062 (count=16)
[ROUND-METRICS] Epoch 0 Avg_Messages_Received_PerReplica: 141.500 (count=16)
[ROUND-METRICS] Epoch 0 Avg_Arrival_To_Resume_Time: 4.512500 seconds (goCars=16)
[ROUND-METRICS] Epoch 0 Avg_StopSign_Failures: 0.000 (count)
[ROUND-METRICS] Epoch 1 Avg_StopSign_Failures: 0.000 (count)
[ROUND-METRICS] Epoch 2 Avg_StopSign_Failures: 0.000 (count)
[ROUND-METRICS] Epoch 3 Avg_StopSign_Failures: 0.000 (count)
[RUN-METRICS] Throughput_User_Definition: 0.460000 seconds_per_vehicle
[RUN-METRICS] Throughput_Vehicles_Per_Second: 2.173913 vehicles_per_second
[RUN-METRICS] Wait_Intersection_All_Mean: 4.926667 seconds
[RUN-METRICS] Wait_Intersection_All_P95: 8.400000 seconds
[RUN-METRICS] Wait_Intersection_Normal_Mean: 4.992857 seconds
[RUN-METRICS] Wait_Intersection_Ambulance_Mean: 4.000000 seconds
[RUN-METRICS] Arrival_To_Resume_Mean: 4.512500 seconds
[RUN-METRICS] Resume_To_Depart_Mean: 0.520000 seconds
[RUN-METRICS] Jains_Fairness_All: 0.793671
[RUN-METRICS] Jains_Fairness_Normal: 0.788292
[RUN-METRICS] Ambulance_Priority_Gain: 0.992857 seconds
[RUN-METRICS] Ambulance_Priority_Ratio: 0.801144
[RUN-METRICS] Byzantine_Injections_Total: 8
[RUN-METRICS] Byzantine_Injections_Epoch0: 8
[RUN-METRICS] Byzantine_Injections_Epoch1: 0
[RUN-METRICS] Byzantine_Injections_Epoch2: 0
[RUN-METRICS] Byzantine_Injections_Epoch3: 0
[ROUND-METRICS] Epoch 0 Throughput_User_Definition: 0.460000 seconds_per_vehicle
[ROUND-METRICS] Epoch 0 Throughput_Vehicles_Per_Second: 2.173913 vehicles_per_second
[ROUND-METRICS] Epoch 0 Wait_Normal_Mean: 4.992857 seconds
[ROUND-METRICS] Epoch 0 Wait_Ambulance_Mean: 4.000000 seconds
