[ROUND-METRICS] Epoch 0 Avg_ProposeAll_Consensus_Wall: 2.174000 seconds
[ROUND-METRICS] Epoch 0 Arrival_To_Resume_Time veh0: 1.050000 seconds
[ROUND-METRICS] Epoch 0 Arrival_To_Resume_Time veh1: 2.300000 seconds
[ROUND-METRICS] Epoch 0 Arrival_To_Resume_Time veh2: 3.900000 seconds
[ROUND-METRICS] Epoch 0 Arrival_To_Resume_Time veh3: 5.700000 seconds
[ROUND-METRICS] Epoch 0 Arrival_To_Resume_Time veh4: 0.850000 seconds
[ROUND-METRICS] Epoch 0 Arrival_To_Resume_Time veh5: 2.300000 seconds
[ROUND-METRICS] Epoch 0 Arrival_To_Resume_Time veh6: 3.900000 seconds
[ROUND-METRICS] Epoch 0 Arrival_To_Resume_Time veh7: 5.700000 seconds
[ROUND-METRICS] Epoch 0 Arrival_To_Resume_Time veh8: 1.500000 seconds
[ROUND-METRICS] Epoch 0 Arrival_To_Resume_Time veh9: 3.100000 seconds
[ROUND-METRICS] Epoch 0 Arrival_To_Resume_Time veh10: 4.700000 seconds
[ROUND-METRICS] Epoch 0 Arrival_To_Resume_Time veh11: 6.500000 seconds
[ROUND-METRICS] Epoch 0 Arrival_To_Resume_Time veh12: 1.500000 seconds
[ROUND-METRICS] Epoch 0 Arrival_To_Resume_Time veh13: 3.100000 seconds
[ROUND-METRICS] Epoch 0 Arrival_To_Resume_Time veh14: 4.700000 seconds
[ROUND-METRICS] Epoch 0 Arrival_To_Resume_Time veh15: 6.500000 seconds
[ROUND-METRICS] Epoch 0 Avg_Messages_Sent_PerReplica: 30.125 (count=16)
[ROUND-METRICS] Epoch 0 Avg_Messages_Received_PerReplica: 130.625 (count=16)
[ROUND-METRICS] Epoch 0 Avg_Arrival_To_Resume_Time: 3.581250 seconds (goCars=16)
[ROUND-METRICS] Epoch 0 Avg_StopSign_Failures: 0.000 (count)
[ROUND-METRICS] Epoch 1 Avg_StopSign_Failures: 0.000 (count)
[ROUND-METRICS] Epoch 2 Avg_StopSign_Failures: 0.000 (count)
[ROUND-METRICS] Epoch 3 Avg_StopSign_Failures: 0.000 (count)
[RUN-METRICS] Throughput_User_Definition: 0.375000 seconds_per_vehicle
[RUN-METRICS] Throughput_Vehicles_Per_Second: 2.666667 vehicles_per_second
[RUN-METRICS] Wait_Intersection_All_Mean: 4.325000 seconds
[RUN-METRICS] Wait_Intersection_All_P95: 7.300000 seconds
[RUN-METRICS] Wait_Intersection_Normal_Mean: 4.325000 seconds
[RUN-METRICS] Arrival_To_Resume_Mean: 3.581250 seconds
[RUN-METRICS] Resume_To_Depart_Mean: 0.743750 seconds
[RUN-METRICS] Jains_Fairness_All: 0.834328
[RUN-METRICS] Jains_Fairness_Normal: 0.834328
[RUN-METRICS] Byzantine_Injections_Total: 0
[RUN-METRICS] Byzantine_Injections_Epoch0: 0
[RUN-METRICS] Byzantine_Injections_Epoch1: 0
[RUN-METRICS] Byzantine_Injections_Epoch2: 0
[RUN-METRICS] Byzantine_Injections_Epoch3: 0
[ROUND-METRICS] Epoch 0 Throughput_User_Definition: 0.375000 seconds_per_vehicle
[ROUND-METRICS] Epoch 0 Throughput_Vehicles_Per_Second: 2.666667 vehicles_per_second
[ROUND-METRICS] Epoch 0 Wait_Normal_Mean: 4.325000 seconds
