[ROUND-METRICS] Epoch 0 Avg_View_Consensus_Latency_4Cars: 0 seconds (replicasCounted=4)
[ROUND-METRICS] Epoch 0 Avg_Order_Consensus_Latency_4Cars: 0 seconds (replicasCounted=4)
[ROUND-METRICS] Epoch 0 Avg_StopSign_Failures: 0 (count)
[ROUND-METRICS] Epoch 0 Avg_Messages_Sent_PerReplica: 38.6667 (count)
[ROUND-METRICS] Epoch 0 Avg_Messages_Received_PerReplica: 186.333 (count)
[ROUND-METRICS] Epoch 0 Total_Consensus_Duration veh0: 1.400000 seconds
[ROUND-METRICS] Epoch 0 Total_Consensus_Duration veh1: 2.700000 seconds
[ROUND-METRICS] Epoch 0 Total_Consensus_Duration veh2: 4.300000 seconds
[ROUND-METRICS] Epoch 0 Total_Consensus_Duration veh3: 6.100000 seconds
[ROUND-METRICS] Epoch 0 Total_Consensus_Duration veh4: 1.200000 seconds
[ROUND-METRICS] Epoch 0 Total_Consensus_Duration veh5: 2.700000 seconds
[ROUND-METRICS] Epoch 0 Total_Consensus_Duration veh6: 4.300000 seconds
[ROUND-METRICS] Epoch 0 Total_Consensus_Duration veh7: 6.100000 seconds
[ROUND-METRICS] Epoch 0 Total_Consensus_Duration veh8: 1.900000 seconds
[ROUND-METRICS] Epoch 0 Total_Consensus_Duration veh9: 3.500000 seconds
[ROUND-METRICS] Epoch 0 Total_Consensus_Duration veh10: 5.100000 seconds
[ROUND-METRICS] Epoch 0 Total_Consensus_Duration veh11: 6.900000 seconds
[ROUND-METRICS] Epoch 0 Total_Consensus_Duration veh12: 1.900000 seconds
[ROUND-METRICS] Epoch 0 Total_Consensus_Duration veh13: 3.500000 seconds
[ROUND-METRICS] Epoch 0 Total_Consensus_Duration veh14: 5.100000 seconds
[ROUND-METRICS] Epoch 0 Total_Consensus_Duration veh15: 6.900000 seconds
[ROUND-METRICS] Epoch 0 Avg_Messages_Sent_PerReplica: 43.938 seconds (count=16)
[ROUND-METRICS] Epoch 0 Avg_Messages_Received_PerReplica: 221.688 seconds (count=16)
[ROUND-METRICS] Epoch 0 Avg_Total_Consensus_Duration: 3.975000 seconds (goCars=16)
[ROUND-METRICS] Epoch 0 Avg_StopSign_Failures: 0.000 seconds (count)
[RUN-METRICS] Throughput_User_Definition: 0.375000 seconds_per_vehicle
[RUN-METRICS] Wait_Intersection_All_Mean: 4.712500 seconds
[RUN-METRICS] Wait_Intersection_All_P95: 7.700000 seconds
[RUN-METRICS] Wait_Intersection_Normal_Mean: 4.712500 seconds
[RUN-METRICS] Arrival_To_Resume_Mean: 3.975000 seconds
[RUN-METRICS] Resume_To_Depart_Mean: 0.737500 seconds
