[ROUND-METRICS] Epoch 0 Avg_Messages_Sent_PerReplica: 39 (count)
[ROUND-METRICS] Epoch 0 Avg_Messages_Received_PerReplica: 190.5 (count)
[ROUND-METRICS] Epoch 0 Avg_StopSign_Failures: 0 (count)
[ROUND-METRICS] Epoch 0 Arrival_To_Resume_Time veh0: 5.700000 seconds
[ROUND-METRICS] Epoch 0 Arrival_To_Resume_Time veh1: 6.300000 seconds
[ROUND-METRICS] Epoch 0 Arrival_To_Resume_Time veh2: 7.300000 seconds
[ROUND-METRICS] Epoch 0 Arrival_To_Resume_Time veh3: 8.500000 seconds
[ROUND-METRICS] Epoch 0 Arrival_To_Resume_Time veh4: 5.500000 seconds
[ROUND-METRICS] Epoch 0 Arrival_To_Resume_Time veh5: 6.300000 seconds
[ROUND-METRICS] Epoch 0 Arrival_To_Resume_Time veh6: 7.300000 seconds
[ROUND-METRICS] Epoch 0 Arrival_To_Resume_Time veh7: 8.500000 seconds
[ROUND-METRICS] Epoch 0 Arrival_To_Resume_Time veh8: 1.250000 seconds
[ROUND-METRICS] Epoch 0 Arrival_To_Resume_Time veh9: 1.900000 seconds
[ROUND-METRICS] Epoch 0 Arrival_To_Resume_Time veh10: 2.900000 seconds
[ROUND-METRICS] Epoch 0 Arrival_To_Resume_Time veh11: 4.100000 seconds
[ROUND-METRICS] Epoch 0 Arrival_To_Resume_Time veh12: 1.250000 seconds
[ROUND-METRICS] Epoch 0 Arrival_To_Resume_Time veh13: 1.900000 seconds
[ROUND-METRICS] Epoch 0 Arrival_To_Resume_Time veh14: 2.900000 seconds
[ROUND-METRICS] Epoch 0 Arrival_To_Resume_Time veh15: 4.100000 seconds
[ROUND-METRICS] Epoch 0 Avg_Messages_Sent_PerReplica: 45.625 (count=16)
[ROUND-METRICS] Epoch 0 Avg_Messages_Received_PerReplica: 219.812 (count=16)
[ROUND-METRICS] Epoch 0 Avg_Arrival_To_Resume_Time: 4.731250 seconds (goCars=16)
[ROUND-METRICS] Epoch 0 Avg_StopSign_Failures: 0.000 (count)
[RUN-METRICS] Throughput_User_Definition: 0.431250 seconds_per_vehicle
[RUN-METRICS] Wait_Intersection_All_Mean: 5.250000 seconds
[RUN-METRICS] Wait_Intersection_All_P95: 8.600000 seconds
[RUN-METRICS] Wait_Intersection_Normal_Mean: 5.320000 seconds
[RUN-METRICS] Wait_Intersection_Ambulance_Mean: 4.200000 seconds
[RUN-METRICS] Arrival_To_Resume_Mean: 4.731250 seconds
[RUN-METRICS] Resume_To_Depart_Mean: 0.518750 seconds
