[ROUND-METRICS] Epoch 0 Avg_ProposeAll_Consensus_Wall: 25.073000 seconds
[ROUND-METRICS] Epoch 0 Arrival_To_Resume_Time veh0: 8.700000 seconds
[ROUND-METRICS] Epoch 0 Arrival_To_Resume_Time veh1: 9.300000 seconds
[ROUND-METRICS] Epoch 0 Arrival_To_Resume_Time veh2: 10.300000 seconds
[ROUND-METRICS] Epoch 0 Arrival_To_Resume_Time veh3: 12.300000 seconds
[ROUND-METRICS] Epoch 0 Arrival_To_Resume_Time veh4: 9.300000 seconds
[ROUND-METRICS] Epoch 0 Arrival_To_Resume_Time veh5: 10.300000 seconds
[ROUND-METRICS] Epoch 0 Arrival_To_Resume_Time veh6: 12.300000 seconds
[ROUND-METRICS] Epoch 0 Arrival_To_Resume_Time veh7: 14.300000 seconds
[ROUND-METRICS] Epoch 0 Arrival_To_Resume_Time veh8: 7.100000 seconds
[ROUND-METRICS] Epoch 0 Arrival_To_Resume_Time veh9: 11.500000 seconds
[ROUND-METRICS] Epoch 0 Arrival_To_Resume_Time veh10: 13.500000 seconds
[ROUND-METRICS] Epoch 0 Arrival_To_Resume_Time veh11: 15.300000 seconds
[ROUND-METRICS] Epoch 0 Arrival_To_Resume_Time veh12: 4.100000 seconds
[ROUND-METRICS] Epoch 0 Arrival_To_Resume_Time veh13: 4.900000 seconds
[ROUND-METRICS] Epoch 0 Arrival_To_Resume_Time veh14: 5.900000 seconds
[ROUND-METRICS] Epoch 0 Arrival_To_Resume_Time veh15: 7.100000 seconds
[ROUND-METRICS] Epoch 0 Avg_Messages_Sent_PerReplica: 49.188 (count=16)
[ROUND-METRICS] Epoch 0 Avg_Messages_Received_PerReplica: 197.312 (count=16)
[ROUND-METRICS] Epoch 0 Avg_Arrival_To_Resume_Time: 9.762500 seconds (goCars=16)
[ROUND-METRICS] Epoch 0 Avg_StopSign_Failures: 0.000 (count)
[ROUND-METRICS] Epoch 1 Avg_StopSign_Failures: 0.000 (count)
[ROUND-METRICS] Epoch 2 Avg_StopSign_Failures: 0.000 (count)
[ROUND-METRICS] Epoch 3 Avg_StopSign_Failures: 0.000 (count)
[RUN-METRICS] Throughput_User_Definition: 0.712500 seconds_per_vehicle
[RUN-METRICS] Throughput_Vehicles_Per_Second: 1.403509 vehicles_per_second
[RUN-METRICS] Wait_Intersection_All_Mean: 10.462500 seconds
[RUN-METRICS] Wait_Intersection_All_P95: 15.500000 seconds
[RUN-METRICS] Wait_Intersection_Normal_Mean: 10.680000 seconds
[RUN-METRICS] Wait_Intersection_Ambulance_Mean: 7.200000 seconds
[RUN-METRICS] Arrival_To_Resume_Mean: 9.762500 seconds
[RUN-METRICS] Resume_To_Depart_Mean: 0.700000 seconds
[RUN-METRICS] Jains_Fairness_All: 0.909556
[RUN-METRICS] Jains_Fairness_Normal: 0.913113
[RUN-METRICS] Ambulance_Priority_Gain: 3.480000 seconds
[RUN-METRICS] Ambulance_Priority_Ratio: 0.674157
[RUN-METRICS] Byzantine_Injections_Total: 5
[RUN-METRICS] Byzantine_Injections_Epoch0: 5
[RUN-METRICS] Byzantine_Injections_Epoch1: 0
[RUN-METRICS] Byzantine_Injections_Epoch2: 0
[RUN-METRICS] Byzantine_Injections_Epoch3: 0
[RUN-METRICS] Delivery_Ratio: 0.268546
[RUN-METRICS] Estimated_Loss_Rate: 0.731454
[RUN-METRICS] Fallback_Count: 0
[RUN-METRICS] Fallback_Rate: 0.000000
[ROUND-METRICS] Epoch 0 Throughput_User_Definition: 0.712500 seconds_per_vehicle
[ROUND-METRICS] Epoch 0 Throughput_Vehicles_Per_Second: 1.403509 vehicles_per_second
[ROUND-METRICS] Epoch 0 Wait_Normal_Mean: 10.680000 seconds
[ROUND-METRICS] Epoch 0 Wait_Ambulance_Mean: 7.200000 seconds
