[ROUND-METRICS] Epoch 0 Avg_ProposeAll_Consensus_Wall: 0.674000 seconds
[ROUND-METRICS] Epoch 0 Arrival_To_Resume_Time veh0: 2.500000 seconds
[ROUND-METRICS] Epoch 0 Arrival_To_Resume_Time veh1: 2.500000 seconds
[ROUND-METRICS] Epoch 0 Arrival_To_Resume_Time veh2: 1.700000 seconds
[ROUND-METRICS] Epoch 0 Arrival_To_Resume_Time veh3: 3.300000 seconds
[ROUND-METRICS] Epoch 0 Avg_Messages_Sent_PerReplica: 12.750 (count=4)
[ROUND-METRICS] Epoch 0 Avg_Messages_Received_PerReplica: 15.000 (count=4)
[ROUND-METRICS] Epoch 0 Avg_Arrival_To_Resume_Time: 2.500000 seconds (goCars=4)
[ROUND-METRICS] Epoch 0 Avg_StopSign_Failures: 0.000 (count)
[RUN-METRICS] Throughput_User_Definition: 0.775000 seconds_per_vehicle
[RUN-METRICS] Throughput_Vehicles_Per_Second: 1.290323 vehicles_per_second
[RUN-METRICS] Wait_Intersection_All_Mean: 3.100000 seconds
[RUN-METRICS] Wait_Intersection_All_P95: 3.780000 seconds
[RUN-METRICS] Wait_Intersection_Normal_Mean: 3.366667 seconds
[RUN-METRICS] Wait_Intersection_Ambulance_Mean: 2.300000 seconds
[RUN-METRICS] Arrival_To_Resume_Mean: 2.500000 seconds
[RUN-METRICS] Resume_To_Depart_Mean: 0.600000 seconds
[RUN-METRICS] Jains_Fairness_All: 0.967774
[RUN-METRICS] Jains_Fairness_Normal: 0.987608
[RUN-METRICS] Ambulance_Priority_Gain: 1.066667 seconds
[RUN-METRICS] Ambulance_Priority_Ratio: 0.683168
[RUN-METRICS] Byzantine_Injections_Total: 2
[RUN-METRICS] Byzantine_Injections_Epoch0: 2
[RUN-METRICS] Delivery_Ratio: 0.396853
[RUN-METRICS] Estimated_Loss_Rate: 0.603147
[RUN-METRICS] Fallback_Count: 0
[RUN-METRICS] Fallback_Rate: 0.000000
[ROUND-METRICS] Epoch 0 Throughput_User_Definition: 0.775000 seconds_per_vehicle
[ROUND-METRICS] Epoch 0 Throughput_Vehicles_Per_Second: 1.290323 vehicles_per_second
[ROUND-METRICS] Epoch 0 Wait_Normal_Mean: 3.366667 seconds
[ROUND-METRICS] Epoch 0 Wait_Ambulance_Mean: 2.300000 seconds
