[ROUND-METRICS] Epoch 0 Avg_ProposeAll_Consensus_Wall: 1.837000 seconds
[ROUND-METRICS] Epoch 0 Arrival_To_Resume_Time veh0: 4.900000 seconds
[ROUND-METRICS] Epoch 0 Arrival_To_Resume_Time veh1: 6.300000 seconds
[ROUND-METRICS] Epoch 0 Arrival_To_Resume_Time veh2: 7.900000 seconds
[ROUND-METRICS] Epoch 0 Arrival_To_Resume_Time veh3: 5.500000 seconds
[ROUND-METRICS] Epoch 0 Arrival_To_Resume_Time veh4: 7.100000 seconds
[ROUND-METRICS] Epoch 0 Arrival_To_Resume_Time veh5: 8.900000 seconds
[ROUND-METRICS] Epoch 0 Arrival_To_Resume_Time veh6: 1.800000 seconds
[ROUND-METRICS] Epoch 0 Arrival_To_Resume_Time veh7: 2.500000 seconds
[ROUND-METRICS] Epoch 0 Arrival_To_Resume_Time veh8: 3.500000 seconds
[ROUND-METRICS] Epoch 0 Arrival_To_Resume_Time veh9: 1.800000 seconds
[ROUND-METRICS] Epoch 0 Arrival_To_Resume_Time veh10: 2.500000 seconds
[ROUND-METRICS] Epoch 0 Arrival_To_Resume_Time veh11: 3.500000 seconds
[ROUND-METRICS] Epoch 0 Avg_Messages_Sent_PerReplica: 21.250 (count=12)
[ROUND-METRICS] Epoch 0 Avg_Messages_Received_PerReplica: 58.917 (count=12)
[ROUND-METRICS] Epoch 0 Avg_Arrival_To_Resume_Time: 4.683333 seconds (goCars=12)
[ROUND-METRICS] Epoch 0 Avg_StopSign_Failures: 0.000 (count)
[ROUND-METRICS] Epoch 1 Avg_StopSign_Failures: 0.000 (count)
[ROUND-METRICS] Epoch 2 Avg_StopSign_Failures: 0.000 (count)
[RUN-METRICS] Throughput_User_Definition: 0.616667 seconds_per_vehicle
[RUN-METRICS] Throughput_Vehicles_Per_Second: 1.621622 vehicles_per_second
[RUN-METRICS] Wait_Intersection_All_Mean: 5.283333 seconds
[RUN-METRICS] Wait_Intersection_All_P95: 9.150000 seconds
[RUN-METRICS] Wait_Intersection_Normal_Mean: 5.436364 seconds
[RUN-METRICS] Wait_Intersection_Ambulance_Mean: 3.600000 seconds
[RUN-METRICS] Arrival_To_Resume_Mean: 4.683333 seconds
[RUN-METRICS] Resume_To_Depart_Mean: 0.600000 seconds
[RUN-METRICS] Jains_Fairness_All: 0.820305
[RUN-METRICS] Jains_Fairness_Normal: 0.822233
[RUN-METRICS] Ambulance_Priority_Gain: 1.836364 seconds
[RUN-METRICS] Ambulance_Priority_Ratio: 0.662207
[RUN-METRICS] Byzantine_Injections_Total: 6
[RUN-METRICS] Byzantine_Injections_Epoch0: 6
[RUN-METRICS] Byzantine_Injections_Epoch1: 0
[RUN-METRICS] Byzantine_Injections_Epoch2: 0
[RUN-METRICS] Delivery_Ratio: 0.252480
[RUN-METRICS] Estimated_Loss_Rate: 0.747520
[RUN-METRICS] Fallback_Count: 0
[RUN-METRICS] Fallback_Rate: 0.000000
[ROUND-METRICS] Epoch 0 Throughput_User_Definition: 0.616667 seconds_per_vehicle
[ROUND-METRICS] Epoch 0 Throughput_Vehicles_Per_Second: 1.621622 vehicles_per_second
[ROUND-METRICS] Epoch 0 Wait_Normal_Mean: 5.436364 seconds
[ROUND-METRICS] Epoch 0 Wait_Ambulance_Mean: 3.600000 seconds
