[ROUND-METRICS] Epoch 0 Avg_ProposeAll_Consensus_Wall: 2.398000 seconds
[ROUND-METRICS] Epoch 0 Arrival_To_Resume_Time veh0: 2.000000 seconds
[ROUND-METRICS] Epoch 0 Arrival_To_Resume_Time veh1: 2.500000 seconds
[ROUND-METRICS] Epoch 0 Arrival_To_Resume_Time veh2: 6.100000 seconds
[ROUND-METRICS] Epoch 0 Arrival_To_Resume_Time veh3: 1.800000 seconds
[ROUND-METRICS] Epoch 0 Arrival_To_Resume_Time veh4: 2.500000 seconds
[ROUND-METRICS] Epoch 0 Arrival_To_Resume_Time veh5: 6.900000 seconds
[ROUND-METRICS] Epoch 0 Arrival_To_Resume_Time veh6: 3.500000 seconds
[ROUND-METRICS] Epoch 0 Arrival_To_Resume_Time veh7: 5.100000 seconds
[ROUND-METRICS] Epoch 0 Arrival_To_Resume_Time veh8: 7.700000 seconds
[ROUND-METRICS] Epoch 0 Arrival_To_Resume_Time veh9: 4.300000 seconds
[ROUND-METRICS] Epoch 0 Arrival_To_Resume_Time veh10: 5.100000 seconds
[ROUND-METRICS] Epoch 0 Arrival_To_Resume_Time veh11: 8.500000 seconds
[ROUND-METRICS] Epoch 0 Avg_Messages_Sent_PerReplica: 23.750 (count=12)
[ROUND-METRICS] Epoch 0 Avg_Messages_Received_PerReplica: 63.583 (count=12)
[ROUND-METRICS] Epoch 0 Avg_Arrival_To_Resume_Time: 4.666667 seconds (goCars=12)
[ROUND-METRICS] Epoch 0 Avg_StopSign_Failures: 0.000 (count)
[ROUND-METRICS] Epoch 1 Avg_StopSign_Failures: 0.000 (count)
[ROUND-METRICS] Epoch 2 Avg_StopSign_Failures: 0.000 (count)
[RUN-METRICS] Throughput_User_Definition: 0.633333 seconds_per_vehicle
[RUN-METRICS] Throughput_Vehicles_Per_Second: 1.578947 vehicles_per_second
[RUN-METRICS] Wait_Intersection_All_Mean: 5.316667 seconds
[RUN-METRICS] Wait_Intersection_All_P95: 8.660000 seconds
[RUN-METRICS] Wait_Intersection_Normal_Mean: 5.500000 seconds
[RUN-METRICS] Wait_Intersection_Ambulance_Mean: 3.300000 seconds
[RUN-METRICS] Arrival_To_Resume_Mean: 4.666667 seconds
[RUN-METRICS] Resume_To_Depart_Mean: 0.650000 seconds
[RUN-METRICS] Jains_Fairness_All: 0.855278
[RUN-METRICS] Jains_Fairness_Normal: 0.862695
[RUN-METRICS] Ambulance_Priority_Gain: 2.200000 seconds
[RUN-METRICS] Ambulance_Priority_Ratio: 0.600000
[RUN-METRICS] Byzantine_Injections_Total: 6
[RUN-METRICS] Byzantine_Injections_Epoch0: 6
[RUN-METRICS] Byzantine_Injections_Epoch1: 0
[RUN-METRICS] Byzantine_Injections_Epoch2: 0
[RUN-METRICS] Delivery_Ratio: 0.244762
[RUN-METRICS] Estimated_Loss_Rate: 0.755238
[RUN-METRICS] Fallback_Count: 0
[RUN-METRICS] Fallback_Rate: 0.000000
[ROUND-METRICS] Epoch 0 Throughput_User_Definition: 0.566667 seconds_per_vehicle
[ROUND-METRICS] Epoch 0 Throughput_Vehicles_Per_Second: 1.764706 vehicles_per_second
[ROUND-METRICS] Epoch 0 Wait_Normal_Mean: 5.500000 seconds
[ROUND-METRICS] Epoch 0 Wait_Ambulance_Mean: 3.300000 seconds
