[ROUND-METRICS] Epoch 0 Avg_ProposeAll_Consensus_Wall: 25.441000 seconds
[ROUND-METRICS] Epoch 0 Arrival_To_Resume_Time veh0: 5.900000 seconds
[ROUND-METRICS] Epoch 0 Arrival_To_Resume_Time veh1: 6.500000 seconds
[ROUND-METRICS] Epoch 0 Arrival_To_Resume_Time veh2: 9.300000 seconds
[ROUND-METRICS] Epoch 0 Arrival_To_Resume_Time veh3: 6.500000 seconds
[ROUND-METRICS] Epoch 0 Arrival_To_Resume_Time veh4: 7.500000 seconds
[ROUND-METRICS] Epoch 0 Arrival_To_Resume_Time veh5: 9.300000 seconds
[ROUND-METRICS] Epoch 0 Arrival_To_Resume_Time veh6: 4.000000 seconds
[ROUND-METRICS] Epoch 0 Arrival_To_Resume_Time veh7: 8.500000 seconds
[ROUND-METRICS] Epoch 0 Arrival_To_Resume_Time veh8: 10.300000 seconds
[ROUND-METRICS] Epoch 0 Arrival_To_Resume_Time veh9: 4.000000 seconds
[ROUND-METRICS] Epoch 0 Arrival_To_Resume_Time veh10: 4.700000 seconds
[ROUND-METRICS] Epoch 0 Arrival_To_Resume_Time veh11: 10.300000 seconds
[ROUND-METRICS] Epoch 0 Avg_Messages_Sent_PerReplica: 44.750 (count=12)
[ROUND-METRICS] Epoch 0 Avg_Messages_Received_PerReplica: 171.500 (count=12)
[ROUND-METRICS] Epoch 0 Avg_Arrival_To_Resume_Time: 7.233333 seconds (goCars=12)
[ROUND-METRICS] Epoch 0 Avg_StopSign_Failures: 0.000 (count)
[ROUND-METRICS] Epoch 1 Avg_StopSign_Failures: 0.000 (count)
[ROUND-METRICS] Epoch 2 Avg_StopSign_Failures: 0.000 (count)
[RUN-METRICS] Throughput_User_Definition: 0.672727 seconds_per_vehicle
[RUN-METRICS] Throughput_Vehicles_Per_Second: 1.486486 vehicles_per_second
[RUN-METRICS] Wait_Intersection_All_Mean: 7.827273 seconds
[RUN-METRICS] Wait_Intersection_All_P95: 11.000000 seconds
[RUN-METRICS] Wait_Intersection_Normal_Mean: 8.060000 seconds
[RUN-METRICS] Wait_Intersection_Ambulance_Mean: 5.500000 seconds
[RUN-METRICS] Arrival_To_Resume_Mean: 7.233333 seconds
[RUN-METRICS] Resume_To_Depart_Mean: 0.709091 seconds
[RUN-METRICS] Jains_Fairness_All: 0.916024
[RUN-METRICS] Jains_Fairness_Normal: 0.920869
[RUN-METRICS] Ambulance_Priority_Gain: 2.560000 seconds
[RUN-METRICS] Ambulance_Priority_Ratio: 0.682382
[RUN-METRICS] Byzantine_Injections_Total: 3
[RUN-METRICS] Byzantine_Injections_Epoch0: 3
[RUN-METRICS] Byzantine_Injections_Epoch1: 0
[RUN-METRICS] Byzantine_Injections_Epoch2: 0
[RUN-METRICS] Delivery_Ratio: 0.350581
[RUN-METRICS] Estimated_Loss_Rate: 0.649419
[RUN-METRICS] Fallback_Count: 0
[RUN-METRICS] Fallback_Rate: 0.000000
[ROUND-METRICS] Epoch 0 Throughput_User_Definition: 0.600000 seconds_per_vehicle
[ROUND-METRICS] Epoch 0 Throughput_Vehicles_Per_Second: 1.666667 vehicles_per_second
[ROUND-METRICS] Epoch 0 Wait_Normal_Mean: 8.060000 seconds
[ROUND-METRICS] Epoch 0 Wait_Ambulance_Mean: 5.500000 seconds
