[ROUND-METRICS] Epoch 0 Avg_ProposeAll_Consensus_Wall: 1.237000 seconds
[ROUND-METRICS] Epoch 0 Arrival_To_Resume_Time veh0: 1.100000 seconds
[ROUND-METRICS] Epoch 0 Arrival_To_Resume_Time veh1: 1.900000 seconds
[ROUND-METRICS] Epoch 0 Arrival_To_Resume_Time veh2: 1.100000 seconds
[ROUND-METRICS] Epoch 0 Arrival_To_Resume_Time veh3: 1.900000 seconds
[ROUND-METRICS] Epoch 0 Arrival_To_Resume_Time veh4: 0.450000 seconds
[ROUND-METRICS] Epoch 0 Arrival_To_Resume_Time veh5: 2.900000 seconds
[ROUND-METRICS] Epoch 0 Arrival_To_Resume_Time veh6: 0.450000 seconds
[ROUND-METRICS] Epoch 0 Arrival_To_Resume_Time veh7: 2.900000 seconds
[ROUND-METRICS] Epoch 0 Avg_Messages_Sent_PerReplica: 17.875 (count=8)
[ROUND-METRICS] Epoch 0 Avg_Messages_Received_PerReplica: 32.000 (count=8)
[ROUND-METRICS] Epoch 0 Avg_Arrival_To_Resume_Time: 1.587500 seconds (goCars=8)
[ROUND-METRICS] Epoch 0 Avg_StopSign_Failures: 0.000 (count)
[ROUND-METRICS] Epoch 1 Avg_StopSign_Failures: 0.000 (count)
[RUN-METRICS] Throughput_User_Definition: 0.428571 seconds_per_vehicle
[RUN-METRICS] Throughput_Vehicles_Per_Second: 2.333333 vehicles_per_second
[RUN-METRICS] Wait_Intersection_All_Mean: 2.471429 seconds
[RUN-METRICS] Wait_Intersection_All_P95: 3.500000 seconds
[RUN-METRICS] Wait_Intersection_Normal_Mean: 2.700000 seconds
[RUN-METRICS] Wait_Intersection_Ambulance_Mean: 1.100000 seconds
[RUN-METRICS] Arrival_To_Resume_Mean: 1.587500 seconds
[RUN-METRICS] Resume_To_Depart_Mean: 0.721429 seconds
[RUN-METRICS] Jains_Fairness_All: 0.885028
[RUN-METRICS] Jains_Fairness_Normal: 0.928662
[RUN-METRICS] Ambulance_Priority_Gain: 1.600000 seconds
[RUN-METRICS] Ambulance_Priority_Ratio: 0.407407
[RUN-METRICS] Byzantine_Injections_Total: 0
[RUN-METRICS] Byzantine_Injections_Epoch0: 0
[RUN-METRICS] Byzantine_Injections_Epoch1: 0
[RUN-METRICS] Delivery_Ratio: 0.257919
[RUN-METRICS] Estimated_Loss_Rate: 0.742081
[RUN-METRICS] Fallback_Count: 0
[RUN-METRICS] Fallback_Rate: 0.000000
[ROUND-METRICS] Epoch 0 Throughput_User_Definition: 0.342857 seconds_per_vehicle
[ROUND-METRICS] Epoch 0 Throughput_Vehicles_Per_Second: 2.916667 vehicles_per_second
[ROUND-METRICS] Epoch 0 Wait_Normal_Mean: 2.700000 seconds
[ROUND-METRICS] Epoch 0 Wait_Ambulance_Mean: 1.100000 seconds
