[ROUND-METRICS] Epoch 0 Avg_ProposeAll_Consensus_Wall: 1.229000 seconds
[ROUND-METRICS] Epoch 0 Arrival_To_Resume_Time veh0: 0.450000 seconds
[ROUND-METRICS] Epoch 0 Arrival_To_Resume_Time veh1: 1.100000 seconds
[ROUND-METRICS] Epoch 0 Arrival_To_Resume_Time veh2: 0.450000 seconds
[ROUND-METRICS] Epoch 0 Arrival_To_Resume_Time veh3: 1.100000 seconds
[ROUND-METRICS] Epoch 0 Arrival_To_Resume_Time veh4: 2.100000 seconds
[ROUND-METRICS] Epoch 0 Arrival_To_Resume_Time veh5: 2.900000 seconds
[ROUND-METRICS] Epoch 0 Arrival_To_Resume_Time veh6: 2.100000 seconds
[ROUND-METRICS] Epoch 0 Arrival_To_Resume_Time veh7: 2.900000 seconds
[ROUND-METRICS] Epoch 0 Avg_Messages_Sent_PerReplica: 17.375 (count=8)
[ROUND-METRICS] Epoch 0 Avg_Messages_Received_PerReplica: 30.750 (count=8)
[ROUND-METRICS] Epoch 0 Avg_Arrival_To_Resume_Time: 1.637500 seconds (goCars=8)
[ROUND-METRICS] Epoch 0 Avg_StopSign_Failures: 0.000 (count)
[ROUND-METRICS] Epoch 1 Avg_StopSign_Failures: 0.000 (count)
[RUN-METRICS] Throughput_User_Definition: 0.450000 seconds_per_vehicle
[RUN-METRICS] Throughput_Vehicles_Per_Second: 2.222222 vehicles_per_second
[RUN-METRICS] Wait_Intersection_All_Mean: 2.400000 seconds
[RUN-METRICS] Wait_Intersection_All_P95: 3.700000 seconds
[RUN-METRICS] Wait_Intersection_Normal_Mean: 2.442857 seconds
[RUN-METRICS] Wait_Intersection_Ambulance_Mean: 2.100000 seconds
[RUN-METRICS] Arrival_To_Resume_Mean: 1.637500 seconds
[RUN-METRICS] Resume_To_Depart_Mean: 0.762500 seconds
[RUN-METRICS] Jains_Fairness_All: 0.866165
[RUN-METRICS] Jains_Fairness_Normal: 0.856177
[RUN-METRICS] Ambulance_Priority_Gain: 0.342857 seconds
[RUN-METRICS] Ambulance_Priority_Ratio: 0.859649
[RUN-METRICS] Byzantine_Injections_Total: 0
[RUN-METRICS] Byzantine_Injections_Epoch0: 0
[RUN-METRICS] Byzantine_Injections_Epoch1: 0
[RUN-METRICS] Delivery_Ratio: 0.255563
[RUN-METRICS] Estimated_Loss_Rate: 0.744437
[RUN-METRICS] Fallback_Count: 0
[RUN-METRICS] Fallback_Rate: 0.000000
[ROUND-METRICS] Epoch 0 Throughput_User_Definition: 0.325000 seconds_per_vehicle
[ROUND-METRICS] Epoch 0 Throughput_Vehicles_Per_Second: 3.076923 vehicles_per_second
[ROUND-METRICS] Epoch 0 Wait_Normal_Mean: 2.442857 seconds
[ROUND-METRICS] Epoch 0 Wait_Ambulance_Mean: 2.100000 seconds
