[ROUND-METRICS] Epoch 0 Avg_ProposeAll_Consensus_Wall: 1.948000 seconds
[ROUND-METRICS] Epoch 0 Arrival_To_Resume_Time veh0: 1.050000 seconds
[ROUND-METRICS] Epoch 0 Arrival_To_Resume_Time veh1: 1.500000 seconds
[ROUND-METRICS] Epoch 0 Arrival_To_Resume_Time veh2: 2.500000 seconds
[ROUND-METRICS] Epoch 0 Arrival_To_Resume_Time veh3: 6.700000 seconds
[ROUND-METRICS] Epoch 0 Arrival_To_Resume_Time veh4: 0.850000 seconds
[ROUND-METRICS] Epoch 0 Arrival_To_Resume_Time veh5: 1.500000 seconds
[ROUND-METRICS] Epoch 0 Arrival_To_Resume_Time veh6: 2.500000 seconds
[ROUND-METRICS] Epoch 0 Arrival_To_Resume_Time veh7: 6.700000 seconds
[ROUND-METRICS] Epoch 0 Arrival_To_Resume_Time veh8: 3.700000 seconds
[ROUND-METRICS] Epoch 0 Arrival_To_Resume_Time veh9: 4.500000 seconds
[ROUND-METRICS] Epoch 0 Arrival_To_Resume_Time veh10: 5.500000 seconds
[ROUND-METRICS] Epoch 0 Arrival_To_Resume_Time veh11: 7.500000 seconds
[ROUND-METRICS] Epoch 0 Arrival_To_Resume_Time veh12: 3.700000 seconds
[ROUND-METRICS] Epoch 0 Arrival_To_Resume_Time veh13: 4.500000 seconds
[ROUND-METRICS] Epoch 0 Arrival_To_Resume_Time veh14: 5.500000 seconds
[ROUND-METRICS] Epoch 0 Arrival_To_Resume_Time veh15: 7.500000 seconds
[ROUND-METRICS] Epoch 0 Avg_Messages_Sent_PerReplica: 28.312 (count=16)
[ROUND-METRICS] Epoch 0 Avg_Messages_Received_PerReplica: 78.625 (count=16)
[ROUND-METRICS] Epoch 0 Avg_Arrival_To_Resume_Time: 4.106250 seconds (goCars=16)
[ROUND-METRICS] Epoch 0 Avg_StopSign_Failures: 0.000 (count)
[ROUND-METRICS] Epoch 1 Avg_StopSign_Failures: 0.000 (count)
[ROUND-METRICS] Epoch 2 Avg_StopSign_Failures: 0.000 (count)
[ROUND-METRICS] Epoch 3 Avg_StopSign_Failures: 0.000 (count)
[RUN-METRICS] Throughput_User_Definition: 0.300781 seconds_per_vehicle
[RUN-METRICS] Throughput_Vehicles_Per_Second: 3.324675 vehicles_per_second
[RUN-METRICS] Wait_Intersection_All_Mean: 4.812500 seconds
[RUN-METRICS] Wait_Intersection_All_P95: 8.500000 seconds
[RUN-METRICS] Wait_Intersection_Normal_Mean: 4.960000 seconds
[RUN-METRICS] Wait_Intersection_Ambulance_Mean: 2.600000 seconds
[RUN-METRICS] Arrival_To_Resume_Mean: 4.106250 seconds
[RUN-METRICS] Resume_To_Depart_Mean: 0.706250 seconds
[RUN-METRICS] Jains_Fairness_All: 0.806869
[RUN-METRICS] Jains_Fairness_Normal: 0.815523
[RUN-METRICS] Ambulance_Priority_Gain: 2.360000 seconds
[RUN-METRICS] Ambulance_Priority_Ratio: 0.524194
[RUN-METRICS] Byzantine_Injections_Total: 0
[RUN-METRICS] Byzantine_Injections_Epoch0: 0
[RUN-METRICS] Byzantine_Injections_Epoch1: 0
[RUN-METRICS] Byzantine_Injections_Epoch2: 0
[RUN-METRICS] Byzantine_Injections_Epoch3: 0
[RUN-METRICS] Delivery_Ratio: 0.185624
[RUN-METRICS] Estimated_Loss_Rate: 0.814376
[RUN-METRICS] Fallback_Count: 0
[RUN-METRICS] Fallback_Rate: 0.000000
[ROUND-METRICS] Epoch 0 Throughput_User_Definition: 0.300781 seconds_per_vehicle
[ROUND-METRICS] Epoch 0 Throughput_Vehicles_Per_Second: 3.324675 vehicles_per_second
[ROUND-METRICS] Epoch 0 Wait_Normal_Mean: 4.960000 seconds
[ROUND-METRICS] Epoch 0 Wait_Ambulance_Mean: 2.600000 seconds
