[ROUND-METRICS] Epoch 0 Avg_Messages_Sent_PerReplica: 417.083 (count=12)
[ROUND-METRICS] Epoch 0 Avg_Messages_Received_PerReplica: 1136.583 (count=12)
[ROUND-METRICS] Epoch 0 Avg_StopSign_Failures: 0.000 (count)
[ROUND-METRICS] Epoch 1 Avg_StopSign_Failures: 0.000 (count)
[ROUND-METRICS] Epoch 2 Avg_StopSign_Failures: 0.000 (count)
[RUN-METRICS] Throughput_User_Definition: 0.878792 seconds_per_vehicle
[RUN-METRICS] Throughput_Vehicles_Per_Second: 1.137926 vehicles_per_second
[RUN-METRICS] Wait_Intersection_All_Mean: 10.545500 seconds
[RUN-METRICS] Wait_Intersection_All_P95: 13.435000 seconds
[RUN-METRICS] Wait_Intersection_Normal_Mean: 10.545500 seconds
[RUN-METRICS] Stop_To_Resume_Mean: 9.179250 seconds
[RUN-METRICS] Resume_To_Depart_Mean: 1.366250 seconds
[RUN-METRICS] Jains_Fairness_All: 0.955090
[RUN-METRICS] Jains_Fairness_Normal: 0.955090
[RUN-METRICS] Byzantine_Injections_Total: 0
[RUN-METRICS] Byzantine_Injections_Epoch0: 0
[RUN-METRICS] Byzantine_Injections_Epoch1: 0
[RUN-METRICS] Byzantine_Injections_Epoch2: 0
[RUN-METRICS] Delivery_Ratio: 0.263454
[RUN-METRICS] Estimated_Loss_Rate: 0.736546
[RUN-METRICS] Fallback_Count: 0
[RUN-METRICS] Fallback_Rate: 0.000000
[ROUND-METRICS] Epoch 0 Throughput_User_Definition: 0.878792 seconds_per_vehicle
[ROUND-METRICS] Epoch 0 Throughput_Vehicles_Per_Second: 1.137926 vehicles_per_second
[ROUND-METRICS] Epoch 0 Wait_Normal_Mean: 10.545500 seconds
