[ROUND-METRICS] Epoch 0 Avg_ProposeAll_Consensus_Wall: 1.170000 seconds
[ROUND-METRICS] Epoch 0 Arrival_To_Resume_Time veh0: 1.750000 seconds
[ROUND-METRICS] Epoch 0 Arrival_To_Resume_Time veh1: 2.500000 seconds
[ROUND-METRICS] Epoch 0 Arrival_To_Resume_Time veh2: 3.300000 seconds
[ROUND-METRICS] Epoch 0 Arrival_To_Resume_Time veh3: 3.300000 seconds
[ROUND-METRICS] Epoch 0 Avg_Messages_Sent_PerReplica: 12.750 (count=4)
[ROUND-METRICS] Epoch 0 Avg_Messages_Received_PerReplica: 15.000 (count=4)
[ROUND-METRICS] Epoch 0 Avg_Arrival_To_Resume_Time: 2.712500 seconds (goCars=4)
[ROUND-METRICS] Epoch 0 Avg_StopSign_Failures: 0.000 (count)
[RUN-METRICS] Throughput_User_Definition: 0.825000 seconds_per_vehicle
[RUN-METRICS] Throughput_Vehicles_Per_Second: 1.212121 vehicles_per_second
[RUN-METRICS] Wait_Intersection_All_Mean: 3.300000 seconds
[RUN-METRICS] Wait_Intersection_All_P95: 3.900000 seconds
[RUN-METRICS] Wait_Intersection_Normal_Mean: 3.633333 seconds
[RUN-METRICS] Wait_Intersection_Ambulance_Mean: 2.300000 seconds
[RUN-METRICS] Arrival_To_Resume_Mean: 2.712500 seconds
[RUN-METRICS] Resume_To_Depart_Mean: 0.587500 seconds
[RUN-METRICS] Jains_Fairness_All: 0.961165
[RUN-METRICS] Jains_Fairness_Normal: 0.989341
[RUN-METRICS] Ambulance_Priority_Gain: 1.333333 seconds
[RUN-METRICS] Ambulance_Priority_Ratio: 0.633028
[RUN-METRICS] Byzantine_Injections_Total: 2
[RUN-METRICS] Byzantine_Injections_Epoch0: 2
[RUN-METRICS] Delivery_Ratio: 0.406286
[RUN-METRICS] Estimated_Loss_Rate: 0.593714
[RUN-METRICS] Fallback_Count: 0
[RUN-METRICS] Fallback_Rate: 0.000000
[ROUND-METRICS] Epoch 0 Throughput_User_Definition: 0.825000 seconds_per_vehicle
[ROUND-METRICS] Epoch 0 Throughput_Vehicles_Per_Second: 1.212121 vehicles_per_second
[ROUND-METRICS] Epoch 0 Wait_Normal_Mean: 3.633333 seconds
[ROUND-METRICS] Epoch 0 Wait_Ambulance_Mean: 2.300000 seconds
