[ROUND-METRICS] Epoch 0 Avg_StopSign_Failures: 0.000 (count)
[ROUND-METRICS] Epoch 1 Avg_StopSign_Failures: 0.000 (count)
[ROUND-METRICS] Epoch 2 Avg_StopSign_Failures: 0.000 (count)
[RUN-METRICS] Throughput_User_Definition: 0.878549 seconds_per_vehicle
[RUN-METRICS] Throughput_Vehicles_Per_Second: 1.138241 vehicles_per_second
[RUN-METRICS] Wait_Intersection_All_Mean: 10.542583 seconds
[RUN-METRICS] Wait_Intersection_All_P95: 15.531150 seconds
[RUN-METRICS] Wait_Intersection_Normal_Mean: 10.542583 seconds
[RUN-METRICS] Stop_To_Resume_Mean: 8.436917 seconds
[RUN-METRICS] Resume_To_Depart_Mean: 2.105667 seconds
[RUN-METRICS] Jains_Fairness_All: 0.868332
[RUN-METRICS] Jains_Fairness_Normal: 0.868332
[RUN-METRICS] Byzantine_Injections_Total: 0
[RUN-METRICS] Byzantine_Injections_Epoch0: 0
[RUN-METRICS] Byzantine_Injections_Epoch1: 0
[RUN-METRICS] Byzantine_Injections_Epoch2: 0
[RUN-METRICS] Fallback_Count: 0
[RUN-METRICS] Fallback_Rate: 0.000000
[ROUND-METRICS] Epoch 0 Throughput_User_Definition: 0.878549 seconds_per_vehicle
[ROUND-METRICS] Epoch 0 Throughput_Vehicles_Per_Second: 1.138241 vehicles_per_second
[ROUND-METRICS] Epoch 0 Wait_Normal_Mean: 10.542583 seconds
