[ROUND-METRICS] Epoch 0 Avg_ProposeAll_Consensus_Wall: 2.457000 seconds
[ROUND-METRICS] Epoch 0 Arrival_To_Resume_Time veh0: 3.700000 seconds
[ROUND-METRICS] Epoch 0 Arrival_To_Resume_Time veh1: 5.100000 seconds
[ROUND-METRICS] Epoch 0 Arrival_To_Resume_Time veh2: 5.900000 seconds
[ROUND-METRICS] Epoch 0 Arrival_To_Resume_Time veh3: 7.700000 seconds
[ROUND-METRICS] Epoch 0 Arrival_To_Resume_Time veh4: 3.500000 seconds
[ROUND-METRICS] Epoch 0 Arrival_To_Resume_Time veh5: 5.900000 seconds
[ROUND-METRICS] Epoch 0 Arrival_To_Resume_Time veh6: 7.700000 seconds
[ROUND-METRICS] Epoch 0 Arrival_To_Resume_Time veh7: 10.500000 seconds
[ROUND-METRICS] Epoch 0 Arrival_To_Resume_Time veh8: 4.300000 seconds
[ROUND-METRICS] Epoch 0 Arrival_To_Resume_Time veh9: 6.900000 seconds
[ROUND-METRICS] Epoch 0 Arrival_To_Resume_Time veh10: 8.900000 seconds
[ROUND-METRICS] Epoch 0 Arrival_To_Resume_Time veh11: 11.300000 seconds
[ROUND-METRICS] Epoch 0 Arrival_To_Resume_Time veh12: 1.850000 seconds
[ROUND-METRICS] Epoch 0 Arrival_To_Resume_Time veh13: 2.500000 seconds
[ROUND-METRICS] Epoch 0 Arrival_To_Resume_Time veh14: 9.700000 seconds
[ROUND-METRICS] Epoch 0 Arrival_To_Resume_Time veh15: 11.300000 seconds
[ROUND-METRICS] Epoch 0 Avg_Messages_Sent_PerReplica: 23.312 (count=16)
[ROUND-METRICS] Epoch 0 Avg_Messages_Received_PerReplica: 79.500 (count=16)
[ROUND-METRICS] Epoch 0 Avg_Arrival_To_Resume_Time: 6.671875 seconds (goCars=16)
[ROUND-METRICS] Epoch 0 Avg_StopSign_Failures: 0.000 (count)
[ROUND-METRICS] Epoch 1 Avg_StopSign_Failures: 0.000 (count)
[ROUND-METRICS] Epoch 2 Avg_StopSign_Failures: 0.000 (count)
[ROUND-METRICS] Epoch 3 Avg_StopSign_Failures: 0.000 (count)
[RUN-METRICS] Throughput_User_Definition: 0.460156 seconds_per_vehicle
[RUN-METRICS] Throughput_Vehicles_Per_Second: 2.173175 vehicles_per_second
[RUN-METRICS] Wait_Intersection_All_Mean: 7.362500 seconds
[RUN-METRICS] Wait_Intersection_All_P95: 11.950000 seconds
[RUN-METRICS] Wait_Intersection_Normal_Mean: 7.633333 seconds
[RUN-METRICS] Wait_Intersection_Ambulance_Mean: 3.300000 seconds
[RUN-METRICS] Arrival_To_Resume_Mean: 6.671875 seconds
[RUN-METRICS] Resume_To_Depart_Mean: 0.690625 seconds
[RUN-METRICS] Jains_Fairness_All: 0.857086
[RUN-METRICS] Jains_Fairness_Normal: 0.873117
[RUN-METRICS] Ambulance_Priority_Gain: 4.333333 seconds
[RUN-METRICS] Ambulance_Priority_Ratio: 0.432314
[RUN-METRICS] Byzantine_Injections_Total: 10
[RUN-METRICS] Byzantine_Injections_Epoch0: 10
[RUN-METRICS] Byzantine_Injections_Epoch1: 0
[RUN-METRICS] Byzantine_Injections_Epoch2: 0
[RUN-METRICS] Byzantine_Injections_Epoch3: 0
[RUN-METRICS] Delivery_Ratio: 0.227911
[RUN-METRICS] Estimated_Loss_Rate: 0.772089
[RUN-METRICS] Fallback_Count: 0
[RUN-METRICS] Fallback_Rate: 0.000000
[ROUND-METRICS] Epoch 0 Throughput_User_Definition: 0.460156 seconds_per_vehicle
[ROUND-METRICS] Epoch 0 Throughput_Vehicles_Per_Second: 2.173175 vehicles_per_second
[ROUND-METRICS] Epoch 0 Wait_Normal_Mean: 7.633333 seconds
[ROUND-METRICS] Epoch 0 Wait_Ambulance_Mean: 3.300000 seconds
