[ROUND-METRICS] Epoch 0 Arrival_To_Resume_Time veh0: 12.100000 seconds
[ROUND-METRICS] Epoch 0 Arrival_To_Resume_Time veh1: 13.500000 seconds
[ROUND-METRICS] Epoch 0 Arrival_To_Resume_Time veh2: 15.100000 seconds
[ROUND-METRICS] Epoch 0 Arrival_To_Resume_Time veh3: 16.900000 seconds
[ROUND-METRICS] Epoch 0 Arrival_To_Resume_Time veh4: 12.700000 seconds
[ROUND-METRICS] Epoch 0 Arrival_To_Resume_Time veh5: 14.300000 seconds
[ROUND-METRICS] Epoch 0 Arrival_To_Resume_Time veh6: 15.100000 seconds
[ROUND-METRICS] Epoch 0 Arrival_To_Resume_Time veh7: 17.900000 seconds
[ROUND-METRICS] Epoch 0 Arrival_To_Resume_Time veh8: 8.950000 seconds
[ROUND-METRICS] Epoch 0 Arrival_To_Resume_Time veh9: 9.700000 seconds
[ROUND-METRICS] Epoch 0 Arrival_To_Resume_Time veh10: 10.700000 seconds
[ROUND-METRICS] Epoch 0 Arrival_To_Resume_Time veh11: 16.100000 seconds
[ROUND-METRICS] Epoch 0 Arrival_To_Resume_Time veh12: 8.950000 seconds
[ROUND-METRICS] Epoch 0 Arrival_To_Resume_Time veh13: 10.700000 seconds
[ROUND-METRICS] Epoch 0 Arrival_To_Resume_Time veh14: 16.100000 seconds
[ROUND-METRICS] Epoch 0 Arrival_To_Resume_Time veh15: 18.900000 seconds
[ROUND-METRICS] Epoch 0 Avg_Messages_Sent_PerReplica: 95.875 (count=16)
[ROUND-METRICS] Epoch 0 Avg_Messages_Received_PerReplica: 191.812 (count=16)
[ROUND-METRICS] Epoch 0 Avg_Arrival_To_Resume_Time: 13.606250 seconds (goCars=16)
[ROUND-METRICS] Epoch 0 Avg_StopSign_Failures: 0.000 (count)
[ROUND-METRICS] Epoch 1 Avg_StopSign_Failures: 0.000 (count)
[ROUND-METRICS] Epoch 2 Avg_StopSign_Failures: 0.000 (count)
[ROUND-METRICS] Epoch 3 Avg_StopSign_Failures: 0.000 (count)
[RUN-METRICS] Throughput_User_Definition: 0.896094 seconds_per_vehicle
[RUN-METRICS] Throughput_Vehicles_Per_Second: 1.115955 vehicles_per_second
[RUN-METRICS] Wait_Intersection_All_Mean: 14.337500 seconds
[RUN-METRICS] Wait_Intersection_All_P95: 18.900000 seconds
[RUN-METRICS] Wait_Intersection_Normal_Mean: 14.513333 seconds
[RUN-METRICS] Wait_Intersection_Ambulance_Mean: 11.700000 seconds
[RUN-METRICS] Arrival_To_Resume_Mean: 13.606250 seconds
[RUN-METRICS] Resume_To_Depart_Mean: 0.731250 seconds
[RUN-METRICS] Jains_Fairness_All: 0.955112
[RUN-METRICS] Jains_Fairness_Normal: 0.955497
[RUN-METRICS] Ambulance_Priority_Gain: 2.813333 seconds
[RUN-METRICS] Ambulance_Priority_Ratio: 0.806155
[RUN-METRICS] Byzantine_Injections_Total: 1
[RUN-METRICS] Byzantine_Injections_Epoch0: 1
[RUN-METRICS] Byzantine_Injections_Epoch1: 0
[RUN-METRICS] Byzantine_Injections_Epoch2: 0
[RUN-METRICS] Byzantine_Injections_Epoch3: 0
[RUN-METRICS] Delivery_Ratio: 0.138164
[RUN-METRICS] Estimated_Loss_Rate: 0.861836
[RUN-METRICS] Fallback_Count: 0
[RUN-METRICS] Fallback_Rate: 0.000000
[ROUND-METRICS] Epoch 0 Throughput_User_Definition: 0.896094 seconds_per_vehicle
[ROUND-METRICS] Epoch 0 Throughput_Vehicles_Per_Second: 1.115955 vehicles_per_second
[ROUND-METRICS] Epoch 0 Wait_Normal_Mean: 14.513333 seconds
[ROUND-METRICS] Epoch 0 Wait_Ambulance_Mean: 11.700000 seconds
