[ROUND-METRICS] Epoch 0 Avg_ProposeAll_Consensus_Wall: 3.180000 seconds
[ROUND-METRICS] Epoch 0 Arrival_To_Resume_Time veh0: 4.300000 seconds
[ROUND-METRICS] Epoch 0 Arrival_To_Resume_Time veh1: 4.900000 seconds
[ROUND-METRICS] Epoch 0 Arrival_To_Resume_Time veh2: 6.700000 seconds
[ROUND-METRICS] Epoch 0 Arrival_To_Resume_Time veh3: 8.500000 seconds
[ROUND-METRICS] Epoch 0 Arrival_To_Resume_Time veh4: 4.100000 seconds
[ROUND-METRICS] Epoch 0 Arrival_To_Resume_Time veh5: 5.900000 seconds
[ROUND-METRICS] Epoch 0 Arrival_To_Resume_Time veh6: 6.700000 seconds
[ROUND-METRICS] Epoch 0 Arrival_To_Resume_Time veh7: 9.500000 seconds
[ROUND-METRICS] Epoch 0 Arrival_To_Resume_Time veh8: 2.400000 seconds
[ROUND-METRICS] Epoch 0 Arrival_To_Resume_Time veh9: 3.100000 seconds
[ROUND-METRICS] Epoch 0 Arrival_To_Resume_Time veh10: 7.700000 seconds
[ROUND-METRICS] Epoch 0 Arrival_To_Resume_Time veh11: 10.300000 seconds
[ROUND-METRICS] Epoch 0 Arrival_To_Resume_Time veh12: 2.400000 seconds
[ROUND-METRICS] Epoch 0 Arrival_To_Resume_Time veh13: 3.100000 seconds
[ROUND-METRICS] Epoch 0 Arrival_To_Resume_Time veh14: 7.700000 seconds
[ROUND-METRICS] Epoch 0 Arrival_To_Resume_Time veh15: 10.300000 seconds
[ROUND-METRICS] Epoch 0 Avg_Messages_Sent_PerReplica: 26.312 (count=16)
[ROUND-METRICS] Epoch 0 Avg_Messages_Received_PerReplica: 56.812 (count=16)
[ROUND-METRICS] Epoch 0 Avg_Arrival_To_Resume_Time: 6.100000 seconds (goCars=16)
[ROUND-METRICS] Epoch 0 Avg_StopSign_Failures: 0.000 (count)
[ROUND-METRICS] Epoch 1 Avg_StopSign_Failures: 0.000 (count)
[ROUND-METRICS] Epoch 2 Avg_StopSign_Failures: 0.000 (count)
[ROUND-METRICS] Epoch 3 Avg_StopSign_Failures: 0.000 (count)
[RUN-METRICS] Throughput_User_Definition: 0.426563 seconds_per_vehicle
[RUN-METRICS] Throughput_Vehicles_Per_Second: 2.344322 vehicles_per_second
[RUN-METRICS] Wait_Intersection_All_Mean: 6.825000 seconds
[RUN-METRICS] Wait_Intersection_All_P95: 10.900000 seconds
[RUN-METRICS] Wait_Intersection_Normal_Mean: 7.020000 seconds
[RUN-METRICS] Wait_Intersection_Ambulance_Mean: 3.900000 seconds
[RUN-METRICS] Arrival_To_Resume_Mean: 6.100000 seconds
[RUN-METRICS] Resume_To_Depart_Mean: 0.725000 seconds
[RUN-METRICS] Jains_Fairness_All: 0.865570
[RUN-METRICS] Jains_Fairness_Normal: 0.873942
[RUN-METRICS] Ambulance_Priority_Gain: 3.120000 seconds
[RUN-METRICS] Ambulance_Priority_Ratio: 0.555556
[RUN-METRICS] Byzantine_Injections_Total: 0
[RUN-METRICS] Byzantine_Injections_Epoch0: 0
[RUN-METRICS] Byzantine_Injections_Epoch1: 0
[RUN-METRICS] Byzantine_Injections_Epoch2: 0
[RUN-METRICS] Byzantine_Injections_Epoch3: 0
[RUN-METRICS] Delivery_Ratio: 0.144277
[RUN-METRICS] Estimated_Loss_Rate: 0.855723
[RUN-METRICS] Fallback_Count: 0
[RUN-METRICS] Fallback_Rate: 0.000000
[ROUND-METRICS] Epoch 0 Throughput_User_Definition: 0.426563 seconds_per_vehicle
[ROUND-METRICS] Epoch 0 Throughput_Vehicles_Per_Second: 2.344322 vehicles_per_second
[ROUND-METRICS] Epoch 0 Wait_Normal_Mean: 7.020000 seconds
[ROUND-METRICS] Epoch 0 Wait_Ambulance_Mean: 3.900000 seconds
