[ROUND-METRICS] Epoch 0 Avg_ProposeAll_Consensus_Wall: 5.393000 seconds
[ROUND-METRICS] Epoch 0 Arrival_To_Resume_Time veh0: 2.600000 seconds
[ROUND-METRICS] Epoch 0 Arrival_To_Resume_Time veh1: 3.800000 seconds
[ROUND-METRICS] Epoch 0 Arrival_To_Resume_Time veh2: 4.450000 seconds
[ROUND-METRICS] Epoch 0 Arrival_To_Resume_Time veh3: 7.650000 seconds
[ROUND-METRICS] Epoch 0 Arrival_To_Resume_Time veh4: 2.650000 seconds
[ROUND-METRICS] Epoch 0 Arrival_To_Resume_Time veh5: 4.200000 seconds
[ROUND-METRICS] Epoch 0 Arrival_To_Resume_Time veh6: 5.250000 seconds
[ROUND-METRICS] Epoch 0 Arrival_To_Resume_Time veh7: 8.450000 seconds
[ROUND-METRICS] Epoch 0 Arrival_To_Resume_Time veh8: 3.600000 seconds
[ROUND-METRICS] Epoch 0 Arrival_To_Resume_Time veh9: 4.800000 seconds
[ROUND-METRICS] Epoch 0 Arrival_To_Resume_Time veh10: 6.050000 seconds
[ROUND-METRICS] Epoch 0 Arrival_To_Resume_Time veh11: 9.250000 seconds
[ROUND-METRICS] Epoch 0 Arrival_To_Resume_Time veh12: 7.800000 seconds
[ROUND-METRICS] Epoch 0 Arrival_To_Resume_Time veh13: 7.400000 seconds
[ROUND-METRICS] Epoch 0 Arrival_To_Resume_Time veh14: 7.400000 seconds
[ROUND-METRICS] Epoch 0 Arrival_To_Resume_Time veh15: 9.250000 seconds
[ROUND-METRICS] Epoch 0 Avg_Messages_Sent_PerReplica: 25.375 (count=16)
[ROUND-METRICS] Epoch 0 Avg_Messages_Received_PerReplica: 87.688 (count=16)
[ROUND-METRICS] Epoch 0 Avg_Arrival_To_Resume_Time: 5.912500 seconds (goCars=16)
[ROUND-METRICS] Epoch 0 Avg_StopSign_Failures: 0.000 (count)
[ROUND-METRICS] Epoch 1 Avg_StopSign_Failures: 0.000 (count)
[ROUND-METRICS] Epoch 2 Avg_StopSign_Failures: 0.000 (count)
[ROUND-METRICS] Epoch 3 Avg_StopSign_Failures: 0.000 (count)
[RUN-METRICS] Throughput_User_Definition: 0.410938 seconds_per_vehicle
[RUN-METRICS] Throughput_Vehicles_Per_Second: 2.433460 vehicles_per_second
[RUN-METRICS] Wait_Intersection_All_Mean: 6.575000 seconds
[RUN-METRICS] Wait_Intersection_All_P95: 9.850000 seconds
[RUN-METRICS] Wait_Intersection_Normal_Mean: 6.575000 seconds
[RUN-METRICS] Arrival_To_Resume_Mean: 5.912500 seconds
[RUN-METRICS] Resume_To_Depart_Mean: 0.662500 seconds
[RUN-METRICS] Jains_Fairness_All: 0.900474
[RUN-METRICS] Jains_Fairness_Normal: 0.900474
[RUN-METRICS] Byzantine_Injections_Total: 10
[RUN-METRICS] Byzantine_Injections_Epoch0: 10
[RUN-METRICS] Byzantine_Injections_Epoch1: 0
[RUN-METRICS] Byzantine_Injections_Epoch2: 0
[RUN-METRICS] Byzantine_Injections_Epoch3: 0
[RUN-METRICS] Delivery_Ratio: 0.231059
[RUN-METRICS] Estimated_Loss_Rate: 0.768941
[RUN-METRICS] Fallback_Count: 0
[RUN-METRICS] Fallback_Rate: 0.000000
[ROUND-METRICS] Epoch 0 Throughput_User_Definition: 0.410938 seconds_per_vehicle
[ROUND-METRICS] Epoch 0 Throughput_Vehicles_Per_Second: 2.433460 vehicles_per_second
[ROUND-METRICS] Epoch 0 Wait_Normal_Mean: 6.575000 seconds
