[ROUND-METRICS] Epoch 0 Avg_StopSign_Failures: 0.000 (count)
[RUN-METRICS] Throughput_User_Definition: 0.762500 seconds_per_vehicle
[RUN-METRICS] Throughput_Vehicles_Per_Second: 1.311475 vehicles_per_second
[RUN-METRICS] Wait_Intersection_All_Mean: 3.050000 seconds
[RUN-METRICS] Wait_Intersection_All_P95: 4.590000 seconds
[RUN-METRICS] Wait_Intersection_Normal_Mean: 3.400000 seconds
[RUN-METRICS] Wait_Intersection_Ambulance_Mean: 2.000000 seconds
[RUN-METRICS] Stop_To_Resume_Mean: 1.400000 seconds
[RUN-METRICS] Resume_To_Depart_Mean: 1.650000 seconds
[RUN-METRICS] Jains_Fairness_All: 0.873474
[RUN-METRICS] Jains_Fairness_Normal: 0.898446
[RUN-METRICS] Ambulance_Priority_Gain: 1.400000 seconds
[RUN-METRICS] Ambulance_Priority_Ratio: 0.588235
[RUN-METRICS] Byzantine_Injections_Total: 0
[RUN-METRICS] Byzantine_Injections_Epoch0: 0
[RUN-METRICS] Fallback_Count: 0
[RUN-METRICS] Fallback_Rate: 0.000000
[ROUND-METRICS] Epoch 0 Throughput_User_Definition: 0.762500 seconds_per_vehicle
[ROUND-METRICS] Epoch 0 Throughput_Vehicles_Per_Second: 1.311475 vehicles_per_second
[ROUND-METRICS] Epoch 0 Wait_Normal_Mean: 3.400000 seconds
[ROUND-METRICS] Epoch 0 Wait_Ambulance_Mean: 2.000000 seconds
