[ROUND-METRICS] Epoch 0 Arrival_To_Resume_Time veh0: 2.600000 seconds
[ROUND-METRICS] Epoch 0 Arrival_To_Resume_Time veh1: 2.600000 seconds
[ROUND-METRICS] Epoch 0 Arrival_To_Resume_Time veh2: 1.600000 seconds
[ROUND-METRICS] Epoch 0 Arrival_To_Resume_Time veh3: 1.250000 seconds
[ROUND-METRICS] Epoch 0 Avg_Messages_Sent_PerReplica: 14.000 (count=4)
[ROUND-METRICS] Epoch 0 Avg_Messages_Received_PerReplica: 16.500 (count=4)
[ROUND-METRICS] Epoch 0 Avg_Arrival_To_Resume_Time: 2.012500 seconds (goCars=4)
[ROUND-METRICS] Epoch 0 Avg_StopSign_Failures: 0.000 (count)
[RUN-METRICS] Throughput_User_Definition: 0.587500 seconds_per_vehicle
[RUN-METRICS] Throughput_Vehicles_Per_Second: 1.702128 vehicles_per_second
[RUN-METRICS] Wait_Intersection_All_Mean: 2.350000 seconds
[RUN-METRICS] Wait_Intersection_All_P95: 3.040000 seconds
[RUN-METRICS] Wait_Intersection_Normal_Mean: 2.633333 seconds
[RUN-METRICS] Wait_Intersection_Ambulance_Mean: 1.500000 seconds
[RUN-METRICS] Stop_To_Resume_Mean: 2.012500 seconds
[RUN-METRICS] Resume_To_Depart_Mean: 0.337500 seconds
[RUN-METRICS] Jains_Fairness_All: 0.937606
[RUN-METRICS] Jains_Fairness_Normal: 0.976224
[RUN-METRICS] Ambulance_Priority_Gain: 1.133333 seconds
[RUN-METRICS] Ambulance_Priority_Ratio: 0.569620
[RUN-METRICS] Byzantine_Injections_Total: 2
[RUN-METRICS] Byzantine_Injections_Epoch0: 2
[RUN-METRICS] Delivery_Ratio: 0.407756
[RUN-METRICS] Estimated_Loss_Rate: 0.592244
[RUN-METRICS] Fallback_Count: 0
[RUN-METRICS] Fallback_Rate: 0.000000
[ROUND-METRICS] Epoch 0 Throughput_User_Definition: 0.587500 seconds_per_vehicle
[ROUND-METRICS] Epoch 0 Throughput_Vehicles_Per_Second: 1.702128 vehicles_per_second
[ROUND-METRICS] Epoch 0 Wait_Normal_Mean: 2.633333 seconds
[ROUND-METRICS] Epoch 0 Wait_Ambulance_Mean: 1.500000 seconds
