[ROUND-METRICS] Epoch 0 Avg_ProposeAll_Consensus_Wall: 2.490000 seconds
[ROUND-METRICS] Epoch 0 Arrival_To_Resume_Time veh0: 3.300000 seconds
[ROUND-METRICS] Epoch 0 Arrival_To_Resume_Time veh1: 4.700000 seconds
[ROUND-METRICS] Epoch 0 Arrival_To_Resume_Time veh2: 7.100000 seconds
[ROUND-METRICS] Epoch 0 Arrival_To_Resume_Time veh3: 3.900000 seconds
[ROUND-METRICS] Epoch 0 Arrival_To_Resume_Time veh4: 5.500000 seconds
[ROUND-METRICS] Epoch 0 Arrival_To_Resume_Time veh5: 7.900000 seconds
[ROUND-METRICS] Epoch 0 Arrival_To_Resume_Time veh6: 2.350000 seconds
[ROUND-METRICS] Epoch 0 Arrival_To_Resume_Time veh7: 6.300000 seconds
[ROUND-METRICS] Epoch 0 Arrival_To_Resume_Time veh8: 8.700000 seconds
[ROUND-METRICS] Epoch 0 Arrival_To_Resume_Time veh9: 2.350000 seconds
[ROUND-METRICS] Epoch 0 Arrival_To_Resume_Time veh10: 6.300000 seconds
[ROUND-METRICS] Epoch 0 Arrival_To_Resume_Time veh11: 8.700000 seconds
[ROUND-METRICS] Epoch 0 Avg_Messages_Sent_PerReplica: 21.250 (count=12)
[ROUND-METRICS] Epoch 0 Avg_Messages_Received_PerReplica: 60.583 (count=12)
[ROUND-METRICS] Epoch 0 Avg_Arrival_To_Resume_Time: 5.591667 seconds (goCars=12)
[ROUND-METRICS] Epoch 0 Avg_StopSign_Failures: 0.000 (count)
[ROUND-METRICS] Epoch 1 Avg_StopSign_Failures: 0.000 (count)
[ROUND-METRICS] Epoch 2 Avg_StopSign_Failures: 0.000 (count)
[RUN-METRICS] Throughput_User_Definition: 0.554545 seconds_per_vehicle
[RUN-METRICS] Throughput_Vehicles_Per_Second: 1.803279 vehicles_per_second
[RUN-METRICS] Wait_Intersection_All_Mean: 6.100000 seconds
[RUN-METRICS] Wait_Intersection_All_P95: 9.300000 seconds
[RUN-METRICS] Wait_Intersection_Normal_Mean: 6.420000 seconds
[RUN-METRICS] Wait_Intersection_Ambulance_Mean: 2.900000 seconds
[RUN-METRICS] Arrival_To_Resume_Mean: 5.886364 seconds
[RUN-METRICS] Resume_To_Depart_Mean: 0.645455 seconds
[RUN-METRICS] Jains_Fairness_All: 0.878140
[RUN-METRICS] Jains_Fairness_Normal: 0.900511
[RUN-METRICS] Ambulance_Priority_Gain: 3.520000 seconds
[RUN-METRICS] Ambulance_Priority_Ratio: 0.451713
[RUN-METRICS] Byzantine_Injections_Total: 6
[RUN-METRICS] Byzantine_Injections_Epoch0: 6
[RUN-METRICS] Byzantine_Injections_Epoch1: 0
[RUN-METRICS] Byzantine_Injections_Epoch2: 0
[RUN-METRICS] Delivery_Ratio: 0.260666
[RUN-METRICS] Estimated_Loss_Rate: 0.739334
[RUN-METRICS] Fallback_Count: 0
[RUN-METRICS] Fallback_Rate: 0.000000
[ROUND-METRICS] Epoch 0 Throughput_User_Definition: 0.554545 seconds_per_vehicle
[ROUND-METRICS] Epoch 0 Throughput_Vehicles_Per_Second: 1.803279 vehicles_per_second
[ROUND-METRICS] Epoch 0 Wait_Normal_Mean: 6.420000 seconds
[ROUND-METRICS] Epoch 0 Wait_Ambulance_Mean: 2.900000 seconds
