[ROUND-METRICS] Epoch 0 Avg_ProposeAll_Consensus_Wall: 1.992000 seconds
[ROUND-METRICS] Epoch 0 Arrival_To_Resume_Time veh0: 2.200000 seconds
[ROUND-METRICS] Epoch 0 Arrival_To_Resume_Time veh1: 2.550000 seconds
[ROUND-METRICS] Epoch 0 Arrival_To_Resume_Time veh2: 4.950000 seconds
[ROUND-METRICS] Epoch 0 Arrival_To_Resume_Time veh3: 7.150000 seconds
[ROUND-METRICS] Epoch 0 Arrival_To_Resume_Time veh4: 2.550000 seconds
[ROUND-METRICS] Epoch 0 Arrival_To_Resume_Time veh5: 3.800000 seconds
[ROUND-METRICS] Epoch 0 Arrival_To_Resume_Time veh6: 4.950000 seconds
[ROUND-METRICS] Epoch 0 Arrival_To_Resume_Time veh7: 7.150000 seconds
[ROUND-METRICS] Epoch 0 Arrival_To_Resume_Time veh8: 0.700000 seconds
[ROUND-METRICS] Epoch 0 Arrival_To_Resume_Time veh9: 4.150000 seconds
[ROUND-METRICS] Epoch 0 Arrival_To_Resume_Time veh10: 6.350000 seconds
[ROUND-METRICS] Epoch 0 Arrival_To_Resume_Time veh11: 8.950000 seconds
[ROUND-METRICS] Epoch 0 Arrival_To_Resume_Time veh12: 6.350000 seconds
[ROUND-METRICS] Epoch 0 Arrival_To_Resume_Time veh13: 6.000000 seconds
[ROUND-METRICS] Epoch 0 Arrival_To_Resume_Time veh14: 3.700000 seconds
[ROUND-METRICS] Epoch 0 Arrival_To_Resume_Time veh15: 8.950000 seconds
[ROUND-METRICS] Epoch 0 Avg_Messages_Sent_PerReplica: 28.500 (count=16)
[ROUND-METRICS] Epoch 0 Avg_Messages_Received_PerReplica: 69.438 (count=16)
[ROUND-METRICS] Epoch 0 Avg_Arrival_To_Resume_Time: 5.028125 seconds (goCars=16)
[ROUND-METRICS] Epoch 0 Avg_StopSign_Failures: 0.000 (count)
[ROUND-METRICS] Epoch 1 Avg_StopSign_Failures: 0.000 (count)
[ROUND-METRICS] Epoch 2 Avg_StopSign_Failures: 0.000 (count)
[ROUND-METRICS] Epoch 3 Avg_StopSign_Failures: 0.000 (count)
[RUN-METRICS] Throughput_User_Definition: 0.360889 seconds_per_vehicle
[RUN-METRICS] Throughput_Vehicles_Per_Second: 2.770936 vehicles_per_second
[RUN-METRICS] Wait_Intersection_All_Mean: 5.413333 seconds
[RUN-METRICS] Wait_Intersection_All_P95: 9.550000 seconds
[RUN-METRICS] Wait_Intersection_Normal_Mean: 5.742857 seconds
[RUN-METRICS] Wait_Intersection_Ambulance_Mean: 0.800000 seconds
[RUN-METRICS] Arrival_To_Resume_Mean: 5.028125 seconds
[RUN-METRICS] Resume_To_Depart_Mean: 0.526667 seconds
[RUN-METRICS] Jains_Fairness_All: 0.826797
[RUN-METRICS] Jains_Fairness_Normal: 0.869532
[RUN-METRICS] Ambulance_Priority_Gain: 4.942857 seconds
[RUN-METRICS] Ambulance_Priority_Ratio: 0.139303
[RUN-METRICS] Byzantine_Injections_Total: 0
[RUN-METRICS] Byzantine_Injections_Epoch0: 0
[RUN-METRICS] Byzantine_Injections_Epoch1: 0
[RUN-METRICS] Byzantine_Injections_Epoch2: 0
[RUN-METRICS] Byzantine_Injections_Epoch3: 0
[RUN-METRICS] Delivery_Ratio: 0.163211
[RUN-METRICS] Estimated_Loss_Rate: 0.836789
[RUN-METRICS] Fallback_Count: 0
[RUN-METRICS] Fallback_Rate: 0.000000
[ROUND-METRICS] Epoch 0 Throughput_User_Definition: 0.360889 seconds_per_vehicle
[ROUND-METRICS] Epoch 0 Throughput_Vehicles_Per_Second: 2.770936 vehicles_per_second
[ROUND-METRICS] Epoch 0 Wait_Normal_Mean: 5.742857 seconds
[ROUND-METRICS] Epoch 0 Wait_Ambulance_Mean: 0.800000 seconds
