[ROUND-METRICS] Epoch 0 Avg_ProposeAll_Consensus_Wall: 26.740000 seconds
[ROUND-METRICS] Epoch 0 Arrival_To_Resume_Time veh0: 5.300000 seconds
[ROUND-METRICS] Epoch 0 Arrival_To_Resume_Time veh1: 5.900000 seconds
[ROUND-METRICS] Epoch 0 Arrival_To_Resume_Time veh2: 9.700000 seconds
[ROUND-METRICS] Epoch 0 Arrival_To_Resume_Time veh3: 12.100000 seconds
[ROUND-METRICS] Epoch 0 Arrival_To_Resume_Time veh4: 5.900000 seconds
[ROUND-METRICS] Epoch 0 Arrival_To_Resume_Time veh5: 6.900000 seconds
[ROUND-METRICS] Epoch 0 Arrival_To_Resume_Time veh6: 10.500000 seconds
[ROUND-METRICS] Epoch 0 Arrival_To_Resume_Time veh7: 12.900000 seconds
[ROUND-METRICS] Epoch 0 Arrival_To_Resume_Time veh8: 4.300000 seconds
[ROUND-METRICS] Epoch 0 Arrival_To_Resume_Time veh9: 7.900000 seconds
[ROUND-METRICS] Epoch 0 Arrival_To_Resume_Time veh10: 8.700000 seconds
[ROUND-METRICS] Epoch 0 Arrival_To_Resume_Time veh11: 11.300000 seconds
[ROUND-METRICS] Epoch 0 Arrival_To_Resume_Time veh12: 4.300000 seconds
[ROUND-METRICS] Epoch 0 Arrival_To_Resume_Time veh13: 8.700000 seconds
[ROUND-METRICS] Epoch 0 Arrival_To_Resume_Time veh14: 11.300000 seconds
[ROUND-METRICS] Epoch 0 Arrival_To_Resume_Time veh15: 13.700000 seconds
[ROUND-METRICS] Epoch 0 Avg_Messages_Sent_PerReplica: 52.938 (count=16)
[ROUND-METRICS] Epoch 0 Avg_Messages_Received_PerReplica: 214.562 (count=16)
[ROUND-METRICS] Epoch 0 Avg_Arrival_To_Resume_Time: 8.712500 seconds (goCars=16)
[ROUND-METRICS] Epoch 0 Avg_StopSign_Failures: 0.000 (count)
[ROUND-METRICS] Epoch 1 Avg_StopSign_Failures: 0.000 (count)
[ROUND-METRICS] Epoch 2 Avg_StopSign_Failures: 0.000 (count)
[ROUND-METRICS] Epoch 3 Avg_StopSign_Failures: 0.000 (count)
[RUN-METRICS] Throughput_User_Definition: 0.585156 seconds_per_vehicle
[RUN-METRICS] Throughput_Vehicles_Per_Second: 1.708945 vehicles_per_second
[RUN-METRICS] Wait_Intersection_All_Mean: 9.362500 seconds
[RUN-METRICS] Wait_Intersection_All_P95: 13.700000 seconds
[RUN-METRICS] Wait_Intersection_Normal_Mean: 9.660000 seconds
[RUN-METRICS] Wait_Intersection_Ambulance_Mean: 4.900000 seconds
[RUN-METRICS] Arrival_To_Resume_Mean: 8.712500 seconds
[RUN-METRICS] Resume_To_Depart_Mean: 0.650000 seconds
[RUN-METRICS] Jains_Fairness_All: 0.908592
[RUN-METRICS] Jains_Fairness_Normal: 0.921126
[RUN-METRICS] Ambulance_Priority_Gain: 4.760000 seconds
[RUN-METRICS] Ambulance_Priority_Ratio: 0.507246
[RUN-METRICS] Byzantine_Injections_Total: 1
[RUN-METRICS] Byzantine_Injections_Epoch0: 1
[RUN-METRICS] Byzantine_Injections_Epoch1: 0
[RUN-METRICS] Byzantine_Injections_Epoch2: 0
[RUN-METRICS] Byzantine_Injections_Epoch3: 0
[RUN-METRICS] Delivery_Ratio: 0.271493
[RUN-METRICS] Estimated_Loss_Rate: 0.728507
[RUN-METRICS] Fallback_Count: 0
[RUN-METRICS] Fallback_Rate: 0.000000
[ROUND-METRICS] Epoch 0 Throughput_User_Definition: 0.585156 seconds_per_vehicle
[ROUND-METRICS] Epoch 0 Throughput_Vehicles_Per_Second: 1.708945 vehicles_per_second
[ROUND-METRICS] Epoch 0 Wait_Normal_Mean: 9.660000 seconds
[ROUND-METRICS] Epoch 0 Wait_Ambulance_Mean: 4.900000 seconds
