[ROUND-METRICS] Epoch 0 Avg_Messages_Sent_PerReplica: 357.375 (count=8)
[ROUND-METRICS] Epoch 0 Avg_Messages_Received_PerReplica: 511.125 (count=8)
[ROUND-METRICS] Epoch 0 Avg_StopSign_Failures: 0.000 (count)
[ROUND-METRICS] Epoch 1 Avg_StopSign_Failures: 0.000 (count)
[RUN-METRICS] Throughput_User_Definition: 0.879812 seconds_per_vehicle
[RUN-METRICS] Throughput_Vehicles_Per_Second: 1.136606 vehicles_per_second
[RUN-METRICS] Wait_Intersection_All_Mean: 7.038500 seconds
[RUN-METRICS] Wait_Intersection_All_P95: 11.052150 seconds
[RUN-METRICS] Wait_Intersection_Normal_Mean: 7.038500 seconds
[RUN-METRICS] Stop_To_Resume_Mean: 4.873500 seconds
[RUN-METRICS] Resume_To_Depart_Mean: 2.165000 seconds
[RUN-METRICS] Jains_Fairness_All: 0.848535
[RUN-METRICS] Jains_Fairness_Normal: 0.848535
[RUN-METRICS] Byzantine_Injections_Total: 0
[RUN-METRICS] Byzantine_Injections_Epoch0: 0
[RUN-METRICS] Byzantine_Injections_Epoch1: 0
[RUN-METRICS] Delivery_Ratio: 0.203484
[RUN-METRICS] Estimated_Loss_Rate: 0.796516
[RUN-METRICS] Fallback_Count: 0
[RUN-METRICS] Fallback_Rate: 0.000000
[ROUND-METRICS] Epoch 0 Throughput_User_Definition: 0.879812 seconds_per_vehicle
[ROUND-METRICS] Epoch 0 Throughput_Vehicles_Per_Second: 1.136606 vehicles_per_second
[ROUND-METRICS] Epoch 0 Wait_Normal_Mean: 7.038500 seconds
