[ROUND-METRICS] Epoch 0 Avg_ProposeAll_Consensus_Wall: 28.871000 seconds
[ROUND-METRICS] Epoch 0 Arrival_To_Resume_Time veh0: 4.900000 seconds
[ROUND-METRICS] Epoch 0 Arrival_To_Resume_Time veh1: 4.000000 seconds
[ROUND-METRICS] Epoch 0 Arrival_To_Resume_Time veh2: 6.600000 seconds
[ROUND-METRICS] Epoch 0 Arrival_To_Resume_Time veh3: 5.600000 seconds
[ROUND-METRICS] Epoch 0 Arrival_To_Resume_Time veh4: 5.400000 seconds
[ROUND-METRICS] Epoch 0 Arrival_To_Resume_Time veh5: 6.550000 seconds
[ROUND-METRICS] Epoch 0 Arrival_To_Resume_Time veh6: 5.400000 seconds
[ROUND-METRICS] Epoch 0 Arrival_To_Resume_Time veh7: 2.550000 seconds
[ROUND-METRICS] Epoch 0 Arrival_To_Resume_Time veh8: 4.750000 seconds
[ROUND-METRICS] Epoch 0 Arrival_To_Resume_Time veh9: 7.400000 seconds
[ROUND-METRICS] Epoch 0 Arrival_To_Resume_Time veh10: 8.000000 seconds
[ROUND-METRICS] Epoch 0 Arrival_To_Resume_Time veh11: 8.000000 seconds
[ROUND-METRICS] Epoch 0 Avg_Messages_Sent_PerReplica: 31.833 (count=12)
[ROUND-METRICS] Epoch 0 Avg_Messages_Received_PerReplica: 94.333 (count=12)
[ROUND-METRICS] Epoch 0 Avg_Arrival_To_Resume_Time: 5.762500 seconds (goCars=12)
[ROUND-METRICS] Epoch 0 Avg_StopSign_Failures: 0.000 (count)
[ROUND-METRICS] Epoch 1 Avg_StopSign_Failures: 0.000 (count)
[ROUND-METRICS] Epoch 2 Avg_StopSign_Failures: 0.000 (count)
[RUN-METRICS] Throughput_User_Definition: 0.530208 seconds_per_vehicle
[RUN-METRICS] Throughput_Vehicles_Per_Second: 1.886051 vehicles_per_second
[RUN-METRICS] Wait_Intersection_All_Mean: 6.362500 seconds
[RUN-METRICS] Wait_Intersection_All_P95: 8.600000 seconds
[RUN-METRICS] Wait_Intersection_Normal_Mean: 6.362500 seconds
[RUN-METRICS] Arrival_To_Resume_Mean: 5.762500 seconds
[RUN-METRICS] Resume_To_Depart_Mean: 0.600000 seconds
[RUN-METRICS] Jains_Fairness_All: 0.938504
[RUN-METRICS] Jains_Fairness_Normal: 0.938504
[RUN-METRICS] Byzantine_Injections_Total: 1
[RUN-METRICS] Byzantine_Injections_Epoch0: 1
[RUN-METRICS] Byzantine_Injections_Epoch1: 0
[RUN-METRICS] Byzantine_Injections_Epoch2: 0
[RUN-METRICS] Delivery_Ratio: 0.271950
[RUN-METRICS] Estimated_Loss_Rate: 0.728050
[RUN-METRICS] Fallback_Count: 0
[RUN-METRICS] Fallback_Rate: 0.000000
[ROUND-METRICS] Epoch 0 Throughput_User_Definition: 0.530208 seconds_per_vehicle
[ROUND-METRICS] Epoch 0 Throughput_Vehicles_Per_Second: 1.886051 vehicles_per_second
[ROUND-METRICS] Epoch 0 Wait_Normal_Mean: 6.362500 seconds
