[ROUND-METRICS] Epoch 0 Avg_ProposeAll_Consensus_Wall: 1.430000 seconds
[ROUND-METRICS] Epoch 0 Arrival_To_Resume_Time veh0: 3.500000 seconds
[ROUND-METRICS] Epoch 0 Arrival_To_Resume_Time veh1: 4.300000 seconds
[ROUND-METRICS] Epoch 0 Arrival_To_Resume_Time veh2: 3.500000 seconds
[ROUND-METRICS] Epoch 0 Arrival_To_Resume_Time veh3: 5.300000 seconds
[ROUND-METRICS] Epoch 0 Arrival_To_Resume_Time veh4: 1.750000 seconds
[ROUND-METRICS] Epoch 0 Arrival_To_Resume_Time veh5: 2.500000 seconds
[ROUND-METRICS] Epoch 0 Arrival_To_Resume_Time veh6: 1.750000 seconds
[ROUND-METRICS] Epoch 0 Arrival_To_Resume_Time veh7: 2.500000 seconds
[ROUND-METRICS] Epoch 0 Avg_Messages_Sent_PerReplica: 16.375 (count=8)
[ROUND-METRICS] Epoch 0 Avg_Messages_Received_PerReplica: 36.750 (count=8)
[ROUND-METRICS] Epoch 0 Avg_Arrival_To_Resume_Time: 3.137500 seconds (goCars=8)
[ROUND-METRICS] Epoch 0 Avg_StopSign_Failures: 0.000 (count)
[ROUND-METRICS] Epoch 1 Avg_StopSign_Failures: 0.000 (count)
[RUN-METRICS] Throughput_User_Definition: 0.478125 seconds_per_vehicle
[RUN-METRICS] Throughput_Vehicles_Per_Second: 2.091503 vehicles_per_second
[RUN-METRICS] Wait_Intersection_All_Mean: 3.825000 seconds
[RUN-METRICS] Wait_Intersection_All_P95: 5.750000 seconds
[RUN-METRICS] Wait_Intersection_Normal_Mean: 3.900000 seconds
[RUN-METRICS] Wait_Intersection_Ambulance_Mean: 3.300000 seconds
[RUN-METRICS] Arrival_To_Resume_Mean: 3.137500 seconds
[RUN-METRICS] Resume_To_Depart_Mean: 0.687500 seconds
[RUN-METRICS] Jains_Fairness_All: 0.905921
[RUN-METRICS] Jains_Fairness_Normal: 0.899924
[RUN-METRICS] Ambulance_Priority_Gain: 0.600000 seconds
[RUN-METRICS] Ambulance_Priority_Ratio: 0.846154
[RUN-METRICS] Byzantine_Injections_Total: 4
[RUN-METRICS] Byzantine_Injections_Epoch0: 4
[RUN-METRICS] Byzantine_Injections_Epoch1: 0
[RUN-METRICS] Delivery_Ratio: 0.321957
[RUN-METRICS] Estimated_Loss_Rate: 0.678043
[RUN-METRICS] Fallback_Count: 0
[RUN-METRICS] Fallback_Rate: 0.000000
[ROUND-METRICS] Epoch 0 Throughput_User_Definition: 0.478125 seconds_per_vehicle
[ROUND-METRICS] Epoch 0 Throughput_Vehicles_Per_Second: 2.091503 vehicles_per_second
[ROUND-METRICS] Epoch 0 Wait_Normal_Mean: 3.900000 seconds
[ROUND-METRICS] Epoch 0 Wait_Ambulance_Mean: 3.300000 seconds
