[ROUND-METRICS] Epoch 0 Avg_ProposeAll_Consensus_Wall: 1.400000 seconds
[ROUND-METRICS] Epoch 0 Arrival_To_Resume_Time veh0: 1.750000 seconds
[ROUND-METRICS] Epoch 0 Arrival_To_Resume_Time veh1: 4.100000 seconds
[ROUND-METRICS] Epoch 0 Arrival_To_Resume_Time veh2: 2.500000 seconds
[ROUND-METRICS] Epoch 0 Arrival_To_Resume_Time veh3: 4.100000 seconds
[ROUND-METRICS] Epoch 0 Arrival_To_Resume_Time veh4: 3.300000 seconds
[ROUND-METRICS] Epoch 0 Arrival_To_Resume_Time veh5: 4.900000 seconds
[ROUND-METRICS] Epoch 0 Arrival_To_Resume_Time veh6: 3.300000 seconds
[ROUND-METRICS] Epoch 0 Arrival_To_Resume_Time veh7: 5.700000 seconds
[ROUND-METRICS] Epoch 0 Avg_Messages_Sent_PerReplica: 14.625 (count=8)
[ROUND-METRICS] Epoch 0 Avg_Messages_Received_PerReplica: 30.625 (count=8)
[ROUND-METRICS] Epoch 0 Avg_Arrival_To_Resume_Time: 3.706250 seconds (goCars=8)
[ROUND-METRICS] Epoch 0 Avg_StopSign_Failures: 0.000 (count)
[ROUND-METRICS] Epoch 1 Avg_StopSign_Failures: 0.000 (count)
[RUN-METRICS] Throughput_User_Definition: 0.543750 seconds_per_vehicle
[RUN-METRICS] Throughput_Vehicles_Per_Second: 1.839080 vehicles_per_second
[RUN-METRICS] Wait_Intersection_All_Mean: 4.350000 seconds
[RUN-METRICS] Wait_Intersection_All_P95: 6.090000 seconds
[RUN-METRICS] Wait_Intersection_Normal_Mean: 4.642857 seconds
[RUN-METRICS] Wait_Intersection_Ambulance_Mean: 2.300000 seconds
[RUN-METRICS] Arrival_To_Resume_Mean: 3.706250 seconds
[RUN-METRICS] Resume_To_Depart_Mean: 0.643750 seconds
[RUN-METRICS] Jains_Fairness_All: 0.925306
[RUN-METRICS] Jains_Fairness_Normal: 0.953148
[RUN-METRICS] Ambulance_Priority_Gain: 2.342857 seconds
[RUN-METRICS] Ambulance_Priority_Ratio: 0.495385
[RUN-METRICS] Byzantine_Injections_Total: 4
[RUN-METRICS] Byzantine_Injections_Epoch0: 4
[RUN-METRICS] Byzantine_Injections_Epoch1: 0
[RUN-METRICS] Delivery_Ratio: 0.301189
[RUN-METRICS] Estimated_Loss_Rate: 0.698811
[RUN-METRICS] Fallback_Count: 0
[RUN-METRICS] Fallback_Rate: 0.000000
[ROUND-METRICS] Epoch 0 Throughput_User_Definition: 0.543750 seconds_per_vehicle
[ROUND-METRICS] Epoch 0 Throughput_Vehicles_Per_Second: 1.839080 vehicles_per_second
[ROUND-METRICS] Epoch 0 Wait_Normal_Mean: 4.642857 seconds
[ROUND-METRICS] Epoch 0 Wait_Ambulance_Mean: 2.300000 seconds
