[ROUND-METRICS] Epoch 0 Avg_ProposeAll_Consensus_Wall: 1.167000 seconds
[ROUND-METRICS] Epoch 0 Arrival_To_Resume_Time veh0: 2.500000 seconds
[ROUND-METRICS] Epoch 0 Arrival_To_Resume_Time veh1: 3.200000 seconds
[ROUND-METRICS] Epoch 0 Arrival_To_Resume_Time veh2: 5.550000 seconds
[ROUND-METRICS] Epoch 0 Arrival_To_Resume_Time veh3: 3.200000 seconds
[ROUND-METRICS] Epoch 0 Arrival_To_Resume_Time veh4: 3.150000 seconds
[ROUND-METRICS] Epoch 0 Arrival_To_Resume_Time veh5: 6.350000 seconds
[ROUND-METRICS] Epoch 0 Arrival_To_Resume_Time veh6: 2.800000 seconds
[ROUND-METRICS] Epoch 0 Arrival_To_Resume_Time veh7: 3.950000 seconds
[ROUND-METRICS] Epoch 0 Arrival_To_Resume_Time veh8: 7.150000 seconds
[ROUND-METRICS] Epoch 0 Arrival_To_Resume_Time veh9: 4.000000 seconds
[ROUND-METRICS] Epoch 0 Arrival_To_Resume_Time veh10: 4.800000 seconds
[ROUND-METRICS] Epoch 0 Arrival_To_Resume_Time veh11: 7.150000 seconds
[ROUND-METRICS] Epoch 0 Avg_Messages_Sent_PerReplica: 22.167 (count=12)
[ROUND-METRICS] Epoch 0 Avg_Messages_Received_PerReplica: 66.917 (count=12)
[ROUND-METRICS] Epoch 0 Avg_Arrival_To_Resume_Time: 4.483333 seconds (goCars=12)
[ROUND-METRICS] Epoch 0 Avg_StopSign_Failures: 0.000 (count)
[ROUND-METRICS] Epoch 1 Avg_StopSign_Failures: 0.000 (count)
[ROUND-METRICS] Epoch 2 Avg_StopSign_Failures: 0.000 (count)
[RUN-METRICS] Throughput_User_Definition: 0.476033 seconds_per_vehicle
[RUN-METRICS] Throughput_Vehicles_Per_Second: 2.100694 vehicles_per_second
[RUN-METRICS] Wait_Intersection_All_Mean: 5.236364 seconds
[RUN-METRICS] Wait_Intersection_All_P95: 7.850000 seconds
[RUN-METRICS] Wait_Intersection_Normal_Mean: 5.236364 seconds
[RUN-METRICS] Arrival_To_Resume_Mean: 4.483333 seconds
[RUN-METRICS] Resume_To_Depart_Mean: 0.600000 seconds
[RUN-METRICS] Jains_Fairness_All: 0.911677
[RUN-METRICS] Jains_Fairness_Normal: 0.911677
[RUN-METRICS] Byzantine_Injections_Total: 6
[RUN-METRICS] Byzantine_Injections_Epoch0: 6
[RUN-METRICS] Byzantine_Injections_Epoch1: 0
[RUN-METRICS] Byzantine_Injections_Epoch2: 0
[RUN-METRICS] Delivery_Ratio: 0.275422
[RUN-METRICS] Estimated_Loss_Rate: 0.724578
[RUN-METRICS] Fallback_Count: 0
[RUN-METRICS] Fallback_Rate: 0.000000
[ROUND-METRICS] Epoch 0 Throughput_User_Definition: 0.476033 seconds_per_vehicle
[ROUND-METRICS] Epoch 0 Throughput_Vehicles_Per_Second: 2.100694 vehicles_per_second
[ROUND-METRICS] Epoch 0 Wait_Normal_Mean: 5.236364 seconds
