[ROUND-METRICS] Epoch 0 Avg_ProposeAll_Consensus_Wall: 0.621000 seconds
[ROUND-METRICS] Epoch 0 Arrival_To_Resume_Time veh0: 2.250000 seconds
[ROUND-METRICS] Epoch 0 Arrival_To_Resume_Time veh1: 2.600000 seconds
[ROUND-METRICS] Epoch 0 Arrival_To_Resume_Time veh2: 2.250000 seconds
[ROUND-METRICS] Epoch 0 Arrival_To_Resume_Time veh3: 3.400000 seconds
[ROUND-METRICS] Epoch 0 Arrival_To_Resume_Time veh4: 4.000000 seconds
[ROUND-METRICS] Epoch 0 Arrival_To_Resume_Time veh5: 4.400000 seconds
[ROUND-METRICS] Epoch 0 Arrival_To_Resume_Time veh6: 2.600000 seconds
[ROUND-METRICS] Epoch 0 Arrival_To_Resume_Time veh7: 4.800000 seconds
[ROUND-METRICS] Epoch 0 Avg_Messages_Sent_PerReplica: 16.250 (count=8)
[ROUND-METRICS] Epoch 0 Avg_Messages_Received_PerReplica: 34.250 (count=8)
[ROUND-METRICS] Epoch 0 Avg_Arrival_To_Resume_Time: 3.287500 seconds (goCars=8)
[ROUND-METRICS] Epoch 0 Avg_StopSign_Failures: 0.000 (count)
[ROUND-METRICS] Epoch 1 Avg_StopSign_Failures: 0.000 (count)
[RUN-METRICS] Throughput_User_Definition: 0.476562 seconds_per_vehicle
[RUN-METRICS] Throughput_Vehicles_Per_Second: 2.098361 vehicles_per_second
[RUN-METRICS] Wait_Intersection_All_Mean: 3.812500 seconds
[RUN-METRICS] Wait_Intersection_All_P95: 4.965000 seconds
[RUN-METRICS] Wait_Intersection_Normal_Mean: 3.812500 seconds
[RUN-METRICS] Arrival_To_Resume_Mean: 3.287500 seconds
[RUN-METRICS] Resume_To_Depart_Mean: 0.525000 seconds
[RUN-METRICS] Jains_Fairness_All: 0.950554
[RUN-METRICS] Jains_Fairness_Normal: 0.950554
[RUN-METRICS] Byzantine_Injections_Total: 4
[RUN-METRICS] Byzantine_Injections_Epoch0: 4
[RUN-METRICS] Byzantine_Injections_Epoch1: 0
[RUN-METRICS] Delivery_Ratio: 0.301711
[RUN-METRICS] Estimated_Loss_Rate: 0.698289
[RUN-METRICS] Fallback_Count: 0
[RUN-METRICS] Fallback_Rate: 0.000000
[ROUND-METRICS] Epoch 0 Throughput_User_Definition: 0.476562 seconds_per_vehicle
[ROUND-METRICS] Epoch 0 Throughput_Vehicles_Per_Second: 2.098361 vehicles_per_second
[ROUND-METRICS] Epoch 0 Wait_Normal_Mean: 3.812500 seconds
