[ROUND-METRICS] Epoch 0 Avg_ProposeAll_Consensus_Wall: 2.989000 seconds
[ROUND-METRICS] Epoch 0 Arrival_To_Resume_Time veh0: 3.000000 seconds
[ROUND-METRICS] Epoch 0 Arrival_To_Resume_Time veh1: 3.000000 seconds
[ROUND-METRICS] Epoch 0 Arrival_To_Resume_Time veh2: 3.800000 seconds
[ROUND-METRICS] Epoch 0 Arrival_To_Resume_Time veh3: 2.200000 seconds
[ROUND-METRICS] Epoch 0 Avg_Messages_Sent_PerReplica: 13.250 (count=4)
[ROUND-METRICS] Epoch 0 Avg_Messages_Received_PerReplica: 15.750 (count=4)
[ROUND-METRICS] Epoch 0 Avg_Arrival_To_Resume_Time: 3.000000 seconds (goCars=4)
[ROUND-METRICS] Epoch 0 Avg_StopSign_Failures: 0.000 (count)
[RUN-METRICS] Throughput_User_Definition: 0.900000 seconds_per_vehicle
[RUN-METRICS] Throughput_Vehicles_Per_Second: 1.111111 vehicles_per_second
[RUN-METRICS] Wait_Intersection_All_Mean: 3.600000 seconds
[RUN-METRICS] Wait_Intersection_All_P95: 4.280000 seconds
[RUN-METRICS] Wait_Intersection_Normal_Mean: 3.866667 seconds
[RUN-METRICS] Wait_Intersection_Ambulance_Mean: 2.800000 seconds
[RUN-METRICS] Arrival_To_Resume_Mean: 3.000000 seconds
[RUN-METRICS] Resume_To_Depart_Mean: 0.600000 seconds
[RUN-METRICS] Jains_Fairness_All: 0.975904
[RUN-METRICS] Jains_Fairness_Normal: 0.990577
[RUN-METRICS] Ambulance_Priority_Gain: 1.066667 seconds
[RUN-METRICS] Ambulance_Priority_Ratio: 0.724138
[RUN-METRICS] Byzantine_Injections_Total: 2
[RUN-METRICS] Byzantine_Injections_Epoch0: 2
[RUN-METRICS] Delivery_Ratio: 0.403971
[RUN-METRICS] Estimated_Loss_Rate: 0.596029
[RUN-METRICS] Fallback_Count: 0
[RUN-METRICS] Fallback_Rate: 0.000000
[ROUND-METRICS] Epoch 0 Throughput_User_Definition: 0.900000 seconds_per_vehicle
[ROUND-METRICS] Epoch 0 Throughput_Vehicles_Per_Second: 1.111111 vehicles_per_second
[ROUND-METRICS] Epoch 0 Wait_Normal_Mean: 3.866667 seconds
[ROUND-METRICS] Epoch 0 Wait_Ambulance_Mean: 2.800000 seconds
