[ROUND-METRICS] Epoch 0 Avg_ProposeAll_Consensus_Wall: 4.783000 seconds
[ROUND-METRICS] Epoch 0 Arrival_To_Resume_Time veh0: 2.700000 seconds
[ROUND-METRICS] Epoch 0 Arrival_To_Resume_Time veh1: 4.300000 seconds
[ROUND-METRICS] Epoch 0 Arrival_To_Resume_Time veh2: 8.100000 seconds
[ROUND-METRICS] Epoch 0 Arrival_To_Resume_Time veh3: 10.700000 seconds
[ROUND-METRICS] Epoch 0 Arrival_To_Resume_Time veh4: 2.500000 seconds
[ROUND-METRICS] Epoch 0 Arrival_To_Resume_Time veh5: 3.300000 seconds
[ROUND-METRICS] Epoch 0 Arrival_To_Resume_Time veh6: 4.300000 seconds
[ROUND-METRICS] Epoch 0 Arrival_To_Resume_Time veh7: 8.100000 seconds
[ROUND-METRICS] Epoch 0 Arrival_To_Resume_Time veh8: 5.500000 seconds
[ROUND-METRICS] Epoch 0 Arrival_To_Resume_Time veh9: 7.100000 seconds
[ROUND-METRICS] Epoch 0 Arrival_To_Resume_Time veh10: 8.900000 seconds
[ROUND-METRICS] Epoch 0 Arrival_To_Resume_Time veh11: 11.500000 seconds
[ROUND-METRICS] Epoch 0 Arrival_To_Resume_Time veh12: 6.300000 seconds
[ROUND-METRICS] Epoch 0 Arrival_To_Resume_Time veh13: 7.100000 seconds
[ROUND-METRICS] Epoch 0 Arrival_To_Resume_Time veh14: 9.900000 seconds
[ROUND-METRICS] Epoch 0 Arrival_To_Resume_Time veh15: 12.300000 seconds
[ROUND-METRICS] Epoch 0 Avg_Messages_Sent_PerReplica: 26.125 (count=16)
[ROUND-METRICS] Epoch 0 Avg_Messages_Received_PerReplica: 98.000 (count=16)
[ROUND-METRICS] Epoch 0 Avg_Arrival_To_Resume_Time: 7.037500 seconds (goCars=16)
[ROUND-METRICS] Epoch 0 Avg_StopSign_Failures: 0.000 (count)
[ROUND-METRICS] Epoch 1 Avg_StopSign_Failures: 0.000 (count)
[ROUND-METRICS] Epoch 2 Avg_StopSign_Failures: 0.000 (count)
[ROUND-METRICS] Epoch 3 Avg_StopSign_Failures: 0.000 (count)
[RUN-METRICS] Throughput_User_Definition: 0.483594 seconds_per_vehicle
[RUN-METRICS] Throughput_Vehicles_Per_Second: 2.067851 vehicles_per_second
[RUN-METRICS] Wait_Intersection_All_Mean: 7.737500 seconds
[RUN-METRICS] Wait_Intersection_All_P95: 12.300000 seconds
[RUN-METRICS] Wait_Intersection_Normal_Mean: 7.900000 seconds
[RUN-METRICS] Wait_Intersection_Ambulance_Mean: 5.300000 seconds
[RUN-METRICS] Arrival_To_Resume_Mean: 7.037500 seconds
[RUN-METRICS] Resume_To_Depart_Mean: 0.700000 seconds
[RUN-METRICS] Jains_Fairness_All: 0.869619
[RUN-METRICS] Jains_Fairness_Normal: 0.872111
[RUN-METRICS] Ambulance_Priority_Gain: 2.600000 seconds
[RUN-METRICS] Ambulance_Priority_Ratio: 0.670886
[RUN-METRICS] Byzantine_Injections_Total: 10
[RUN-METRICS] Byzantine_Injections_Epoch0: 10
[RUN-METRICS] Byzantine_Injections_Epoch1: 0
[RUN-METRICS] Byzantine_Injections_Epoch2: 0
[RUN-METRICS] Byzantine_Injections_Epoch3: 0
[RUN-METRICS] Delivery_Ratio: 0.250906
[RUN-METRICS] Estimated_Loss_Rate: 0.749094
[RUN-METRICS] Fallback_Count: 0
[RUN-METRICS] Fallback_Rate: 0.000000
[ROUND-METRICS] Epoch 0 Throughput_User_Definition: 0.483594 seconds_per_vehicle
[ROUND-METRICS] Epoch 0 Throughput_Vehicles_Per_Second: 2.067851 vehicles_per_second
[ROUND-METRICS] Epoch 0 Wait_Normal_Mean: 7.900000 seconds
[ROUND-METRICS] Epoch 0 Wait_Ambulance_Mean: 5.300000 seconds
