[ROUND-METRICS] Epoch 0 Avg_ProposeAll_Consensus_Wall: 3.105000 seconds
[ROUND-METRICS] Epoch 0 Arrival_To_Resume_Time veh0: 5.500000 seconds
[ROUND-METRICS] Epoch 0 Arrival_To_Resume_Time veh1: 6.100000 seconds
[ROUND-METRICS] Epoch 0 Arrival_To_Resume_Time veh2: 7.900000 seconds
[ROUND-METRICS] Epoch 0 Arrival_To_Resume_Time veh3: 9.900000 seconds
[ROUND-METRICS] Epoch 0 Arrival_To_Resume_Time veh4: 5.300000 seconds
[ROUND-METRICS] Epoch 0 Arrival_To_Resume_Time veh5: 7.100000 seconds
[ROUND-METRICS] Epoch 0 Arrival_To_Resume_Time veh6: 8.900000 seconds
[ROUND-METRICS] Epoch 0 Arrival_To_Resume_Time veh7: 10.900000 seconds
[ROUND-METRICS] Epoch 0 Arrival_To_Resume_Time veh8: 2.400000 seconds
[ROUND-METRICS] Epoch 0 Arrival_To_Resume_Time veh9: 3.100000 seconds
[ROUND-METRICS] Epoch 0 Arrival_To_Resume_Time veh10: 4.100000 seconds
[ROUND-METRICS] Epoch 0 Arrival_To_Resume_Time veh11: 11.700000 seconds
[ROUND-METRICS] Epoch 0 Arrival_To_Resume_Time veh12: 2.400000 seconds
[ROUND-METRICS] Epoch 0 Arrival_To_Resume_Time veh13: 3.100000 seconds
[ROUND-METRICS] Epoch 0 Arrival_To_Resume_Time veh14: 4.100000 seconds
[ROUND-METRICS] Epoch 0 Arrival_To_Resume_Time veh15: 12.500000 seconds
[ROUND-METRICS] Epoch 0 Avg_Messages_Sent_PerReplica: 25.250 (count=16)
[ROUND-METRICS] Epoch 0 Avg_Messages_Received_PerReplica: 86.312 (count=16)
[ROUND-METRICS] Epoch 0 Avg_Arrival_To_Resume_Time: 6.562500 seconds (goCars=16)
[ROUND-METRICS] Epoch 0 Avg_StopSign_Failures: 0.000 (count)
[ROUND-METRICS] Epoch 1 Avg_StopSign_Failures: 0.000 (count)
[ROUND-METRICS] Epoch 2 Avg_StopSign_Failures: 0.000 (count)
[ROUND-METRICS] Epoch 3 Avg_StopSign_Failures: 0.000 (count)
[RUN-METRICS] Throughput_User_Definition: 0.457813 seconds_per_vehicle
[RUN-METRICS] Throughput_Vehicles_Per_Second: 2.184300 vehicles_per_second
[RUN-METRICS] Wait_Intersection_All_Mean: 7.325000 seconds
[RUN-METRICS] Wait_Intersection_All_P95: 12.500000 seconds
[RUN-METRICS] Wait_Intersection_Normal_Mean: 7.473333 seconds
[RUN-METRICS] Wait_Intersection_Ambulance_Mean: 5.100000 seconds
[RUN-METRICS] Arrival_To_Resume_Mean: 6.562500 seconds
[RUN-METRICS] Resume_To_Depart_Mean: 0.762500 seconds
[RUN-METRICS] Jains_Fairness_All: 0.830904
[RUN-METRICS] Jains_Fairness_Normal: 0.831780
[RUN-METRICS] Ambulance_Priority_Gain: 2.373333 seconds
[RUN-METRICS] Ambulance_Priority_Ratio: 0.682426
[RUN-METRICS] Byzantine_Injections_Total: 10
[RUN-METRICS] Byzantine_Injections_Epoch0: 10
[RUN-METRICS] Byzantine_Injections_Epoch1: 0
[RUN-METRICS] Byzantine_Injections_Epoch2: 0
[RUN-METRICS] Byzantine_Injections_Epoch3: 0
[RUN-METRICS] Delivery_Ratio: 0.228236
[RUN-METRICS] Estimated_Loss_Rate: 0.771764
[RUN-METRICS] Fallback_Count: 0
[RUN-METRICS] Fallback_Rate: 0.000000
[ROUND-METRICS] Epoch 0 Throughput_User_Definition: 0.457813 seconds_per_vehicle
[ROUND-METRICS] Epoch 0 Throughput_Vehicles_Per_Second: 2.184300 vehicles_per_second
[ROUND-METRICS] Epoch 0 Wait_Normal_Mean: 7.473333 seconds
[ROUND-METRICS] Epoch 0 Wait_Ambulance_Mean: 5.100000 seconds
