[ROUND-METRICS] Epoch 0 Avg_ProposeAll_Consensus_Wall: 3.570000 seconds
[ROUND-METRICS] Epoch 0 Arrival_To_Resume_Time veh0: 2.600000 seconds
[ROUND-METRICS] Epoch 0 Arrival_To_Resume_Time veh1: 3.100000 seconds
[ROUND-METRICS] Epoch 0 Arrival_To_Resume_Time veh2: 4.100000 seconds
[ROUND-METRICS] Epoch 0 Arrival_To_Resume_Time veh3: 11.700000 seconds
[ROUND-METRICS] Epoch 0 Arrival_To_Resume_Time veh4: 5.300000 seconds
[ROUND-METRICS] Epoch 0 Arrival_To_Resume_Time veh5: 6.900000 seconds
[ROUND-METRICS] Epoch 0 Arrival_To_Resume_Time veh6: 9.300000 seconds
[ROUND-METRICS] Epoch 0 Arrival_To_Resume_Time veh7: 12.500000 seconds
[ROUND-METRICS] Epoch 0 Arrival_To_Resume_Time veh8: 6.100000 seconds
[ROUND-METRICS] Epoch 0 Arrival_To_Resume_Time veh9: 7.700000 seconds
[ROUND-METRICS] Epoch 0 Arrival_To_Resume_Time veh10: 10.100000 seconds
[ROUND-METRICS] Epoch 0 Arrival_To_Resume_Time veh11: 13.300000 seconds
[ROUND-METRICS] Epoch 0 Arrival_To_Resume_Time veh12: 6.100000 seconds
[ROUND-METRICS] Epoch 0 Arrival_To_Resume_Time veh13: 8.500000 seconds
[ROUND-METRICS] Epoch 0 Arrival_To_Resume_Time veh14: 10.900000 seconds
[ROUND-METRICS] Epoch 0 Arrival_To_Resume_Time veh15: 14.100000 seconds
[ROUND-METRICS] Epoch 0 Avg_Messages_Sent_PerReplica: 25.250 (count=16)
[ROUND-METRICS] Epoch 0 Avg_Messages_Received_PerReplica: 81.125 (count=16)
[ROUND-METRICS] Epoch 0 Avg_Arrival_To_Resume_Time: 8.268750 seconds (goCars=16)
[ROUND-METRICS] Epoch 0 Avg_StopSign_Failures: 0.000 (count)
[ROUND-METRICS] Epoch 1 Avg_StopSign_Failures: 0.000 (count)
[ROUND-METRICS] Epoch 2 Avg_StopSign_Failures: 0.000 (count)
[ROUND-METRICS] Epoch 3 Avg_StopSign_Failures: 0.000 (count)
[RUN-METRICS] Throughput_User_Definition: 0.559375 seconds_per_vehicle
[RUN-METRICS] Throughput_Vehicles_Per_Second: 1.787709 vehicles_per_second
[RUN-METRICS] Wait_Intersection_All_Mean: 8.950000 seconds
[RUN-METRICS] Wait_Intersection_All_P95: 14.100000 seconds
[RUN-METRICS] Wait_Intersection_Normal_Mean: 9.206667 seconds
[RUN-METRICS] Wait_Intersection_Ambulance_Mean: 5.100000 seconds
[RUN-METRICS] Arrival_To_Resume_Mean: 8.268750 seconds
[RUN-METRICS] Resume_To_Depart_Mean: 0.681250 seconds
[RUN-METRICS] Jains_Fairness_All: 0.868885
[RUN-METRICS] Jains_Fairness_Normal: 0.877443
[RUN-METRICS] Ambulance_Priority_Gain: 4.106667 seconds
[RUN-METRICS] Ambulance_Priority_Ratio: 0.553946
[RUN-METRICS] Byzantine_Injections_Total: 10
[RUN-METRICS] Byzantine_Injections_Epoch0: 10
[RUN-METRICS] Byzantine_Injections_Epoch1: 0
[RUN-METRICS] Byzantine_Injections_Epoch2: 0
[RUN-METRICS] Byzantine_Injections_Epoch3: 0
[RUN-METRICS] Delivery_Ratio: 0.214471
[RUN-METRICS] Estimated_Loss_Rate: 0.785529
[RUN-METRICS] Fallback_Count: 0
[RUN-METRICS] Fallback_Rate: 0.000000
[ROUND-METRICS] Epoch 0 Throughput_User_Definition: 0.559375 seconds_per_vehicle
[ROUND-METRICS] Epoch 0 Throughput_Vehicles_Per_Second: 1.787709 vehicles_per_second
[ROUND-METRICS] Epoch 0 Wait_Normal_Mean: 9.206667 seconds
[ROUND-METRICS] Epoch 0 Wait_Ambulance_Mean: 5.100000 seconds
