[ROUND-METRICS] Epoch 0 Arrival_To_Resume_Time veh0: 5.900000 seconds
[ROUND-METRICS] Epoch 0 Arrival_To_Resume_Time veh1: 6.700000 seconds
[ROUND-METRICS] Epoch 0 Arrival_To_Resume_Time veh2: 6.700000 seconds
[ROUND-METRICS] Epoch 0 Arrival_To_Resume_Time veh3: 7.700000 seconds
[ROUND-METRICS] Epoch 0 Arrival_To_Resume_Time veh4: 5.250000 seconds
[ROUND-METRICS] Epoch 0 Arrival_To_Resume_Time veh5: 8.700000 seconds
[ROUND-METRICS] Epoch 0 Arrival_To_Resume_Time veh6: 5.250000 seconds
[ROUND-METRICS] Epoch 0 Arrival_To_Resume_Time veh7: 9.500000 seconds
[ROUND-METRICS] Epoch 0 Avg_Messages_Sent_PerReplica: 35.250 (count=8)
[ROUND-METRICS] Epoch 0 Avg_Messages_Received_PerReplica: 76.875 (count=8)
[ROUND-METRICS] Epoch 0 Avg_Arrival_To_Resume_Time: 6.962500 seconds (goCars=8)
[ROUND-METRICS] Epoch 0 Avg_StopSign_Failures: 0.000 (count)
[ROUND-METRICS] Epoch 1 Avg_StopSign_Failures: 0.000 (count)
[RUN-METRICS] Throughput_User_Definition: 0.946875 seconds_per_vehicle
[RUN-METRICS] Throughput_Vehicles_Per_Second: 1.056106 vehicles_per_second
[RUN-METRICS] Wait_Intersection_All_Mean: 7.575000 seconds
[RUN-METRICS] Wait_Intersection_All_P95: 9.820000 seconds
[RUN-METRICS] Wait_Intersection_Normal_Mean: 7.842857 seconds
[RUN-METRICS] Wait_Intersection_Ambulance_Mean: 5.700000 seconds
[RUN-METRICS] Arrival_To_Resume_Mean: 6.962500 seconds
[RUN-METRICS] Resume_To_Depart_Mean: 0.612500 seconds
[RUN-METRICS] Jains_Fairness_All: 0.961311
[RUN-METRICS] Jains_Fairness_Normal: 0.967514
[RUN-METRICS] Ambulance_Priority_Gain: 2.142857 seconds
[RUN-METRICS] Ambulance_Priority_Ratio: 0.726776
[RUN-METRICS] Byzantine_Injections_Total: 1
[RUN-METRICS] Byzantine_Injections_Epoch0: 1
[RUN-METRICS] Byzantine_Injections_Epoch1: 0
[RUN-METRICS] Delivery_Ratio: 0.323742
[RUN-METRICS] Estimated_Loss_Rate: 0.676258
[RUN-METRICS] Fallback_Count: 0
[RUN-METRICS] Fallback_Rate: 0.000000
[ROUND-METRICS] Epoch 0 Throughput_User_Definition: 0.946875 seconds_per_vehicle
[ROUND-METRICS] Epoch 0 Throughput_Vehicles_Per_Second: 1.056106 vehicles_per_second
[ROUND-METRICS] Epoch 0 Wait_Normal_Mean: 7.842857 seconds
[ROUND-METRICS] Epoch 0 Wait_Ambulance_Mean: 5.700000 seconds
