[ROUND-METRICS] Epoch 0 Avg_StopSign_Failures: 0.000 (count)
[ROUND-METRICS] Epoch 1 Avg_StopSign_Failures: 0.000 (count)
[RUN-METRICS] Throughput_User_Definition: 1.232109 seconds_per_vehicle
[RUN-METRICS] Throughput_Vehicles_Per_Second: 0.811616 vehicles_per_second
[RUN-METRICS] Wait_Intersection_All_Mean: 9.856875 seconds
[RUN-METRICS] Wait_Intersection_All_P95: 12.760000 seconds
[RUN-METRICS] Wait_Intersection_Normal_Mean: 9.650714 seconds
[RUN-METRICS] Wait_Intersection_Ambulance_Mean: 11.300000 seconds
[RUN-METRICS] Stop_To_Resume_Mean: 8.501500 seconds
[RUN-METRICS] Resume_To_Depart_Mean: 1.355375 seconds
[RUN-METRICS] Jains_Fairness_All: 0.936611
[RUN-METRICS] Jains_Fairness_Normal: 0.928474
[RUN-METRICS] Ambulance_Priority_Gain: -1.649286 seconds
[RUN-METRICS] Ambulance_Priority_Ratio: 1.170898
[RUN-METRICS] Byzantine_Injections_Total: 0
[RUN-METRICS] Byzantine_Injections_Epoch0: 0
[RUN-METRICS] Byzantine_Injections_Epoch1: 0
[RUN-METRICS] Fallback_Count: 0
[RUN-METRICS] Fallback_Rate: 0.000000
[ROUND-METRICS] Epoch 0 Throughput_User_Definition: 1.232109 seconds_per_vehicle
[ROUND-METRICS] Epoch 0 Throughput_Vehicles_Per_Second: 0.811616 vehicles_per_second
[ROUND-METRICS] Epoch 0 Wait_Normal_Mean: 9.650714 seconds
[ROUND-METRICS] Epoch 0 Wait_Ambulance_Mean: 11.300000 seconds
