[ROUND-METRICS] Epoch 0 Avg_Messages_Sent_PerReplica: 659.200 (count=20)
[ROUND-METRICS] Epoch 0 Avg_Messages_Received_PerReplica: 2536.000 (count=20)
[ROUND-METRICS] Epoch 0 Avg_StopSign_Failures: 0.000 (count)
[ROUND-METRICS] Epoch 1 Avg_StopSign_Failures: 0.000 (count)
[ROUND-METRICS] Epoch 2 Avg_StopSign_Failures: 0.000 (count)
[ROUND-METRICS] Epoch 3 Avg_StopSign_Failures: 0.000 (count)
[ROUND-METRICS] Epoch 4 Avg_StopSign_Failures: 0.000 (count)
[RUN-METRICS] Throughput_User_Definition: 0.728618 seconds_per_vehicle
[RUN-METRICS] Throughput_Vehicles_Per_Second: 1.372462 vehicles_per_second
[RUN-METRICS] Wait_Intersection_All_Mean: 13.843737 seconds
[RUN-METRICS] Wait_Intersection_All_P95: 18.636200 seconds
[RUN-METRICS] Wait_Intersection_Normal_Mean: 14.096167 seconds
[RUN-METRICS] Wait_Intersection_Ambulance_Mean: 9.300000 seconds
[RUN-METRICS] Stop_To_Resume_Mean: 11.934500 seconds
[RUN-METRICS] Resume_To_Depart_Mean: 1.715895 seconds
[RUN-METRICS] Jains_Fairness_All: 0.902051
[RUN-METRICS] Jains_Fairness_Normal: 0.905423
[RUN-METRICS] Ambulance_Priority_Gain: 4.796167 seconds
[RUN-METRICS] Ambulance_Priority_Ratio: 0.659754
[RUN-METRICS] Byzantine_Injections_Total: 0
[RUN-METRICS] Byzantine_Injections_Epoch0: 0
[RUN-METRICS] Byzantine_Injections_Epoch1: 0
[RUN-METRICS] Byzantine_Injections_Epoch2: 0
[RUN-METRICS] Byzantine_Injections_Epoch3: 0
[RUN-METRICS] Byzantine_Injections_Epoch4: 0
[RUN-METRICS] Delivery_Ratio: 0.200253
[RUN-METRICS] Estimated_Loss_Rate: 0.799747
[RUN-METRICS] Fallback_Count: 0
[RUN-METRICS] Fallback_Rate: 0.000000
[ROUND-METRICS] Epoch 0 Throughput_User_Definition: 0.728618 seconds_per_vehicle
[ROUND-METRICS] Epoch 0 Throughput_Vehicles_Per_Second: 1.372462 vehicles_per_second
[ROUND-METRICS] Epoch 0 Wait_Normal_Mean: 14.096167 seconds
[ROUND-METRICS] Epoch 0 Wait_Ambulance_Mean: 9.300000 seconds
