[ROUND-METRICS] Epoch 0 Avg_ProposeAll_Consensus_Wall: 1.632000 seconds
[ROUND-METRICS] Epoch 0 Arrival_To_Resume_Time veh0: 0.500000 seconds
[ROUND-METRICS] Epoch 0 Arrival_To_Resume_Time veh1: 2.100000 seconds
[ROUND-METRICS] Epoch 0 Arrival_To_Resume_Time veh2: 0.500000 seconds
[ROUND-METRICS] Epoch 0 Arrival_To_Resume_Time veh3: 2.100000 seconds
[ROUND-METRICS] Epoch 0 Arrival_To_Resume_Time veh4: 1.300000 seconds
[ROUND-METRICS] Epoch 0 Arrival_To_Resume_Time veh5: 2.900000 seconds
[ROUND-METRICS] Epoch 0 Arrival_To_Resume_Time veh6: 1.300000 seconds
[ROUND-METRICS] Epoch 0 Arrival_To_Resume_Time veh7: 2.900000 seconds
[ROUND-METRICS] Epoch 0 Avg_Messages_Sent_PerReplica: 25.000 (count=8)
[ROUND-METRICS] Epoch 0 Avg_Messages_Received_PerReplica: 53.125 (count=8)
[ROUND-METRICS] Epoch 0 Avg_Arrival_To_Resume_Time: 1.700000 seconds (goCars=8)
[ROUND-METRICS] Epoch 0 Avg_StopSign_Failures: 0.000 (count)
[ROUND-METRICS] Epoch 1 Avg_StopSign_Failures: 0.000 (count)
[RUN-METRICS] Throughput_User_Definition: 0.300000 seconds_per_vehicle
[RUN-METRICS] Throughput_Vehicles_Per_Second: 3.333333 vehicles_per_second
[RUN-METRICS] Wait_Intersection_All_Mean: 2.450000 seconds
[RUN-METRICS] Wait_Intersection_All_P95: 3.700000 seconds
[RUN-METRICS] Wait_Intersection_Normal_Mean: 2.450000 seconds
[RUN-METRICS] Arrival_To_Resume_Mean: 1.700000 seconds
[RUN-METRICS] Resume_To_Depart_Mean: 0.750000 seconds
[RUN-METRICS] Jains_Fairness_All: 0.876277
[RUN-METRICS] Jains_Fairness_Normal: 0.876277
[RUN-METRICS] Byzantine_Injections_Total: 4
[RUN-METRICS] Byzantine_Injections_Epoch0: 4
[RUN-METRICS] Byzantine_Injections_Epoch1: 0
[ROUND-METRICS] Epoch 0 Throughput_User_Definition: 0.300000 seconds_per_vehicle
[ROUND-METRICS] Epoch 0 Throughput_Vehicles_Per_Second: 3.333333 vehicles_per_second
[ROUND-METRICS] Epoch 0 Wait_Normal_Mean: 2.450000 seconds
