[ROUND-METRICS] Epoch 0 Arrival_To_Resume_Time veh0: 5.700000 seconds
[ROUND-METRICS] Epoch 0 Arrival_To_Resume_Time veh1: 6.500000 seconds
[ROUND-METRICS] Epoch 0 Arrival_To_Resume_Time veh2: 6.500000 seconds
[ROUND-METRICS] Epoch 0 Arrival_To_Resume_Time veh3: 7.500000 seconds
[ROUND-METRICS] Epoch 0 Arrival_To_Resume_Time veh4: 3.900000 seconds
[ROUND-METRICS] Epoch 0 Arrival_To_Resume_Time veh5: 8.500000 seconds
[ROUND-METRICS] Epoch 0 Arrival_To_Resume_Time veh6: 3.900000 seconds
[ROUND-METRICS] Epoch 0 Arrival_To_Resume_Time veh7: 4.700000 seconds
[ROUND-METRICS] Epoch 0 Avg_Messages_Sent_PerReplica: 41.250 (count=8)
[ROUND-METRICS] Epoch 0 Avg_Messages_Received_PerReplica: 126.250 (count=8)
[ROUND-METRICS] Epoch 0 Avg_Arrival_To_Resume_Time: 5.900000 seconds (goCars=8)
[ROUND-METRICS] Epoch 0 Avg_StopSign_Failures: 0.000 (count)
[ROUND-METRICS] Epoch 1 Avg_StopSign_Failures: 0.000 (count)
[RUN-METRICS] Throughput_User_Definition: 0.575000 seconds_per_vehicle
[RUN-METRICS] Throughput_Vehicles_Per_Second: 1.739130 vehicles_per_second
[RUN-METRICS] Wait_Intersection_All_Mean: 6.575000 seconds
[RUN-METRICS] Wait_Intersection_All_P95: 8.820000 seconds
[RUN-METRICS] Wait_Intersection_Normal_Mean: 6.728571 seconds
[RUN-METRICS] Wait_Intersection_Ambulance_Mean: 5.500000 seconds
[RUN-METRICS] Arrival_To_Resume_Mean: 5.900000 seconds
[RUN-METRICS] Resume_To_Depart_Mean: 0.675000 seconds
[RUN-METRICS] Jains_Fairness_All: 0.945345
[RUN-METRICS] Jains_Fairness_Normal: 0.944354
[RUN-METRICS] Ambulance_Priority_Gain: 1.228571 seconds
[RUN-METRICS] Ambulance_Priority_Ratio: 0.817410
[RUN-METRICS] Byzantine_Injections_Total: 2
[RUN-METRICS] Byzantine_Injections_Epoch0: 2
[RUN-METRICS] Byzantine_Injections_Epoch1: 0
[RUN-METRICS] Delivery_Ratio: 0.441979
[RUN-METRICS] Estimated_Loss_Rate: 0.558021
[RUN-METRICS] Fallback_Count: 0
[RUN-METRICS] Fallback_Rate: 0.000000
[ROUND-METRICS] Epoch 0 Throughput_User_Definition: 0.575000 seconds_per_vehicle
[ROUND-METRICS] Epoch 0 Throughput_Vehicles_Per_Second: 1.739130 vehicles_per_second
[ROUND-METRICS] Epoch 0 Wait_Normal_Mean: 6.728571 seconds
[ROUND-METRICS] Epoch 0 Wait_Ambulance_Mean: 5.500000 seconds
