[ROUND-METRICS] Epoch 0 Avg_ProposeAll_Consensus_Wall: 24.053000 seconds
[ROUND-METRICS] Epoch 0 Arrival_To_Resume_Time veh0: 4.900000 seconds
[ROUND-METRICS] Epoch 0 Arrival_To_Resume_Time veh1: 6.300000 seconds
[ROUND-METRICS] Epoch 0 Arrival_To_Resume_Time veh2: 9.700000 seconds
[ROUND-METRICS] Epoch 0 Arrival_To_Resume_Time veh3: 4.000000 seconds
[ROUND-METRICS] Epoch 0 Arrival_To_Resume_Time veh4: 7.100000 seconds
[ROUND-METRICS] Epoch 0 Arrival_To_Resume_Time veh5: 9.700000 seconds
[ROUND-METRICS] Epoch 0 Arrival_To_Resume_Time veh6: 5.500000 seconds
[ROUND-METRICS] Epoch 0 Arrival_To_Resume_Time veh7: 7.900000 seconds
[ROUND-METRICS] Epoch 0 Arrival_To_Resume_Time veh8: 8.700000 seconds
[ROUND-METRICS] Epoch 0 Arrival_To_Resume_Time veh9: 5.500000 seconds
[ROUND-METRICS] Epoch 0 Arrival_To_Resume_Time veh10: 8.700000 seconds
[ROUND-METRICS] Epoch 0 Arrival_To_Resume_Time veh11: 10.500000 seconds
[ROUND-METRICS] Epoch 0 Avg_Messages_Sent_PerReplica: 42.917 (count=12)
[ROUND-METRICS] Epoch 0 Avg_Messages_Received_PerReplica: 169.917 (count=12)
[ROUND-METRICS] Epoch 0 Avg_Arrival_To_Resume_Time: 7.375000 seconds (goCars=12)
[ROUND-METRICS] Epoch 0 Avg_StopSign_Failures: 0.000 (count)
[ROUND-METRICS] Epoch 1 Avg_StopSign_Failures: 0.000 (count)
[ROUND-METRICS] Epoch 2 Avg_StopSign_Failures: 0.000 (count)
[RUN-METRICS] Throughput_User_Definition: 0.668056 seconds_per_vehicle
[RUN-METRICS] Throughput_Vehicles_Per_Second: 1.496881 vehicles_per_second
[RUN-METRICS] Wait_Intersection_All_Mean: 8.016667 seconds
[RUN-METRICS] Wait_Intersection_All_P95: 10.750000 seconds
[RUN-METRICS] Wait_Intersection_Normal_Mean: 8.336364 seconds
[RUN-METRICS] Wait_Intersection_Ambulance_Mean: 4.500000 seconds
[RUN-METRICS] Arrival_To_Resume_Mean: 7.375000 seconds
[RUN-METRICS] Resume_To_Depart_Mean: 0.641667 seconds
[RUN-METRICS] Jains_Fairness_All: 0.936517
[RUN-METRICS] Jains_Fairness_Normal: 0.951713
[RUN-METRICS] Ambulance_Priority_Gain: 3.836364 seconds
[RUN-METRICS] Ambulance_Priority_Ratio: 0.539804
[RUN-METRICS] Byzantine_Injections_Total: 1
[RUN-METRICS] Byzantine_Injections_Epoch0: 1
[RUN-METRICS] Byzantine_Injections_Epoch1: 0
[RUN-METRICS] Byzantine_Injections_Epoch2: 0
[RUN-METRICS] Delivery_Ratio: 0.362325
[RUN-METRICS] Estimated_Loss_Rate: 0.637675
[RUN-METRICS] Fallback_Count: 0
[RUN-METRICS] Fallback_Rate: 0.000000
[ROUND-METRICS] Epoch 0 Throughput_User_Definition: 0.668056 seconds_per_vehicle
[ROUND-METRICS] Epoch 0 Throughput_Vehicles_Per_Second: 1.496881 vehicles_per_second
[ROUND-METRICS] Epoch 0 Wait_Normal_Mean: 8.336364 seconds
[ROUND-METRICS] Epoch 0 Wait_Ambulance_Mean: 4.500000 seconds
