[ROUND-METRICS] Epoch 0 Avg_StopSign_Failures: 0.000 (count)
[ROUND-METRICS] Epoch 1 Avg_StopSign_Failures: 0.000 (count)
[ROUND-METRICS] Epoch 2 Avg_StopSign_Failures: 0.000 (count)
[RUN-METRICS] Throughput_User_Definition: 1.169444 seconds_per_vehicle
[RUN-METRICS] Throughput_Vehicles_Per_Second: 0.855107 vehicles_per_second
[RUN-METRICS] Wait_Intersection_All_Mean: 14.033333 seconds
[RUN-METRICS] Wait_Intersection_All_P95: 16.495000 seconds
[RUN-METRICS] Wait_Intersection_Normal_Mean: 14.033333 seconds
[RUN-METRICS] Stop_To_Resume_Mean: 12.562917 seconds
[RUN-METRICS] Resume_To_Depart_Mean: 1.470417 seconds
[RUN-METRICS] Jains_Fairness_All: 0.973573
[RUN-METRICS] Jains_Fairness_Normal: 0.973573
[RUN-METRICS] Byzantine_Injections_Total: 0
[RUN-METRICS] Byzantine_Injections_Epoch0: 0
[RUN-METRICS] Byzantine_Injections_Epoch1: 0
[RUN-METRICS] Byzantine_Injections_Epoch2: 0
[RUN-METRICS] Fallback_Count: 0
[RUN-METRICS] Fallback_Rate: 0.000000
[ROUND-METRICS] Epoch 0 Throughput_User_Definition: 1.169444 seconds_per_vehicle
[ROUND-METRICS] Epoch 0 Throughput_Vehicles_Per_Second: 0.855107 vehicles_per_second
[ROUND-METRICS] Epoch 0 Wait_Normal_Mean: 14.033333 seconds
