[ROUND-METRICS] Epoch 0 Avg_ProposeAll_Consensus_Wall: 33.938000 seconds
[ROUND-METRICS] Epoch 0 Arrival_To_Resume_Time veh0: 8.700000 seconds
[ROUND-METRICS] Epoch 0 Arrival_To_Resume_Time veh1: 9.300000 seconds
[ROUND-METRICS] Epoch 0 Arrival_To_Resume_Time veh2: 10.300000 seconds
[ROUND-METRICS] Epoch 0 Arrival_To_Resume_Time veh3: 12.300000 seconds
[ROUND-METRICS] Epoch 0 Arrival_To_Resume_Time veh4: 9.300000 seconds
[ROUND-METRICS] Epoch 0 Arrival_To_Resume_Time veh5: 10.300000 seconds
[ROUND-METRICS] Epoch 0 Arrival_To_Resume_Time veh6: 12.300000 seconds
[ROUND-METRICS] Epoch 0 Arrival_To_Resume_Time veh7: 14.300000 seconds
[ROUND-METRICS] Epoch 0 Arrival_To_Resume_Time veh8: 7.100000 seconds
[ROUND-METRICS] Epoch 0 Arrival_To_Resume_Time veh9: 11.500000 seconds
[ROUND-METRICS] Epoch 0 Arrival_To_Resume_Time veh10: 13.500000 seconds
[ROUND-METRICS] Epoch 0 Arrival_To_Resume_Time veh11: 15.300000 seconds
[ROUND-METRICS] Epoch 0 Arrival_To_Resume_Time veh12: 4.200000 seconds
[ROUND-METRICS] Epoch 0 Arrival_To_Resume_Time veh13: 4.900000 seconds
[ROUND-METRICS] Epoch 0 Arrival_To_Resume_Time veh14: 5.900000 seconds
[ROUND-METRICS] Epoch 0 Arrival_To_Resume_Time veh15: 7.100000 seconds
[ROUND-METRICS] Epoch 0 Avg_Messages_Sent_PerReplica: 56.562 (count=16)
[ROUND-METRICS] Epoch 0 Avg_Messages_Received_PerReplica: 297.625 (count=16)
[ROUND-METRICS] Epoch 0 Avg_Arrival_To_Resume_Time: 9.768750 seconds (goCars=16)
[ROUND-METRICS] Epoch 0 Avg_StopSign_Failures: 0.000 (count)
[ROUND-METRICS] Epoch 1 Avg_StopSign_Failures: 0.000 (count)
[ROUND-METRICS] Epoch 2 Avg_StopSign_Failures: 0.000 (count)
[ROUND-METRICS] Epoch 3 Avg_StopSign_Failures: 0.000 (count)
[RUN-METRICS] Throughput_User_Definition: 0.760000 seconds_per_vehicle
[RUN-METRICS] Throughput_Vehicles_Per_Second: 1.315789 vehicles_per_second
[RUN-METRICS] Wait_Intersection_All_Mean: 10.206667 seconds
[RUN-METRICS] Wait_Intersection_All_P95: 15.540000 seconds
[RUN-METRICS] Wait_Intersection_Normal_Mean: 10.421429 seconds
[RUN-METRICS] Wait_Intersection_Ambulance_Mean: 7.200000 seconds
[RUN-METRICS] Arrival_To_Resume_Mean: 9.768750 seconds
[RUN-METRICS] Resume_To_Depart_Mean: 0.686667 seconds
[RUN-METRICS] Jains_Fairness_All: 0.907937
[RUN-METRICS] Jains_Fairness_Normal: 0.910880
[RUN-METRICS] Ambulance_Priority_Gain: 3.221429 seconds
[RUN-METRICS] Ambulance_Priority_Ratio: 0.690884
[RUN-METRICS] Byzantine_Injections_Total: 9
[RUN-METRICS] Byzantine_Injections_Epoch0: 9
[RUN-METRICS] Byzantine_Injections_Epoch1: 0
[RUN-METRICS] Byzantine_Injections_Epoch2: 0
[RUN-METRICS] Byzantine_Injections_Epoch3: 0
[RUN-METRICS] Delivery_Ratio: 0.351550
[RUN-METRICS] Estimated_Loss_Rate: 0.648450
[RUN-METRICS] Fallback_Count: 0
[RUN-METRICS] Fallback_Rate: 0.000000
[ROUND-METRICS] Epoch 0 Throughput_User_Definition: 0.760000 seconds_per_vehicle
[ROUND-METRICS] Epoch 0 Throughput_Vehicles_Per_Second: 1.315789 vehicles_per_second
[ROUND-METRICS] Epoch 0 Wait_Normal_Mean: 10.421429 seconds
[ROUND-METRICS] Epoch 0 Wait_Ambulance_Mean: 7.200000 seconds
