[ROUND-METRICS] Epoch 0 Avg_ProposeAll_Consensus_Wall: 27.830000 seconds
[ROUND-METRICS] Epoch 0 Arrival_To_Resume_Time veh0: 8.700000 seconds
[ROUND-METRICS] Epoch 0 Arrival_To_Resume_Time veh1: 10.100000 seconds
[ROUND-METRICS] Epoch 0 Arrival_To_Resume_Time veh2: 12.500000 seconds
[ROUND-METRICS] Epoch 0 Arrival_To_Resume_Time veh3: 14.100000 seconds
[ROUND-METRICS] Epoch 0 Arrival_To_Resume_Time veh4: 8.500000 seconds
[ROUND-METRICS] Epoch 0 Arrival_To_Resume_Time veh5: 10.900000 seconds
[ROUND-METRICS] Epoch 0 Arrival_To_Resume_Time veh6: 12.500000 seconds
[ROUND-METRICS] Epoch 0 Arrival_To_Resume_Time veh7: 14.100000 seconds
[ROUND-METRICS] Epoch 0 Arrival_To_Resume_Time veh8: 4.250000 seconds
[ROUND-METRICS] Epoch 0 Arrival_To_Resume_Time veh9: 4.900000 seconds
[ROUND-METRICS] Epoch 0 Arrival_To_Resume_Time veh10: 5.900000 seconds
[ROUND-METRICS] Epoch 0 Arrival_To_Resume_Time veh11: 7.100000 seconds
[ROUND-METRICS] Epoch 0 Arrival_To_Resume_Time veh12: 9.300000 seconds
[ROUND-METRICS] Epoch 0 Arrival_To_Resume_Time veh13: 11.700000 seconds
[ROUND-METRICS] Epoch 0 Arrival_To_Resume_Time veh14: 13.300000 seconds
[ROUND-METRICS] Epoch 0 Arrival_To_Resume_Time veh15: 15.100000 seconds
[ROUND-METRICS] Epoch 0 Avg_Messages_Sent_PerReplica: 56.188 (count=16)
[ROUND-METRICS] Epoch 0 Avg_Messages_Received_PerReplica: 204.688 (count=16)
[ROUND-METRICS] Epoch 0 Avg_Arrival_To_Resume_Time: 10.184375 seconds (goCars=16)
[ROUND-METRICS] Epoch 0 Avg_StopSign_Failures: 0.000 (count)
[ROUND-METRICS] Epoch 1 Avg_StopSign_Failures: 0.000 (count)
[ROUND-METRICS] Epoch 2 Avg_StopSign_Failures: 0.000 (count)
[ROUND-METRICS] Epoch 3 Avg_StopSign_Failures: 0.000 (count)
[RUN-METRICS] Throughput_User_Definition: 0.756250 seconds_per_vehicle
[RUN-METRICS] Throughput_Vehicles_Per_Second: 1.322314 vehicles_per_second
[RUN-METRICS] Wait_Intersection_All_Mean: 10.868750 seconds
[RUN-METRICS] Wait_Intersection_All_P95: 15.150000 seconds
[RUN-METRICS] Wait_Intersection_Normal_Mean: 11.113333 seconds
[RUN-METRICS] Wait_Intersection_Ambulance_Mean: 7.200000 seconds
[RUN-METRICS] Arrival_To_Resume_Mean: 10.184375 seconds
[RUN-METRICS] Resume_To_Depart_Mean: 0.684375 seconds
[RUN-METRICS] Jains_Fairness_All: 0.911710
[RUN-METRICS] Jains_Fairness_Normal: 0.916549
[RUN-METRICS] Ambulance_Priority_Gain: 3.913333 seconds
[RUN-METRICS] Ambulance_Priority_Ratio: 0.647870
[RUN-METRICS] Byzantine_Injections_Total: 1
[RUN-METRICS] Byzantine_Injections_Epoch0: 1
[RUN-METRICS] Byzantine_Injections_Epoch1: 0
[RUN-METRICS] Byzantine_Injections_Epoch2: 0
[RUN-METRICS] Byzantine_Injections_Epoch3: 0
[RUN-METRICS] Delivery_Ratio: 0.243532
[RUN-METRICS] Estimated_Loss_Rate: 0.756468
[RUN-METRICS] Fallback_Count: 0
[RUN-METRICS] Fallback_Rate: 0.000000
[ROUND-METRICS] Epoch 0 Throughput_User_Definition: 0.700000 seconds_per_vehicle
[ROUND-METRICS] Epoch 0 Throughput_Vehicles_Per_Second: 1.428571 vehicles_per_second
[ROUND-METRICS] Epoch 0 Wait_Normal_Mean: 11.113333 seconds
[ROUND-METRICS] Epoch 0 Wait_Ambulance_Mean: 7.200000 seconds
