[ROUND-METRICS] Epoch 0 Avg_ProposeAll_Consensus_Wall: 26.527000 seconds
[ROUND-METRICS] Epoch 0 Arrival_To_Resume_Time veh0: 7.300000 seconds
[ROUND-METRICS] Epoch 0 Arrival_To_Resume_Time veh1: 8.700000 seconds
[ROUND-METRICS] Epoch 0 Arrival_To_Resume_Time veh2: 10.300000 seconds
[ROUND-METRICS] Epoch 0 Arrival_To_Resume_Time veh3: 12.300000 seconds
[ROUND-METRICS] Epoch 0 Arrival_To_Resume_Time veh4: 7.100000 seconds
[ROUND-METRICS] Epoch 0 Arrival_To_Resume_Time veh5: 8.700000 seconds
[ROUND-METRICS] Epoch 0 Arrival_To_Resume_Time veh6: 10.300000 seconds
[ROUND-METRICS] Epoch 0 Arrival_To_Resume_Time veh7: 12.300000 seconds
[ROUND-METRICS] Epoch 0 Arrival_To_Resume_Time veh8: 4.100000 seconds
[ROUND-METRICS] Epoch 0 Arrival_To_Resume_Time veh9: 4.900000 seconds
[ROUND-METRICS] Epoch 0 Arrival_To_Resume_Time veh10: 5.900000 seconds
[ROUND-METRICS] Epoch 0 Arrival_To_Resume_Time veh11: 9.500000 seconds
[ROUND-METRICS] Epoch 0 Arrival_To_Resume_Time veh12: 7.900000 seconds
[ROUND-METRICS] Epoch 0 Arrival_To_Resume_Time veh13: 9.500000 seconds
[ROUND-METRICS] Epoch 0 Arrival_To_Resume_Time veh14: 11.300000 seconds
[ROUND-METRICS] Epoch 0 Arrival_To_Resume_Time veh15: 13.300000 seconds
[ROUND-METRICS] Epoch 0 Avg_Messages_Sent_PerReplica: 52.562 (count=16)
[ROUND-METRICS] Epoch 0 Avg_Messages_Received_PerReplica: 187.875 (count=16)
[ROUND-METRICS] Epoch 0 Avg_Arrival_To_Resume_Time: 8.962500 seconds (goCars=16)
[ROUND-METRICS] Epoch 0 Avg_StopSign_Failures: 0.000 (count)
[ROUND-METRICS] Epoch 1 Avg_StopSign_Failures: 0.000 (count)
[ROUND-METRICS] Epoch 2 Avg_StopSign_Failures: 0.000 (count)
[ROUND-METRICS] Epoch 3 Avg_StopSign_Failures: 0.000 (count)
[RUN-METRICS] Throughput_User_Definition: 0.650000 seconds_per_vehicle
[RUN-METRICS] Throughput_Vehicles_Per_Second: 1.538462 vehicles_per_second
[RUN-METRICS] Wait_Intersection_All_Mean: 9.725000 seconds
[RUN-METRICS] Wait_Intersection_All_P95: 13.350000 seconds
[RUN-METRICS] Wait_Intersection_Normal_Mean: 9.913333 seconds
[RUN-METRICS] Wait_Intersection_Ambulance_Mean: 6.900000 seconds
[RUN-METRICS] Arrival_To_Resume_Mean: 8.962500 seconds
[RUN-METRICS] Resume_To_Depart_Mean: 0.762500 seconds
[RUN-METRICS] Jains_Fairness_All: 0.931963
[RUN-METRICS] Jains_Fairness_Normal: 0.935309
[RUN-METRICS] Ambulance_Priority_Gain: 3.013333 seconds
[RUN-METRICS] Ambulance_Priority_Ratio: 0.696032
[RUN-METRICS] Byzantine_Injections_Total: 1
[RUN-METRICS] Byzantine_Injections_Epoch0: 1
[RUN-METRICS] Byzantine_Injections_Epoch1: 0
[RUN-METRICS] Byzantine_Injections_Epoch2: 0
[RUN-METRICS] Byzantine_Injections_Epoch3: 0
[RUN-METRICS] Delivery_Ratio: 0.239161
[RUN-METRICS] Estimated_Loss_Rate: 0.760839
[RUN-METRICS] Fallback_Count: 0
[RUN-METRICS] Fallback_Rate: 0.000000
[ROUND-METRICS] Epoch 0 Throughput_User_Definition: 0.587500 seconds_per_vehicle
[ROUND-METRICS] Epoch 0 Throughput_Vehicles_Per_Second: 1.702128 vehicles_per_second
[ROUND-METRICS] Epoch 0 Wait_Normal_Mean: 9.913333 seconds
[ROUND-METRICS] Epoch 0 Wait_Ambulance_Mean: 6.900000 seconds
