[ROUND-METRICS] Epoch 0 Avg_ProposeAll_Consensus_Wall: 22.853000 seconds
[ROUND-METRICS] Epoch 0 Arrival_To_Resume_Time veh0: 3.900000 seconds
[ROUND-METRICS] Epoch 0 Arrival_To_Resume_Time veh1: 4.700000 seconds
[ROUND-METRICS] Epoch 0 Arrival_To_Resume_Time veh2: 4.700000 seconds
[ROUND-METRICS] Epoch 0 Arrival_To_Resume_Time veh3: 6.500000 seconds
[ROUND-METRICS] Epoch 0 Arrival_To_Resume_Time veh4: 5.700000 seconds
[ROUND-METRICS] Epoch 0 Arrival_To_Resume_Time veh5: 7.300000 seconds
[ROUND-METRICS] Epoch 0 Arrival_To_Resume_Time veh6: 5.700000 seconds
[ROUND-METRICS] Epoch 0 Arrival_To_Resume_Time veh7: 8.100000 seconds
[ROUND-METRICS] Epoch 0 Avg_Messages_Sent_PerReplica: 37.375 (count=8)
[ROUND-METRICS] Epoch 0 Avg_Messages_Received_PerReplica: 113.000 (count=8)
[ROUND-METRICS] Epoch 0 Avg_Arrival_To_Resume_Time: 5.825000 seconds (goCars=8)
[ROUND-METRICS] Epoch 0 Avg_StopSign_Failures: 0.000 (count)
[ROUND-METRICS] Epoch 1 Avg_StopSign_Failures: 0.000 (count)
[RUN-METRICS] Throughput_User_Definition: 0.625000 seconds_per_vehicle
[RUN-METRICS] Throughput_Vehicles_Per_Second: 1.600000 vehicles_per_second
[RUN-METRICS] Wait_Intersection_All_Mean: 6.500000 seconds
[RUN-METRICS] Wait_Intersection_All_P95: 8.490000 seconds
[RUN-METRICS] Wait_Intersection_Normal_Mean: 6.642857 seconds
[RUN-METRICS] Wait_Intersection_Ambulance_Mean: 5.500000 seconds
[RUN-METRICS] Arrival_To_Resume_Mean: 5.825000 seconds
[RUN-METRICS] Resume_To_Depart_Mean: 0.675000 seconds
[RUN-METRICS] Jains_Fairness_All: 0.958702
[RUN-METRICS] Jains_Fairness_Normal: 0.958372
[RUN-METRICS] Ambulance_Priority_Gain: 1.142857 seconds
[RUN-METRICS] Ambulance_Priority_Ratio: 0.827957
[RUN-METRICS] Byzantine_Injections_Total: 1
[RUN-METRICS] Byzantine_Injections_Epoch0: 1
[RUN-METRICS] Byzantine_Injections_Epoch1: 0
[RUN-METRICS] Delivery_Ratio: 0.437737
[RUN-METRICS] Estimated_Loss_Rate: 0.562263
[RUN-METRICS] Fallback_Count: 0
[RUN-METRICS] Fallback_Rate: 0.000000
[ROUND-METRICS] Epoch 0 Throughput_User_Definition: 0.525000 seconds_per_vehicle
[ROUND-METRICS] Epoch 0 Throughput_Vehicles_Per_Second: 1.904762 vehicles_per_second
[ROUND-METRICS] Epoch 0 Wait_Normal_Mean: 6.642857 seconds
[ROUND-METRICS] Epoch 0 Wait_Ambulance_Mean: 5.500000 seconds
