[ROUND-METRICS] Epoch 0 Avg_ProposeAll_Consensus_Wall: 4.407000 seconds
[ROUND-METRICS] Epoch 0 Arrival_To_Resume_Time veh0: 6.500000 seconds
[ROUND-METRICS] Epoch 0 Arrival_To_Resume_Time veh1: 5.900000 seconds
[ROUND-METRICS] Epoch 0 Arrival_To_Resume_Time veh2: 5.550000 seconds
[ROUND-METRICS] Epoch 0 Arrival_To_Resume_Time veh3: 5.500000 seconds
[ROUND-METRICS] Epoch 0 Avg_Messages_Sent_PerReplica: 32.500 (count=4)
[ROUND-METRICS] Epoch 0 Avg_Messages_Received_PerReplica: 46.500 (count=4)
[ROUND-METRICS] Epoch 0 Avg_Arrival_To_Resume_Time: 5.862500 seconds (goCars=4)
[ROUND-METRICS] Epoch 0 Avg_StopSign_Failures: 0.000 (count)
[RUN-METRICS] Throughput_User_Definition: 1.487500 seconds_per_vehicle
[RUN-METRICS] Throughput_Vehicles_Per_Second: 0.672269 vehicles_per_second
[RUN-METRICS] Wait_Intersection_All_Mean: 5.950000 seconds
[RUN-METRICS] Wait_Intersection_All_P95: 6.510000 seconds
[RUN-METRICS] Wait_Intersection_Normal_Mean: 5.950000 seconds
[RUN-METRICS] Arrival_To_Resume_Mean: 5.862500 seconds
[RUN-METRICS] Resume_To_Depart_Mean: 0.087500 seconds
[RUN-METRICS] Jains_Fairness_All: 0.995291
[RUN-METRICS] Jains_Fairness_Normal: 0.995291
[RUN-METRICS] Byzantine_Injections_Total: 1
[RUN-METRICS] Byzantine_Injections_Epoch0: 1
[RUN-METRICS] Delivery_Ratio: 0.613706
[RUN-METRICS] Estimated_Loss_Rate: 0.386294
[RUN-METRICS] Fallback_Count: 0
[RUN-METRICS] Fallback_Rate: 0.000000
[ROUND-METRICS] Epoch 0 Throughput_User_Definition: 1.487500 seconds_per_vehicle
[ROUND-METRICS] Epoch 0 Throughput_Vehicles_Per_Second: 0.672269 vehicles_per_second
[ROUND-METRICS] Epoch 0 Wait_Normal_Mean: 5.950000 seconds
