[ROUND-METRICS] Epoch 0 Avg_Messages_Sent_PerReplica: 547.438 (count=16)
[ROUND-METRICS] Epoch 0 Avg_Messages_Received_PerReplica: 2496.812 (count=16)
[ROUND-METRICS] Epoch 0 Avg_StopSign_Failures: 0.000 (count)
[ROUND-METRICS] Epoch 1 Avg_StopSign_Failures: 0.000 (count)
[ROUND-METRICS] Epoch 2 Avg_StopSign_Failures: 0.000 (count)
[ROUND-METRICS] Epoch 3 Avg_StopSign_Failures: 0.000 (count)
[RUN-METRICS] Throughput_User_Definition: 1.700391 seconds_per_vehicle
[RUN-METRICS] Throughput_Vehicles_Per_Second: 0.588100 vehicles_per_second
[RUN-METRICS] Wait_Intersection_All_Mean: 27.206250 seconds
[RUN-METRICS] Wait_Intersection_All_P95: 33.750000 seconds
[RUN-METRICS] Wait_Intersection_Normal_Mean: 27.886667 seconds
[RUN-METRICS] Wait_Intersection_Ambulance_Mean: 17.000000 seconds
[RUN-METRICS] Stop_To_Resume_Mean: 25.634438 seconds
[RUN-METRICS] Resume_To_Depart_Mean: 1.571813 seconds
[RUN-METRICS] Jains_Fairness_All: 0.965858
[RUN-METRICS] Jains_Fairness_Normal: 0.974315
[RUN-METRICS] Ambulance_Priority_Gain: 10.886667 seconds
[RUN-METRICS] Ambulance_Priority_Ratio: 0.609610
[RUN-METRICS] Byzantine_Injections_Total: 0
[RUN-METRICS] Byzantine_Injections_Epoch0: 0
[RUN-METRICS] Byzantine_Injections_Epoch1: 0
[RUN-METRICS] Byzantine_Injections_Epoch2: 0
[RUN-METRICS] Byzantine_Injections_Epoch3: 0
[RUN-METRICS] Delivery_Ratio: 0.323229
[RUN-METRICS] Estimated_Loss_Rate: 0.676771
[RUN-METRICS] Fallback_Count: 0
[RUN-METRICS] Fallback_Rate: 0.000000
[ROUND-METRICS] Epoch 0 Throughput_User_Definition: 1.700391 seconds_per_vehicle
[ROUND-METRICS] Epoch 0 Throughput_Vehicles_Per_Second: 0.588100 vehicles_per_second
[ROUND-METRICS] Epoch 0 Wait_Normal_Mean: 27.886667 seconds
[ROUND-METRICS] Epoch 0 Wait_Ambulance_Mean: 17.000000 seconds
