[ROUND-METRICS] Epoch 0 Avg_StopSign_Failures: 0.000 (count)
[ROUND-METRICS] Epoch 1 Avg_StopSign_Failures: 0.000 (count)
[ROUND-METRICS] Epoch 2 Avg_StopSign_Failures: 0.000 (count)
[ROUND-METRICS] Epoch 3 Avg_StopSign_Failures: 0.000 (count)
[RUN-METRICS] Throughput_User_Definition: 0.990914 seconds_per_vehicle
[RUN-METRICS] Throughput_Vehicles_Per_Second: 1.009169 vehicles_per_second
[RUN-METRICS] Wait_Intersection_All_Mean: 15.854625 seconds
[RUN-METRICS] Wait_Intersection_All_P95: 22.450000 seconds
[RUN-METRICS] Wait_Intersection_Normal_Mean: 16.472400 seconds
[RUN-METRICS] Wait_Intersection_Ambulance_Mean: 6.588000 seconds
[RUN-METRICS] Stop_To_Resume_Mean: 14.381125 seconds
[RUN-METRICS] Resume_To_Depart_Mean: 1.473500 seconds
[RUN-METRICS] Jains_Fairness_All: 0.890126
[RUN-METRICS] Jains_Fairness_Normal: 0.909529
[RUN-METRICS] Ambulance_Priority_Gain: 9.884400 seconds
[RUN-METRICS] Ambulance_Priority_Ratio: 0.399942
[RUN-METRICS] Byzantine_Injections_Total: 0
[RUN-METRICS] Byzantine_Injections_Epoch0: 0
[RUN-METRICS] Byzantine_Injections_Epoch1: 0
[RUN-METRICS] Byzantine_Injections_Epoch2: 0
[RUN-METRICS] Byzantine_Injections_Epoch3: 0
[RUN-METRICS] Fallback_Count: 0
[RUN-METRICS] Fallback_Rate: 0.000000
[ROUND-METRICS] Epoch 0 Throughput_User_Definition: 0.990914 seconds_per_vehicle
[ROUND-METRICS] Epoch 0 Throughput_Vehicles_Per_Second: 1.009169 vehicles_per_second
[ROUND-METRICS] Epoch 0 Wait_Normal_Mean: 16.472400 seconds
[ROUND-METRICS] Epoch 0 Wait_Ambulance_Mean: 6.588000 seconds
